[2026-04-11T11:07:46.384+0000] {local_task_job_runner.py:123} INFO - ::group::Pre task execution logs
[2026-04-11T11:07:46.444+0000] {taskinstance.py:2614} INFO - Dependencies all met for dep_context=non-requeueable deps ti=<TaskInstance: credit_applications_pipeline.tg_precheck.check_yesterday_data scheduled__2026-04-10T00:00:00+00:00 [queued]>
[2026-04-11T11:07:46.469+0000] {taskinstance.py:2614} INFO - Dependencies all met for dep_context=requeueable deps ti=<TaskInstance: credit_applications_pipeline.tg_precheck.check_yesterday_data scheduled__2026-04-10T00:00:00+00:00 [queued]>
[2026-04-11T11:07:46.470+0000] {taskinstance.py:2867} INFO - Starting attempt 1 of 2
[2026-04-11T11:07:46.505+0000] {taskinstance.py:2890} INFO - Executing <Task(SqlSensor): tg_precheck.check_yesterday_data> on 2026-04-10 00:00:00+00:00
[2026-04-11T11:07:46.525+0000] {standard_task_runner.py:104} INFO - Running: ['***', 'tasks', 'run', 'credit_applications_pipeline', 'tg_precheck.check_yesterday_data', 'scheduled__2026-04-10T00:00:00+00:00', '--job-id', '97', '--raw', '--subdir', 'DAGS_FOLDER/final_***.py', '--cfg-path', '/tmp/tmprztlx2qa']
[2026-04-11T11:07:46.531+0000] {standard_task_runner.py:105} INFO - Job 97: Subtask tg_precheck.check_yesterday_data
[2026-04-11T11:07:46.533+0000] {logging_mixin.py:190} WARNING - /home/***/.local/lib/python3.12/site-packages/***/task/task_runner/standard_task_runner.py:70 DeprecationWarning: This process (pid=34288) is multi-threaded, use of fork() may lead to deadlocks in the child.
[2026-04-11T11:07:46.534+0000] {standard_task_runner.py:72} INFO - Started process 34312 to run task
[2026-04-11T11:07:46.635+0000] {task_command.py:467} INFO - Running <TaskInstance: credit_applications_pipeline.tg_precheck.check_yesterday_data scheduled__2026-04-10T00:00:00+00:00 [running]> on host da731042e3a5
[2026-04-11T11:07:46.783+0000] {taskinstance.py:3134} INFO - Exporting env vars: AIRFLOW_CTX_DAG_OWNER='***' AIRFLOW_CTX_DAG_ID='credit_applications_pipeline' AIRFLOW_CTX_TASK_ID='tg_precheck.check_yesterday_data' AIRFLOW_CTX_EXECUTION_DATE='2026-04-10T00:00:00+00:00' AIRFLOW_CTX_TRY_NUMBER='1' AIRFLOW_CTX_DAG_RUN_ID='scheduled__2026-04-10T00:00:00+00:00'
[2026-04-11T11:07:46.784+0000] {taskinstance.py:732} INFO - ::endgroup::
[2026-04-11T11:07:46.827+0000] {base.py:84} INFO - Retrieving connection 'pg_baza'
[2026-04-11T11:07:46.831+0000] {sql.py:102} INFO - Poking: 
                SELECT COUNT(*)
                FROM credit_applications
                WHERE application_date = '2026-04-10'
             (with parameters None)
[2026-04-11T11:07:46.843+0000] {base.py:84} INFO - Retrieving connection 'pg_baza'
[2026-04-11T11:07:46.854+0000] {sql.py:511} INFO - Running statement: 
                SELECT COUNT(*)
                FROM credit_applications
                WHERE application_date = '2026-04-10'
            , parameters: None
[2026-04-11T11:07:46.866+0000] {sql.py:520} INFO - Rows affected: 1
[2026-04-11T11:07:46.873+0000] {logging_mixin.py:190} WARNING - /home/***/.local/lib/python3.12/site-packages/***/providers/common/sql/hooks/sql.py:470 DeprecationWarning: Import of fetch_all_handler from the '***.providers.common.sql.hooks' module is deprecated and will
be removed in the future. Please import it from '***.providers.common.sql.hooks.handlers'.
[2026-04-11T11:07:46.877+0000] {logging_mixin.py:190} WARNING - /home/***/.local/lib/python3.12/site-packages/***/providers/common/sql/hooks/sql.py:471 DeprecationWarning: Import of return_single_query_results from the '***.providers.common.sql.hooks' module is deprecated and will
be removed in the future. Please import it from '***.providers.common.sql.hooks.handlers'.
[2026-04-11T11:07:46.879+0000] {logging_mixin.py:190} WARNING - /home/***/.local/lib/python3.12/site-packages/***/providers/common/sql/hooks/sql.py:486 DeprecationWarning: Import of return_single_query_results from the '***.providers.common.sql.hooks' module is deprecated and will
be removed in the future. Please import it from '***.providers.common.sql.hooks.handlers'.
[2026-04-11T11:08:16.892+0000] {base.py:84} INFO - Retrieving connection 'pg_baza'
[2026-04-11T11:08:16.893+0000] {sql.py:102} INFO - Poking: 
                SELECT COUNT(*)
                FROM credit_applications
                WHERE application_date = '2026-04-10'
             (with parameters None)
[2026-04-11T11:08:16.904+0000] {base.py:84} INFO - Retrieving connection 'pg_baza'
[2026-04-11T11:08:16.912+0000] {sql.py:511} INFO - Running statement: 
                SELECT COUNT(*)
                FROM credit_applications
                WHERE application_date = '2026-04-10'
            , parameters: None
[2026-04-11T11:08:16.913+0000] {sql.py:520} INFO - Rows affected: 1
[2026-04-11T11:08:46.925+0000] {base.py:84} INFO - Retrieving connection 'pg_baza'
[2026-04-11T11:08:46.926+0000] {sql.py:102} INFO - Poking: 
                SELECT COUNT(*)
                FROM credit_applications
                WHERE application_date = '2026-04-10'
             (with parameters None)
[2026-04-11T11:08:46.937+0000] {base.py:84} INFO - Retrieving connection 'pg_baza'
[2026-04-11T11:08:46.946+0000] {sql.py:511} INFO - Running statement: 
                SELECT COUNT(*)
                FROM credit_applications
                WHERE application_date = '2026-04-10'
            , parameters: None
[2026-04-11T11:08:46.949+0000] {sql.py:520} INFO - Rows affected: 1
[2026-04-11T11:09:16.961+0000] {base.py:84} INFO - Retrieving connection 'pg_baza'
[2026-04-11T11:09:16.962+0000] {sql.py:102} INFO - Poking: 
                SELECT COUNT(*)
                FROM credit_applications
                WHERE application_date = '2026-04-10'
             (with parameters None)
[2026-04-11T11:09:16.976+0000] {base.py:84} INFO - Retrieving connection 'pg_baza'
[2026-04-11T11:09:16.984+0000] {sql.py:511} INFO - Running statement: 
                SELECT COUNT(*)
                FROM credit_applications
                WHERE application_date = '2026-04-10'
            , parameters: None
[2026-04-11T11:09:16.985+0000] {sql.py:520} INFO - Rows affected: 1
[2026-04-11T11:09:47.002+0000] {base.py:84} INFO - Retrieving connection 'pg_baza'
[2026-04-11T11:09:47.002+0000] {sql.py:102} INFO - Poking: 
                SELECT COUNT(*)
                FROM credit_applications
                WHERE application_date = '2026-04-10'
             (with parameters None)
[2026-04-11T11:09:47.015+0000] {base.py:84} INFO - Retrieving connection 'pg_baza'
[2026-04-11T11:09:47.022+0000] {sql.py:511} INFO - Running statement: 
                SELECT COUNT(*)
                FROM credit_applications
                WHERE application_date = '2026-04-10'
            , parameters: None
[2026-04-11T11:09:47.023+0000] {sql.py:520} INFO - Rows affected: 1
[2026-04-11T11:10:17.039+0000] {base.py:84} INFO - Retrieving connection 'pg_baza'
[2026-04-11T11:10:17.040+0000] {sql.py:102} INFO - Poking: 
                SELECT COUNT(*)
                FROM credit_applications
                WHERE application_date = '2026-04-10'
             (with parameters None)
[2026-04-11T11:10:17.055+0000] {base.py:84} INFO - Retrieving connection 'pg_baza'
[2026-04-11T11:10:17.064+0000] {sql.py:511} INFO - Running statement: 
                SELECT COUNT(*)
                FROM credit_applications
                WHERE application_date = '2026-04-10'
            , parameters: None
[2026-04-11T11:10:17.065+0000] {sql.py:520} INFO - Rows affected: 1
[2026-04-11T11:10:47.081+0000] {base.py:84} INFO - Retrieving connection 'pg_baza'
[2026-04-11T11:10:47.082+0000] {sql.py:102} INFO - Poking: 
                SELECT COUNT(*)
                FROM credit_applications
                WHERE application_date = '2026-04-10'
             (with parameters None)
[2026-04-11T11:10:47.097+0000] {base.py:84} INFO - Retrieving connection 'pg_baza'
[2026-04-11T11:10:47.110+0000] {sql.py:511} INFO - Running statement: 
                SELECT COUNT(*)
                FROM credit_applications
                WHERE application_date = '2026-04-10'
            , parameters: None
[2026-04-11T11:10:47.112+0000] {sql.py:520} INFO - Rows affected: 1
[2026-04-11T11:11:17.125+0000] {base.py:84} INFO - Retrieving connection 'pg_baza'
[2026-04-11T11:11:17.126+0000] {sql.py:102} INFO - Poking: 
                SELECT COUNT(*)
                FROM credit_applications
                WHERE application_date = '2026-04-10'
             (with parameters None)
[2026-04-11T11:11:17.142+0000] {base.py:84} INFO - Retrieving connection 'pg_baza'
[2026-04-11T11:11:17.155+0000] {sql.py:511} INFO - Running statement: 
                SELECT COUNT(*)
                FROM credit_applications
                WHERE application_date = '2026-04-10'
            , parameters: None
[2026-04-11T11:11:17.157+0000] {sql.py:520} INFO - Rows affected: 1
[2026-04-11T11:11:47.175+0000] {base.py:84} INFO - Retrieving connection 'pg_baza'
[2026-04-11T11:11:47.176+0000] {sql.py:102} INFO - Poking: 
                SELECT COUNT(*)
                FROM credit_applications
                WHERE application_date = '2026-04-10'
             (with parameters None)
[2026-04-11T11:11:47.192+0000] {base.py:84} INFO - Retrieving connection 'pg_baza'
[2026-04-11T11:11:47.205+0000] {sql.py:511} INFO - Running statement: 
                SELECT COUNT(*)
                FROM credit_applications
                WHERE application_date = '2026-04-10'
            , parameters: None
[2026-04-11T11:11:47.207+0000] {sql.py:520} INFO - Rows affected: 1
[2026-04-11T11:12:17.225+0000] {base.py:84} INFO - Retrieving connection 'pg_baza'
[2026-04-11T11:12:17.225+0000] {sql.py:102} INFO - Poking: 
                SELECT COUNT(*)
                FROM credit_applications
                WHERE application_date = '2026-04-10'
             (with parameters None)
[2026-04-11T11:12:17.242+0000] {base.py:84} INFO - Retrieving connection 'pg_baza'
[2026-04-11T11:12:17.256+0000] {sql.py:511} INFO - Running statement: 
                SELECT COUNT(*)
                FROM credit_applications
                WHERE application_date = '2026-04-10'
            , parameters: None
[2026-04-11T11:12:17.259+0000] {sql.py:520} INFO - Rows affected: 1
[2026-04-11T11:12:47.277+0000] {base.py:84} INFO - Retrieving connection 'pg_baza'
[2026-04-11T11:12:47.278+0000] {sql.py:102} INFO - Poking: 
                SELECT COUNT(*)
                FROM credit_applications
                WHERE application_date = '2026-04-10'
             (with parameters None)
[2026-04-11T11:12:47.295+0000] {base.py:84} INFO - Retrieving connection 'pg_baza'
[2026-04-11T11:12:47.307+0000] {sql.py:511} INFO - Running statement: 
                SELECT COUNT(*)
                FROM credit_applications
                WHERE application_date = '2026-04-10'
            , parameters: None
[2026-04-11T11:12:47.310+0000] {sql.py:520} INFO - Rows affected: 1
[2026-04-11T11:12:47.311+0000] {taskinstance.py:302} INFO - Sensor has timed out; run duration of 300.5005644599987 seconds exceeds the specified timeout of 300.0.
[2026-04-11T11:12:47.388+0000] {taskinstance.py:341} INFO - ::group::Post task execution logs
[2026-04-11T11:12:47.389+0000] {taskinstance.py:353} INFO - Marking task as SKIPPED. dag_id=credit_applications_pipeline, task_id=tg_precheck.check_yesterday_data, run_id=scheduled__2026-04-10T00:00:00+00:00, execution_date=20260410T000000, start_date=20260411T110746, end_date=20260411T111247
[2026-04-11T11:12:47.444+0000] {local_task_job_runner.py:266} INFO - Task exited with return code 0
[2026-04-11T11:12:47.512+0000] {taskinstance.py:3901} INFO - 1 downstream tasks scheduled from follow-on schedule check
[2026-04-11T11:12:47.514+0000] {local_task_job_runner.py:245} INFO - ::endgroup::
