[2026-03-14T16:47:17.263+0000] {processor.py:186} INFO - Started process (PID=2758) to work on /opt/airflow/dags/dag2.py
[2026-03-14T16:47:17.264+0000] {processor.py:914} INFO - Processing file /opt/airflow/dags/dag2.py for tasks to queue
[2026-03-14T16:47:17.265+0000] {logging_mixin.py:190} INFO - [2026-03-14T16:47:17.265+0000] {dagbag.py:588} INFO - Filling up the DagBag from /opt/airflow/dags/dag2.py
[2026-03-14T16:47:17.273+0000] {logging_mixin.py:190} INFO - [2026-03-14T16:47:17.268+0000] {dagbag.py:387} ERROR - Failed to import: /opt/airflow/dags/dag2.py
Traceback (most recent call last):
  File "/home/airflow/.local/lib/python3.12/site-packages/airflow/models/dagbag.py", line 383, in parse
    loader.exec_module(new_module)
  File "<frozen importlib._bootstrap_external>", line 999, in exec_module
  File "<frozen importlib._bootstrap>", line 488, in _call_with_frames_removed
  File "/opt/airflow/dags/dag2.py", line 4, in <module>
    "retry_delay": timedelta(minutes=5),
                   ^^^^^^^^^
NameError: name 'timedelta' is not defined
[2026-03-14T16:47:17.277+0000] {processor.py:927} WARNING - No viable dags retrieved from /opt/airflow/dags/dag2.py
[2026-03-14T16:47:17.305+0000] {processor.py:208} INFO - Processing /opt/airflow/dags/dag2.py took 0.049 seconds
[2026-03-14T16:47:20.377+0000] {processor.py:186} INFO - Started process (PID=2763) to work on /opt/airflow/dags/dag2.py
[2026-03-14T16:47:20.378+0000] {processor.py:914} INFO - Processing file /opt/airflow/dags/dag2.py for tasks to queue
[2026-03-14T16:47:20.379+0000] {logging_mixin.py:190} INFO - [2026-03-14T16:47:20.379+0000] {dagbag.py:588} INFO - Filling up the DagBag from /opt/airflow/dags/dag2.py
[2026-03-14T16:47:20.388+0000] {logging_mixin.py:190} INFO - [2026-03-14T16:47:20.383+0000] {dagbag.py:387} ERROR - Failed to import: /opt/airflow/dags/dag2.py
Traceback (most recent call last):
  File "/home/airflow/.local/lib/python3.12/site-packages/airflow/models/dagbag.py", line 383, in parse
    loader.exec_module(new_module)
  File "<frozen importlib._bootstrap_external>", line 999, in exec_module
  File "<frozen importlib._bootstrap>", line 488, in _call_with_frames_removed
  File "/opt/airflow/dags/dag2.py", line 4, in <module>
    "retry_delay": timedelta(minutes=5),
                   ^^^^^^^^^
NameError: name 'timedelta' is not defined
[2026-03-14T16:47:20.393+0000] {processor.py:927} WARNING - No viable dags retrieved from /opt/airflow/dags/dag2.py
[2026-03-14T16:47:20.417+0000] {processor.py:208} INFO - Processing /opt/airflow/dags/dag2.py took 0.048 seconds
[2026-03-14T16:47:26.501+0000] {processor.py:186} INFO - Started process (PID=2773) to work on /opt/airflow/dags/dag2.py
[2026-03-14T16:47:26.502+0000] {processor.py:914} INFO - Processing file /opt/airflow/dags/dag2.py for tasks to queue
[2026-03-14T16:47:26.503+0000] {logging_mixin.py:190} INFO - [2026-03-14T16:47:26.503+0000] {dagbag.py:588} INFO - Filling up the DagBag from /opt/airflow/dags/dag2.py
[2026-03-14T16:47:26.506+0000] {processor.py:927} WARNING - No viable dags retrieved from /opt/airflow/dags/dag2.py
[2026-03-14T16:47:26.526+0000] {processor.py:208} INFO - Processing /opt/airflow/dags/dag2.py took 0.032 seconds
[2026-03-14T16:47:56.876+0000] {processor.py:186} INFO - Started process (PID=2789) to work on /opt/airflow/dags/dag2.py
[2026-03-14T16:47:56.877+0000] {processor.py:914} INFO - Processing file /opt/airflow/dags/dag2.py for tasks to queue
[2026-03-14T16:47:56.878+0000] {logging_mixin.py:190} INFO - [2026-03-14T16:47:56.878+0000] {dagbag.py:588} INFO - Filling up the DagBag from /opt/airflow/dags/dag2.py
[2026-03-14T16:47:56.880+0000] {processor.py:927} WARNING - No viable dags retrieved from /opt/airflow/dags/dag2.py
[2026-03-14T16:47:56.900+0000] {processor.py:208} INFO - Processing /opt/airflow/dags/dag2.py took 0.031 seconds
[2026-03-14T16:48:27.564+0000] {processor.py:186} INFO - Started process (PID=2835) to work on /opt/airflow/dags/dag2.py
[2026-03-14T16:48:27.565+0000] {processor.py:914} INFO - Processing file /opt/airflow/dags/dag2.py for tasks to queue
[2026-03-14T16:48:27.566+0000] {logging_mixin.py:190} INFO - [2026-03-14T16:48:27.565+0000] {dagbag.py:588} INFO - Filling up the DagBag from /opt/airflow/dags/dag2.py
[2026-03-14T16:48:27.568+0000] {processor.py:927} WARNING - No viable dags retrieved from /opt/airflow/dags/dag2.py
[2026-03-14T16:48:27.584+0000] {processor.py:208} INFO - Processing /opt/airflow/dags/dag2.py took 0.027 seconds
[2026-03-14T16:48:58.044+0000] {processor.py:186} INFO - Started process (PID=2861) to work on /opt/airflow/dags/dag2.py
[2026-03-14T16:48:58.055+0000] {processor.py:914} INFO - Processing file /opt/airflow/dags/dag2.py for tasks to queue
[2026-03-14T16:48:58.057+0000] {logging_mixin.py:190} INFO - [2026-03-14T16:48:58.056+0000] {dagbag.py:588} INFO - Filling up the DagBag from /opt/airflow/dags/dag2.py
[2026-03-14T16:48:58.060+0000] {processor.py:927} WARNING - No viable dags retrieved from /opt/airflow/dags/dag2.py
[2026-03-14T16:48:58.086+0000] {processor.py:208} INFO - Processing /opt/airflow/dags/dag2.py took 0.057 seconds
[2026-03-14T16:49:28.562+0000] {processor.py:186} INFO - Started process (PID=2890) to work on /opt/airflow/dags/dag2.py
[2026-03-14T16:49:28.563+0000] {processor.py:914} INFO - Processing file /opt/airflow/dags/dag2.py for tasks to queue
[2026-03-14T16:49:28.565+0000] {logging_mixin.py:190} INFO - [2026-03-14T16:49:28.564+0000] {dagbag.py:588} INFO - Filling up the DagBag from /opt/airflow/dags/dag2.py
[2026-03-14T16:49:28.568+0000] {processor.py:927} WARNING - No viable dags retrieved from /opt/airflow/dags/dag2.py
[2026-03-14T16:49:28.590+0000] {processor.py:208} INFO - Processing /opt/airflow/dags/dag2.py took 0.037 seconds
[2026-03-14T16:49:58.973+0000] {processor.py:186} INFO - Started process (PID=2913) to work on /opt/airflow/dags/dag2.py
[2026-03-14T16:49:58.974+0000] {processor.py:914} INFO - Processing file /opt/airflow/dags/dag2.py for tasks to queue
[2026-03-14T16:49:58.975+0000] {logging_mixin.py:190} INFO - [2026-03-14T16:49:58.975+0000] {dagbag.py:588} INFO - Filling up the DagBag from /opt/airflow/dags/dag2.py
[2026-03-14T16:49:58.978+0000] {processor.py:927} WARNING - No viable dags retrieved from /opt/airflow/dags/dag2.py
[2026-03-14T16:49:59.004+0000] {processor.py:208} INFO - Processing /opt/airflow/dags/dag2.py took 0.039 seconds
[2026-03-14T16:50:29.384+0000] {processor.py:186} INFO - Started process (PID=2929) to work on /opt/airflow/dags/dag2.py
[2026-03-14T16:50:29.385+0000] {processor.py:914} INFO - Processing file /opt/airflow/dags/dag2.py for tasks to queue
[2026-03-14T16:50:29.387+0000] {logging_mixin.py:190} INFO - [2026-03-14T16:50:29.386+0000] {dagbag.py:588} INFO - Filling up the DagBag from /opt/airflow/dags/dag2.py
[2026-03-14T16:50:29.390+0000] {processor.py:927} WARNING - No viable dags retrieved from /opt/airflow/dags/dag2.py
[2026-03-14T16:50:29.412+0000] {processor.py:208} INFO - Processing /opt/airflow/dags/dag2.py took 0.035 seconds
[2026-03-14T16:50:59.780+0000] {processor.py:186} INFO - Started process (PID=2944) to work on /opt/airflow/dags/dag2.py
[2026-03-14T16:50:59.781+0000] {processor.py:914} INFO - Processing file /opt/airflow/dags/dag2.py for tasks to queue
[2026-03-14T16:50:59.782+0000] {logging_mixin.py:190} INFO - [2026-03-14T16:50:59.782+0000] {dagbag.py:588} INFO - Filling up the DagBag from /opt/airflow/dags/dag2.py
[2026-03-14T16:50:59.785+0000] {processor.py:927} WARNING - No viable dags retrieved from /opt/airflow/dags/dag2.py
[2026-03-14T16:50:59.807+0000] {processor.py:208} INFO - Processing /opt/airflow/dags/dag2.py took 0.034 seconds
[2026-03-14T16:51:30.178+0000] {processor.py:186} INFO - Started process (PID=2959) to work on /opt/airflow/dags/dag2.py
[2026-03-14T16:51:30.179+0000] {processor.py:914} INFO - Processing file /opt/airflow/dags/dag2.py for tasks to queue
[2026-03-14T16:51:30.181+0000] {logging_mixin.py:190} INFO - [2026-03-14T16:51:30.181+0000] {dagbag.py:588} INFO - Filling up the DagBag from /opt/airflow/dags/dag2.py
[2026-03-14T16:51:30.186+0000] {processor.py:927} WARNING - No viable dags retrieved from /opt/airflow/dags/dag2.py
[2026-03-14T16:51:30.210+0000] {processor.py:208} INFO - Processing /opt/airflow/dags/dag2.py took 0.044 seconds
[2026-03-14T16:52:00.592+0000] {processor.py:186} INFO - Started process (PID=2978) to work on /opt/airflow/dags/dag2.py
[2026-03-14T16:52:00.602+0000] {processor.py:914} INFO - Processing file /opt/airflow/dags/dag2.py for tasks to queue
[2026-03-14T16:52:00.605+0000] {logging_mixin.py:190} INFO - [2026-03-14T16:52:00.604+0000] {dagbag.py:588} INFO - Filling up the DagBag from /opt/airflow/dags/dag2.py
[2026-03-14T16:52:00.607+0000] {processor.py:927} WARNING - No viable dags retrieved from /opt/airflow/dags/dag2.py
[2026-03-14T16:52:00.628+0000] {processor.py:208} INFO - Processing /opt/airflow/dags/dag2.py took 0.047 seconds
[2026-03-14T16:52:30.939+0000] {processor.py:186} INFO - Started process (PID=3003) to work on /opt/airflow/dags/dag2.py
[2026-03-14T16:52:30.940+0000] {processor.py:914} INFO - Processing file /opt/airflow/dags/dag2.py for tasks to queue
[2026-03-14T16:52:30.941+0000] {logging_mixin.py:190} INFO - [2026-03-14T16:52:30.941+0000] {dagbag.py:588} INFO - Filling up the DagBag from /opt/airflow/dags/dag2.py
[2026-03-14T16:52:30.945+0000] {processor.py:927} WARNING - No viable dags retrieved from /opt/airflow/dags/dag2.py
[2026-03-14T16:52:30.968+0000] {processor.py:208} INFO - Processing /opt/airflow/dags/dag2.py took 0.039 seconds
[2026-03-14T16:53:01.260+0000] {processor.py:186} INFO - Started process (PID=3019) to work on /opt/airflow/dags/dag2.py
[2026-03-14T16:53:01.261+0000] {processor.py:914} INFO - Processing file /opt/airflow/dags/dag2.py for tasks to queue
[2026-03-14T16:53:01.263+0000] {logging_mixin.py:190} INFO - [2026-03-14T16:53:01.262+0000] {dagbag.py:588} INFO - Filling up the DagBag from /opt/airflow/dags/dag2.py
[2026-03-14T16:53:01.265+0000] {processor.py:927} WARNING - No viable dags retrieved from /opt/airflow/dags/dag2.py
[2026-03-14T16:53:01.285+0000] {processor.py:208} INFO - Processing /opt/airflow/dags/dag2.py took 0.032 seconds
[2026-03-14T16:53:31.756+0000] {processor.py:186} INFO - Started process (PID=3045) to work on /opt/airflow/dags/dag2.py
[2026-03-14T16:53:31.757+0000] {processor.py:914} INFO - Processing file /opt/airflow/dags/dag2.py for tasks to queue
[2026-03-14T16:53:31.758+0000] {logging_mixin.py:190} INFO - [2026-03-14T16:53:31.757+0000] {dagbag.py:588} INFO - Filling up the DagBag from /opt/airflow/dags/dag2.py
[2026-03-14T16:53:31.760+0000] {processor.py:927} WARNING - No viable dags retrieved from /opt/airflow/dags/dag2.py
[2026-03-14T16:53:31.778+0000] {processor.py:208} INFO - Processing /opt/airflow/dags/dag2.py took 0.034 seconds
[2026-03-14T16:54:02.138+0000] {processor.py:186} INFO - Started process (PID=3061) to work on /opt/airflow/dags/dag2.py
[2026-03-14T16:54:02.147+0000] {processor.py:914} INFO - Processing file /opt/airflow/dags/dag2.py for tasks to queue
[2026-03-14T16:54:02.149+0000] {logging_mixin.py:190} INFO - [2026-03-14T16:54:02.148+0000] {dagbag.py:588} INFO - Filling up the DagBag from /opt/airflow/dags/dag2.py
[2026-03-14T16:54:02.151+0000] {processor.py:927} WARNING - No viable dags retrieved from /opt/airflow/dags/dag2.py
[2026-03-14T16:54:02.168+0000] {processor.py:208} INFO - Processing /opt/airflow/dags/dag2.py took 0.043 seconds
[2026-03-14T16:54:32.490+0000] {processor.py:186} INFO - Started process (PID=3077) to work on /opt/airflow/dags/dag2.py
[2026-03-14T16:54:32.491+0000] {processor.py:914} INFO - Processing file /opt/airflow/dags/dag2.py for tasks to queue
[2026-03-14T16:54:32.492+0000] {logging_mixin.py:190} INFO - [2026-03-14T16:54:32.491+0000] {dagbag.py:588} INFO - Filling up the DagBag from /opt/airflow/dags/dag2.py
[2026-03-14T16:54:32.494+0000] {processor.py:927} WARNING - No viable dags retrieved from /opt/airflow/dags/dag2.py
[2026-03-14T16:54:32.515+0000] {processor.py:208} INFO - Processing /opt/airflow/dags/dag2.py took 0.038 seconds
