[2026-04-01T18:58:23.673+0000] {processor.py:186} INFO - Started process (PID=49314) to work on /opt/airflow/dags/airflow_utils.py
[2026-04-01T18:58:23.675+0000] {processor.py:914} INFO - Processing file /opt/airflow/dags/airflow_utils.py for tasks to queue
[2026-04-01T18:58:23.679+0000] {logging_mixin.py:190} INFO - [2026-04-01T18:58:23.678+0000] {dagbag.py:588} INFO - Filling up the DagBag from /opt/airflow/dags/airflow_utils.py
[2026-04-01T18:58:23.686+0000] {processor.py:927} WARNING - No viable dags retrieved from /opt/airflow/dags/airflow_utils.py
[2026-04-01T18:58:23.713+0000] {processor.py:208} INFO - Processing /opt/airflow/dags/airflow_utils.py took 0.053 seconds
[2026-04-01T18:58:54.466+0000] {processor.py:186} INFO - Started process (PID=49355) to work on /opt/airflow/dags/airflow_utils.py
[2026-04-01T18:58:54.468+0000] {processor.py:914} INFO - Processing file /opt/airflow/dags/airflow_utils.py for tasks to queue
[2026-04-01T18:58:54.472+0000] {logging_mixin.py:190} INFO - [2026-04-01T18:58:54.472+0000] {dagbag.py:588} INFO - Filling up the DagBag from /opt/airflow/dags/airflow_utils.py
[2026-04-01T18:58:54.479+0000] {processor.py:927} WARNING - No viable dags retrieved from /opt/airflow/dags/airflow_utils.py
[2026-04-01T18:58:54.509+0000] {processor.py:208} INFO - Processing /opt/airflow/dags/airflow_utils.py took 0.056 seconds
[2026-04-01T18:59:25.423+0000] {processor.py:186} INFO - Started process (PID=49396) to work on /opt/airflow/dags/airflow_utils.py
[2026-04-01T18:59:25.424+0000] {processor.py:914} INFO - Processing file /opt/airflow/dags/airflow_utils.py for tasks to queue
[2026-04-01T18:59:25.427+0000] {logging_mixin.py:190} INFO - [2026-04-01T18:59:25.427+0000] {dagbag.py:588} INFO - Filling up the DagBag from /opt/airflow/dags/airflow_utils.py
[2026-04-01T18:59:25.434+0000] {processor.py:927} WARNING - No viable dags retrieved from /opt/airflow/dags/airflow_utils.py
[2026-04-01T18:59:25.461+0000] {processor.py:208} INFO - Processing /opt/airflow/dags/airflow_utils.py took 0.048 seconds
[2026-04-01T18:59:56.404+0000] {processor.py:186} INFO - Started process (PID=49437) to work on /opt/airflow/dags/airflow_utils.py
[2026-04-01T18:59:56.405+0000] {processor.py:914} INFO - Processing file /opt/airflow/dags/airflow_utils.py for tasks to queue
[2026-04-01T18:59:56.409+0000] {logging_mixin.py:190} INFO - [2026-04-01T18:59:56.408+0000] {dagbag.py:588} INFO - Filling up the DagBag from /opt/airflow/dags/airflow_utils.py
[2026-04-01T18:59:56.415+0000] {processor.py:927} WARNING - No viable dags retrieved from /opt/airflow/dags/airflow_utils.py
[2026-04-01T18:59:56.442+0000] {processor.py:208} INFO - Processing /opt/airflow/dags/airflow_utils.py took 0.049 seconds
[2026-04-01T19:00:27.358+0000] {processor.py:186} INFO - Started process (PID=49479) to work on /opt/airflow/dags/airflow_utils.py
[2026-04-01T19:00:27.360+0000] {processor.py:914} INFO - Processing file /opt/airflow/dags/airflow_utils.py for tasks to queue
[2026-04-01T19:00:27.364+0000] {logging_mixin.py:190} INFO - [2026-04-01T19:00:27.363+0000] {dagbag.py:588} INFO - Filling up the DagBag from /opt/airflow/dags/airflow_utils.py
[2026-04-01T19:00:27.371+0000] {processor.py:927} WARNING - No viable dags retrieved from /opt/airflow/dags/airflow_utils.py
[2026-04-01T19:00:27.402+0000] {processor.py:208} INFO - Processing /opt/airflow/dags/airflow_utils.py took 0.056 seconds
[2026-04-01T19:00:58.320+0000] {processor.py:186} INFO - Started process (PID=49521) to work on /opt/airflow/dags/airflow_utils.py
[2026-04-01T19:00:58.322+0000] {processor.py:914} INFO - Processing file /opt/airflow/dags/airflow_utils.py for tasks to queue
[2026-04-01T19:00:58.324+0000] {logging_mixin.py:190} INFO - [2026-04-01T19:00:58.324+0000] {dagbag.py:588} INFO - Filling up the DagBag from /opt/airflow/dags/airflow_utils.py
[2026-04-01T19:00:58.329+0000] {processor.py:927} WARNING - No viable dags retrieved from /opt/airflow/dags/airflow_utils.py
[2026-04-01T19:00:58.359+0000] {processor.py:208} INFO - Processing /opt/airflow/dags/airflow_utils.py took 0.051 seconds
[2026-04-01T19:01:29.274+0000] {processor.py:186} INFO - Started process (PID=49562) to work on /opt/airflow/dags/airflow_utils.py
[2026-04-01T19:01:29.275+0000] {processor.py:914} INFO - Processing file /opt/airflow/dags/airflow_utils.py for tasks to queue
[2026-04-01T19:01:29.278+0000] {logging_mixin.py:190} INFO - [2026-04-01T19:01:29.278+0000] {dagbag.py:588} INFO - Filling up the DagBag from /opt/airflow/dags/airflow_utils.py
[2026-04-01T19:01:29.284+0000] {processor.py:927} WARNING - No viable dags retrieved from /opt/airflow/dags/airflow_utils.py
[2026-04-01T19:01:29.310+0000] {processor.py:208} INFO - Processing /opt/airflow/dags/airflow_utils.py took 0.046 seconds
[2026-04-01T19:02:00.230+0000] {processor.py:186} INFO - Started process (PID=49603) to work on /opt/airflow/dags/airflow_utils.py
[2026-04-01T19:02:00.231+0000] {processor.py:914} INFO - Processing file /opt/airflow/dags/airflow_utils.py for tasks to queue
[2026-04-01T19:02:00.234+0000] {logging_mixin.py:190} INFO - [2026-04-01T19:02:00.234+0000] {dagbag.py:588} INFO - Filling up the DagBag from /opt/airflow/dags/airflow_utils.py
[2026-04-01T19:02:00.239+0000] {processor.py:927} WARNING - No viable dags retrieved from /opt/airflow/dags/airflow_utils.py
[2026-04-01T19:02:00.261+0000] {processor.py:208} INFO - Processing /opt/airflow/dags/airflow_utils.py took 0.041 seconds
[2026-04-01T19:02:31.172+0000] {processor.py:186} INFO - Started process (PID=49644) to work on /opt/airflow/dags/airflow_utils.py
[2026-04-01T19:02:31.174+0000] {processor.py:914} INFO - Processing file /opt/airflow/dags/airflow_utils.py for tasks to queue
[2026-04-01T19:02:31.177+0000] {logging_mixin.py:190} INFO - [2026-04-01T19:02:31.177+0000] {dagbag.py:588} INFO - Filling up the DagBag from /opt/airflow/dags/airflow_utils.py
[2026-04-01T19:02:31.183+0000] {processor.py:927} WARNING - No viable dags retrieved from /opt/airflow/dags/airflow_utils.py
[2026-04-01T19:02:31.206+0000] {processor.py:208} INFO - Processing /opt/airflow/dags/airflow_utils.py took 0.045 seconds
[2026-04-01T19:03:02.143+0000] {processor.py:186} INFO - Started process (PID=49685) to work on /opt/airflow/dags/airflow_utils.py
[2026-04-01T19:03:02.145+0000] {processor.py:914} INFO - Processing file /opt/airflow/dags/airflow_utils.py for tasks to queue
[2026-04-01T19:03:02.149+0000] {logging_mixin.py:190} INFO - [2026-04-01T19:03:02.148+0000] {dagbag.py:588} INFO - Filling up the DagBag from /opt/airflow/dags/airflow_utils.py
[2026-04-01T19:03:02.156+0000] {processor.py:927} WARNING - No viable dags retrieved from /opt/airflow/dags/airflow_utils.py
[2026-04-01T19:03:02.186+0000] {processor.py:208} INFO - Processing /opt/airflow/dags/airflow_utils.py took 0.054 seconds
[2026-04-01T19:03:33.094+0000] {processor.py:186} INFO - Started process (PID=49732) to work on /opt/airflow/dags/airflow_utils.py
[2026-04-01T19:03:33.095+0000] {processor.py:914} INFO - Processing file /opt/airflow/dags/airflow_utils.py for tasks to queue
[2026-04-01T19:03:33.098+0000] {logging_mixin.py:190} INFO - [2026-04-01T19:03:33.097+0000] {dagbag.py:588} INFO - Filling up the DagBag from /opt/airflow/dags/airflow_utils.py
[2026-04-01T19:03:33.103+0000] {processor.py:927} WARNING - No viable dags retrieved from /opt/airflow/dags/airflow_utils.py
[2026-04-01T19:03:33.127+0000] {processor.py:208} INFO - Processing /opt/airflow/dags/airflow_utils.py took 0.044 seconds
[2026-04-01T19:04:03.986+0000] {processor.py:186} INFO - Started process (PID=49773) to work on /opt/airflow/dags/airflow_utils.py
[2026-04-01T19:04:03.988+0000] {processor.py:914} INFO - Processing file /opt/airflow/dags/airflow_utils.py for tasks to queue
[2026-04-01T19:04:03.991+0000] {logging_mixin.py:190} INFO - [2026-04-01T19:04:03.991+0000] {dagbag.py:588} INFO - Filling up the DagBag from /opt/airflow/dags/airflow_utils.py
[2026-04-01T19:04:03.997+0000] {processor.py:927} WARNING - No viable dags retrieved from /opt/airflow/dags/airflow_utils.py
[2026-04-01T19:04:04.020+0000] {processor.py:208} INFO - Processing /opt/airflow/dags/airflow_utils.py took 0.044 seconds
[2026-04-01T19:04:34.931+0000] {processor.py:186} INFO - Started process (PID=49814) to work on /opt/airflow/dags/airflow_utils.py
[2026-04-01T19:04:34.933+0000] {processor.py:914} INFO - Processing file /opt/airflow/dags/airflow_utils.py for tasks to queue
[2026-04-01T19:04:34.937+0000] {logging_mixin.py:190} INFO - [2026-04-01T19:04:34.936+0000] {dagbag.py:588} INFO - Filling up the DagBag from /opt/airflow/dags/airflow_utils.py
[2026-04-01T19:04:34.944+0000] {processor.py:927} WARNING - No viable dags retrieved from /opt/airflow/dags/airflow_utils.py
[2026-04-01T19:04:34.972+0000] {processor.py:208} INFO - Processing /opt/airflow/dags/airflow_utils.py took 0.054 seconds
[2026-04-01T19:05:05.909+0000] {processor.py:186} INFO - Started process (PID=49855) to work on /opt/airflow/dags/airflow_utils.py
[2026-04-01T19:05:05.910+0000] {processor.py:914} INFO - Processing file /opt/airflow/dags/airflow_utils.py for tasks to queue
[2026-04-01T19:05:05.915+0000] {logging_mixin.py:190} INFO - [2026-04-01T19:05:05.914+0000] {dagbag.py:588} INFO - Filling up the DagBag from /opt/airflow/dags/airflow_utils.py
[2026-04-01T19:05:05.921+0000] {processor.py:927} WARNING - No viable dags retrieved from /opt/airflow/dags/airflow_utils.py
[2026-04-01T19:05:05.951+0000] {processor.py:208} INFO - Processing /opt/airflow/dags/airflow_utils.py took 0.054 seconds
[2026-04-01T19:05:36.868+0000] {processor.py:186} INFO - Started process (PID=49896) to work on /opt/airflow/dags/airflow_utils.py
[2026-04-01T19:05:36.870+0000] {processor.py:914} INFO - Processing file /opt/airflow/dags/airflow_utils.py for tasks to queue
[2026-04-01T19:05:36.873+0000] {logging_mixin.py:190} INFO - [2026-04-01T19:05:36.873+0000] {dagbag.py:588} INFO - Filling up the DagBag from /opt/airflow/dags/airflow_utils.py
[2026-04-01T19:05:36.879+0000] {processor.py:927} WARNING - No viable dags retrieved from /opt/airflow/dags/airflow_utils.py
[2026-04-01T19:05:36.907+0000] {processor.py:208} INFO - Processing /opt/airflow/dags/airflow_utils.py took 0.049 seconds
[2026-04-01T19:06:07.891+0000] {processor.py:186} INFO - Started process (PID=49937) to work on /opt/airflow/dags/airflow_utils.py
[2026-04-01T19:06:07.893+0000] {processor.py:914} INFO - Processing file /opt/airflow/dags/airflow_utils.py for tasks to queue
[2026-04-01T19:06:07.896+0000] {logging_mixin.py:190} INFO - [2026-04-01T19:06:07.895+0000] {dagbag.py:588} INFO - Filling up the DagBag from /opt/airflow/dags/airflow_utils.py
[2026-04-01T19:06:07.902+0000] {processor.py:927} WARNING - No viable dags retrieved from /opt/airflow/dags/airflow_utils.py
[2026-04-01T19:06:07.931+0000] {processor.py:208} INFO - Processing /opt/airflow/dags/airflow_utils.py took 0.053 seconds
[2026-04-01T19:06:38.933+0000] {processor.py:186} INFO - Started process (PID=49978) to work on /opt/airflow/dags/airflow_utils.py
[2026-04-01T19:06:38.935+0000] {processor.py:914} INFO - Processing file /opt/airflow/dags/airflow_utils.py for tasks to queue
[2026-04-01T19:06:38.939+0000] {logging_mixin.py:190} INFO - [2026-04-01T19:06:38.938+0000] {dagbag.py:588} INFO - Filling up the DagBag from /opt/airflow/dags/airflow_utils.py
[2026-04-01T19:06:38.946+0000] {processor.py:927} WARNING - No viable dags retrieved from /opt/airflow/dags/airflow_utils.py
[2026-04-01T19:06:38.978+0000] {processor.py:208} INFO - Processing /opt/airflow/dags/airflow_utils.py took 0.058 seconds
[2026-04-01T19:07:10.016+0000] {processor.py:186} INFO - Started process (PID=50019) to work on /opt/airflow/dags/airflow_utils.py
[2026-04-01T19:07:10.017+0000] {processor.py:914} INFO - Processing file /opt/airflow/dags/airflow_utils.py for tasks to queue
[2026-04-01T19:07:10.021+0000] {logging_mixin.py:190} INFO - [2026-04-01T19:07:10.020+0000] {dagbag.py:588} INFO - Filling up the DagBag from /opt/airflow/dags/airflow_utils.py
[2026-04-01T19:07:10.028+0000] {processor.py:927} WARNING - No viable dags retrieved from /opt/airflow/dags/airflow_utils.py
[2026-04-01T19:07:10.056+0000] {processor.py:208} INFO - Processing /opt/airflow/dags/airflow_utils.py took 0.052 seconds
[2026-04-01T19:07:41.014+0000] {processor.py:186} INFO - Started process (PID=50060) to work on /opt/airflow/dags/airflow_utils.py
[2026-04-01T19:07:41.016+0000] {processor.py:914} INFO - Processing file /opt/airflow/dags/airflow_utils.py for tasks to queue
[2026-04-01T19:07:41.021+0000] {logging_mixin.py:190} INFO - [2026-04-01T19:07:41.020+0000] {dagbag.py:588} INFO - Filling up the DagBag from /opt/airflow/dags/airflow_utils.py
[2026-04-01T19:07:41.026+0000] {processor.py:927} WARNING - No viable dags retrieved from /opt/airflow/dags/airflow_utils.py
[2026-04-01T19:07:41.053+0000] {processor.py:208} INFO - Processing /opt/airflow/dags/airflow_utils.py took 0.051 seconds
[2026-04-01T19:08:12.001+0000] {processor.py:186} INFO - Started process (PID=50101) to work on /opt/airflow/dags/airflow_utils.py
[2026-04-01T19:08:12.003+0000] {processor.py:914} INFO - Processing file /opt/airflow/dags/airflow_utils.py for tasks to queue
[2026-04-01T19:08:12.008+0000] {logging_mixin.py:190} INFO - [2026-04-01T19:08:12.007+0000] {dagbag.py:588} INFO - Filling up the DagBag from /opt/airflow/dags/airflow_utils.py
[2026-04-01T19:08:12.017+0000] {processor.py:927} WARNING - No viable dags retrieved from /opt/airflow/dags/airflow_utils.py
[2026-04-01T19:08:12.050+0000] {processor.py:208} INFO - Processing /opt/airflow/dags/airflow_utils.py took 0.065 seconds
[2026-04-01T19:08:43.034+0000] {processor.py:186} INFO - Started process (PID=50142) to work on /opt/airflow/dags/airflow_utils.py
[2026-04-01T19:08:43.036+0000] {processor.py:914} INFO - Processing file /opt/airflow/dags/airflow_utils.py for tasks to queue
[2026-04-01T19:08:43.040+0000] {logging_mixin.py:190} INFO - [2026-04-01T19:08:43.040+0000] {dagbag.py:588} INFO - Filling up the DagBag from /opt/airflow/dags/airflow_utils.py
[2026-04-01T19:08:43.046+0000] {processor.py:927} WARNING - No viable dags retrieved from /opt/airflow/dags/airflow_utils.py
[2026-04-01T19:08:43.072+0000] {processor.py:208} INFO - Processing /opt/airflow/dags/airflow_utils.py took 0.049 seconds
[2026-04-01T19:09:14.031+0000] {processor.py:186} INFO - Started process (PID=50183) to work on /opt/airflow/dags/airflow_utils.py
[2026-04-01T19:09:14.033+0000] {processor.py:914} INFO - Processing file /opt/airflow/dags/airflow_utils.py for tasks to queue
[2026-04-01T19:09:14.037+0000] {logging_mixin.py:190} INFO - [2026-04-01T19:09:14.037+0000] {dagbag.py:588} INFO - Filling up the DagBag from /opt/airflow/dags/airflow_utils.py
[2026-04-01T19:09:14.045+0000] {processor.py:927} WARNING - No viable dags retrieved from /opt/airflow/dags/airflow_utils.py
[2026-04-01T19:09:14.074+0000] {processor.py:208} INFO - Processing /opt/airflow/dags/airflow_utils.py took 0.055 seconds
[2026-04-01T19:09:44.843+0000] {processor.py:186} INFO - Started process (PID=50224) to work on /opt/airflow/dags/airflow_utils.py
[2026-04-01T19:09:44.844+0000] {processor.py:914} INFO - Processing file /opt/airflow/dags/airflow_utils.py for tasks to queue
[2026-04-01T19:09:44.848+0000] {logging_mixin.py:190} INFO - [2026-04-01T19:09:44.847+0000] {dagbag.py:588} INFO - Filling up the DagBag from /opt/airflow/dags/airflow_utils.py
[2026-04-01T19:09:44.853+0000] {processor.py:927} WARNING - No viable dags retrieved from /opt/airflow/dags/airflow_utils.py
[2026-04-01T19:09:44.880+0000] {processor.py:208} INFO - Processing /opt/airflow/dags/airflow_utils.py took 0.047 seconds
[2026-04-01T19:10:15.634+0000] {processor.py:186} INFO - Started process (PID=50265) to work on /opt/airflow/dags/airflow_utils.py
[2026-04-01T19:10:15.636+0000] {processor.py:914} INFO - Processing file /opt/airflow/dags/airflow_utils.py for tasks to queue
[2026-04-01T19:10:15.640+0000] {logging_mixin.py:190} INFO - [2026-04-01T19:10:15.639+0000] {dagbag.py:588} INFO - Filling up the DagBag from /opt/airflow/dags/airflow_utils.py
[2026-04-01T19:10:15.645+0000] {processor.py:927} WARNING - No viable dags retrieved from /opt/airflow/dags/airflow_utils.py
[2026-04-01T19:10:15.674+0000] {processor.py:208} INFO - Processing /opt/airflow/dags/airflow_utils.py took 0.051 seconds
[2026-04-01T19:10:46.610+0000] {processor.py:186} INFO - Started process (PID=50306) to work on /opt/airflow/dags/airflow_utils.py
[2026-04-01T19:10:46.612+0000] {processor.py:914} INFO - Processing file /opt/airflow/dags/airflow_utils.py for tasks to queue
[2026-04-01T19:10:46.615+0000] {logging_mixin.py:190} INFO - [2026-04-01T19:10:46.615+0000] {dagbag.py:588} INFO - Filling up the DagBag from /opt/airflow/dags/airflow_utils.py
[2026-04-01T19:10:46.621+0000] {processor.py:927} WARNING - No viable dags retrieved from /opt/airflow/dags/airflow_utils.py
[2026-04-01T19:10:46.646+0000] {processor.py:208} INFO - Processing /opt/airflow/dags/airflow_utils.py took 0.045 seconds
[2026-04-01T19:11:17.576+0000] {processor.py:186} INFO - Started process (PID=50347) to work on /opt/airflow/dags/airflow_utils.py
[2026-04-01T19:11:17.577+0000] {processor.py:914} INFO - Processing file /opt/airflow/dags/airflow_utils.py for tasks to queue
[2026-04-01T19:11:17.581+0000] {logging_mixin.py:190} INFO - [2026-04-01T19:11:17.581+0000] {dagbag.py:588} INFO - Filling up the DagBag from /opt/airflow/dags/airflow_utils.py
[2026-04-01T19:11:17.588+0000] {processor.py:927} WARNING - No viable dags retrieved from /opt/airflow/dags/airflow_utils.py
[2026-04-01T19:11:17.613+0000] {processor.py:208} INFO - Processing /opt/airflow/dags/airflow_utils.py took 0.050 seconds
[2026-04-01T19:11:48.538+0000] {processor.py:186} INFO - Started process (PID=50388) to work on /opt/airflow/dags/airflow_utils.py
[2026-04-01T19:11:48.539+0000] {processor.py:914} INFO - Processing file /opt/airflow/dags/airflow_utils.py for tasks to queue
[2026-04-01T19:11:48.543+0000] {logging_mixin.py:190} INFO - [2026-04-01T19:11:48.542+0000] {dagbag.py:588} INFO - Filling up the DagBag from /opt/airflow/dags/airflow_utils.py
[2026-04-01T19:11:48.549+0000] {processor.py:927} WARNING - No viable dags retrieved from /opt/airflow/dags/airflow_utils.py
[2026-04-01T19:11:48.574+0000] {processor.py:208} INFO - Processing /opt/airflow/dags/airflow_utils.py took 0.047 seconds
[2026-04-01T19:12:19.511+0000] {processor.py:186} INFO - Started process (PID=50429) to work on /opt/airflow/dags/airflow_utils.py
[2026-04-01T19:12:19.512+0000] {processor.py:914} INFO - Processing file /opt/airflow/dags/airflow_utils.py for tasks to queue
[2026-04-01T19:12:19.517+0000] {logging_mixin.py:190} INFO - [2026-04-01T19:12:19.516+0000] {dagbag.py:588} INFO - Filling up the DagBag from /opt/airflow/dags/airflow_utils.py
[2026-04-01T19:12:19.524+0000] {processor.py:927} WARNING - No viable dags retrieved from /opt/airflow/dags/airflow_utils.py
[2026-04-01T19:12:19.554+0000] {processor.py:208} INFO - Processing /opt/airflow/dags/airflow_utils.py took 0.056 seconds
[2026-04-01T19:12:50.387+0000] {processor.py:186} INFO - Started process (PID=50470) to work on /opt/airflow/dags/airflow_utils.py
[2026-04-01T19:12:50.389+0000] {processor.py:914} INFO - Processing file /opt/airflow/dags/airflow_utils.py for tasks to queue
[2026-04-01T19:12:50.394+0000] {logging_mixin.py:190} INFO - [2026-04-01T19:12:50.394+0000] {dagbag.py:588} INFO - Filling up the DagBag from /opt/airflow/dags/airflow_utils.py
[2026-04-01T19:12:50.403+0000] {processor.py:927} WARNING - No viable dags retrieved from /opt/airflow/dags/airflow_utils.py
[2026-04-01T19:12:50.434+0000] {processor.py:208} INFO - Processing /opt/airflow/dags/airflow_utils.py took 0.063 seconds
[2026-04-01T19:13:21.365+0000] {processor.py:186} INFO - Started process (PID=50511) to work on /opt/airflow/dags/airflow_utils.py
[2026-04-01T19:13:21.366+0000] {processor.py:914} INFO - Processing file /opt/airflow/dags/airflow_utils.py for tasks to queue
[2026-04-01T19:13:21.370+0000] {logging_mixin.py:190} INFO - [2026-04-01T19:13:21.370+0000] {dagbag.py:588} INFO - Filling up the DagBag from /opt/airflow/dags/airflow_utils.py
[2026-04-01T19:13:21.377+0000] {processor.py:927} WARNING - No viable dags retrieved from /opt/airflow/dags/airflow_utils.py
[2026-04-01T19:13:21.404+0000] {processor.py:208} INFO - Processing /opt/airflow/dags/airflow_utils.py took 0.050 seconds
[2026-04-01T19:13:52.310+0000] {processor.py:186} INFO - Started process (PID=50552) to work on /opt/airflow/dags/airflow_utils.py
[2026-04-01T19:13:52.312+0000] {processor.py:914} INFO - Processing file /opt/airflow/dags/airflow_utils.py for tasks to queue
[2026-04-01T19:13:52.316+0000] {logging_mixin.py:190} INFO - [2026-04-01T19:13:52.315+0000] {dagbag.py:588} INFO - Filling up the DagBag from /opt/airflow/dags/airflow_utils.py
[2026-04-01T19:13:52.322+0000] {processor.py:927} WARNING - No viable dags retrieved from /opt/airflow/dags/airflow_utils.py
[2026-04-01T19:13:52.348+0000] {processor.py:208} INFO - Processing /opt/airflow/dags/airflow_utils.py took 0.051 seconds
[2026-04-01T19:14:23.103+0000] {processor.py:186} INFO - Started process (PID=50593) to work on /opt/airflow/dags/airflow_utils.py
[2026-04-01T19:14:23.105+0000] {processor.py:914} INFO - Processing file /opt/airflow/dags/airflow_utils.py for tasks to queue
[2026-04-01T19:14:23.110+0000] {logging_mixin.py:190} INFO - [2026-04-01T19:14:23.109+0000] {dagbag.py:588} INFO - Filling up the DagBag from /opt/airflow/dags/airflow_utils.py
[2026-04-01T19:14:23.117+0000] {processor.py:927} WARNING - No viable dags retrieved from /opt/airflow/dags/airflow_utils.py
[2026-04-01T19:14:23.150+0000] {processor.py:208} INFO - Processing /opt/airflow/dags/airflow_utils.py took 0.059 seconds
[2026-04-01T19:14:54.086+0000] {processor.py:186} INFO - Started process (PID=50636) to work on /opt/airflow/dags/airflow_utils.py
[2026-04-01T19:14:54.088+0000] {processor.py:914} INFO - Processing file /opt/airflow/dags/airflow_utils.py for tasks to queue
[2026-04-01T19:14:54.092+0000] {logging_mixin.py:190} INFO - [2026-04-01T19:14:54.091+0000] {dagbag.py:588} INFO - Filling up the DagBag from /opt/airflow/dags/airflow_utils.py
[2026-04-01T19:14:54.099+0000] {processor.py:927} WARNING - No viable dags retrieved from /opt/airflow/dags/airflow_utils.py
[2026-04-01T19:14:54.129+0000] {processor.py:208} INFO - Processing /opt/airflow/dags/airflow_utils.py took 0.054 seconds
[2026-04-01T19:15:25.055+0000] {processor.py:186} INFO - Started process (PID=50675) to work on /opt/airflow/dags/airflow_utils.py
[2026-04-01T19:15:25.056+0000] {processor.py:914} INFO - Processing file /opt/airflow/dags/airflow_utils.py for tasks to queue
[2026-04-01T19:15:25.060+0000] {logging_mixin.py:190} INFO - [2026-04-01T19:15:25.059+0000] {dagbag.py:588} INFO - Filling up the DagBag from /opt/airflow/dags/airflow_utils.py
[2026-04-01T19:15:25.066+0000] {processor.py:927} WARNING - No viable dags retrieved from /opt/airflow/dags/airflow_utils.py
[2026-04-01T19:15:25.092+0000] {processor.py:208} INFO - Processing /opt/airflow/dags/airflow_utils.py took 0.049 seconds
[2026-04-01T19:15:55.854+0000] {processor.py:186} INFO - Started process (PID=50716) to work on /opt/airflow/dags/airflow_utils.py
[2026-04-01T19:15:55.855+0000] {processor.py:914} INFO - Processing file /opt/airflow/dags/airflow_utils.py for tasks to queue
[2026-04-01T19:15:55.859+0000] {logging_mixin.py:190} INFO - [2026-04-01T19:15:55.858+0000] {dagbag.py:588} INFO - Filling up the DagBag from /opt/airflow/dags/airflow_utils.py
[2026-04-01T19:15:55.866+0000] {processor.py:927} WARNING - No viable dags retrieved from /opt/airflow/dags/airflow_utils.py
[2026-04-01T19:15:55.890+0000] {processor.py:208} INFO - Processing /opt/airflow/dags/airflow_utils.py took 0.048 seconds
[2026-04-01T19:16:26.809+0000] {processor.py:186} INFO - Started process (PID=50757) to work on /opt/airflow/dags/airflow_utils.py
[2026-04-01T19:16:26.810+0000] {processor.py:914} INFO - Processing file /opt/airflow/dags/airflow_utils.py for tasks to queue
[2026-04-01T19:16:26.814+0000] {logging_mixin.py:190} INFO - [2026-04-01T19:16:26.813+0000] {dagbag.py:588} INFO - Filling up the DagBag from /opt/airflow/dags/airflow_utils.py
[2026-04-01T19:16:26.819+0000] {processor.py:927} WARNING - No viable dags retrieved from /opt/airflow/dags/airflow_utils.py
[2026-04-01T19:16:26.845+0000] {processor.py:208} INFO - Processing /opt/airflow/dags/airflow_utils.py took 0.046 seconds
[2026-04-01T19:16:57.810+0000] {processor.py:186} INFO - Started process (PID=50798) to work on /opt/airflow/dags/airflow_utils.py
[2026-04-01T19:16:57.812+0000] {processor.py:914} INFO - Processing file /opt/airflow/dags/airflow_utils.py for tasks to queue
[2026-04-01T19:16:57.815+0000] {logging_mixin.py:190} INFO - [2026-04-01T19:16:57.814+0000] {dagbag.py:588} INFO - Filling up the DagBag from /opt/airflow/dags/airflow_utils.py
[2026-04-01T19:16:57.822+0000] {processor.py:927} WARNING - No viable dags retrieved from /opt/airflow/dags/airflow_utils.py
[2026-04-01T19:16:57.846+0000] {processor.py:208} INFO - Processing /opt/airflow/dags/airflow_utils.py took 0.046 seconds
[2026-04-01T19:17:28.756+0000] {processor.py:186} INFO - Started process (PID=50839) to work on /opt/airflow/dags/airflow_utils.py
[2026-04-01T19:17:28.758+0000] {processor.py:914} INFO - Processing file /opt/airflow/dags/airflow_utils.py for tasks to queue
[2026-04-01T19:17:28.761+0000] {logging_mixin.py:190} INFO - [2026-04-01T19:17:28.761+0000] {dagbag.py:588} INFO - Filling up the DagBag from /opt/airflow/dags/airflow_utils.py
[2026-04-01T19:17:28.767+0000] {processor.py:927} WARNING - No viable dags retrieved from /opt/airflow/dags/airflow_utils.py
[2026-04-01T19:17:28.793+0000] {processor.py:208} INFO - Processing /opt/airflow/dags/airflow_utils.py took 0.047 seconds
[2026-04-01T19:17:59.678+0000] {processor.py:186} INFO - Started process (PID=50880) to work on /opt/airflow/dags/airflow_utils.py
[2026-04-01T19:17:59.680+0000] {processor.py:914} INFO - Processing file /opt/airflow/dags/airflow_utils.py for tasks to queue
[2026-04-01T19:17:59.684+0000] {logging_mixin.py:190} INFO - [2026-04-01T19:17:59.683+0000] {dagbag.py:588} INFO - Filling up the DagBag from /opt/airflow/dags/airflow_utils.py
[2026-04-01T19:17:59.689+0000] {processor.py:927} WARNING - No viable dags retrieved from /opt/airflow/dags/airflow_utils.py
[2026-04-01T19:17:59.714+0000] {processor.py:208} INFO - Processing /opt/airflow/dags/airflow_utils.py took 0.048 seconds
[2026-04-01T19:18:30.625+0000] {processor.py:186} INFO - Started process (PID=50921) to work on /opt/airflow/dags/airflow_utils.py
[2026-04-01T19:18:30.626+0000] {processor.py:914} INFO - Processing file /opt/airflow/dags/airflow_utils.py for tasks to queue
[2026-04-01T19:18:30.630+0000] {logging_mixin.py:190} INFO - [2026-04-01T19:18:30.629+0000] {dagbag.py:588} INFO - Filling up the DagBag from /opt/airflow/dags/airflow_utils.py
[2026-04-01T19:18:30.636+0000] {processor.py:927} WARNING - No viable dags retrieved from /opt/airflow/dags/airflow_utils.py
[2026-04-01T19:18:30.662+0000] {processor.py:208} INFO - Processing /opt/airflow/dags/airflow_utils.py took 0.049 seconds
[2026-04-01T19:19:01.431+0000] {processor.py:186} INFO - Started process (PID=50962) to work on /opt/airflow/dags/airflow_utils.py
[2026-04-01T19:19:01.433+0000] {processor.py:914} INFO - Processing file /opt/airflow/dags/airflow_utils.py for tasks to queue
[2026-04-01T19:19:01.437+0000] {logging_mixin.py:190} INFO - [2026-04-01T19:19:01.436+0000] {dagbag.py:588} INFO - Filling up the DagBag from /opt/airflow/dags/airflow_utils.py
[2026-04-01T19:19:01.443+0000] {processor.py:927} WARNING - No viable dags retrieved from /opt/airflow/dags/airflow_utils.py
[2026-04-01T19:19:01.469+0000] {processor.py:208} INFO - Processing /opt/airflow/dags/airflow_utils.py took 0.051 seconds
[2026-04-01T19:19:32.237+0000] {processor.py:186} INFO - Started process (PID=51003) to work on /opt/airflow/dags/airflow_utils.py
[2026-04-01T19:19:32.238+0000] {processor.py:914} INFO - Processing file /opt/airflow/dags/airflow_utils.py for tasks to queue
[2026-04-01T19:19:32.241+0000] {logging_mixin.py:190} INFO - [2026-04-01T19:19:32.241+0000] {dagbag.py:588} INFO - Filling up the DagBag from /opt/airflow/dags/airflow_utils.py
[2026-04-01T19:19:32.247+0000] {processor.py:927} WARNING - No viable dags retrieved from /opt/airflow/dags/airflow_utils.py
[2026-04-01T19:19:32.272+0000] {processor.py:208} INFO - Processing /opt/airflow/dags/airflow_utils.py took 0.045 seconds
[2026-04-01T19:20:03.191+0000] {processor.py:186} INFO - Started process (PID=51044) to work on /opt/airflow/dags/airflow_utils.py
[2026-04-01T19:20:03.193+0000] {processor.py:914} INFO - Processing file /opt/airflow/dags/airflow_utils.py for tasks to queue
[2026-04-01T19:20:03.196+0000] {logging_mixin.py:190} INFO - [2026-04-01T19:20:03.195+0000] {dagbag.py:588} INFO - Filling up the DagBag from /opt/airflow/dags/airflow_utils.py
[2026-04-01T19:20:03.202+0000] {processor.py:927} WARNING - No viable dags retrieved from /opt/airflow/dags/airflow_utils.py
[2026-04-01T19:20:03.227+0000] {processor.py:208} INFO - Processing /opt/airflow/dags/airflow_utils.py took 0.046 seconds
[2026-04-01T19:20:34.013+0000] {processor.py:186} INFO - Started process (PID=51085) to work on /opt/airflow/dags/airflow_utils.py
[2026-04-01T19:20:34.015+0000] {processor.py:914} INFO - Processing file /opt/airflow/dags/airflow_utils.py for tasks to queue
[2026-04-01T19:20:34.018+0000] {logging_mixin.py:190} INFO - [2026-04-01T19:20:34.018+0000] {dagbag.py:588} INFO - Filling up the DagBag from /opt/airflow/dags/airflow_utils.py
[2026-04-01T19:20:34.023+0000] {processor.py:927} WARNING - No viable dags retrieved from /opt/airflow/dags/airflow_utils.py
[2026-04-01T19:20:34.050+0000] {processor.py:208} INFO - Processing /opt/airflow/dags/airflow_utils.py took 0.047 seconds
[2026-04-01T19:21:05.006+0000] {processor.py:186} INFO - Started process (PID=51126) to work on /opt/airflow/dags/airflow_utils.py
[2026-04-01T19:21:05.008+0000] {processor.py:914} INFO - Processing file /opt/airflow/dags/airflow_utils.py for tasks to queue
[2026-04-01T19:21:05.012+0000] {logging_mixin.py:190} INFO - [2026-04-01T19:21:05.011+0000] {dagbag.py:588} INFO - Filling up the DagBag from /opt/airflow/dags/airflow_utils.py
[2026-04-01T19:21:05.020+0000] {processor.py:927} WARNING - No viable dags retrieved from /opt/airflow/dags/airflow_utils.py
[2026-04-01T19:21:05.050+0000] {processor.py:208} INFO - Processing /opt/airflow/dags/airflow_utils.py took 0.059 seconds
[2026-04-01T19:21:36.045+0000] {processor.py:186} INFO - Started process (PID=51173) to work on /opt/airflow/dags/airflow_utils.py
[2026-04-01T19:21:36.046+0000] {processor.py:914} INFO - Processing file /opt/airflow/dags/airflow_utils.py for tasks to queue
[2026-04-01T19:21:36.051+0000] {logging_mixin.py:190} INFO - [2026-04-01T19:21:36.050+0000] {dagbag.py:588} INFO - Filling up the DagBag from /opt/airflow/dags/airflow_utils.py
[2026-04-01T19:21:36.058+0000] {processor.py:927} WARNING - No viable dags retrieved from /opt/airflow/dags/airflow_utils.py
[2026-04-01T19:21:36.085+0000] {processor.py:208} INFO - Processing /opt/airflow/dags/airflow_utils.py took 0.053 seconds
[2026-04-01T19:22:07.105+0000] {processor.py:186} INFO - Started process (PID=51214) to work on /opt/airflow/dags/airflow_utils.py
[2026-04-01T19:22:07.106+0000] {processor.py:914} INFO - Processing file /opt/airflow/dags/airflow_utils.py for tasks to queue
[2026-04-01T19:22:07.110+0000] {logging_mixin.py:190} INFO - [2026-04-01T19:22:07.109+0000] {dagbag.py:588} INFO - Filling up the DagBag from /opt/airflow/dags/airflow_utils.py
[2026-04-01T19:22:07.116+0000] {processor.py:927} WARNING - No viable dags retrieved from /opt/airflow/dags/airflow_utils.py
[2026-04-01T19:22:07.145+0000] {processor.py:208} INFO - Processing /opt/airflow/dags/airflow_utils.py took 0.052 seconds
[2026-04-01T19:22:38.101+0000] {processor.py:186} INFO - Started process (PID=51255) to work on /opt/airflow/dags/airflow_utils.py
[2026-04-01T19:22:38.103+0000] {processor.py:914} INFO - Processing file /opt/airflow/dags/airflow_utils.py for tasks to queue
[2026-04-01T19:22:38.106+0000] {logging_mixin.py:190} INFO - [2026-04-01T19:22:38.106+0000] {dagbag.py:588} INFO - Filling up the DagBag from /opt/airflow/dags/airflow_utils.py
[2026-04-01T19:22:38.112+0000] {processor.py:927} WARNING - No viable dags retrieved from /opt/airflow/dags/airflow_utils.py
[2026-04-01T19:22:38.141+0000] {processor.py:208} INFO - Processing /opt/airflow/dags/airflow_utils.py took 0.051 seconds
[2026-04-01T19:23:09.103+0000] {processor.py:186} INFO - Started process (PID=51297) to work on /opt/airflow/dags/airflow_utils.py
[2026-04-01T19:23:09.105+0000] {processor.py:914} INFO - Processing file /opt/airflow/dags/airflow_utils.py for tasks to queue
[2026-04-01T19:23:09.108+0000] {logging_mixin.py:190} INFO - [2026-04-01T19:23:09.108+0000] {dagbag.py:588} INFO - Filling up the DagBag from /opt/airflow/dags/airflow_utils.py
[2026-04-01T19:23:09.115+0000] {processor.py:927} WARNING - No viable dags retrieved from /opt/airflow/dags/airflow_utils.py
[2026-04-01T19:23:09.142+0000] {processor.py:208} INFO - Processing /opt/airflow/dags/airflow_utils.py took 0.049 seconds
[2026-04-01T19:23:40.033+0000] {processor.py:186} INFO - Started process (PID=51337) to work on /opt/airflow/dags/airflow_utils.py
[2026-04-01T19:23:40.035+0000] {processor.py:914} INFO - Processing file /opt/airflow/dags/airflow_utils.py for tasks to queue
[2026-04-01T19:23:40.038+0000] {logging_mixin.py:190} INFO - [2026-04-01T19:23:40.038+0000] {dagbag.py:588} INFO - Filling up the DagBag from /opt/airflow/dags/airflow_utils.py
[2026-04-01T19:23:40.044+0000] {processor.py:927} WARNING - No viable dags retrieved from /opt/airflow/dags/airflow_utils.py
[2026-04-01T19:23:40.074+0000] {processor.py:208} INFO - Processing /opt/airflow/dags/airflow_utils.py took 0.053 seconds
[2026-04-01T19:24:11.039+0000] {processor.py:186} INFO - Started process (PID=51378) to work on /opt/airflow/dags/airflow_utils.py
[2026-04-01T19:24:11.040+0000] {processor.py:914} INFO - Processing file /opt/airflow/dags/airflow_utils.py for tasks to queue
[2026-04-01T19:24:11.045+0000] {logging_mixin.py:190} INFO - [2026-04-01T19:24:11.044+0000] {dagbag.py:588} INFO - Filling up the DagBag from /opt/airflow/dags/airflow_utils.py
[2026-04-01T19:24:11.051+0000] {processor.py:927} WARNING - No viable dags retrieved from /opt/airflow/dags/airflow_utils.py
[2026-04-01T19:24:11.079+0000] {processor.py:208} INFO - Processing /opt/airflow/dags/airflow_utils.py took 0.053 seconds
[2026-04-01T19:24:42.057+0000] {processor.py:186} INFO - Started process (PID=51421) to work on /opt/airflow/dags/airflow_utils.py
[2026-04-01T19:24:42.058+0000] {processor.py:914} INFO - Processing file /opt/airflow/dags/airflow_utils.py for tasks to queue
[2026-04-01T19:24:42.062+0000] {logging_mixin.py:190} INFO - [2026-04-01T19:24:42.061+0000] {dagbag.py:588} INFO - Filling up the DagBag from /opt/airflow/dags/airflow_utils.py
[2026-04-01T19:24:42.069+0000] {processor.py:927} WARNING - No viable dags retrieved from /opt/airflow/dags/airflow_utils.py
[2026-04-01T19:24:42.094+0000] {processor.py:208} INFO - Processing /opt/airflow/dags/airflow_utils.py took 0.049 seconds
[2026-04-01T19:25:12.979+0000] {processor.py:186} INFO - Started process (PID=51460) to work on /opt/airflow/dags/airflow_utils.py
[2026-04-01T19:25:12.981+0000] {processor.py:914} INFO - Processing file /opt/airflow/dags/airflow_utils.py for tasks to queue
[2026-04-01T19:25:12.985+0000] {logging_mixin.py:190} INFO - [2026-04-01T19:25:12.984+0000] {dagbag.py:588} INFO - Filling up the DagBag from /opt/airflow/dags/airflow_utils.py
[2026-04-01T19:25:12.990+0000] {processor.py:927} WARNING - No viable dags retrieved from /opt/airflow/dags/airflow_utils.py
[2026-04-01T19:25:13.016+0000] {processor.py:208} INFO - Processing /opt/airflow/dags/airflow_utils.py took 0.047 seconds
[2026-04-01T19:25:43.923+0000] {processor.py:186} INFO - Started process (PID=51501) to work on /opt/airflow/dags/airflow_utils.py
[2026-04-01T19:25:43.925+0000] {processor.py:914} INFO - Processing file /opt/airflow/dags/airflow_utils.py for tasks to queue
[2026-04-01T19:25:43.928+0000] {logging_mixin.py:190} INFO - [2026-04-01T19:25:43.928+0000] {dagbag.py:588} INFO - Filling up the DagBag from /opt/airflow/dags/airflow_utils.py
[2026-04-01T19:25:43.934+0000] {processor.py:927} WARNING - No viable dags retrieved from /opt/airflow/dags/airflow_utils.py
[2026-04-01T19:25:43.961+0000] {processor.py:208} INFO - Processing /opt/airflow/dags/airflow_utils.py took 0.049 seconds
[2026-04-01T19:26:14.874+0000] {processor.py:186} INFO - Started process (PID=51542) to work on /opt/airflow/dags/airflow_utils.py
[2026-04-01T19:26:14.876+0000] {processor.py:914} INFO - Processing file /opt/airflow/dags/airflow_utils.py for tasks to queue
[2026-04-01T19:26:14.879+0000] {logging_mixin.py:190} INFO - [2026-04-01T19:26:14.879+0000] {dagbag.py:588} INFO - Filling up the DagBag from /opt/airflow/dags/airflow_utils.py
[2026-04-01T19:26:14.885+0000] {processor.py:927} WARNING - No viable dags retrieved from /opt/airflow/dags/airflow_utils.py
[2026-04-01T19:26:14.912+0000] {processor.py:208} INFO - Processing /opt/airflow/dags/airflow_utils.py took 0.049 seconds
[2026-04-01T19:26:45.828+0000] {processor.py:186} INFO - Started process (PID=51582) to work on /opt/airflow/dags/airflow_utils.py
[2026-04-01T19:26:45.830+0000] {processor.py:914} INFO - Processing file /opt/airflow/dags/airflow_utils.py for tasks to queue
[2026-04-01T19:26:45.834+0000] {logging_mixin.py:190} INFO - [2026-04-01T19:26:45.833+0000] {dagbag.py:588} INFO - Filling up the DagBag from /opt/airflow/dags/airflow_utils.py
[2026-04-01T19:26:45.840+0000] {processor.py:927} WARNING - No viable dags retrieved from /opt/airflow/dags/airflow_utils.py
[2026-04-01T19:26:45.867+0000] {processor.py:208} INFO - Processing /opt/airflow/dags/airflow_utils.py took 0.049 seconds
[2026-04-01T19:27:16.806+0000] {processor.py:186} INFO - Started process (PID=51623) to work on /opt/airflow/dags/airflow_utils.py
[2026-04-01T19:27:16.807+0000] {processor.py:914} INFO - Processing file /opt/airflow/dags/airflow_utils.py for tasks to queue
[2026-04-01T19:27:16.811+0000] {logging_mixin.py:190} INFO - [2026-04-01T19:27:16.811+0000] {dagbag.py:588} INFO - Filling up the DagBag from /opt/airflow/dags/airflow_utils.py
[2026-04-01T19:27:16.818+0000] {processor.py:927} WARNING - No viable dags retrieved from /opt/airflow/dags/airflow_utils.py
[2026-04-01T19:27:16.844+0000] {processor.py:208} INFO - Processing /opt/airflow/dags/airflow_utils.py took 0.051 seconds
[2026-04-01T19:27:47.795+0000] {processor.py:186} INFO - Started process (PID=51664) to work on /opt/airflow/dags/airflow_utils.py
[2026-04-01T19:27:47.796+0000] {processor.py:914} INFO - Processing file /opt/airflow/dags/airflow_utils.py for tasks to queue
[2026-04-01T19:27:47.800+0000] {logging_mixin.py:190} INFO - [2026-04-01T19:27:47.799+0000] {dagbag.py:588} INFO - Filling up the DagBag from /opt/airflow/dags/airflow_utils.py
[2026-04-01T19:27:47.806+0000] {processor.py:927} WARNING - No viable dags retrieved from /opt/airflow/dags/airflow_utils.py
[2026-04-01T19:27:47.833+0000] {processor.py:208} INFO - Processing /opt/airflow/dags/airflow_utils.py took 0.051 seconds
[2026-04-01T19:28:18.778+0000] {processor.py:186} INFO - Started process (PID=51705) to work on /opt/airflow/dags/airflow_utils.py
[2026-04-01T19:28:18.779+0000] {processor.py:914} INFO - Processing file /opt/airflow/dags/airflow_utils.py for tasks to queue
[2026-04-01T19:28:18.784+0000] {logging_mixin.py:190} INFO - [2026-04-01T19:28:18.783+0000] {dagbag.py:588} INFO - Filling up the DagBag from /opt/airflow/dags/airflow_utils.py
[2026-04-01T19:28:18.791+0000] {processor.py:927} WARNING - No viable dags retrieved from /opt/airflow/dags/airflow_utils.py
[2026-04-01T19:28:18.821+0000] {processor.py:208} INFO - Processing /opt/airflow/dags/airflow_utils.py took 0.057 seconds
[2026-04-01T19:28:49.777+0000] {processor.py:186} INFO - Started process (PID=51746) to work on /opt/airflow/dags/airflow_utils.py
[2026-04-01T19:28:49.778+0000] {processor.py:914} INFO - Processing file /opt/airflow/dags/airflow_utils.py for tasks to queue
[2026-04-01T19:28:49.782+0000] {logging_mixin.py:190} INFO - [2026-04-01T19:28:49.782+0000] {dagbag.py:588} INFO - Filling up the DagBag from /opt/airflow/dags/airflow_utils.py
[2026-04-01T19:28:49.787+0000] {processor.py:927} WARNING - No viable dags retrieved from /opt/airflow/dags/airflow_utils.py
[2026-04-01T19:28:49.813+0000] {processor.py:208} INFO - Processing /opt/airflow/dags/airflow_utils.py took 0.048 seconds
[2026-04-01T19:29:20.719+0000] {processor.py:186} INFO - Started process (PID=51787) to work on /opt/airflow/dags/airflow_utils.py
[2026-04-01T19:29:20.721+0000] {processor.py:914} INFO - Processing file /opt/airflow/dags/airflow_utils.py for tasks to queue
[2026-04-01T19:29:20.724+0000] {logging_mixin.py:190} INFO - [2026-04-01T19:29:20.724+0000] {dagbag.py:588} INFO - Filling up the DagBag from /opt/airflow/dags/airflow_utils.py
[2026-04-01T19:29:20.732+0000] {processor.py:927} WARNING - No viable dags retrieved from /opt/airflow/dags/airflow_utils.py
[2026-04-01T19:29:20.756+0000] {processor.py:208} INFO - Processing /opt/airflow/dags/airflow_utils.py took 0.048 seconds
[2026-04-01T19:29:51.692+0000] {processor.py:186} INFO - Started process (PID=51828) to work on /opt/airflow/dags/airflow_utils.py
[2026-04-01T19:29:51.694+0000] {processor.py:914} INFO - Processing file /opt/airflow/dags/airflow_utils.py for tasks to queue
[2026-04-01T19:29:51.700+0000] {logging_mixin.py:190} INFO - [2026-04-01T19:29:51.699+0000] {dagbag.py:588} INFO - Filling up the DagBag from /opt/airflow/dags/airflow_utils.py
[2026-04-01T19:29:51.707+0000] {processor.py:927} WARNING - No viable dags retrieved from /opt/airflow/dags/airflow_utils.py
[2026-04-01T19:29:51.732+0000] {processor.py:208} INFO - Processing /opt/airflow/dags/airflow_utils.py took 0.056 seconds
[2026-04-01T19:30:22.619+0000] {processor.py:186} INFO - Started process (PID=51869) to work on /opt/airflow/dags/airflow_utils.py
[2026-04-01T19:30:22.621+0000] {processor.py:914} INFO - Processing file /opt/airflow/dags/airflow_utils.py for tasks to queue
[2026-04-01T19:30:22.625+0000] {logging_mixin.py:190} INFO - [2026-04-01T19:30:22.624+0000] {dagbag.py:588} INFO - Filling up the DagBag from /opt/airflow/dags/airflow_utils.py
[2026-04-01T19:30:22.631+0000] {processor.py:927} WARNING - No viable dags retrieved from /opt/airflow/dags/airflow_utils.py
[2026-04-01T19:30:22.658+0000] {processor.py:208} INFO - Processing /opt/airflow/dags/airflow_utils.py took 0.049 seconds
[2026-04-01T19:30:53.585+0000] {processor.py:186} INFO - Started process (PID=51910) to work on /opt/airflow/dags/airflow_utils.py
[2026-04-01T19:30:53.586+0000] {processor.py:914} INFO - Processing file /opt/airflow/dags/airflow_utils.py for tasks to queue
[2026-04-01T19:30:53.592+0000] {logging_mixin.py:190} INFO - [2026-04-01T19:30:53.591+0000] {dagbag.py:588} INFO - Filling up the DagBag from /opt/airflow/dags/airflow_utils.py
[2026-04-01T19:30:53.599+0000] {processor.py:927} WARNING - No viable dags retrieved from /opt/airflow/dags/airflow_utils.py
[2026-04-01T19:30:53.623+0000] {processor.py:208} INFO - Processing /opt/airflow/dags/airflow_utils.py took 0.050 seconds
[2026-04-01T19:31:24.556+0000] {processor.py:186} INFO - Started process (PID=51951) to work on /opt/airflow/dags/airflow_utils.py
[2026-04-01T19:31:24.557+0000] {processor.py:914} INFO - Processing file /opt/airflow/dags/airflow_utils.py for tasks to queue
[2026-04-01T19:31:24.561+0000] {logging_mixin.py:190} INFO - [2026-04-01T19:31:24.560+0000] {dagbag.py:588} INFO - Filling up the DagBag from /opt/airflow/dags/airflow_utils.py
[2026-04-01T19:31:24.567+0000] {processor.py:927} WARNING - No viable dags retrieved from /opt/airflow/dags/airflow_utils.py
[2026-04-01T19:31:24.591+0000] {processor.py:208} INFO - Processing /opt/airflow/dags/airflow_utils.py took 0.046 seconds
[2026-04-01T19:31:55.495+0000] {processor.py:186} INFO - Started process (PID=51992) to work on /opt/airflow/dags/airflow_utils.py
[2026-04-01T19:31:55.497+0000] {processor.py:914} INFO - Processing file /opt/airflow/dags/airflow_utils.py for tasks to queue
[2026-04-01T19:31:55.502+0000] {logging_mixin.py:190} INFO - [2026-04-01T19:31:55.501+0000] {dagbag.py:588} INFO - Filling up the DagBag from /opt/airflow/dags/airflow_utils.py
[2026-04-01T19:31:55.511+0000] {processor.py:927} WARNING - No viable dags retrieved from /opt/airflow/dags/airflow_utils.py
[2026-04-01T19:31:55.541+0000] {processor.py:208} INFO - Processing /opt/airflow/dags/airflow_utils.py took 0.057 seconds
[2026-04-01T19:32:26.495+0000] {processor.py:186} INFO - Started process (PID=52033) to work on /opt/airflow/dags/airflow_utils.py
[2026-04-01T19:32:26.497+0000] {processor.py:914} INFO - Processing file /opt/airflow/dags/airflow_utils.py for tasks to queue
[2026-04-01T19:32:26.501+0000] {logging_mixin.py:190} INFO - [2026-04-01T19:32:26.500+0000] {dagbag.py:588} INFO - Filling up the DagBag from /opt/airflow/dags/airflow_utils.py
[2026-04-01T19:32:26.507+0000] {processor.py:927} WARNING - No viable dags retrieved from /opt/airflow/dags/airflow_utils.py
[2026-04-01T19:32:26.535+0000] {processor.py:208} INFO - Processing /opt/airflow/dags/airflow_utils.py took 0.051 seconds
[2026-04-01T19:32:57.433+0000] {processor.py:186} INFO - Started process (PID=52074) to work on /opt/airflow/dags/airflow_utils.py
[2026-04-01T19:32:57.435+0000] {processor.py:914} INFO - Processing file /opt/airflow/dags/airflow_utils.py for tasks to queue
[2026-04-01T19:32:57.439+0000] {logging_mixin.py:190} INFO - [2026-04-01T19:32:57.438+0000] {dagbag.py:588} INFO - Filling up the DagBag from /opt/airflow/dags/airflow_utils.py
[2026-04-01T19:32:57.445+0000] {processor.py:927} WARNING - No viable dags retrieved from /opt/airflow/dags/airflow_utils.py
[2026-04-01T19:32:57.469+0000] {processor.py:208} INFO - Processing /opt/airflow/dags/airflow_utils.py took 0.046 seconds
[2026-04-01T19:33:28.370+0000] {processor.py:186} INFO - Started process (PID=52115) to work on /opt/airflow/dags/airflow_utils.py
[2026-04-01T19:33:28.371+0000] {processor.py:914} INFO - Processing file /opt/airflow/dags/airflow_utils.py for tasks to queue
[2026-04-01T19:33:28.374+0000] {logging_mixin.py:190} INFO - [2026-04-01T19:33:28.374+0000] {dagbag.py:588} INFO - Filling up the DagBag from /opt/airflow/dags/airflow_utils.py
[2026-04-01T19:33:28.380+0000] {processor.py:927} WARNING - No viable dags retrieved from /opt/airflow/dags/airflow_utils.py
[2026-04-01T19:33:28.405+0000] {processor.py:208} INFO - Processing /opt/airflow/dags/airflow_utils.py took 0.045 seconds
[2026-04-01T19:33:59.312+0000] {processor.py:186} INFO - Started process (PID=52156) to work on /opt/airflow/dags/airflow_utils.py
[2026-04-01T19:33:59.314+0000] {processor.py:914} INFO - Processing file /opt/airflow/dags/airflow_utils.py for tasks to queue
[2026-04-01T19:33:59.318+0000] {logging_mixin.py:190} INFO - [2026-04-01T19:33:59.317+0000] {dagbag.py:588} INFO - Filling up the DagBag from /opt/airflow/dags/airflow_utils.py
[2026-04-01T19:33:59.324+0000] {processor.py:927} WARNING - No viable dags retrieved from /opt/airflow/dags/airflow_utils.py
[2026-04-01T19:33:59.353+0000] {processor.py:208} INFO - Processing /opt/airflow/dags/airflow_utils.py took 0.050 seconds
[2026-04-01T19:34:30.258+0000] {processor.py:186} INFO - Started process (PID=52197) to work on /opt/airflow/dags/airflow_utils.py
[2026-04-01T19:34:30.259+0000] {processor.py:914} INFO - Processing file /opt/airflow/dags/airflow_utils.py for tasks to queue
[2026-04-01T19:34:30.262+0000] {logging_mixin.py:190} INFO - [2026-04-01T19:34:30.262+0000] {dagbag.py:588} INFO - Filling up the DagBag from /opt/airflow/dags/airflow_utils.py
[2026-04-01T19:34:30.268+0000] {processor.py:927} WARNING - No viable dags retrieved from /opt/airflow/dags/airflow_utils.py
[2026-04-01T19:34:30.289+0000] {processor.py:208} INFO - Processing /opt/airflow/dags/airflow_utils.py took 0.040 seconds
[2026-04-01T19:35:01.200+0000] {processor.py:186} INFO - Started process (PID=52238) to work on /opt/airflow/dags/airflow_utils.py
[2026-04-01T19:35:01.202+0000] {processor.py:914} INFO - Processing file /opt/airflow/dags/airflow_utils.py for tasks to queue
[2026-04-01T19:35:01.205+0000] {logging_mixin.py:190} INFO - [2026-04-01T19:35:01.205+0000] {dagbag.py:588} INFO - Filling up the DagBag from /opt/airflow/dags/airflow_utils.py
[2026-04-01T19:35:01.211+0000] {processor.py:927} WARNING - No viable dags retrieved from /opt/airflow/dags/airflow_utils.py
[2026-04-01T19:35:01.238+0000] {processor.py:208} INFO - Processing /opt/airflow/dags/airflow_utils.py took 0.049 seconds
[2026-04-01T19:35:32.158+0000] {processor.py:186} INFO - Started process (PID=52279) to work on /opt/airflow/dags/airflow_utils.py
[2026-04-01T19:35:32.160+0000] {processor.py:914} INFO - Processing file /opt/airflow/dags/airflow_utils.py for tasks to queue
[2026-04-01T19:35:32.163+0000] {logging_mixin.py:190} INFO - [2026-04-01T19:35:32.162+0000] {dagbag.py:588} INFO - Filling up the DagBag from /opt/airflow/dags/airflow_utils.py
[2026-04-01T19:35:32.169+0000] {processor.py:927} WARNING - No viable dags retrieved from /opt/airflow/dags/airflow_utils.py
[2026-04-01T19:35:32.193+0000] {processor.py:208} INFO - Processing /opt/airflow/dags/airflow_utils.py took 0.044 seconds
[2026-04-01T19:36:03.127+0000] {processor.py:186} INFO - Started process (PID=52320) to work on /opt/airflow/dags/airflow_utils.py
[2026-04-01T19:36:03.128+0000] {processor.py:914} INFO - Processing file /opt/airflow/dags/airflow_utils.py for tasks to queue
[2026-04-01T19:36:03.131+0000] {logging_mixin.py:190} INFO - [2026-04-01T19:36:03.131+0000] {dagbag.py:588} INFO - Filling up the DagBag from /opt/airflow/dags/airflow_utils.py
[2026-04-01T19:36:03.137+0000] {processor.py:927} WARNING - No viable dags retrieved from /opt/airflow/dags/airflow_utils.py
[2026-04-01T19:36:03.162+0000] {processor.py:208} INFO - Processing /opt/airflow/dags/airflow_utils.py took 0.046 seconds
[2026-04-01T19:36:34.063+0000] {processor.py:186} INFO - Started process (PID=52361) to work on /opt/airflow/dags/airflow_utils.py
[2026-04-01T19:36:34.064+0000] {processor.py:914} INFO - Processing file /opt/airflow/dags/airflow_utils.py for tasks to queue
[2026-04-01T19:36:34.068+0000] {logging_mixin.py:190} INFO - [2026-04-01T19:36:34.067+0000] {dagbag.py:588} INFO - Filling up the DagBag from /opt/airflow/dags/airflow_utils.py
[2026-04-01T19:36:34.075+0000] {processor.py:927} WARNING - No viable dags retrieved from /opt/airflow/dags/airflow_utils.py
[2026-04-01T19:36:34.105+0000] {processor.py:208} INFO - Processing /opt/airflow/dags/airflow_utils.py took 0.055 seconds
[2026-04-01T19:37:05.082+0000] {processor.py:186} INFO - Started process (PID=52402) to work on /opt/airflow/dags/airflow_utils.py
[2026-04-01T19:37:05.084+0000] {processor.py:914} INFO - Processing file /opt/airflow/dags/airflow_utils.py for tasks to queue
[2026-04-01T19:37:05.088+0000] {logging_mixin.py:190} INFO - [2026-04-01T19:37:05.087+0000] {dagbag.py:588} INFO - Filling up the DagBag from /opt/airflow/dags/airflow_utils.py
[2026-04-01T19:37:05.095+0000] {processor.py:927} WARNING - No viable dags retrieved from /opt/airflow/dags/airflow_utils.py
[2026-04-01T19:37:05.124+0000] {processor.py:208} INFO - Processing /opt/airflow/dags/airflow_utils.py took 0.052 seconds
[2026-04-01T19:37:36.107+0000] {processor.py:186} INFO - Started process (PID=52443) to work on /opt/airflow/dags/airflow_utils.py
[2026-04-01T19:37:36.109+0000] {processor.py:914} INFO - Processing file /opt/airflow/dags/airflow_utils.py for tasks to queue
[2026-04-01T19:37:36.113+0000] {logging_mixin.py:190} INFO - [2026-04-01T19:37:36.112+0000] {dagbag.py:588} INFO - Filling up the DagBag from /opt/airflow/dags/airflow_utils.py
[2026-04-01T19:37:36.119+0000] {processor.py:927} WARNING - No viable dags retrieved from /opt/airflow/dags/airflow_utils.py
[2026-04-01T19:37:36.150+0000] {processor.py:208} INFO - Processing /opt/airflow/dags/airflow_utils.py took 0.056 seconds
[2026-04-01T19:38:07.113+0000] {processor.py:186} INFO - Started process (PID=52484) to work on /opt/airflow/dags/airflow_utils.py
[2026-04-01T19:38:07.114+0000] {processor.py:914} INFO - Processing file /opt/airflow/dags/airflow_utils.py for tasks to queue
[2026-04-01T19:38:07.118+0000] {logging_mixin.py:190} INFO - [2026-04-01T19:38:07.117+0000] {dagbag.py:588} INFO - Filling up the DagBag from /opt/airflow/dags/airflow_utils.py
[2026-04-01T19:38:07.125+0000] {processor.py:927} WARNING - No viable dags retrieved from /opt/airflow/dags/airflow_utils.py
[2026-04-01T19:38:07.150+0000] {processor.py:208} INFO - Processing /opt/airflow/dags/airflow_utils.py took 0.049 seconds
[2026-04-01T19:38:38.096+0000] {processor.py:186} INFO - Started process (PID=52525) to work on /opt/airflow/dags/airflow_utils.py
[2026-04-01T19:38:38.098+0000] {processor.py:914} INFO - Processing file /opt/airflow/dags/airflow_utils.py for tasks to queue
[2026-04-01T19:38:38.102+0000] {logging_mixin.py:190} INFO - [2026-04-01T19:38:38.101+0000] {dagbag.py:588} INFO - Filling up the DagBag from /opt/airflow/dags/airflow_utils.py
[2026-04-01T19:38:38.107+0000] {processor.py:927} WARNING - No viable dags retrieved from /opt/airflow/dags/airflow_utils.py
[2026-04-01T19:38:38.132+0000] {processor.py:208} INFO - Processing /opt/airflow/dags/airflow_utils.py took 0.047 seconds
[2026-04-01T19:39:09.072+0000] {processor.py:186} INFO - Started process (PID=52572) to work on /opt/airflow/dags/airflow_utils.py
[2026-04-01T19:39:09.073+0000] {processor.py:914} INFO - Processing file /opt/airflow/dags/airflow_utils.py for tasks to queue
[2026-04-01T19:39:09.077+0000] {logging_mixin.py:190} INFO - [2026-04-01T19:39:09.077+0000] {dagbag.py:588} INFO - Filling up the DagBag from /opt/airflow/dags/airflow_utils.py
[2026-04-01T19:39:09.084+0000] {processor.py:927} WARNING - No viable dags retrieved from /opt/airflow/dags/airflow_utils.py
[2026-04-01T19:39:09.109+0000] {processor.py:208} INFO - Processing /opt/airflow/dags/airflow_utils.py took 0.050 seconds
[2026-04-01T19:39:40.041+0000] {processor.py:186} INFO - Started process (PID=52613) to work on /opt/airflow/dags/airflow_utils.py
[2026-04-01T19:39:40.042+0000] {processor.py:914} INFO - Processing file /opt/airflow/dags/airflow_utils.py for tasks to queue
[2026-04-01T19:39:40.045+0000] {logging_mixin.py:190} INFO - [2026-04-01T19:39:40.045+0000] {dagbag.py:588} INFO - Filling up the DagBag from /opt/airflow/dags/airflow_utils.py
[2026-04-01T19:39:40.051+0000] {processor.py:927} WARNING - No viable dags retrieved from /opt/airflow/dags/airflow_utils.py
[2026-04-01T19:39:40.077+0000] {processor.py:208} INFO - Processing /opt/airflow/dags/airflow_utils.py took 0.050 seconds
[2026-04-01T19:40:10.831+0000] {processor.py:186} INFO - Started process (PID=52654) to work on /opt/airflow/dags/airflow_utils.py
[2026-04-01T19:40:10.832+0000] {processor.py:914} INFO - Processing file /opt/airflow/dags/airflow_utils.py for tasks to queue
[2026-04-01T19:40:10.836+0000] {logging_mixin.py:190} INFO - [2026-04-01T19:40:10.835+0000] {dagbag.py:588} INFO - Filling up the DagBag from /opt/airflow/dags/airflow_utils.py
[2026-04-01T19:40:10.843+0000] {processor.py:927} WARNING - No viable dags retrieved from /opt/airflow/dags/airflow_utils.py
[2026-04-01T19:40:10.870+0000] {processor.py:208} INFO - Processing /opt/airflow/dags/airflow_utils.py took 0.051 seconds
[2026-04-01T19:40:41.835+0000] {processor.py:186} INFO - Started process (PID=52695) to work on /opt/airflow/dags/airflow_utils.py
[2026-04-01T19:40:41.837+0000] {processor.py:914} INFO - Processing file /opt/airflow/dags/airflow_utils.py for tasks to queue
[2026-04-01T19:40:41.841+0000] {logging_mixin.py:190} INFO - [2026-04-01T19:40:41.840+0000] {dagbag.py:588} INFO - Filling up the DagBag from /opt/airflow/dags/airflow_utils.py
[2026-04-01T19:40:41.848+0000] {processor.py:927} WARNING - No viable dags retrieved from /opt/airflow/dags/airflow_utils.py
[2026-04-01T19:40:41.875+0000] {processor.py:208} INFO - Processing /opt/airflow/dags/airflow_utils.py took 0.051 seconds
[2026-04-01T19:41:12.862+0000] {processor.py:186} INFO - Started process (PID=52736) to work on /opt/airflow/dags/airflow_utils.py
[2026-04-01T19:41:12.864+0000] {processor.py:914} INFO - Processing file /opt/airflow/dags/airflow_utils.py for tasks to queue
[2026-04-01T19:41:12.868+0000] {logging_mixin.py:190} INFO - [2026-04-01T19:41:12.868+0000] {dagbag.py:588} INFO - Filling up the DagBag from /opt/airflow/dags/airflow_utils.py
[2026-04-01T19:41:12.875+0000] {processor.py:927} WARNING - No viable dags retrieved from /opt/airflow/dags/airflow_utils.py
[2026-04-01T19:41:12.907+0000] {processor.py:208} INFO - Processing /opt/airflow/dags/airflow_utils.py took 0.059 seconds
[2026-04-01T19:41:43.666+0000] {processor.py:186} INFO - Started process (PID=52777) to work on /opt/airflow/dags/airflow_utils.py
[2026-04-01T19:41:43.668+0000] {processor.py:914} INFO - Processing file /opt/airflow/dags/airflow_utils.py for tasks to queue
[2026-04-01T19:41:43.671+0000] {logging_mixin.py:190} INFO - [2026-04-01T19:41:43.671+0000] {dagbag.py:588} INFO - Filling up the DagBag from /opt/airflow/dags/airflow_utils.py
[2026-04-01T19:41:43.678+0000] {processor.py:927} WARNING - No viable dags retrieved from /opt/airflow/dags/airflow_utils.py
[2026-04-01T19:41:43.706+0000] {processor.py:208} INFO - Processing /opt/airflow/dags/airflow_utils.py took 0.050 seconds
[2026-04-01T19:42:14.468+0000] {processor.py:186} INFO - Started process (PID=52818) to work on /opt/airflow/dags/airflow_utils.py
[2026-04-01T19:42:14.469+0000] {processor.py:914} INFO - Processing file /opt/airflow/dags/airflow_utils.py for tasks to queue
[2026-04-01T19:42:14.473+0000] {logging_mixin.py:190} INFO - [2026-04-01T19:42:14.473+0000] {dagbag.py:588} INFO - Filling up the DagBag from /opt/airflow/dags/airflow_utils.py
[2026-04-01T19:42:14.480+0000] {processor.py:927} WARNING - No viable dags retrieved from /opt/airflow/dags/airflow_utils.py
[2026-04-01T19:42:14.508+0000] {processor.py:208} INFO - Processing /opt/airflow/dags/airflow_utils.py took 0.053 seconds
[2026-04-01T19:42:45.424+0000] {processor.py:186} INFO - Started process (PID=52859) to work on /opt/airflow/dags/airflow_utils.py
[2026-04-01T19:42:45.425+0000] {processor.py:914} INFO - Processing file /opt/airflow/dags/airflow_utils.py for tasks to queue
[2026-04-01T19:42:45.429+0000] {logging_mixin.py:190} INFO - [2026-04-01T19:42:45.428+0000] {dagbag.py:588} INFO - Filling up the DagBag from /opt/airflow/dags/airflow_utils.py
[2026-04-01T19:42:45.434+0000] {processor.py:927} WARNING - No viable dags retrieved from /opt/airflow/dags/airflow_utils.py
[2026-04-01T19:42:45.465+0000] {processor.py:208} INFO - Processing /opt/airflow/dags/airflow_utils.py took 0.053 seconds
[2026-04-01T19:43:16.373+0000] {processor.py:186} INFO - Started process (PID=52900) to work on /opt/airflow/dags/airflow_utils.py
[2026-04-01T19:43:16.375+0000] {processor.py:914} INFO - Processing file /opt/airflow/dags/airflow_utils.py for tasks to queue
[2026-04-01T19:43:16.380+0000] {logging_mixin.py:190} INFO - [2026-04-01T19:43:16.379+0000] {dagbag.py:588} INFO - Filling up the DagBag from /opt/airflow/dags/airflow_utils.py
[2026-04-01T19:43:16.387+0000] {processor.py:927} WARNING - No viable dags retrieved from /opt/airflow/dags/airflow_utils.py
[2026-04-01T19:43:16.417+0000] {processor.py:208} INFO - Processing /opt/airflow/dags/airflow_utils.py took 0.059 seconds
[2026-04-01T19:43:47.355+0000] {processor.py:186} INFO - Started process (PID=52941) to work on /opt/airflow/dags/airflow_utils.py
[2026-04-01T19:43:47.356+0000] {processor.py:914} INFO - Processing file /opt/airflow/dags/airflow_utils.py for tasks to queue
[2026-04-01T19:43:47.360+0000] {logging_mixin.py:190} INFO - [2026-04-01T19:43:47.359+0000] {dagbag.py:588} INFO - Filling up the DagBag from /opt/airflow/dags/airflow_utils.py
[2026-04-01T19:43:47.366+0000] {processor.py:927} WARNING - No viable dags retrieved from /opt/airflow/dags/airflow_utils.py
[2026-04-01T19:43:47.396+0000] {processor.py:208} INFO - Processing /opt/airflow/dags/airflow_utils.py took 0.053 seconds
[2026-04-01T19:44:18.364+0000] {processor.py:186} INFO - Started process (PID=52982) to work on /opt/airflow/dags/airflow_utils.py
[2026-04-01T19:44:18.366+0000] {processor.py:914} INFO - Processing file /opt/airflow/dags/airflow_utils.py for tasks to queue
[2026-04-01T19:44:18.369+0000] {logging_mixin.py:190} INFO - [2026-04-01T19:44:18.369+0000] {dagbag.py:588} INFO - Filling up the DagBag from /opt/airflow/dags/airflow_utils.py
[2026-04-01T19:44:18.375+0000] {processor.py:927} WARNING - No viable dags retrieved from /opt/airflow/dags/airflow_utils.py
[2026-04-01T19:44:18.402+0000] {processor.py:208} INFO - Processing /opt/airflow/dags/airflow_utils.py took 0.049 seconds
[2026-04-01T19:44:49.363+0000] {processor.py:186} INFO - Started process (PID=53023) to work on /opt/airflow/dags/airflow_utils.py
[2026-04-01T19:44:49.364+0000] {processor.py:914} INFO - Processing file /opt/airflow/dags/airflow_utils.py for tasks to queue
[2026-04-01T19:44:49.368+0000] {logging_mixin.py:190} INFO - [2026-04-01T19:44:49.368+0000] {dagbag.py:588} INFO - Filling up the DagBag from /opt/airflow/dags/airflow_utils.py
[2026-04-01T19:44:49.375+0000] {processor.py:927} WARNING - No viable dags retrieved from /opt/airflow/dags/airflow_utils.py
[2026-04-01T19:44:49.399+0000] {processor.py:208} INFO - Processing /opt/airflow/dags/airflow_utils.py took 0.048 seconds
[2026-04-01T19:45:20.332+0000] {processor.py:186} INFO - Started process (PID=53064) to work on /opt/airflow/dags/airflow_utils.py
[2026-04-01T19:45:20.334+0000] {processor.py:914} INFO - Processing file /opt/airflow/dags/airflow_utils.py for tasks to queue
[2026-04-01T19:45:20.340+0000] {logging_mixin.py:190} INFO - [2026-04-01T19:45:20.339+0000] {dagbag.py:588} INFO - Filling up the DagBag from /opt/airflow/dags/airflow_utils.py
[2026-04-01T19:45:20.349+0000] {processor.py:927} WARNING - No viable dags retrieved from /opt/airflow/dags/airflow_utils.py
[2026-04-01T19:45:20.379+0000] {processor.py:208} INFO - Processing /opt/airflow/dags/airflow_utils.py took 0.067 seconds
[2026-04-01T19:45:51.300+0000] {processor.py:186} INFO - Started process (PID=53105) to work on /opt/airflow/dags/airflow_utils.py
[2026-04-01T19:45:51.302+0000] {processor.py:914} INFO - Processing file /opt/airflow/dags/airflow_utils.py for tasks to queue
[2026-04-01T19:45:51.306+0000] {logging_mixin.py:190} INFO - [2026-04-01T19:45:51.305+0000] {dagbag.py:588} INFO - Filling up the DagBag from /opt/airflow/dags/airflow_utils.py
[2026-04-01T19:45:51.312+0000] {processor.py:927} WARNING - No viable dags retrieved from /opt/airflow/dags/airflow_utils.py
[2026-04-01T19:45:51.339+0000] {processor.py:208} INFO - Processing /opt/airflow/dags/airflow_utils.py took 0.050 seconds
[2026-04-01T19:46:22.265+0000] {processor.py:186} INFO - Started process (PID=53146) to work on /opt/airflow/dags/airflow_utils.py
[2026-04-01T19:46:22.266+0000] {processor.py:914} INFO - Processing file /opt/airflow/dags/airflow_utils.py for tasks to queue
[2026-04-01T19:46:22.269+0000] {logging_mixin.py:190} INFO - [2026-04-01T19:46:22.269+0000] {dagbag.py:588} INFO - Filling up the DagBag from /opt/airflow/dags/airflow_utils.py
[2026-04-01T19:46:22.275+0000] {processor.py:927} WARNING - No viable dags retrieved from /opt/airflow/dags/airflow_utils.py
[2026-04-01T19:46:22.305+0000] {processor.py:208} INFO - Processing /opt/airflow/dags/airflow_utils.py took 0.051 seconds
[2026-04-01T19:46:53.229+0000] {processor.py:186} INFO - Started process (PID=53187) to work on /opt/airflow/dags/airflow_utils.py
[2026-04-01T19:46:53.231+0000] {processor.py:914} INFO - Processing file /opt/airflow/dags/airflow_utils.py for tasks to queue
[2026-04-01T19:46:53.234+0000] {logging_mixin.py:190} INFO - [2026-04-01T19:46:53.233+0000] {dagbag.py:588} INFO - Filling up the DagBag from /opt/airflow/dags/airflow_utils.py
[2026-04-01T19:46:53.239+0000] {processor.py:927} WARNING - No viable dags retrieved from /opt/airflow/dags/airflow_utils.py
[2026-04-01T19:46:53.265+0000] {processor.py:208} INFO - Processing /opt/airflow/dags/airflow_utils.py took 0.051 seconds
[2026-04-01T19:47:24.179+0000] {processor.py:186} INFO - Started process (PID=53228) to work on /opt/airflow/dags/airflow_utils.py
[2026-04-01T19:47:24.180+0000] {processor.py:914} INFO - Processing file /opt/airflow/dags/airflow_utils.py for tasks to queue
[2026-04-01T19:47:24.184+0000] {logging_mixin.py:190} INFO - [2026-04-01T19:47:24.183+0000] {dagbag.py:588} INFO - Filling up the DagBag from /opt/airflow/dags/airflow_utils.py
[2026-04-01T19:47:24.190+0000] {processor.py:927} WARNING - No viable dags retrieved from /opt/airflow/dags/airflow_utils.py
[2026-04-01T19:47:24.213+0000] {processor.py:208} INFO - Processing /opt/airflow/dags/airflow_utils.py took 0.047 seconds
[2026-04-01T19:47:54.966+0000] {processor.py:186} INFO - Started process (PID=53269) to work on /opt/airflow/dags/airflow_utils.py
[2026-04-01T19:47:54.967+0000] {processor.py:914} INFO - Processing file /opt/airflow/dags/airflow_utils.py for tasks to queue
[2026-04-01T19:47:54.971+0000] {logging_mixin.py:190} INFO - [2026-04-01T19:47:54.970+0000] {dagbag.py:588} INFO - Filling up the DagBag from /opt/airflow/dags/airflow_utils.py
[2026-04-01T19:47:54.977+0000] {processor.py:927} WARNING - No viable dags retrieved from /opt/airflow/dags/airflow_utils.py
[2026-04-01T19:47:55.003+0000] {processor.py:208} INFO - Processing /opt/airflow/dags/airflow_utils.py took 0.048 seconds
[2026-04-01T19:48:25.953+0000] {processor.py:186} INFO - Started process (PID=53310) to work on /opt/airflow/dags/airflow_utils.py
[2026-04-01T19:48:25.954+0000] {processor.py:914} INFO - Processing file /opt/airflow/dags/airflow_utils.py for tasks to queue
[2026-04-01T19:48:25.958+0000] {logging_mixin.py:190} INFO - [2026-04-01T19:48:25.957+0000] {dagbag.py:588} INFO - Filling up the DagBag from /opt/airflow/dags/airflow_utils.py
[2026-04-01T19:48:25.965+0000] {processor.py:927} WARNING - No viable dags retrieved from /opt/airflow/dags/airflow_utils.py
[2026-04-01T19:48:25.992+0000] {processor.py:208} INFO - Processing /opt/airflow/dags/airflow_utils.py took 0.050 seconds
[2026-04-01T19:48:56.912+0000] {processor.py:186} INFO - Started process (PID=53351) to work on /opt/airflow/dags/airflow_utils.py
[2026-04-01T19:48:56.914+0000] {processor.py:914} INFO - Processing file /opt/airflow/dags/airflow_utils.py for tasks to queue
[2026-04-01T19:48:56.917+0000] {logging_mixin.py:190} INFO - [2026-04-01T19:48:56.917+0000] {dagbag.py:588} INFO - Filling up the DagBag from /opt/airflow/dags/airflow_utils.py
[2026-04-01T19:48:56.929+0000] {processor.py:927} WARNING - No viable dags retrieved from /opt/airflow/dags/airflow_utils.py
[2026-04-01T19:48:56.954+0000] {processor.py:208} INFO - Processing /opt/airflow/dags/airflow_utils.py took 0.053 seconds
[2026-04-01T19:49:27.831+0000] {processor.py:186} INFO - Started process (PID=53392) to work on /opt/airflow/dags/airflow_utils.py
[2026-04-01T19:49:27.833+0000] {processor.py:914} INFO - Processing file /opt/airflow/dags/airflow_utils.py for tasks to queue
[2026-04-01T19:49:27.836+0000] {logging_mixin.py:190} INFO - [2026-04-01T19:49:27.836+0000] {dagbag.py:588} INFO - Filling up the DagBag from /opt/airflow/dags/airflow_utils.py
[2026-04-01T19:49:27.842+0000] {processor.py:927} WARNING - No viable dags retrieved from /opt/airflow/dags/airflow_utils.py
[2026-04-01T19:49:27.869+0000] {processor.py:208} INFO - Processing /opt/airflow/dags/airflow_utils.py took 0.048 seconds
[2026-04-01T19:49:58.764+0000] {processor.py:186} INFO - Started process (PID=53433) to work on /opt/airflow/dags/airflow_utils.py
[2026-04-01T19:49:58.765+0000] {processor.py:914} INFO - Processing file /opt/airflow/dags/airflow_utils.py for tasks to queue
[2026-04-01T19:49:58.768+0000] {logging_mixin.py:190} INFO - [2026-04-01T19:49:58.767+0000] {dagbag.py:588} INFO - Filling up the DagBag from /opt/airflow/dags/airflow_utils.py
[2026-04-01T19:49:58.773+0000] {processor.py:927} WARNING - No viable dags retrieved from /opt/airflow/dags/airflow_utils.py
[2026-04-01T19:49:58.795+0000] {processor.py:208} INFO - Processing /opt/airflow/dags/airflow_utils.py took 0.042 seconds
[2026-04-01T19:50:29.520+0000] {processor.py:186} INFO - Started process (PID=53474) to work on /opt/airflow/dags/airflow_utils.py
[2026-04-01T19:50:29.521+0000] {processor.py:914} INFO - Processing file /opt/airflow/dags/airflow_utils.py for tasks to queue
[2026-04-01T19:50:29.526+0000] {logging_mixin.py:190} INFO - [2026-04-01T19:50:29.525+0000] {dagbag.py:588} INFO - Filling up the DagBag from /opt/airflow/dags/airflow_utils.py
[2026-04-01T19:50:29.533+0000] {processor.py:927} WARNING - No viable dags retrieved from /opt/airflow/dags/airflow_utils.py
[2026-04-01T19:50:29.562+0000] {processor.py:208} INFO - Processing /opt/airflow/dags/airflow_utils.py took 0.055 seconds
[2026-04-01T19:51:00.473+0000] {processor.py:186} INFO - Started process (PID=53516) to work on /opt/airflow/dags/airflow_utils.py
[2026-04-01T19:51:00.475+0000] {processor.py:914} INFO - Processing file /opt/airflow/dags/airflow_utils.py for tasks to queue
[2026-04-01T19:51:00.478+0000] {logging_mixin.py:190} INFO - [2026-04-01T19:51:00.477+0000] {dagbag.py:588} INFO - Filling up the DagBag from /opt/airflow/dags/airflow_utils.py
[2026-04-01T19:51:00.484+0000] {processor.py:927} WARNING - No viable dags retrieved from /opt/airflow/dags/airflow_utils.py
[2026-04-01T19:51:00.511+0000] {processor.py:208} INFO - Processing /opt/airflow/dags/airflow_utils.py took 0.050 seconds
[2026-04-01T19:51:31.411+0000] {processor.py:186} INFO - Started process (PID=53557) to work on /opt/airflow/dags/airflow_utils.py
[2026-04-01T19:51:31.413+0000] {processor.py:914} INFO - Processing file /opt/airflow/dags/airflow_utils.py for tasks to queue
[2026-04-01T19:51:31.416+0000] {logging_mixin.py:190} INFO - [2026-04-01T19:51:31.415+0000] {dagbag.py:588} INFO - Filling up the DagBag from /opt/airflow/dags/airflow_utils.py
[2026-04-01T19:51:31.424+0000] {processor.py:927} WARNING - No viable dags retrieved from /opt/airflow/dags/airflow_utils.py
[2026-04-01T19:51:31.452+0000] {processor.py:208} INFO - Processing /opt/airflow/dags/airflow_utils.py took 0.051 seconds
[2026-04-01T19:52:02.382+0000] {processor.py:186} INFO - Started process (PID=53598) to work on /opt/airflow/dags/airflow_utils.py
[2026-04-01T19:52:02.383+0000] {processor.py:914} INFO - Processing file /opt/airflow/dags/airflow_utils.py for tasks to queue
[2026-04-01T19:52:02.386+0000] {logging_mixin.py:190} INFO - [2026-04-01T19:52:02.386+0000] {dagbag.py:588} INFO - Filling up the DagBag from /opt/airflow/dags/airflow_utils.py
[2026-04-01T19:52:02.393+0000] {processor.py:927} WARNING - No viable dags retrieved from /opt/airflow/dags/airflow_utils.py
[2026-04-01T19:52:02.423+0000] {processor.py:208} INFO - Processing /opt/airflow/dags/airflow_utils.py took 0.051 seconds
[2026-04-01T19:52:33.362+0000] {processor.py:186} INFO - Started process (PID=53641) to work on /opt/airflow/dags/airflow_utils.py
[2026-04-01T19:52:33.363+0000] {processor.py:914} INFO - Processing file /opt/airflow/dags/airflow_utils.py for tasks to queue
[2026-04-01T19:52:33.367+0000] {logging_mixin.py:190} INFO - [2026-04-01T19:52:33.366+0000] {dagbag.py:588} INFO - Filling up the DagBag from /opt/airflow/dags/airflow_utils.py
[2026-04-01T19:52:33.373+0000] {processor.py:927} WARNING - No viable dags retrieved from /opt/airflow/dags/airflow_utils.py
[2026-04-01T19:52:33.397+0000] {processor.py:208} INFO - Processing /opt/airflow/dags/airflow_utils.py took 0.047 seconds
[2026-04-01T19:53:04.306+0000] {processor.py:186} INFO - Started process (PID=53680) to work on /opt/airflow/dags/airflow_utils.py
[2026-04-01T19:53:04.307+0000] {processor.py:914} INFO - Processing file /opt/airflow/dags/airflow_utils.py for tasks to queue
[2026-04-01T19:53:04.311+0000] {logging_mixin.py:190} INFO - [2026-04-01T19:53:04.310+0000] {dagbag.py:588} INFO - Filling up the DagBag from /opt/airflow/dags/airflow_utils.py
[2026-04-01T19:53:04.316+0000] {processor.py:927} WARNING - No viable dags retrieved from /opt/airflow/dags/airflow_utils.py
[2026-04-01T19:53:04.340+0000] {processor.py:208} INFO - Processing /opt/airflow/dags/airflow_utils.py took 0.046 seconds
[2026-04-01T19:53:35.248+0000] {processor.py:186} INFO - Started process (PID=53721) to work on /opt/airflow/dags/airflow_utils.py
[2026-04-01T19:53:35.249+0000] {processor.py:914} INFO - Processing file /opt/airflow/dags/airflow_utils.py for tasks to queue
[2026-04-01T19:53:35.252+0000] {logging_mixin.py:190} INFO - [2026-04-01T19:53:35.252+0000] {dagbag.py:588} INFO - Filling up the DagBag from /opt/airflow/dags/airflow_utils.py
[2026-04-01T19:53:35.258+0000] {processor.py:927} WARNING - No viable dags retrieved from /opt/airflow/dags/airflow_utils.py
[2026-04-01T19:53:35.282+0000] {processor.py:208} INFO - Processing /opt/airflow/dags/airflow_utils.py took 0.045 seconds
[2026-04-01T19:54:06.200+0000] {processor.py:186} INFO - Started process (PID=53762) to work on /opt/airflow/dags/airflow_utils.py
[2026-04-01T19:54:06.202+0000] {processor.py:914} INFO - Processing file /opt/airflow/dags/airflow_utils.py for tasks to queue
[2026-04-01T19:54:06.206+0000] {logging_mixin.py:190} INFO - [2026-04-01T19:54:06.205+0000] {dagbag.py:588} INFO - Filling up the DagBag from /opt/airflow/dags/airflow_utils.py
[2026-04-01T19:54:06.211+0000] {processor.py:927} WARNING - No viable dags retrieved from /opt/airflow/dags/airflow_utils.py
[2026-04-01T19:54:06.243+0000] {processor.py:208} INFO - Processing /opt/airflow/dags/airflow_utils.py took 0.055 seconds
[2026-04-01T19:54:37.004+0000] {processor.py:186} INFO - Started process (PID=53803) to work on /opt/airflow/dags/airflow_utils.py
[2026-04-01T19:54:37.005+0000] {processor.py:914} INFO - Processing file /opt/airflow/dags/airflow_utils.py for tasks to queue
[2026-04-01T19:54:37.008+0000] {logging_mixin.py:190} INFO - [2026-04-01T19:54:37.008+0000] {dagbag.py:588} INFO - Filling up the DagBag from /opt/airflow/dags/airflow_utils.py
[2026-04-01T19:54:37.014+0000] {processor.py:927} WARNING - No viable dags retrieved from /opt/airflow/dags/airflow_utils.py
[2026-04-01T19:54:37.042+0000] {processor.py:208} INFO - Processing /opt/airflow/dags/airflow_utils.py took 0.051 seconds
[2026-04-01T19:55:07.968+0000] {processor.py:186} INFO - Started process (PID=53844) to work on /opt/airflow/dags/airflow_utils.py
[2026-04-01T19:55:07.970+0000] {processor.py:914} INFO - Processing file /opt/airflow/dags/airflow_utils.py for tasks to queue
[2026-04-01T19:55:07.974+0000] {logging_mixin.py:190} INFO - [2026-04-01T19:55:07.973+0000] {dagbag.py:588} INFO - Filling up the DagBag from /opt/airflow/dags/airflow_utils.py
[2026-04-01T19:55:07.980+0000] {processor.py:927} WARNING - No viable dags retrieved from /opt/airflow/dags/airflow_utils.py
[2026-04-01T19:55:08.006+0000] {processor.py:208} INFO - Processing /opt/airflow/dags/airflow_utils.py took 0.051 seconds
[2026-04-01T19:55:38.976+0000] {processor.py:186} INFO - Started process (PID=53885) to work on /opt/airflow/dags/airflow_utils.py
[2026-04-01T19:55:38.978+0000] {processor.py:914} INFO - Processing file /opt/airflow/dags/airflow_utils.py for tasks to queue
[2026-04-01T19:55:38.982+0000] {logging_mixin.py:190} INFO - [2026-04-01T19:55:38.981+0000] {dagbag.py:588} INFO - Filling up the DagBag from /opt/airflow/dags/airflow_utils.py
[2026-04-01T19:55:38.989+0000] {processor.py:927} WARNING - No viable dags retrieved from /opt/airflow/dags/airflow_utils.py
[2026-04-01T19:55:39.015+0000] {processor.py:208} INFO - Processing /opt/airflow/dags/airflow_utils.py took 0.051 seconds
[2026-04-01T19:56:09.952+0000] {processor.py:186} INFO - Started process (PID=53926) to work on /opt/airflow/dags/airflow_utils.py
[2026-04-01T19:56:09.953+0000] {processor.py:914} INFO - Processing file /opt/airflow/dags/airflow_utils.py for tasks to queue
[2026-04-01T19:56:09.957+0000] {logging_mixin.py:190} INFO - [2026-04-01T19:56:09.956+0000] {dagbag.py:588} INFO - Filling up the DagBag from /opt/airflow/dags/airflow_utils.py
[2026-04-01T19:56:09.963+0000] {processor.py:927} WARNING - No viable dags retrieved from /opt/airflow/dags/airflow_utils.py
[2026-04-01T19:56:09.991+0000] {processor.py:208} INFO - Processing /opt/airflow/dags/airflow_utils.py took 0.051 seconds
[2026-04-01T19:56:40.911+0000] {processor.py:186} INFO - Started process (PID=53967) to work on /opt/airflow/dags/airflow_utils.py
[2026-04-01T19:56:40.912+0000] {processor.py:914} INFO - Processing file /opt/airflow/dags/airflow_utils.py for tasks to queue
[2026-04-01T19:56:40.916+0000] {logging_mixin.py:190} INFO - [2026-04-01T19:56:40.915+0000] {dagbag.py:588} INFO - Filling up the DagBag from /opt/airflow/dags/airflow_utils.py
[2026-04-01T19:56:40.921+0000] {processor.py:927} WARNING - No viable dags retrieved from /opt/airflow/dags/airflow_utils.py
[2026-04-01T19:56:40.947+0000] {processor.py:208} INFO - Processing /opt/airflow/dags/airflow_utils.py took 0.047 seconds
[2026-04-01T19:57:11.911+0000] {processor.py:186} INFO - Started process (PID=54014) to work on /opt/airflow/dags/airflow_utils.py
[2026-04-01T19:57:11.913+0000] {processor.py:914} INFO - Processing file /opt/airflow/dags/airflow_utils.py for tasks to queue
[2026-04-01T19:57:11.917+0000] {logging_mixin.py:190} INFO - [2026-04-01T19:57:11.916+0000] {dagbag.py:588} INFO - Filling up the DagBag from /opt/airflow/dags/airflow_utils.py
[2026-04-01T19:57:11.924+0000] {processor.py:927} WARNING - No viable dags retrieved from /opt/airflow/dags/airflow_utils.py
[2026-04-01T19:57:11.953+0000] {processor.py:208} INFO - Processing /opt/airflow/dags/airflow_utils.py took 0.051 seconds
[2026-04-01T19:57:42.891+0000] {processor.py:186} INFO - Started process (PID=54055) to work on /opt/airflow/dags/airflow_utils.py
[2026-04-01T19:57:42.892+0000] {processor.py:914} INFO - Processing file /opt/airflow/dags/airflow_utils.py for tasks to queue
[2026-04-01T19:57:42.896+0000] {logging_mixin.py:190} INFO - [2026-04-01T19:57:42.895+0000] {dagbag.py:588} INFO - Filling up the DagBag from /opt/airflow/dags/airflow_utils.py
[2026-04-01T19:57:42.902+0000] {processor.py:927} WARNING - No viable dags retrieved from /opt/airflow/dags/airflow_utils.py
[2026-04-01T19:57:42.930+0000] {processor.py:208} INFO - Processing /opt/airflow/dags/airflow_utils.py took 0.050 seconds
[2026-04-01T19:58:13.925+0000] {processor.py:186} INFO - Started process (PID=54096) to work on /opt/airflow/dags/airflow_utils.py
[2026-04-01T19:58:13.926+0000] {processor.py:914} INFO - Processing file /opt/airflow/dags/airflow_utils.py for tasks to queue
[2026-04-01T19:58:13.930+0000] {logging_mixin.py:190} INFO - [2026-04-01T19:58:13.929+0000] {dagbag.py:588} INFO - Filling up the DagBag from /opt/airflow/dags/airflow_utils.py
[2026-04-01T19:58:13.937+0000] {processor.py:927} WARNING - No viable dags retrieved from /opt/airflow/dags/airflow_utils.py
[2026-04-01T19:58:13.965+0000] {processor.py:208} INFO - Processing /opt/airflow/dags/airflow_utils.py took 0.052 seconds
[2026-04-01T19:58:44.959+0000] {processor.py:186} INFO - Started process (PID=54137) to work on /opt/airflow/dags/airflow_utils.py
[2026-04-01T19:58:44.961+0000] {processor.py:914} INFO - Processing file /opt/airflow/dags/airflow_utils.py for tasks to queue
[2026-04-01T19:58:44.965+0000] {logging_mixin.py:190} INFO - [2026-04-01T19:58:44.964+0000] {dagbag.py:588} INFO - Filling up the DagBag from /opt/airflow/dags/airflow_utils.py
[2026-04-01T19:58:44.971+0000] {processor.py:927} WARNING - No viable dags retrieved from /opt/airflow/dags/airflow_utils.py
[2026-04-01T19:58:45.002+0000] {processor.py:208} INFO - Processing /opt/airflow/dags/airflow_utils.py took 0.054 seconds
[2026-04-01T19:59:15.938+0000] {processor.py:186} INFO - Started process (PID=54178) to work on /opt/airflow/dags/airflow_utils.py
[2026-04-01T19:59:15.939+0000] {processor.py:914} INFO - Processing file /opt/airflow/dags/airflow_utils.py for tasks to queue
[2026-04-01T19:59:15.943+0000] {logging_mixin.py:190} INFO - [2026-04-01T19:59:15.942+0000] {dagbag.py:588} INFO - Filling up the DagBag from /opt/airflow/dags/airflow_utils.py
[2026-04-01T19:59:15.949+0000] {processor.py:927} WARNING - No viable dags retrieved from /opt/airflow/dags/airflow_utils.py
[2026-04-01T19:59:15.975+0000] {processor.py:208} INFO - Processing /opt/airflow/dags/airflow_utils.py took 0.052 seconds
[2026-04-01T19:59:46.920+0000] {processor.py:186} INFO - Started process (PID=54219) to work on /opt/airflow/dags/airflow_utils.py
[2026-04-01T19:59:46.921+0000] {processor.py:914} INFO - Processing file /opt/airflow/dags/airflow_utils.py for tasks to queue
[2026-04-01T19:59:46.924+0000] {logging_mixin.py:190} INFO - [2026-04-01T19:59:46.924+0000] {dagbag.py:588} INFO - Filling up the DagBag from /opt/airflow/dags/airflow_utils.py
[2026-04-01T19:59:46.931+0000] {processor.py:927} WARNING - No viable dags retrieved from /opt/airflow/dags/airflow_utils.py
[2026-04-01T19:59:46.957+0000] {processor.py:208} INFO - Processing /opt/airflow/dags/airflow_utils.py took 0.048 seconds
[2026-04-01T20:00:17.926+0000] {processor.py:186} INFO - Started process (PID=54260) to work on /opt/airflow/dags/airflow_utils.py
[2026-04-01T20:00:17.928+0000] {processor.py:914} INFO - Processing file /opt/airflow/dags/airflow_utils.py for tasks to queue
[2026-04-01T20:00:17.932+0000] {logging_mixin.py:190} INFO - [2026-04-01T20:00:17.931+0000] {dagbag.py:588} INFO - Filling up the DagBag from /opt/airflow/dags/airflow_utils.py
[2026-04-01T20:00:17.938+0000] {processor.py:927} WARNING - No viable dags retrieved from /opt/airflow/dags/airflow_utils.py
[2026-04-01T20:00:17.964+0000] {processor.py:208} INFO - Processing /opt/airflow/dags/airflow_utils.py took 0.048 seconds
[2026-04-01T20:00:48.868+0000] {processor.py:186} INFO - Started process (PID=54301) to work on /opt/airflow/dags/airflow_utils.py
[2026-04-01T20:00:48.869+0000] {processor.py:914} INFO - Processing file /opt/airflow/dags/airflow_utils.py for tasks to queue
[2026-04-01T20:00:48.873+0000] {logging_mixin.py:190} INFO - [2026-04-01T20:00:48.872+0000] {dagbag.py:588} INFO - Filling up the DagBag from /opt/airflow/dags/airflow_utils.py
[2026-04-01T20:00:48.879+0000] {processor.py:927} WARNING - No viable dags retrieved from /opt/airflow/dags/airflow_utils.py
[2026-04-01T20:00:48.904+0000] {processor.py:208} INFO - Processing /opt/airflow/dags/airflow_utils.py took 0.046 seconds
[2026-04-01T20:01:19.825+0000] {processor.py:186} INFO - Started process (PID=54342) to work on /opt/airflow/dags/airflow_utils.py
[2026-04-01T20:01:19.827+0000] {processor.py:914} INFO - Processing file /opt/airflow/dags/airflow_utils.py for tasks to queue
[2026-04-01T20:01:19.831+0000] {logging_mixin.py:190} INFO - [2026-04-01T20:01:19.830+0000] {dagbag.py:588} INFO - Filling up the DagBag from /opt/airflow/dags/airflow_utils.py
[2026-04-01T20:01:19.837+0000] {processor.py:927} WARNING - No viable dags retrieved from /opt/airflow/dags/airflow_utils.py
[2026-04-01T20:01:19.865+0000] {processor.py:208} INFO - Processing /opt/airflow/dags/airflow_utils.py took 0.053 seconds
[2026-04-01T20:01:50.633+0000] {processor.py:186} INFO - Started process (PID=54383) to work on /opt/airflow/dags/airflow_utils.py
[2026-04-01T20:01:50.634+0000] {processor.py:914} INFO - Processing file /opt/airflow/dags/airflow_utils.py for tasks to queue
[2026-04-01T20:01:50.638+0000] {logging_mixin.py:190} INFO - [2026-04-01T20:01:50.637+0000] {dagbag.py:588} INFO - Filling up the DagBag from /opt/airflow/dags/airflow_utils.py
[2026-04-01T20:01:50.644+0000] {processor.py:927} WARNING - No viable dags retrieved from /opt/airflow/dags/airflow_utils.py
[2026-04-01T20:01:50.670+0000] {processor.py:208} INFO - Processing /opt/airflow/dags/airflow_utils.py took 0.048 seconds
[2026-04-01T20:02:21.643+0000] {processor.py:186} INFO - Started process (PID=54424) to work on /opt/airflow/dags/airflow_utils.py
[2026-04-01T20:02:21.645+0000] {processor.py:914} INFO - Processing file /opt/airflow/dags/airflow_utils.py for tasks to queue
[2026-04-01T20:02:21.649+0000] {logging_mixin.py:190} INFO - [2026-04-01T20:02:21.648+0000] {dagbag.py:588} INFO - Filling up the DagBag from /opt/airflow/dags/airflow_utils.py
[2026-04-01T20:02:21.655+0000] {processor.py:927} WARNING - No viable dags retrieved from /opt/airflow/dags/airflow_utils.py
[2026-04-01T20:02:21.683+0000] {processor.py:208} INFO - Processing /opt/airflow/dags/airflow_utils.py took 0.051 seconds
[2026-04-01T20:02:52.619+0000] {processor.py:186} INFO - Started process (PID=54465) to work on /opt/airflow/dags/airflow_utils.py
[2026-04-01T20:02:52.620+0000] {processor.py:914} INFO - Processing file /opt/airflow/dags/airflow_utils.py for tasks to queue
[2026-04-01T20:02:52.624+0000] {logging_mixin.py:190} INFO - [2026-04-01T20:02:52.624+0000] {dagbag.py:588} INFO - Filling up the DagBag from /opt/airflow/dags/airflow_utils.py
[2026-04-01T20:02:52.631+0000] {processor.py:927} WARNING - No viable dags retrieved from /opt/airflow/dags/airflow_utils.py
[2026-04-01T20:02:52.660+0000] {processor.py:208} INFO - Processing /opt/airflow/dags/airflow_utils.py took 0.053 seconds
[2026-04-01T20:03:23.622+0000] {processor.py:186} INFO - Started process (PID=54506) to work on /opt/airflow/dags/airflow_utils.py
[2026-04-01T20:03:23.623+0000] {processor.py:914} INFO - Processing file /opt/airflow/dags/airflow_utils.py for tasks to queue
[2026-04-01T20:03:23.627+0000] {logging_mixin.py:190} INFO - [2026-04-01T20:03:23.626+0000] {dagbag.py:588} INFO - Filling up the DagBag from /opt/airflow/dags/airflow_utils.py
[2026-04-01T20:03:23.634+0000] {processor.py:927} WARNING - No viable dags retrieved from /opt/airflow/dags/airflow_utils.py
[2026-04-01T20:03:23.658+0000] {processor.py:208} INFO - Processing /opt/airflow/dags/airflow_utils.py took 0.049 seconds
[2026-04-01T20:03:54.574+0000] {processor.py:186} INFO - Started process (PID=54547) to work on /opt/airflow/dags/airflow_utils.py
[2026-04-01T20:03:54.576+0000] {processor.py:914} INFO - Processing file /opt/airflow/dags/airflow_utils.py for tasks to queue
[2026-04-01T20:03:54.580+0000] {logging_mixin.py:190} INFO - [2026-04-01T20:03:54.579+0000] {dagbag.py:588} INFO - Filling up the DagBag from /opt/airflow/dags/airflow_utils.py
[2026-04-01T20:03:54.588+0000] {processor.py:927} WARNING - No viable dags retrieved from /opt/airflow/dags/airflow_utils.py
[2026-04-01T20:03:54.612+0000] {processor.py:208} INFO - Processing /opt/airflow/dags/airflow_utils.py took 0.049 seconds
[2026-04-01T20:04:25.526+0000] {processor.py:186} INFO - Started process (PID=54588) to work on /opt/airflow/dags/airflow_utils.py
[2026-04-01T20:04:25.527+0000] {processor.py:914} INFO - Processing file /opt/airflow/dags/airflow_utils.py for tasks to queue
[2026-04-01T20:04:25.532+0000] {logging_mixin.py:190} INFO - [2026-04-01T20:04:25.531+0000] {dagbag.py:588} INFO - Filling up the DagBag from /opt/airflow/dags/airflow_utils.py
[2026-04-01T20:04:25.539+0000] {processor.py:927} WARNING - No viable dags retrieved from /opt/airflow/dags/airflow_utils.py
[2026-04-01T20:04:25.566+0000] {processor.py:208} INFO - Processing /opt/airflow/dags/airflow_utils.py took 0.054 seconds
[2026-04-01T20:04:56.516+0000] {processor.py:186} INFO - Started process (PID=54629) to work on /opt/airflow/dags/airflow_utils.py
[2026-04-01T20:04:56.518+0000] {processor.py:914} INFO - Processing file /opt/airflow/dags/airflow_utils.py for tasks to queue
[2026-04-01T20:04:56.522+0000] {logging_mixin.py:190} INFO - [2026-04-01T20:04:56.521+0000] {dagbag.py:588} INFO - Filling up the DagBag from /opt/airflow/dags/airflow_utils.py
[2026-04-01T20:04:56.528+0000] {processor.py:927} WARNING - No viable dags retrieved from /opt/airflow/dags/airflow_utils.py
[2026-04-01T20:04:56.555+0000] {processor.py:208} INFO - Processing /opt/airflow/dags/airflow_utils.py took 0.052 seconds
