[2026-03-20T17:23:17.830+0000] {processor.py:186} INFO - Started process (PID=16675) to work on /opt/airflow/dags/connect_to_minio.py
[2026-03-20T17:23:17.832+0000] {processor.py:914} INFO - Processing file /opt/airflow/dags/connect_to_minio.py for tasks to queue
[2026-03-20T17:23:17.838+0000] {logging_mixin.py:190} INFO - [2026-03-20T17:23:17.837+0000] {dagbag.py:588} INFO - Filling up the DagBag from /opt/airflow/dags/connect_to_minio.py
[2026-03-20T17:23:17.894+0000] {logging_mixin.py:190} INFO - [2026-03-20T17:23:17.890+0000] {dagbag.py:387} ERROR - Failed to import: /opt/airflow/dags/connect_to_minio.py
Traceback (most recent call last):
  File "/home/airflow/.local/lib/python3.12/site-packages/airflow/models/dagbag.py", line 383, in parse
    loader.exec_module(new_module)
  File "<frozen importlib._bootstrap_external>", line 999, in exec_module
  File "<frozen importlib._bootstrap>", line 488, in _call_with_frames_removed
  File "/opt/airflow/dags/connect_to_minio.py", line 42, in <module>
    repo_links=get_link();
               ^^^^^^^^^^
  File "/opt/airflow/dags/connect_to_minio.py", line 4, in get_link
    repo_links=Variable.get("LINKS",deserialize_json=True)
               ^^^^^^^^^^^^^^^^^^^^^^^^^^^^^^^^^^^^^^^^^^^
  File "/home/airflow/.local/lib/python3.12/site-packages/airflow/models/variable.py", line 145, in get
    raise KeyError(f"Variable {key} does not exist")
KeyError: 'Variable LINKS does not exist'
[2026-03-20T17:23:17.895+0000] {processor.py:927} WARNING - No viable dags retrieved from /opt/airflow/dags/connect_to_minio.py
[2026-03-20T17:23:17.915+0000] {processor.py:208} INFO - Processing /opt/airflow/dags/connect_to_minio.py took 0.100 seconds
