[2026-04-04T13:26:48.533+0000] {local_task_job_runner.py:123} INFO - ::group::Pre task execution logs
[2026-04-04T13:26:48.568+0000] {taskinstance.py:2614} INFO - Dependencies all met for dep_context=non-requeueable deps ti=<TaskInstance: working_operators_example.branch_by_row_count manual__2026-04-04T13:26:42.232563+00:00 [queued]>
[2026-04-04T13:26:48.585+0000] {taskinstance.py:2614} INFO - Dependencies all met for dep_context=requeueable deps ti=<TaskInstance: working_operators_example.branch_by_row_count manual__2026-04-04T13:26:42.232563+00:00 [queued]>
[2026-04-04T13:26:48.585+0000] {taskinstance.py:2867} INFO - Starting attempt 1 of 2
[2026-04-04T13:26:48.606+0000] {taskinstance.py:2890} INFO - Executing <Task(BranchPythonOperator): branch_by_row_count> on 2026-04-04 13:26:42.232563+00:00
[2026-04-04T13:26:48.627+0000] {logging_mixin.py:190} WARNING - /home/***/.local/lib/python3.12/site-packages/***/task/task_runner/standard_task_runner.py:70 DeprecationWarning: This process (pid=1436) is multi-threaded, use of fork() may lead to deadlocks in the child.
[2026-04-04T13:26:48.625+0000] {standard_task_runner.py:104} INFO - Running: ['***', 'tasks', 'run', 'working_operators_example', 'branch_by_row_count', 'manual__2026-04-04T13:26:42.232563+00:00', '--job-id', '25', '--raw', '--subdir', 'DAGS_FOLDER/operators_example.py', '--cfg-path', '/tmp/tmp3joob_vi']
[2026-04-04T13:26:48.629+0000] {standard_task_runner.py:72} INFO - Started process 1437 to run task
[2026-04-04T13:26:48.629+0000] {standard_task_runner.py:105} INFO - Job 25: Subtask branch_by_row_count
[2026-04-04T13:26:48.696+0000] {task_command.py:467} INFO - Running <TaskInstance: working_operators_example.branch_by_row_count manual__2026-04-04T13:26:42.232563+00:00 [running]> on host da731042e3a5
[2026-04-04T13:26:48.802+0000] {taskinstance.py:3134} INFO - Exporting env vars: AIRFLOW_CTX_DAG_OWNER='nurgun' AIRFLOW_CTX_DAG_ID='working_operators_example' AIRFLOW_CTX_TASK_ID='branch_by_row_count' AIRFLOW_CTX_EXECUTION_DATE='2026-04-04T13:26:42.232563+00:00' AIRFLOW_CTX_TRY_NUMBER='1' AIRFLOW_CTX_DAG_RUN_ID='manual__2026-04-04T13:26:42.232563+00:00'
[2026-04-04T13:26:48.803+0000] {taskinstance.py:732} INFO - ::endgroup::
[2026-04-04T13:26:48.819+0000] {baseoperator.py:423} WARNING - BranchPythonOperator.execute cannot be called outside TaskInstance!
[2026-04-04T13:26:48.839+0000] {logging_mixin.py:190} INFO - Branch qərarı üçün sətir sayı: 10
[2026-04-04T13:26:48.840+0000] {python.py:240} INFO - Done. Returned value was: run_spark_etl
[2026-04-04T13:26:48.840+0000] {branch.py:38} INFO - Branch into run_spark_etl
[2026-04-04T13:26:48.841+0000] {skipmixin.py:233} INFO - Following branch ('run_spark_etl',)
[2026-04-04T13:26:48.866+0000] {skipmixin.py:281} INFO - Skipping tasks [('fail_low_data', -1)]
[2026-04-04T13:26:48.915+0000] {taskinstance.py:341} INFO - ::group::Post task execution logs
[2026-04-04T13:26:48.915+0000] {taskinstance.py:353} INFO - Marking task as SUCCESS. dag_id=working_operators_example, task_id=branch_by_row_count, run_id=manual__2026-04-04T13:26:42.232563+00:00, execution_date=20260404T132642, start_date=20260404T132648, end_date=20260404T132648
[2026-04-04T13:26:49.004+0000] {local_task_job_runner.py:266} INFO - Task exited with return code 0
[2026-04-04T13:26:49.052+0000] {taskinstance.py:3901} INFO - 1 downstream tasks scheduled from follow-on schedule check
[2026-04-04T13:26:49.054+0000] {local_task_job_runner.py:245} INFO - ::endgroup::
