[2026-04-04T15:52:44.309+0000] {local_task_job_runner.py:123} INFO - ::group::Pre task execution logs
[2026-04-04T15:52:44.343+0000] {taskinstance.py:2614} INFO - Dependencies all met for dep_context=non-requeueable deps ti=<TaskInstance: credit_applications_pipeline.check_yesterday_data manual__2026-04-04T15:52:42.102541+00:00 [queued]>
[2026-04-04T15:52:44.357+0000] {taskinstance.py:2614} INFO - Dependencies all met for dep_context=requeueable deps ti=<TaskInstance: credit_applications_pipeline.check_yesterday_data manual__2026-04-04T15:52:42.102541+00:00 [queued]>
[2026-04-04T15:52:44.358+0000] {taskinstance.py:2867} INFO - Starting attempt 1 of 2
[2026-04-04T15:52:44.378+0000] {taskinstance.py:2890} INFO - Executing <Task(SqlSensor): check_yesterday_data> on 2026-04-04 15:52:42.102541+00:00
[2026-04-04T15:52:44.395+0000] {standard_task_runner.py:104} INFO - Running: ['***', 'tasks', 'run', 'credit_applications_pipeline', 'check_yesterday_data', 'manual__2026-04-04T15:52:42.102541+00:00', '--job-id', '29', '--raw', '--subdir', 'DAGS_FOLDER/final_***.py', '--cfg-path', '/tmp/tmpi4aajvoo']
[2026-04-04T15:52:44.399+0000] {standard_task_runner.py:105} INFO - Job 29: Subtask check_yesterday_data
[2026-04-04T15:52:44.401+0000] {logging_mixin.py:190} WARNING - /home/***/.local/lib/python3.12/site-packages/***/task/task_runner/standard_task_runner.py:70 DeprecationWarning: This process (pid=15339) is multi-threaded, use of fork() may lead to deadlocks in the child.
[2026-04-04T15:52:44.402+0000] {standard_task_runner.py:72} INFO - Started process 15341 to run task
[2026-04-04T15:52:44.480+0000] {task_command.py:467} INFO - Running <TaskInstance: credit_applications_pipeline.check_yesterday_data manual__2026-04-04T15:52:42.102541+00:00 [running]> on host da731042e3a5
[2026-04-04T15:52:44.609+0000] {taskinstance.py:3134} INFO - Exporting env vars: AIRFLOW_CTX_DAG_OWNER='***' AIRFLOW_CTX_DAG_ID='credit_applications_pipeline' AIRFLOW_CTX_TASK_ID='check_yesterday_data' AIRFLOW_CTX_EXECUTION_DATE='2026-04-04T15:52:42.102541+00:00' AIRFLOW_CTX_TRY_NUMBER='1' AIRFLOW_CTX_DAG_RUN_ID='manual__2026-04-04T15:52:42.102541+00:00'
[2026-04-04T15:52:44.610+0000] {taskinstance.py:732} INFO - ::endgroup::
[2026-04-04T15:52:44.650+0000] {base.py:84} INFO - Retrieving connection 'pg_baza'
[2026-04-04T15:52:44.653+0000] {sql.py:102} INFO - Poking: 
            SELECT COUNT(*)
            FROM credit_applications
            WHERE application_date = '2026-04-04'
         (with parameters None)
[2026-04-04T15:52:44.666+0000] {base.py:84} INFO - Retrieving connection 'pg_baza'
[2026-04-04T15:52:44.676+0000] {sql.py:511} INFO - Running statement: 
            SELECT COUNT(*)
            FROM credit_applications
            WHERE application_date = '2026-04-04'
        , parameters: None
[2026-04-04T15:52:44.680+0000] {sql.py:520} INFO - Rows affected: 1
[2026-04-04T15:52:44.688+0000] {logging_mixin.py:190} WARNING - /home/***/.local/lib/python3.12/site-packages/***/providers/common/sql/hooks/sql.py:470 DeprecationWarning: Import of fetch_all_handler from the '***.providers.common.sql.hooks' module is deprecated and will
be removed in the future. Please import it from '***.providers.common.sql.hooks.handlers'.
[2026-04-04T15:52:44.691+0000] {logging_mixin.py:190} WARNING - /home/***/.local/lib/python3.12/site-packages/***/providers/common/sql/hooks/sql.py:471 DeprecationWarning: Import of return_single_query_results from the '***.providers.common.sql.hooks' module is deprecated and will
be removed in the future. Please import it from '***.providers.common.sql.hooks.handlers'.
[2026-04-04T15:52:44.693+0000] {logging_mixin.py:190} WARNING - /home/***/.local/lib/python3.12/site-packages/***/providers/common/sql/hooks/sql.py:486 DeprecationWarning: Import of return_single_query_results from the '***.providers.common.sql.hooks' module is deprecated and will
be removed in the future. Please import it from '***.providers.common.sql.hooks.handlers'.
[2026-04-04T15:53:14.712+0000] {base.py:84} INFO - Retrieving connection 'pg_baza'
[2026-04-04T15:53:14.713+0000] {sql.py:102} INFO - Poking: 
            SELECT COUNT(*)
            FROM credit_applications
            WHERE application_date = '2026-04-04'
         (with parameters None)
[2026-04-04T15:53:14.731+0000] {base.py:84} INFO - Retrieving connection 'pg_baza'
[2026-04-04T15:53:14.741+0000] {sql.py:511} INFO - Running statement: 
            SELECT COUNT(*)
            FROM credit_applications
            WHERE application_date = '2026-04-04'
        , parameters: None
[2026-04-04T15:53:14.743+0000] {sql.py:520} INFO - Rows affected: 1
[2026-04-04T15:53:44.761+0000] {base.py:84} INFO - Retrieving connection 'pg_baza'
[2026-04-04T15:53:44.761+0000] {sql.py:102} INFO - Poking: 
            SELECT COUNT(*)
            FROM credit_applications
            WHERE application_date = '2026-04-04'
         (with parameters None)
[2026-04-04T15:53:44.773+0000] {base.py:84} INFO - Retrieving connection 'pg_baza'
[2026-04-04T15:53:44.806+0000] {sql.py:511} INFO - Running statement: 
            SELECT COUNT(*)
            FROM credit_applications
            WHERE application_date = '2026-04-04'
        , parameters: None
[2026-04-04T15:53:44.810+0000] {sql.py:520} INFO - Rows affected: 1
[2026-04-04T15:54:14.822+0000] {base.py:84} INFO - Retrieving connection 'pg_baza'
[2026-04-04T15:54:14.822+0000] {sql.py:102} INFO - Poking: 
            SELECT COUNT(*)
            FROM credit_applications
            WHERE application_date = '2026-04-04'
         (with parameters None)
[2026-04-04T15:54:14.834+0000] {base.py:84} INFO - Retrieving connection 'pg_baza'
[2026-04-04T15:54:14.844+0000] {sql.py:511} INFO - Running statement: 
            SELECT COUNT(*)
            FROM credit_applications
            WHERE application_date = '2026-04-04'
        , parameters: None
[2026-04-04T15:54:14.845+0000] {sql.py:520} INFO - Rows affected: 1
[2026-04-04T15:54:44.858+0000] {base.py:84} INFO - Retrieving connection 'pg_baza'
[2026-04-04T15:54:44.859+0000] {sql.py:102} INFO - Poking: 
            SELECT COUNT(*)
            FROM credit_applications
            WHERE application_date = '2026-04-04'
         (with parameters None)
[2026-04-04T15:54:44.872+0000] {base.py:84} INFO - Retrieving connection 'pg_baza'
[2026-04-04T15:54:44.884+0000] {sql.py:511} INFO - Running statement: 
            SELECT COUNT(*)
            FROM credit_applications
            WHERE application_date = '2026-04-04'
        , parameters: None
[2026-04-04T15:54:44.886+0000] {sql.py:520} INFO - Rows affected: 1
[2026-04-04T15:55:14.903+0000] {base.py:84} INFO - Retrieving connection 'pg_baza'
[2026-04-04T15:55:14.904+0000] {sql.py:102} INFO - Poking: 
            SELECT COUNT(*)
            FROM credit_applications
            WHERE application_date = '2026-04-04'
         (with parameters None)
[2026-04-04T15:55:14.920+0000] {base.py:84} INFO - Retrieving connection 'pg_baza'
[2026-04-04T15:55:14.932+0000] {sql.py:511} INFO - Running statement: 
            SELECT COUNT(*)
            FROM credit_applications
            WHERE application_date = '2026-04-04'
        , parameters: None
[2026-04-04T15:55:14.934+0000] {sql.py:520} INFO - Rows affected: 1
[2026-04-04T15:55:44.950+0000] {base.py:84} INFO - Retrieving connection 'pg_baza'
[2026-04-04T15:55:44.950+0000] {sql.py:102} INFO - Poking: 
            SELECT COUNT(*)
            FROM credit_applications
            WHERE application_date = '2026-04-04'
         (with parameters None)
[2026-04-04T15:55:44.962+0000] {base.py:84} INFO - Retrieving connection 'pg_baza'
[2026-04-04T15:55:44.974+0000] {sql.py:511} INFO - Running statement: 
            SELECT COUNT(*)
            FROM credit_applications
            WHERE application_date = '2026-04-04'
        , parameters: None
[2026-04-04T15:55:44.977+0000] {sql.py:520} INFO - Rows affected: 1
[2026-04-04T15:56:14.989+0000] {base.py:84} INFO - Retrieving connection 'pg_baza'
[2026-04-04T15:56:14.989+0000] {sql.py:102} INFO - Poking: 
            SELECT COUNT(*)
            FROM credit_applications
            WHERE application_date = '2026-04-04'
         (with parameters None)
[2026-04-04T15:56:14.998+0000] {base.py:84} INFO - Retrieving connection 'pg_baza'
[2026-04-04T15:56:15.011+0000] {sql.py:511} INFO - Running statement: 
            SELECT COUNT(*)
            FROM credit_applications
            WHERE application_date = '2026-04-04'
        , parameters: None
[2026-04-04T15:56:15.014+0000] {sql.py:520} INFO - Rows affected: 1
[2026-04-04T15:56:45.026+0000] {base.py:84} INFO - Retrieving connection 'pg_baza'
[2026-04-04T15:56:45.027+0000] {sql.py:102} INFO - Poking: 
            SELECT COUNT(*)
            FROM credit_applications
            WHERE application_date = '2026-04-04'
         (with parameters None)
[2026-04-04T15:56:45.041+0000] {base.py:84} INFO - Retrieving connection 'pg_baza'
[2026-04-04T15:56:45.053+0000] {sql.py:511} INFO - Running statement: 
            SELECT COUNT(*)
            FROM credit_applications
            WHERE application_date = '2026-04-04'
        , parameters: None
[2026-04-04T15:56:45.055+0000] {sql.py:520} INFO - Rows affected: 1
[2026-04-04T15:57:15.071+0000] {base.py:84} INFO - Retrieving connection 'pg_baza'
[2026-04-04T15:57:15.072+0000] {sql.py:102} INFO - Poking: 
            SELECT COUNT(*)
            FROM credit_applications
            WHERE application_date = '2026-04-04'
         (with parameters None)
[2026-04-04T15:57:15.087+0000] {base.py:84} INFO - Retrieving connection 'pg_baza'
[2026-04-04T15:57:15.098+0000] {sql.py:511} INFO - Running statement: 
            SELECT COUNT(*)
            FROM credit_applications
            WHERE application_date = '2026-04-04'
        , parameters: None
[2026-04-04T15:57:15.101+0000] {sql.py:520} INFO - Rows affected: 1
[2026-04-04T15:57:45.116+0000] {base.py:84} INFO - Retrieving connection 'pg_baza'
[2026-04-04T15:57:45.117+0000] {sql.py:102} INFO - Poking: 
            SELECT COUNT(*)
            FROM credit_applications
            WHERE application_date = '2026-04-04'
         (with parameters None)
[2026-04-04T15:57:45.129+0000] {base.py:84} INFO - Retrieving connection 'pg_baza'
[2026-04-04T15:57:45.140+0000] {sql.py:511} INFO - Running statement: 
            SELECT COUNT(*)
            FROM credit_applications
            WHERE application_date = '2026-04-04'
        , parameters: None
[2026-04-04T15:57:45.141+0000] {sql.py:520} INFO - Rows affected: 1
[2026-04-04T15:57:45.142+0000] {taskinstance.py:3313} ERROR - Task failed with exception
Traceback (most recent call last):
  File "/home/airflow/.local/lib/python3.12/site-packages/airflow/models/taskinstance.py", line 768, in _execute_task
    result = _execute_callable(context=context, **execute_callable_kwargs)
             ^^^^^^^^^^^^^^^^^^^^^^^^^^^^^^^^^^^^^^^^^^^^^^^^^^^^^^^^^^^^^
  File "/home/airflow/.local/lib/python3.12/site-packages/airflow/models/taskinstance.py", line 734, in _execute_callable
    return ExecutionCallableRunner(
           ^^^^^^^^^^^^^^^^^^^^^^^^
  File "/home/airflow/.local/lib/python3.12/site-packages/airflow/utils/operator_helpers.py", line 252, in run
    return self.func(*args, **kwargs)
           ^^^^^^^^^^^^^^^^^^^^^^^^^^
  File "/home/airflow/.local/lib/python3.12/site-packages/airflow/models/baseoperator.py", line 424, in wrapper
    return func(self, *args, **kwargs)
           ^^^^^^^^^^^^^^^^^^^^^^^^^^^
  File "/home/airflow/.local/lib/python3.12/site-packages/airflow/sensors/base.py", line 326, in execute
    raise AirflowSensorTimeout(message)
airflow.exceptions.AirflowSensorTimeout: Sensor has timed out; run duration of 300.5113244739987 seconds exceeds the specified timeout of 300.0.
[2026-04-04T15:57:45.167+0000] {taskinstance.py:1226} INFO - Immediate failure requested. Marking task as FAILED. dag_id=credit_applications_pipeline, task_id=check_yesterday_data, run_id=manual__2026-04-04T15:52:42.102541+00:00, execution_date=20260404T155242, start_date=20260404T155244, end_date=20260404T155745
[2026-04-04T15:57:45.230+0000] {taskinstance.py:341} INFO - ::group::Post task execution logs
[2026-04-04T15:57:45.231+0000] {standard_task_runner.py:124} ERROR - Failed to execute job 29 for task check_yesterday_data (Sensor has timed out; run duration of 300.5113244739987 seconds exceeds the specified timeout of 300.0.; 15341)
Traceback (most recent call last):
  File "/home/airflow/.local/lib/python3.12/site-packages/airflow/task/task_runner/standard_task_runner.py", line 117, in _start_by_fork
    ret = args.func(args, dag=self.dag)
          ^^^^^^^^^^^^^^^^^^^^^^^^^^^^^
  File "/home/airflow/.local/lib/python3.12/site-packages/airflow/cli/cli_config.py", line 49, in command
    return func(*args, **kwargs)
           ^^^^^^^^^^^^^^^^^^^^^
  File "/home/airflow/.local/lib/python3.12/site-packages/airflow/utils/cli.py", line 116, in wrapper
    return f(*args, **kwargs)
           ^^^^^^^^^^^^^^^^^^
  File "/home/airflow/.local/lib/python3.12/site-packages/airflow/cli/commands/task_command.py", line 483, in task_run
    task_return_code = _run_task_by_selected_method(args, _dag, ti)
                       ^^^^^^^^^^^^^^^^^^^^^^^^^^^^^^^^^^^^^^^^^^^^
  File "/home/airflow/.local/lib/python3.12/site-packages/airflow/cli/commands/task_command.py", line 256, in _run_task_by_selected_method
    return _run_raw_task(args, ti)
           ^^^^^^^^^^^^^^^^^^^^^^^
  File "/home/airflow/.local/lib/python3.12/site-packages/airflow/cli/commands/task_command.py", line 341, in _run_raw_task
    return ti._run_raw_task(
           ^^^^^^^^^^^^^^^^^
  File "/home/airflow/.local/lib/python3.12/site-packages/airflow/utils/session.py", line 97, in wrapper
    return func(*args, session=session, **kwargs)
           ^^^^^^^^^^^^^^^^^^^^^^^^^^^^^^^^^^^^^^
  File "/home/airflow/.local/lib/python3.12/site-packages/airflow/models/taskinstance.py", line 3006, in _run_raw_task
    return _run_raw_task(
           ^^^^^^^^^^^^^^
  File "/home/airflow/.local/lib/python3.12/site-packages/airflow/models/taskinstance.py", line 274, in _run_raw_task
    TaskInstance._execute_task_with_callbacks(
  File "/home/airflow/.local/lib/python3.12/site-packages/airflow/models/taskinstance.py", line 3161, in _execute_task_with_callbacks
    result = self._execute_task(context, task_orig)
             ^^^^^^^^^^^^^^^^^^^^^^^^^^^^^^^^^^^^^^
  File "/home/airflow/.local/lib/python3.12/site-packages/airflow/models/taskinstance.py", line 3185, in _execute_task
    return _execute_task(self, context, task_orig)
           ^^^^^^^^^^^^^^^^^^^^^^^^^^^^^^^^^^^^^^^
  File "/home/airflow/.local/lib/python3.12/site-packages/airflow/models/taskinstance.py", line 768, in _execute_task
    result = _execute_callable(context=context, **execute_callable_kwargs)
             ^^^^^^^^^^^^^^^^^^^^^^^^^^^^^^^^^^^^^^^^^^^^^^^^^^^^^^^^^^^^^
  File "/home/airflow/.local/lib/python3.12/site-packages/airflow/models/taskinstance.py", line 734, in _execute_callable
    return ExecutionCallableRunner(
           ^^^^^^^^^^^^^^^^^^^^^^^^
  File "/home/airflow/.local/lib/python3.12/site-packages/airflow/utils/operator_helpers.py", line 252, in run
    return self.func(*args, **kwargs)
           ^^^^^^^^^^^^^^^^^^^^^^^^^^
  File "/home/airflow/.local/lib/python3.12/site-packages/airflow/models/baseoperator.py", line 424, in wrapper
    return func(self, *args, **kwargs)
           ^^^^^^^^^^^^^^^^^^^^^^^^^^^
  File "/home/airflow/.local/lib/python3.12/site-packages/airflow/sensors/base.py", line 326, in execute
    raise AirflowSensorTimeout(message)
airflow.exceptions.AirflowSensorTimeout: Sensor has timed out; run duration of 300.5113244739987 seconds exceeds the specified timeout of 300.0.
[2026-04-04T15:57:45.264+0000] {local_task_job_runner.py:266} INFO - Task exited with return code 1
[2026-04-04T15:57:45.290+0000] {dagrun.py:977} ERROR - Failed to get task for ti <TaskInstance: credit_applications_pipeline.check_file_exists manual__2026-04-04T15:52:42.102541+00:00 [up_for_retry]>. Marking it as removed.
[2026-04-04T15:57:45.295+0000] {dagrun.py:977} ERROR - Failed to get task for ti <TaskInstance: credit_applications_pipeline.check_blacklist_file manual__2026-04-04T15:52:42.102541+00:00 [up_for_retry]>. Marking it as removed.
[2026-04-04T15:57:45.307+0000] {taskinstance.py:3901} INFO - 0 downstream tasks scheduled from follow-on schedule check
[2026-04-04T15:57:45.315+0000] {local_task_job_runner.py:245} INFO - ::endgroup::
