[2026-03-15T10:13:53.015+0000] {local_task_job_runner.py:123} INFO - ::group::Pre task execution logs
[2026-03-15T10:13:53.051+0000] {taskinstance.py:2614} INFO - Dependencies all met for dep_context=non-requeueable deps ti=<TaskInstance: send_to_minio.upload_to_minio manual__2026-03-15T10:13:49.768501+00:00 [queued]>
[2026-03-15T10:13:53.067+0000] {taskinstance.py:2614} INFO - Dependencies all met for dep_context=requeueable deps ti=<TaskInstance: send_to_minio.upload_to_minio manual__2026-03-15T10:13:49.768501+00:00 [queued]>
[2026-03-15T10:13:53.068+0000] {taskinstance.py:2867} INFO - Starting attempt 1 of 1
[2026-03-15T10:13:53.087+0000] {taskinstance.py:2890} INFO - Executing <Task(BashOperator): upload_to_minio> on 2026-03-15 10:13:49.768501+00:00
[2026-03-15T10:13:53.100+0000] {standard_task_runner.py:104} INFO - Running: ['***', 'tasks', 'run', 'send_to_minio', 'upload_to_minio', 'manual__2026-03-15T10:13:49.768501+00:00', '--job-id', '37', '--raw', '--subdir', 'DAGS_FOLDER/send_to_minio.py', '--cfg-path', '/tmp/tmpyt5ona_v']
[2026-03-15T10:13:53.103+0000] {standard_task_runner.py:105} INFO - Job 37: Subtask upload_to_minio
[2026-03-15T10:13:53.107+0000] {logging_mixin.py:190} WARNING - /home/***/.local/lib/python3.12/site-packages/***/task/task_runner/standard_task_runner.py:70 DeprecationWarning: This process (pid=7680) is multi-threaded, use of fork() may lead to deadlocks in the child.
[2026-03-15T10:13:53.107+0000] {standard_task_runner.py:72} INFO - Started process 7681 to run task
[2026-03-15T10:13:53.172+0000] {task_command.py:467} INFO - Running <TaskInstance: send_to_minio.upload_to_minio manual__2026-03-15T10:13:49.768501+00:00 [running]> on host e073b635a9aa
[2026-03-15T10:13:53.302+0000] {taskinstance.py:3134} INFO - Exporting env vars: AIRFLOW_CTX_DAG_OWNER='nurgun' AIRFLOW_CTX_DAG_ID='send_to_minio' AIRFLOW_CTX_TASK_ID='upload_to_minio' AIRFLOW_CTX_EXECUTION_DATE='2026-03-15T10:13:49.768501+00:00' AIRFLOW_CTX_TRY_NUMBER='1' AIRFLOW_CTX_DAG_RUN_ID='manual__2026-03-15T10:13:49.768501+00:00'
[2026-03-15T10:13:53.303+0000] {taskinstance.py:732} INFO - ::endgroup::
[2026-03-15T10:13:53.318+0000] {subprocess.py:78} INFO - Tmp dir root location: /tmp
[2026-03-15T10:13:53.319+0000] {subprocess.py:88} INFO - Running command: ['/usr/bin/bash', '-c', 'mc mb -p myminio/git-clone-result || true && mc mirror /opt/***/files/repos myminio/git-clone-result']
[2026-03-15T10:13:53.339+0000] {subprocess.py:99} INFO - Output:
[2026-03-15T10:13:53.386+0000] {subprocess.py:106} INFO - Bucket created successfully `myminio/git-clone-result`.
[2026-03-15T10:13:53.434+0000] {subprocess.py:106} INFO - `/opt/***/files/repos/HR-Dashboard/.git/config` -> `myminio/git-clone-result/HR-Dashboard/.git/config`
[2026-03-15T10:13:53.435+0000] {subprocess.py:106} INFO - `/opt/***/files/repos/HR-Dashboard/.git/HEAD` -> `myminio/git-clone-result/HR-Dashboard/.git/HEAD`
[2026-03-15T10:13:53.435+0000] {subprocess.py:106} INFO - `/opt/***/files/repos/HR-Dashboard/.git/description` -> `myminio/git-clone-result/HR-Dashboard/.git/description`
[2026-03-15T10:13:53.435+0000] {subprocess.py:106} INFO - `/opt/***/files/repos/HR-Dashboard/.git/hooks/applypatch-msg.sample` -> `myminio/git-clone-result/HR-Dashboard/.git/hooks/applypatch-msg.sample`
[2026-03-15T10:13:53.436+0000] {subprocess.py:106} INFO - `/opt/***/files/repos/HR-Dashboard/.git/hooks/commit-msg.sample` -> `myminio/git-clone-result/HR-Dashboard/.git/hooks/commit-msg.sample`
[2026-03-15T10:13:53.436+0000] {subprocess.py:106} INFO - `/opt/***/files/repos/HR-Dashboard/.git/hooks/fsmonitor-watchman.sample` -> `myminio/git-clone-result/HR-Dashboard/.git/hooks/fsmonitor-watchman.sample`
[2026-03-15T10:13:53.437+0000] {subprocess.py:106} INFO - `/opt/***/files/repos/HR-Dashboard/.git/hooks/post-update.sample` -> `myminio/git-clone-result/HR-Dashboard/.git/hooks/post-update.sample`
[2026-03-15T10:13:53.438+0000] {subprocess.py:106} INFO - `/opt/***/files/repos/HR-Dashboard/.git/hooks/pre-applypatch.sample` -> `myminio/git-clone-result/HR-Dashboard/.git/hooks/pre-applypatch.sample`
[2026-03-15T10:13:53.441+0000] {subprocess.py:106} INFO - `/opt/***/files/repos/HR-Dashboard/.git/hooks/pre-commit.sample` -> `myminio/git-clone-result/HR-Dashboard/.git/hooks/pre-commit.sample`
[2026-03-15T10:13:53.443+0000] {subprocess.py:106} INFO - `/opt/***/files/repos/HR-Dashboard/.git/hooks/pre-merge-commit.sample` -> `myminio/git-clone-result/HR-Dashboard/.git/hooks/pre-merge-commit.sample`
[2026-03-15T10:13:53.445+0000] {subprocess.py:106} INFO - `/opt/***/files/repos/HR-Dashboard/.git/hooks/pre-push.sample` -> `myminio/git-clone-result/HR-Dashboard/.git/hooks/pre-push.sample`
[2026-03-15T10:13:53.447+0000] {subprocess.py:106} INFO - `/opt/***/files/repos/HR-Dashboard/.git/hooks/pre-rebase.sample` -> `myminio/git-clone-result/HR-Dashboard/.git/hooks/pre-rebase.sample`
[2026-03-15T10:13:53.450+0000] {subprocess.py:106} INFO - `/opt/***/files/repos/HR-Dashboard/.git/hooks/pre-receive.sample` -> `myminio/git-clone-result/HR-Dashboard/.git/hooks/pre-receive.sample`
[2026-03-15T10:13:53.452+0000] {subprocess.py:106} INFO - `/opt/***/files/repos/HR-Dashboard/.git/hooks/prepare-commit-msg.sample` -> `myminio/git-clone-result/HR-Dashboard/.git/hooks/prepare-commit-msg.sample`
[2026-03-15T10:13:53.452+0000] {subprocess.py:106} INFO - `/opt/***/files/repos/HR-Dashboard/.git/hooks/push-to-checkout.sample` -> `myminio/git-clone-result/HR-Dashboard/.git/hooks/push-to-checkout.sample`
[2026-03-15T10:13:53.454+0000] {subprocess.py:106} INFO - `/opt/***/files/repos/HR-Dashboard/.git/hooks/update.sample` -> `myminio/git-clone-result/HR-Dashboard/.git/hooks/update.sample`
[2026-03-15T10:13:53.455+0000] {subprocess.py:106} INFO - `/opt/***/files/repos/HR-Dashboard/.git/index` -> `myminio/git-clone-result/HR-Dashboard/.git/index`
[2026-03-15T10:13:53.456+0000] {subprocess.py:106} INFO - `/opt/***/files/repos/HR-Dashboard/.git/info/exclude` -> `myminio/git-clone-result/HR-Dashboard/.git/info/exclude`
[2026-03-15T10:13:53.458+0000] {subprocess.py:106} INFO - `/opt/***/files/repos/HR-Dashboard/.git/logs/HEAD` -> `myminio/git-clone-result/HR-Dashboard/.git/logs/HEAD`
[2026-03-15T10:13:53.460+0000] {subprocess.py:106} INFO - `/opt/***/files/repos/HR-Dashboard/.git/logs/refs/heads/main` -> `myminio/git-clone-result/HR-Dashboard/.git/logs/refs/heads/main`
[2026-03-15T10:13:53.461+0000] {subprocess.py:106} INFO - `/opt/***/files/repos/HR-Dashboard/.git/logs/refs/remotes/origin/HEAD` -> `myminio/git-clone-result/HR-Dashboard/.git/logs/refs/remotes/origin/HEAD`
[2026-03-15T10:13:53.461+0000] {subprocess.py:106} INFO - `/opt/***/files/repos/HR-Dashboard/.git/objects/pack/pack-fb619ca88e7ee6fd3e56e6f36ff25d97d101eef4.idx` -> `myminio/git-clone-result/HR-Dashboard/.git/objects/pack/pack-fb619ca88e7ee6fd3e56e6f36ff25d97d101eef4.idx`
[2026-03-15T10:13:53.462+0000] {subprocess.py:106} INFO - `/opt/***/files/repos/HR-Dashboard/.git/objects/pack/pack-fb619ca88e7ee6fd3e56e6f36ff25d97d101eef4.pack` -> `myminio/git-clone-result/HR-Dashboard/.git/objects/pack/pack-fb619ca88e7ee6fd3e56e6f36ff25d97d101eef4.pack`
[2026-03-15T10:13:53.464+0000] {subprocess.py:106} INFO - `/opt/***/files/repos/HR-Dashboard/.git/packed-refs` -> `myminio/git-clone-result/HR-Dashboard/.git/packed-refs`
[2026-03-15T10:13:53.465+0000] {subprocess.py:106} INFO - `/opt/***/files/repos/HR-Dashboard/.git/refs/heads/main` -> `myminio/git-clone-result/HR-Dashboard/.git/refs/heads/main`
[2026-03-15T10:13:53.467+0000] {subprocess.py:106} INFO - `/opt/***/files/repos/HR-Dashboard/.git/refs/remotes/origin/HEAD` -> `myminio/git-clone-result/HR-Dashboard/.git/refs/remotes/origin/HEAD`
[2026-03-15T10:13:53.468+0000] {subprocess.py:106} INFO - `/opt/***/files/repos/HR-Dashboard/HR Analytics Data.csv` -> `myminio/git-clone-result/HR-Dashboard/HR Analytics Data.csv`
[2026-03-15T10:13:53.469+0000] {subprocess.py:106} INFO - `/opt/***/files/repos/HR-Dashboard/HR Dashboard.pbix` -> `myminio/git-clone-result/HR-Dashboard/HR Dashboard.pbix`
[2026-03-15T10:13:53.470+0000] {subprocess.py:106} INFO - `/opt/***/files/repos/HR-Dashboard/data.csv Retrenchment.csv` -> `myminio/git-clone-result/HR-Dashboard/data.csv Retrenchment.csv`
[2026-03-15T10:13:53.472+0000] {subprocess.py:106} INFO - `/opt/***/files/repos/HR-Dashboard/data.csv promotion.csv` -> `myminio/git-clone-result/HR-Dashboard/data.csv promotion.csv`
[2026-03-15T10:13:53.474+0000] {subprocess.py:106} INFO - `/opt/***/files/repos/Spotify-Dashboard/.git/HEAD` -> `myminio/git-clone-result/Spotify-Dashboard/.git/HEAD`
[2026-03-15T10:13:53.477+0000] {subprocess.py:106} INFO - `/opt/***/files/repos/Spotify-Dashboard/.git/config` -> `myminio/git-clone-result/Spotify-Dashboard/.git/config`
[2026-03-15T10:13:53.479+0000] {subprocess.py:106} INFO - `/opt/***/files/repos/Spotify-Dashboard/.git/description` -> `myminio/git-clone-result/Spotify-Dashboard/.git/description`
[2026-03-15T10:13:53.480+0000] {subprocess.py:106} INFO - `/opt/***/files/repos/Spotify-Dashboard/.git/hooks/applypatch-msg.sample` -> `myminio/git-clone-result/Spotify-Dashboard/.git/hooks/applypatch-msg.sample`
[2026-03-15T10:13:53.481+0000] {subprocess.py:106} INFO - `/opt/***/files/repos/Spotify-Dashboard/.git/hooks/commit-msg.sample` -> `myminio/git-clone-result/Spotify-Dashboard/.git/hooks/commit-msg.sample`
[2026-03-15T10:13:53.485+0000] {subprocess.py:106} INFO - `/opt/***/files/repos/Spotify-Dashboard/.git/hooks/fsmonitor-watchman.sample` -> `myminio/git-clone-result/Spotify-Dashboard/.git/hooks/fsmonitor-watchman.sample`
[2026-03-15T10:13:53.489+0000] {subprocess.py:106} INFO - `/opt/***/files/repos/Spotify-Dashboard/.git/hooks/post-update.sample` -> `myminio/git-clone-result/Spotify-Dashboard/.git/hooks/post-update.sample`
[2026-03-15T10:13:53.489+0000] {subprocess.py:106} INFO - `/opt/***/files/repos/Spotify-Dashboard/.git/hooks/pre-applypatch.sample` -> `myminio/git-clone-result/Spotify-Dashboard/.git/hooks/pre-applypatch.sample`
[2026-03-15T10:13:53.490+0000] {subprocess.py:106} INFO - `/opt/***/files/repos/Spotify-Dashboard/.git/hooks/pre-commit.sample` -> `myminio/git-clone-result/Spotify-Dashboard/.git/hooks/pre-commit.sample`
[2026-03-15T10:13:53.491+0000] {subprocess.py:106} INFO - `/opt/***/files/repos/Spotify-Dashboard/.git/hooks/pre-merge-commit.sample` -> `myminio/git-clone-result/Spotify-Dashboard/.git/hooks/pre-merge-commit.sample`
[2026-03-15T10:13:53.491+0000] {subprocess.py:106} INFO - `/opt/***/files/repos/Spotify-Dashboard/.git/hooks/pre-push.sample` -> `myminio/git-clone-result/Spotify-Dashboard/.git/hooks/pre-push.sample`
[2026-03-15T10:13:53.492+0000] {subprocess.py:106} INFO - `/opt/***/files/repos/Spotify-Dashboard/.git/hooks/pre-rebase.sample` -> `myminio/git-clone-result/Spotify-Dashboard/.git/hooks/pre-rebase.sample`
[2026-03-15T10:13:53.494+0000] {subprocess.py:106} INFO - `/opt/***/files/repos/Spotify-Dashboard/.git/hooks/pre-receive.sample` -> `myminio/git-clone-result/Spotify-Dashboard/.git/hooks/pre-receive.sample`
[2026-03-15T10:13:53.497+0000] {subprocess.py:106} INFO - `/opt/***/files/repos/Spotify-Dashboard/.git/hooks/prepare-commit-msg.sample` -> `myminio/git-clone-result/Spotify-Dashboard/.git/hooks/prepare-commit-msg.sample`
[2026-03-15T10:13:53.498+0000] {subprocess.py:106} INFO - `/opt/***/files/repos/Spotify-Dashboard/.git/hooks/push-to-checkout.sample` -> `myminio/git-clone-result/Spotify-Dashboard/.git/hooks/push-to-checkout.sample`
[2026-03-15T10:13:53.501+0000] {subprocess.py:106} INFO - `/opt/***/files/repos/Spotify-Dashboard/.git/hooks/update.sample` -> `myminio/git-clone-result/Spotify-Dashboard/.git/hooks/update.sample`
[2026-03-15T10:13:53.502+0000] {subprocess.py:106} INFO - `/opt/***/files/repos/Spotify-Dashboard/.git/index` -> `myminio/git-clone-result/Spotify-Dashboard/.git/index`
[2026-03-15T10:13:53.504+0000] {subprocess.py:106} INFO - `/opt/***/files/repos/Spotify-Dashboard/.git/info/exclude` -> `myminio/git-clone-result/Spotify-Dashboard/.git/info/exclude`
[2026-03-15T10:13:53.505+0000] {subprocess.py:106} INFO - `/opt/***/files/repos/Spotify-Dashboard/.git/logs/HEAD` -> `myminio/git-clone-result/Spotify-Dashboard/.git/logs/HEAD`
[2026-03-15T10:13:53.506+0000] {subprocess.py:106} INFO - `/opt/***/files/repos/Spotify-Dashboard/.git/logs/refs/heads/main` -> `myminio/git-clone-result/Spotify-Dashboard/.git/logs/refs/heads/main`
[2026-03-15T10:13:53.506+0000] {subprocess.py:106} INFO - `/opt/***/files/repos/Spotify-Dashboard/.git/logs/refs/remotes/origin/HEAD` -> `myminio/git-clone-result/Spotify-Dashboard/.git/logs/refs/remotes/origin/HEAD`
[2026-03-15T10:13:53.508+0000] {subprocess.py:106} INFO - `/opt/***/files/repos/Spotify-Dashboard/.git/objects/pack/pack-dce2d54ad80da8806ebe6c599d3f5c413733ebf5.idx` -> `myminio/git-clone-result/Spotify-Dashboard/.git/objects/pack/pack-dce2d54ad80da8806ebe6c599d3f5c413733ebf5.idx`
[2026-03-15T10:13:53.509+0000] {subprocess.py:106} INFO - `/opt/***/files/repos/Spotify-Dashboard/.git/objects/pack/pack-dce2d54ad80da8806ebe6c599d3f5c413733ebf5.pack` -> `myminio/git-clone-result/Spotify-Dashboard/.git/objects/pack/pack-dce2d54ad80da8806ebe6c599d3f5c413733ebf5.pack`
[2026-03-15T10:13:53.512+0000] {subprocess.py:106} INFO - `/opt/***/files/repos/Spotify-Dashboard/.git/packed-refs` -> `myminio/git-clone-result/Spotify-Dashboard/.git/packed-refs`
[2026-03-15T10:13:53.513+0000] {subprocess.py:106} INFO - `/opt/***/files/repos/Spotify-Dashboard/.git/refs/heads/main` -> `myminio/git-clone-result/Spotify-Dashboard/.git/refs/heads/main`
[2026-03-15T10:13:53.515+0000] {subprocess.py:106} INFO - `/opt/***/files/repos/Spotify-Dashboard/.git/refs/remotes/origin/HEAD` -> `myminio/git-clone-result/Spotify-Dashboard/.git/refs/remotes/origin/HEAD`
[2026-03-15T10:13:53.517+0000] {subprocess.py:106} INFO - `/opt/***/files/repos/Spotify-Dashboard/Dashboard.pbix` -> `myminio/git-clone-result/Spotify-Dashboard/Dashboard.pbix`
[2026-03-15T10:13:53.522+0000] {subprocess.py:106} INFO - `/opt/***/files/repos/Spotify-Dashboard/songs_normalize.csv` -> `myminio/git-clone-result/Spotify-Dashboard/songs_normalize.csv`
[2026-03-15T10:13:53.541+0000] {subprocess.py:106} INFO - ┌──────────┬─────────────┬──────────┬─────────────┐
[2026-03-15T10:13:53.541+0000] {subprocess.py:106} INFO - │ Total    │ Transferred │ Duration │ Speed       │
[2026-03-15T10:13:53.542+0000] {subprocess.py:106} INFO - │ 2.88 MiB │ 2.88 MiB    │ 00m00s   │ 25.20 MiB/s │
[2026-03-15T10:13:53.542+0000] {subprocess.py:106} INFO - └──────────┴─────────────┴──────────┴─────────────┘
[2026-03-15T10:13:53.545+0000] {subprocess.py:110} INFO - Command exited with return code 0
[2026-03-15T10:13:53.586+0000] {taskinstance.py:341} INFO - ::group::Post task execution logs
[2026-03-15T10:13:53.586+0000] {taskinstance.py:353} INFO - Marking task as SUCCESS. dag_id=send_to_minio, task_id=upload_to_minio, run_id=manual__2026-03-15T10:13:49.768501+00:00, execution_date=20260315T101349, start_date=20260315T101353, end_date=20260315T101353
[2026-03-15T10:13:53.645+0000] {local_task_job_runner.py:266} INFO - Task exited with return code 0
[2026-03-15T10:13:53.680+0000] {taskinstance.py:3901} INFO - 0 downstream tasks scheduled from follow-on schedule check
[2026-03-15T10:13:53.683+0000] {local_task_job_runner.py:245} INFO - ::endgroup::
