[2026-04-04T16:49:34.907+0000] {local_task_job_runner.py:123} INFO - ::group::Pre task execution logs
[2026-04-04T16:49:34.942+0000] {taskinstance.py:2614} INFO - Dependencies all met for dep_context=non-requeueable deps ti=<TaskInstance: credit_applications_pipeline.tg_precheck.check_yesterday_data scheduled__2026-04-03T00:00:00+00:00 [queued]>
[2026-04-04T16:49:34.959+0000] {taskinstance.py:2614} INFO - Dependencies all met for dep_context=requeueable deps ti=<TaskInstance: credit_applications_pipeline.tg_precheck.check_yesterday_data scheduled__2026-04-03T00:00:00+00:00 [queued]>
[2026-04-04T16:49:34.959+0000] {taskinstance.py:2867} INFO - Starting attempt 1 of 2
[2026-04-04T16:49:34.976+0000] {taskinstance.py:2890} INFO - Executing <Task(SqlSensor): tg_precheck.check_yesterday_data> on 2026-04-03 00:00:00+00:00
[2026-04-04T16:49:34.992+0000] {logging_mixin.py:190} WARNING - /home/***/.local/lib/python3.12/site-packages/***/task/task_runner/standard_task_runner.py:70 DeprecationWarning: This process (pid=24035) is multi-threaded, use of fork() may lead to deadlocks in the child.
[2026-04-04T16:49:34.993+0000] {standard_task_runner.py:72} INFO - Started process 24037 to run task
[2026-04-04T16:49:34.992+0000] {standard_task_runner.py:104} INFO - Running: ['***', 'tasks', 'run', 'credit_applications_pipeline', 'tg_precheck.check_yesterday_data', 'scheduled__2026-04-03T00:00:00+00:00', '--job-id', '55', '--raw', '--subdir', 'DAGS_FOLDER/final_***.py', '--cfg-path', '/tmp/tmpuinv__p2']
[2026-04-04T16:49:34.994+0000] {standard_task_runner.py:105} INFO - Job 55: Subtask tg_precheck.check_yesterday_data
[2026-04-04T16:49:35.066+0000] {task_command.py:467} INFO - Running <TaskInstance: credit_applications_pipeline.tg_precheck.check_yesterday_data scheduled__2026-04-03T00:00:00+00:00 [running]> on host da731042e3a5
[2026-04-04T16:49:35.179+0000] {taskinstance.py:3134} INFO - Exporting env vars: AIRFLOW_CTX_DAG_OWNER='***' AIRFLOW_CTX_DAG_ID='credit_applications_pipeline' AIRFLOW_CTX_TASK_ID='tg_precheck.check_yesterday_data' AIRFLOW_CTX_EXECUTION_DATE='2026-04-03T00:00:00+00:00' AIRFLOW_CTX_TRY_NUMBER='1' AIRFLOW_CTX_DAG_RUN_ID='scheduled__2026-04-03T00:00:00+00:00'
[2026-04-04T16:49:35.180+0000] {taskinstance.py:732} INFO - ::endgroup::
[2026-04-04T16:49:35.211+0000] {base.py:84} INFO - Retrieving connection 'pg_baza'
[2026-04-04T16:49:35.215+0000] {sql.py:102} INFO - Poking: 
                SELECT COUNT(*)
                FROM credit_applications
                WHERE application_date = '2026-04-03'
             (with parameters None)
[2026-04-04T16:49:35.228+0000] {base.py:84} INFO - Retrieving connection 'pg_baza'
[2026-04-04T16:49:35.235+0000] {sql.py:511} INFO - Running statement: 
                SELECT COUNT(*)
                FROM credit_applications
                WHERE application_date = '2026-04-03'
            , parameters: None
[2026-04-04T16:49:35.237+0000] {sql.py:520} INFO - Rows affected: 1
[2026-04-04T16:49:35.239+0000] {logging_mixin.py:190} WARNING - /home/***/.local/lib/python3.12/site-packages/***/providers/common/sql/hooks/sql.py:470 DeprecationWarning: Import of fetch_all_handler from the '***.providers.common.sql.hooks' module is deprecated and will
be removed in the future. Please import it from '***.providers.common.sql.hooks.handlers'.
[2026-04-04T16:49:35.241+0000] {logging_mixin.py:190} WARNING - /home/***/.local/lib/python3.12/site-packages/***/providers/common/sql/hooks/sql.py:471 DeprecationWarning: Import of return_single_query_results from the '***.providers.common.sql.hooks' module is deprecated and will
be removed in the future. Please import it from '***.providers.common.sql.hooks.handlers'.
[2026-04-04T16:49:35.243+0000] {logging_mixin.py:190} WARNING - /home/***/.local/lib/python3.12/site-packages/***/providers/common/sql/hooks/sql.py:486 DeprecationWarning: Import of return_single_query_results from the '***.providers.common.sql.hooks' module is deprecated and will
be removed in the future. Please import it from '***.providers.common.sql.hooks.handlers'.
[2026-04-04T16:49:35.243+0000] {base.py:339} INFO - Success criteria met. Exiting.
[2026-04-04T16:49:35.259+0000] {taskinstance.py:341} INFO - ::group::Post task execution logs
[2026-04-04T16:49:35.260+0000] {taskinstance.py:353} INFO - Marking task as SUCCESS. dag_id=credit_applications_pipeline, task_id=tg_precheck.check_yesterday_data, run_id=scheduled__2026-04-03T00:00:00+00:00, execution_date=20260403T000000, start_date=20260404T164934, end_date=20260404T164935
[2026-04-04T16:49:35.328+0000] {local_task_job_runner.py:266} INFO - Task exited with return code 0
[2026-04-04T16:49:35.366+0000] {taskinstance.py:3901} INFO - 0 downstream tasks scheduled from follow-on schedule check
[2026-04-04T16:49:35.368+0000] {local_task_job_runner.py:245} INFO - ::endgroup::
[2026-04-04T16:51:23.610+0000] {local_task_job_runner.py:123} INFO - ::group::Pre task execution logs
[2026-04-04T16:51:23.645+0000] {taskinstance.py:2614} INFO - Dependencies all met for dep_context=non-requeueable deps ti=<TaskInstance: credit_applications_pipeline.tg_precheck.check_yesterday_data scheduled__2026-04-03T00:00:00+00:00 [queued]>
[2026-04-04T16:51:23.658+0000] {taskinstance.py:2614} INFO - Dependencies all met for dep_context=requeueable deps ti=<TaskInstance: credit_applications_pipeline.tg_precheck.check_yesterday_data scheduled__2026-04-03T00:00:00+00:00 [queued]>
[2026-04-04T16:51:23.659+0000] {taskinstance.py:2867} INFO - Starting attempt 1 of 2
[2026-04-04T16:51:23.675+0000] {taskinstance.py:2890} INFO - Executing <Task(SqlSensor): tg_precheck.check_yesterday_data> on 2026-04-03 00:00:00+00:00
[2026-04-04T16:51:23.690+0000] {logging_mixin.py:190} WARNING - /home/***/.local/lib/python3.12/site-packages/***/task/task_runner/standard_task_runner.py:70 DeprecationWarning: This process (pid=24332) is multi-threaded, use of fork() may lead to deadlocks in the child.
[2026-04-04T16:51:23.691+0000] {standard_task_runner.py:72} INFO - Started process 24334 to run task
[2026-04-04T16:51:23.690+0000] {standard_task_runner.py:104} INFO - Running: ['***', 'tasks', 'run', 'credit_applications_pipeline', 'tg_precheck.check_yesterday_data', 'scheduled__2026-04-03T00:00:00+00:00', '--job-id', '57', '--raw', '--subdir', 'DAGS_FOLDER/final_***.py', '--cfg-path', '/tmp/tmpp_zkxmj4']
[2026-04-04T16:51:23.692+0000] {standard_task_runner.py:105} INFO - Job 57: Subtask tg_precheck.check_yesterday_data
[2026-04-04T16:51:23.763+0000] {task_command.py:467} INFO - Running <TaskInstance: credit_applications_pipeline.tg_precheck.check_yesterday_data scheduled__2026-04-03T00:00:00+00:00 [running]> on host da731042e3a5
[2026-04-04T16:51:23.888+0000] {taskinstance.py:3134} INFO - Exporting env vars: AIRFLOW_CTX_DAG_OWNER='***' AIRFLOW_CTX_DAG_ID='credit_applications_pipeline' AIRFLOW_CTX_TASK_ID='tg_precheck.check_yesterday_data' AIRFLOW_CTX_EXECUTION_DATE='2026-04-03T00:00:00+00:00' AIRFLOW_CTX_TRY_NUMBER='1' AIRFLOW_CTX_DAG_RUN_ID='scheduled__2026-04-03T00:00:00+00:00'
[2026-04-04T16:51:23.889+0000] {taskinstance.py:732} INFO - ::endgroup::
[2026-04-04T16:51:23.925+0000] {base.py:84} INFO - Retrieving connection 'pg_baza'
[2026-04-04T16:51:23.929+0000] {sql.py:102} INFO - Poking: 
                SELECT COUNT(*)
                FROM credit_applications
                WHERE application_date = '2026-04-03'
             (with parameters None)
[2026-04-04T16:51:23.941+0000] {base.py:84} INFO - Retrieving connection 'pg_baza'
[2026-04-04T16:51:23.949+0000] {sql.py:511} INFO - Running statement: 
                SELECT COUNT(*)
                FROM credit_applications
                WHERE application_date = '2026-04-03'
            , parameters: None
[2026-04-04T16:51:23.951+0000] {sql.py:520} INFO - Rows affected: 1
[2026-04-04T16:51:23.953+0000] {logging_mixin.py:190} WARNING - /home/***/.local/lib/python3.12/site-packages/***/providers/common/sql/hooks/sql.py:470 DeprecationWarning: Import of fetch_all_handler from the '***.providers.common.sql.hooks' module is deprecated and will
be removed in the future. Please import it from '***.providers.common.sql.hooks.handlers'.
[2026-04-04T16:51:23.955+0000] {logging_mixin.py:190} WARNING - /home/***/.local/lib/python3.12/site-packages/***/providers/common/sql/hooks/sql.py:471 DeprecationWarning: Import of return_single_query_results from the '***.providers.common.sql.hooks' module is deprecated and will
be removed in the future. Please import it from '***.providers.common.sql.hooks.handlers'.
[2026-04-04T16:51:23.957+0000] {logging_mixin.py:190} WARNING - /home/***/.local/lib/python3.12/site-packages/***/providers/common/sql/hooks/sql.py:486 DeprecationWarning: Import of return_single_query_results from the '***.providers.common.sql.hooks' module is deprecated and will
be removed in the future. Please import it from '***.providers.common.sql.hooks.handlers'.
[2026-04-04T16:51:23.958+0000] {base.py:339} INFO - Success criteria met. Exiting.
[2026-04-04T16:51:23.974+0000] {taskinstance.py:341} INFO - ::group::Post task execution logs
[2026-04-04T16:51:23.975+0000] {taskinstance.py:353} INFO - Marking task as SUCCESS. dag_id=credit_applications_pipeline, task_id=tg_precheck.check_yesterday_data, run_id=scheduled__2026-04-03T00:00:00+00:00, execution_date=20260403T000000, start_date=20260404T165123, end_date=20260404T165123
[2026-04-04T16:51:24.027+0000] {local_task_job_runner.py:266} INFO - Task exited with return code 0
[2026-04-04T16:51:24.044+0000] {local_task_job_runner.py:245} INFO - ::endgroup::
[2026-04-04T16:55:12.082+0000] {local_task_job_runner.py:123} INFO - ::group::Pre task execution logs
[2026-04-04T16:55:12.126+0000] {taskinstance.py:2614} INFO - Dependencies all met for dep_context=non-requeueable deps ti=<TaskInstance: credit_applications_pipeline.tg_precheck.check_yesterday_data scheduled__2026-04-03T00:00:00+00:00 [queued]>
[2026-04-04T16:55:12.146+0000] {taskinstance.py:2614} INFO - Dependencies all met for dep_context=requeueable deps ti=<TaskInstance: credit_applications_pipeline.tg_precheck.check_yesterday_data scheduled__2026-04-03T00:00:00+00:00 [queued]>
[2026-04-04T16:55:12.147+0000] {taskinstance.py:2867} INFO - Starting attempt 1 of 2
[2026-04-04T16:55:12.171+0000] {taskinstance.py:2890} INFO - Executing <Task(SqlSensor): tg_precheck.check_yesterday_data> on 2026-04-03 00:00:00+00:00
[2026-04-04T16:55:12.190+0000] {logging_mixin.py:190} WARNING - /home/***/.local/lib/python3.12/site-packages/***/task/task_runner/standard_task_runner.py:70 DeprecationWarning: This process (pid=25090) is multi-threaded, use of fork() may lead to deadlocks in the child.
[2026-04-04T16:55:12.192+0000] {standard_task_runner.py:72} INFO - Started process 25091 to run task
[2026-04-04T16:55:12.191+0000] {standard_task_runner.py:104} INFO - Running: ['***', 'tasks', 'run', 'credit_applications_pipeline', 'tg_precheck.check_yesterday_data', 'scheduled__2026-04-03T00:00:00+00:00', '--job-id', '63', '--raw', '--subdir', 'DAGS_FOLDER/final_***.py', '--cfg-path', '/tmp/tmp0po45yr_']
[2026-04-04T16:55:12.195+0000] {standard_task_runner.py:105} INFO - Job 63: Subtask tg_precheck.check_yesterday_data
[2026-04-04T16:55:12.290+0000] {task_command.py:467} INFO - Running <TaskInstance: credit_applications_pipeline.tg_precheck.check_yesterday_data scheduled__2026-04-03T00:00:00+00:00 [running]> on host da731042e3a5
[2026-04-04T16:55:12.418+0000] {taskinstance.py:3134} INFO - Exporting env vars: AIRFLOW_CTX_DAG_OWNER='***' AIRFLOW_CTX_DAG_ID='credit_applications_pipeline' AIRFLOW_CTX_TASK_ID='tg_precheck.check_yesterday_data' AIRFLOW_CTX_EXECUTION_DATE='2026-04-03T00:00:00+00:00' AIRFLOW_CTX_TRY_NUMBER='1' AIRFLOW_CTX_DAG_RUN_ID='scheduled__2026-04-03T00:00:00+00:00'
[2026-04-04T16:55:12.419+0000] {taskinstance.py:732} INFO - ::endgroup::
[2026-04-04T16:55:12.465+0000] {base.py:84} INFO - Retrieving connection 'pg_baza'
[2026-04-04T16:55:12.470+0000] {sql.py:102} INFO - Poking: 
                SELECT COUNT(*)
                FROM credit_applications
                WHERE application_date = '2026-04-03'
             (with parameters None)
[2026-04-04T16:55:12.484+0000] {base.py:84} INFO - Retrieving connection 'pg_baza'
[2026-04-04T16:55:12.495+0000] {sql.py:511} INFO - Running statement: 
                SELECT COUNT(*)
                FROM credit_applications
                WHERE application_date = '2026-04-03'
            , parameters: None
[2026-04-04T16:55:12.497+0000] {sql.py:520} INFO - Rows affected: 1
[2026-04-04T16:55:12.501+0000] {logging_mixin.py:190} WARNING - /home/***/.local/lib/python3.12/site-packages/***/providers/common/sql/hooks/sql.py:470 DeprecationWarning: Import of fetch_all_handler from the '***.providers.common.sql.hooks' module is deprecated and will
be removed in the future. Please import it from '***.providers.common.sql.hooks.handlers'.
[2026-04-04T16:55:12.504+0000] {logging_mixin.py:190} WARNING - /home/***/.local/lib/python3.12/site-packages/***/providers/common/sql/hooks/sql.py:471 DeprecationWarning: Import of return_single_query_results from the '***.providers.common.sql.hooks' module is deprecated and will
be removed in the future. Please import it from '***.providers.common.sql.hooks.handlers'.
[2026-04-04T16:55:12.506+0000] {logging_mixin.py:190} WARNING - /home/***/.local/lib/python3.12/site-packages/***/providers/common/sql/hooks/sql.py:486 DeprecationWarning: Import of return_single_query_results from the '***.providers.common.sql.hooks' module is deprecated and will
be removed in the future. Please import it from '***.providers.common.sql.hooks.handlers'.
[2026-04-04T16:55:12.507+0000] {base.py:339} INFO - Success criteria met. Exiting.
[2026-04-04T16:55:12.527+0000] {taskinstance.py:341} INFO - ::group::Post task execution logs
[2026-04-04T16:55:12.527+0000] {taskinstance.py:353} INFO - Marking task as SUCCESS. dag_id=credit_applications_pipeline, task_id=tg_precheck.check_yesterday_data, run_id=scheduled__2026-04-03T00:00:00+00:00, execution_date=20260403T000000, start_date=20260404T165512, end_date=20260404T165512
[2026-04-04T16:55:12.611+0000] {local_task_job_runner.py:266} INFO - Task exited with return code 0
[2026-04-04T16:55:12.626+0000] {local_task_job_runner.py:245} INFO - ::endgroup::
