[2026-03-17T06:21:30.639+0000] {processor.py:186} INFO - Started process (PID=5777) to work on /opt/airflow/dags/airflow_utils.py
[2026-03-17T06:21:30.641+0000] {processor.py:914} INFO - Processing file /opt/airflow/dags/airflow_utils.py for tasks to queue
[2026-03-17T06:21:30.646+0000] {logging_mixin.py:190} INFO - [2026-03-17T06:21:30.645+0000] {dagbag.py:588} INFO - Filling up the DagBag from /opt/airflow/dags/airflow_utils.py
[2026-03-17T06:21:30.654+0000] {processor.py:927} WARNING - No viable dags retrieved from /opt/airflow/dags/airflow_utils.py
[2026-03-17T06:21:30.683+0000] {processor.py:208} INFO - Processing /opt/airflow/dags/airflow_utils.py took 0.065 seconds
[2026-03-17T13:39:20.618+0000] {processor.py:186} INFO - Started process (PID=5813) to work on /opt/airflow/dags/airflow_utils.py
[2026-03-17T13:39:20.620+0000] {processor.py:914} INFO - Processing file /opt/airflow/dags/airflow_utils.py for tasks to queue
[2026-03-17T13:39:20.630+0000] {logging_mixin.py:190} INFO - [2026-03-17T13:39:20.625+0000] {dagbag.py:588} INFO - Filling up the DagBag from /opt/airflow/dags/airflow_utils.py
[2026-03-17T13:39:20.642+0000] {processor.py:927} WARNING - No viable dags retrieved from /opt/airflow/dags/airflow_utils.py
[2026-03-17T13:39:20.679+0000] {processor.py:208} INFO - Processing /opt/airflow/dags/airflow_utils.py took 0.078 seconds
[2026-03-17T13:40:15.804+0000] {processor.py:186} INFO - Started process (PID=5851) to work on /opt/airflow/dags/airflow_utils.py
[2026-03-17T13:40:15.805+0000] {processor.py:914} INFO - Processing file /opt/airflow/dags/airflow_utils.py for tasks to queue
[2026-03-17T13:40:15.810+0000] {logging_mixin.py:190} INFO - [2026-03-17T13:40:15.809+0000] {dagbag.py:588} INFO - Filling up the DagBag from /opt/airflow/dags/airflow_utils.py
[2026-03-17T13:40:15.816+0000] {processor.py:927} WARNING - No viable dags retrieved from /opt/airflow/dags/airflow_utils.py
[2026-03-17T13:40:15.848+0000] {processor.py:208} INFO - Processing /opt/airflow/dags/airflow_utils.py took 0.054 seconds
[2026-03-17T13:41:11.734+0000] {processor.py:186} INFO - Started process (PID=5887) to work on /opt/airflow/dags/airflow_utils.py
[2026-03-17T13:41:11.736+0000] {processor.py:914} INFO - Processing file /opt/airflow/dags/airflow_utils.py for tasks to queue
[2026-03-17T13:41:11.739+0000] {logging_mixin.py:190} INFO - [2026-03-17T13:41:11.739+0000] {dagbag.py:588} INFO - Filling up the DagBag from /opt/airflow/dags/airflow_utils.py
[2026-03-17T13:41:11.745+0000] {processor.py:927} WARNING - No viable dags retrieved from /opt/airflow/dags/airflow_utils.py
[2026-03-17T13:41:11.771+0000] {processor.py:208} INFO - Processing /opt/airflow/dags/airflow_utils.py took 0.048 seconds
[2026-03-17T14:41:52.974+0000] {processor.py:186} INFO - Started process (PID=5923) to work on /opt/airflow/dags/airflow_utils.py
[2026-03-17T14:41:52.976+0000] {processor.py:914} INFO - Processing file /opt/airflow/dags/airflow_utils.py for tasks to queue
[2026-03-17T14:41:52.980+0000] {logging_mixin.py:190} INFO - [2026-03-17T14:41:52.979+0000] {dagbag.py:588} INFO - Filling up the DagBag from /opt/airflow/dags/airflow_utils.py
[2026-03-17T14:41:52.986+0000] {processor.py:927} WARNING - No viable dags retrieved from /opt/airflow/dags/airflow_utils.py
[2026-03-17T14:41:53.016+0000] {processor.py:208} INFO - Processing /opt/airflow/dags/airflow_utils.py took 0.053 seconds
[2026-03-17T17:58:45.667+0000] {processor.py:186} INFO - Started process (PID=5957) to work on /opt/airflow/dags/airflow_utils.py
[2026-03-17T17:58:45.669+0000] {processor.py:914} INFO - Processing file /opt/airflow/dags/airflow_utils.py for tasks to queue
[2026-03-17T17:58:45.676+0000] {logging_mixin.py:190} INFO - [2026-03-17T17:58:45.676+0000] {dagbag.py:588} INFO - Filling up the DagBag from /opt/airflow/dags/airflow_utils.py
[2026-03-17T17:58:45.686+0000] {processor.py:927} WARNING - No viable dags retrieved from /opt/airflow/dags/airflow_utils.py
[2026-03-17T17:58:45.728+0000] {processor.py:208} INFO - Processing /opt/airflow/dags/airflow_utils.py took 0.076 seconds
