[2026-03-17T06:21:30.453+0000] {processor.py:186} INFO - Started process (PID=5767) to work on /opt/airflow/dags/connect_to_minio.py
[2026-03-17T06:21:30.457+0000] {processor.py:914} INFO - Processing file /opt/airflow/dags/connect_to_minio.py for tasks to queue
[2026-03-17T06:21:30.464+0000] {logging_mixin.py:190} INFO - [2026-03-17T06:21:30.463+0000] {dagbag.py:588} INFO - Filling up the DagBag from /opt/airflow/dags/connect_to_minio.py
[2026-03-17T06:21:30.524+0000] {logging_mixin.py:190} INFO - [2026-03-17T06:21:30.521+0000] {dagbag.py:387} ERROR - Failed to import: /opt/airflow/dags/connect_to_minio.py
Traceback (most recent call last):
  File "/home/airflow/.local/lib/python3.12/site-packages/airflow/models/dagbag.py", line 383, in parse
    loader.exec_module(new_module)
  File "<frozen importlib._bootstrap_external>", line 999, in exec_module
  File "<frozen importlib._bootstrap>", line 488, in _call_with_frames_removed
  File "/opt/airflow/dags/connect_to_minio.py", line 42, in <module>
    repo_links=get_link();
               ^^^^^^^^^^
  File "/opt/airflow/dags/connect_to_minio.py", line 4, in get_link
    repo_links=Variable.get("LINKS",deserialize_json=True)
               ^^^^^^^^^^^^^^^^^^^^^^^^^^^^^^^^^^^^^^^^^^^
  File "/home/airflow/.local/lib/python3.12/site-packages/airflow/models/variable.py", line 145, in get
    raise KeyError(f"Variable {key} does not exist")
KeyError: 'Variable LINKS does not exist'
[2026-03-17T06:21:30.527+0000] {processor.py:927} WARNING - No viable dags retrieved from /opt/airflow/dags/connect_to_minio.py
[2026-03-17T06:21:30.552+0000] {processor.py:208} INFO - Processing /opt/airflow/dags/connect_to_minio.py took 0.174 seconds
[2026-03-17T13:39:20.443+0000] {processor.py:186} INFO - Started process (PID=5803) to work on /opt/airflow/dags/connect_to_minio.py
[2026-03-17T13:39:20.445+0000] {processor.py:914} INFO - Processing file /opt/airflow/dags/connect_to_minio.py for tasks to queue
[2026-03-17T13:39:20.453+0000] {logging_mixin.py:190} INFO - [2026-03-17T13:39:20.452+0000] {dagbag.py:588} INFO - Filling up the DagBag from /opt/airflow/dags/connect_to_minio.py
[2026-03-17T13:39:20.504+0000] {logging_mixin.py:190} INFO - [2026-03-17T13:39:20.502+0000] {dagbag.py:387} ERROR - Failed to import: /opt/airflow/dags/connect_to_minio.py
Traceback (most recent call last):
  File "/home/airflow/.local/lib/python3.12/site-packages/airflow/models/dagbag.py", line 383, in parse
    loader.exec_module(new_module)
  File "<frozen importlib._bootstrap_external>", line 999, in exec_module
  File "<frozen importlib._bootstrap>", line 488, in _call_with_frames_removed
  File "/opt/airflow/dags/connect_to_minio.py", line 42, in <module>
    repo_links=get_link();
               ^^^^^^^^^^
  File "/opt/airflow/dags/connect_to_minio.py", line 4, in get_link
    repo_links=Variable.get("LINKS",deserialize_json=True)
               ^^^^^^^^^^^^^^^^^^^^^^^^^^^^^^^^^^^^^^^^^^^
  File "/home/airflow/.local/lib/python3.12/site-packages/airflow/models/variable.py", line 145, in get
    raise KeyError(f"Variable {key} does not exist")
KeyError: 'Variable LINKS does not exist'
[2026-03-17T13:39:20.507+0000] {processor.py:927} WARNING - No viable dags retrieved from /opt/airflow/dags/connect_to_minio.py
[2026-03-17T13:39:20.528+0000] {processor.py:208} INFO - Processing /opt/airflow/dags/connect_to_minio.py took 0.131 seconds
[2026-03-17T13:40:15.412+0000] {processor.py:186} INFO - Started process (PID=5839) to work on /opt/airflow/dags/connect_to_minio.py
[2026-03-17T13:40:15.414+0000] {processor.py:914} INFO - Processing file /opt/airflow/dags/connect_to_minio.py for tasks to queue
[2026-03-17T13:40:15.418+0000] {logging_mixin.py:190} INFO - [2026-03-17T13:40:15.418+0000] {dagbag.py:588} INFO - Filling up the DagBag from /opt/airflow/dags/connect_to_minio.py
[2026-03-17T13:40:15.482+0000] {logging_mixin.py:190} INFO - [2026-03-17T13:40:15.478+0000] {dagbag.py:387} ERROR - Failed to import: /opt/airflow/dags/connect_to_minio.py
Traceback (most recent call last):
  File "/home/airflow/.local/lib/python3.12/site-packages/airflow/models/dagbag.py", line 383, in parse
    loader.exec_module(new_module)
  File "<frozen importlib._bootstrap_external>", line 999, in exec_module
  File "<frozen importlib._bootstrap>", line 488, in _call_with_frames_removed
  File "/opt/airflow/dags/connect_to_minio.py", line 42, in <module>
    repo_links=get_link();
               ^^^^^^^^^^
  File "/opt/airflow/dags/connect_to_minio.py", line 4, in get_link
    repo_links=Variable.get("LINKS",deserialize_json=True)
               ^^^^^^^^^^^^^^^^^^^^^^^^^^^^^^^^^^^^^^^^^^^
  File "/home/airflow/.local/lib/python3.12/site-packages/airflow/models/variable.py", line 145, in get
    raise KeyError(f"Variable {key} does not exist")
KeyError: 'Variable LINKS does not exist'
[2026-03-17T13:40:15.484+0000] {processor.py:927} WARNING - No viable dags retrieved from /opt/airflow/dags/connect_to_minio.py
[2026-03-17T13:40:15.515+0000] {processor.py:208} INFO - Processing /opt/airflow/dags/connect_to_minio.py took 0.129 seconds
[2026-03-17T13:41:11.366+0000] {processor.py:186} INFO - Started process (PID=5875) to work on /opt/airflow/dags/connect_to_minio.py
[2026-03-17T13:41:11.369+0000] {processor.py:914} INFO - Processing file /opt/airflow/dags/connect_to_minio.py for tasks to queue
[2026-03-17T13:41:11.396+0000] {logging_mixin.py:190} INFO - [2026-03-17T13:41:11.395+0000] {dagbag.py:588} INFO - Filling up the DagBag from /opt/airflow/dags/connect_to_minio.py
[2026-03-17T13:41:11.449+0000] {logging_mixin.py:190} INFO - [2026-03-17T13:41:11.446+0000] {dagbag.py:387} ERROR - Failed to import: /opt/airflow/dags/connect_to_minio.py
Traceback (most recent call last):
  File "/home/airflow/.local/lib/python3.12/site-packages/airflow/models/dagbag.py", line 383, in parse
    loader.exec_module(new_module)
  File "<frozen importlib._bootstrap_external>", line 999, in exec_module
  File "<frozen importlib._bootstrap>", line 488, in _call_with_frames_removed
  File "/opt/airflow/dags/connect_to_minio.py", line 42, in <module>
    repo_links=get_link();
               ^^^^^^^^^^
  File "/opt/airflow/dags/connect_to_minio.py", line 4, in get_link
    repo_links=Variable.get("LINKS",deserialize_json=True)
               ^^^^^^^^^^^^^^^^^^^^^^^^^^^^^^^^^^^^^^^^^^^
  File "/home/airflow/.local/lib/python3.12/site-packages/airflow/models/variable.py", line 145, in get
    raise KeyError(f"Variable {key} does not exist")
KeyError: 'Variable LINKS does not exist'
[2026-03-17T13:41:11.450+0000] {processor.py:927} WARNING - No viable dags retrieved from /opt/airflow/dags/connect_to_minio.py
[2026-03-17T13:41:11.490+0000] {processor.py:208} INFO - Processing /opt/airflow/dags/connect_to_minio.py took 0.145 seconds
[2026-03-17T14:41:52.572+0000] {processor.py:186} INFO - Started process (PID=5910) to work on /opt/airflow/dags/connect_to_minio.py
[2026-03-17T14:41:52.581+0000] {processor.py:914} INFO - Processing file /opt/airflow/dags/connect_to_minio.py for tasks to queue
[2026-03-17T14:41:52.591+0000] {logging_mixin.py:190} INFO - [2026-03-17T14:41:52.589+0000] {dagbag.py:588} INFO - Filling up the DagBag from /opt/airflow/dags/connect_to_minio.py
[2026-03-17T14:41:52.685+0000] {logging_mixin.py:190} INFO - [2026-03-17T14:41:52.680+0000] {dagbag.py:387} ERROR - Failed to import: /opt/airflow/dags/connect_to_minio.py
Traceback (most recent call last):
  File "/home/airflow/.local/lib/python3.12/site-packages/airflow/models/dagbag.py", line 383, in parse
    loader.exec_module(new_module)
  File "<frozen importlib._bootstrap_external>", line 999, in exec_module
  File "<frozen importlib._bootstrap>", line 488, in _call_with_frames_removed
  File "/opt/airflow/dags/connect_to_minio.py", line 42, in <module>
    repo_links=get_link();
               ^^^^^^^^^^
  File "/opt/airflow/dags/connect_to_minio.py", line 4, in get_link
    repo_links=Variable.get("LINKS",deserialize_json=True)
               ^^^^^^^^^^^^^^^^^^^^^^^^^^^^^^^^^^^^^^^^^^^
  File "/home/airflow/.local/lib/python3.12/site-packages/airflow/models/variable.py", line 145, in get
    raise KeyError(f"Variable {key} does not exist")
KeyError: 'Variable LINKS does not exist'
[2026-03-17T14:41:52.687+0000] {processor.py:927} WARNING - No viable dags retrieved from /opt/airflow/dags/connect_to_minio.py
[2026-03-17T14:41:52.726+0000] {processor.py:208} INFO - Processing /opt/airflow/dags/connect_to_minio.py took 0.193 seconds
[2026-03-17T17:58:45.434+0000] {processor.py:186} INFO - Started process (PID=5947) to work on /opt/airflow/dags/connect_to_minio.py
[2026-03-17T17:58:45.438+0000] {processor.py:914} INFO - Processing file /opt/airflow/dags/connect_to_minio.py for tasks to queue
[2026-03-17T17:58:45.452+0000] {logging_mixin.py:190} INFO - [2026-03-17T17:58:45.451+0000] {dagbag.py:588} INFO - Filling up the DagBag from /opt/airflow/dags/connect_to_minio.py
[2026-03-17T17:58:45.516+0000] {logging_mixin.py:190} INFO - [2026-03-17T17:58:45.513+0000] {dagbag.py:387} ERROR - Failed to import: /opt/airflow/dags/connect_to_minio.py
Traceback (most recent call last):
  File "/home/airflow/.local/lib/python3.12/site-packages/airflow/models/dagbag.py", line 383, in parse
    loader.exec_module(new_module)
  File "<frozen importlib._bootstrap_external>", line 999, in exec_module
  File "<frozen importlib._bootstrap>", line 488, in _call_with_frames_removed
  File "/opt/airflow/dags/connect_to_minio.py", line 42, in <module>
    repo_links=get_link();
               ^^^^^^^^^^
  File "/opt/airflow/dags/connect_to_minio.py", line 4, in get_link
    repo_links=Variable.get("LINKS",deserialize_json=True)
               ^^^^^^^^^^^^^^^^^^^^^^^^^^^^^^^^^^^^^^^^^^^
  File "/home/airflow/.local/lib/python3.12/site-packages/airflow/models/variable.py", line 145, in get
    raise KeyError(f"Variable {key} does not exist")
KeyError: 'Variable LINKS does not exist'
[2026-03-17T17:58:45.518+0000] {processor.py:927} WARNING - No viable dags retrieved from /opt/airflow/dags/connect_to_minio.py
[2026-03-17T17:58:45.542+0000] {processor.py:208} INFO - Processing /opt/airflow/dags/connect_to_minio.py took 0.151 seconds
