[2026-03-17T06:21:30.723+0000] {processor.py:186} INFO - Started process (PID=5784) to work on /opt/airflow/dags/import_variable.py
[2026-03-17T06:21:30.726+0000] {processor.py:914} INFO - Processing file /opt/airflow/dags/import_variable.py for tasks to queue
[2026-03-17T06:21:30.730+0000] {logging_mixin.py:190} INFO - [2026-03-17T06:21:30.729+0000] {dagbag.py:588} INFO - Filling up the DagBag from /opt/airflow/dags/import_variable.py
[2026-03-17T06:21:30.748+0000] {processor.py:925} INFO - DAG(s) 'tasklar' retrieved from /opt/airflow/dags/import_variable.py
[2026-03-17T06:21:30.784+0000] {logging_mixin.py:190} INFO - [2026-03-17T06:21:30.784+0000] {dag.py:3239} INFO - Sync 1 DAGs
[2026-03-17T06:21:30.825+0000] {logging_mixin.py:190} INFO - [2026-03-17T06:21:30.824+0000] {dag.py:4180} INFO - Setting next_dagrun for tasklar to 2026-03-15 23:30:00+00:00, run_after=2026-03-16 23:30:00+00:00
[2026-03-17T06:21:30.867+0000] {processor.py:208} INFO - Processing /opt/airflow/dags/import_variable.py took 0.156 seconds
[2026-03-17T13:39:20.715+0000] {processor.py:186} INFO - Started process (PID=5820) to work on /opt/airflow/dags/import_variable.py
[2026-03-17T13:39:20.716+0000] {processor.py:914} INFO - Processing file /opt/airflow/dags/import_variable.py for tasks to queue
[2026-03-17T13:39:20.721+0000] {logging_mixin.py:190} INFO - [2026-03-17T13:39:20.721+0000] {dagbag.py:588} INFO - Filling up the DagBag from /opt/airflow/dags/import_variable.py
[2026-03-17T13:39:20.742+0000] {processor.py:925} INFO - DAG(s) 'tasklar' retrieved from /opt/airflow/dags/import_variable.py
[2026-03-17T13:39:20.785+0000] {logging_mixin.py:190} INFO - [2026-03-17T13:39:20.785+0000] {dag.py:3239} INFO - Sync 1 DAGs
[2026-03-17T13:39:20.830+0000] {logging_mixin.py:190} INFO - [2026-03-17T13:39:20.829+0000] {dag.py:4180} INFO - Setting next_dagrun for tasklar to 2026-03-15 23:30:00+00:00, run_after=2026-03-16 23:30:00+00:00
[2026-03-17T13:39:20.862+0000] {processor.py:208} INFO - Processing /opt/airflow/dags/import_variable.py took 0.159 seconds
[2026-03-17T13:40:15.822+0000] {processor.py:186} INFO - Started process (PID=5854) to work on /opt/airflow/dags/import_variable.py
[2026-03-17T13:40:15.824+0000] {processor.py:914} INFO - Processing file /opt/airflow/dags/import_variable.py for tasks to queue
[2026-03-17T13:40:15.827+0000] {logging_mixin.py:190} INFO - [2026-03-17T13:40:15.827+0000] {dagbag.py:588} INFO - Filling up the DagBag from /opt/airflow/dags/import_variable.py
[2026-03-17T13:40:15.851+0000] {processor.py:925} INFO - DAG(s) 'tasklar' retrieved from /opt/airflow/dags/import_variable.py
[2026-03-17T13:40:15.902+0000] {logging_mixin.py:190} INFO - [2026-03-17T13:40:15.901+0000] {dag.py:3239} INFO - Sync 1 DAGs
[2026-03-17T13:40:15.955+0000] {logging_mixin.py:190} INFO - [2026-03-17T13:40:15.954+0000] {dag.py:4180} INFO - Setting next_dagrun for tasklar to 2026-03-15 23:30:00+00:00, run_after=2026-03-16 23:30:00+00:00
[2026-03-17T13:40:15.987+0000] {processor.py:208} INFO - Processing /opt/airflow/dags/import_variable.py took 0.177 seconds
[2026-03-17T13:41:11.752+0000] {processor.py:186} INFO - Started process (PID=5890) to work on /opt/airflow/dags/import_variable.py
[2026-03-17T13:41:11.753+0000] {processor.py:914} INFO - Processing file /opt/airflow/dags/import_variable.py for tasks to queue
[2026-03-17T13:41:11.757+0000] {logging_mixin.py:190} INFO - [2026-03-17T13:41:11.756+0000] {dagbag.py:588} INFO - Filling up the DagBag from /opt/airflow/dags/import_variable.py
[2026-03-17T13:41:11.779+0000] {processor.py:925} INFO - DAG(s) 'tasklar' retrieved from /opt/airflow/dags/import_variable.py
[2026-03-17T13:41:11.821+0000] {logging_mixin.py:190} INFO - [2026-03-17T13:41:11.820+0000] {dag.py:3239} INFO - Sync 1 DAGs
[2026-03-17T13:41:11.867+0000] {logging_mixin.py:190} INFO - [2026-03-17T13:41:11.867+0000] {dag.py:4180} INFO - Setting next_dagrun for tasklar to 2026-03-15 23:30:00+00:00, run_after=2026-03-16 23:30:00+00:00
[2026-03-17T13:41:11.910+0000] {processor.py:208} INFO - Processing /opt/airflow/dags/import_variable.py took 0.168 seconds
[2026-03-17T14:41:52.993+0000] {processor.py:186} INFO - Started process (PID=5926) to work on /opt/airflow/dags/import_variable.py
[2026-03-17T14:41:52.995+0000] {processor.py:914} INFO - Processing file /opt/airflow/dags/import_variable.py for tasks to queue
[2026-03-17T14:41:52.998+0000] {logging_mixin.py:190} INFO - [2026-03-17T14:41:52.998+0000] {dagbag.py:588} INFO - Filling up the DagBag from /opt/airflow/dags/import_variable.py
[2026-03-17T14:41:53.024+0000] {processor.py:925} INFO - DAG(s) 'tasklar' retrieved from /opt/airflow/dags/import_variable.py
[2026-03-17T14:41:53.073+0000] {logging_mixin.py:190} INFO - [2026-03-17T14:41:53.072+0000] {dag.py:3239} INFO - Sync 1 DAGs
[2026-03-17T14:41:53.127+0000] {logging_mixin.py:190} INFO - [2026-03-17T14:41:53.126+0000] {dag.py:4180} INFO - Setting next_dagrun for tasklar to 2026-03-15 23:30:00+00:00, run_after=2026-03-16 23:30:00+00:00
[2026-03-17T14:41:53.178+0000] {processor.py:208} INFO - Processing /opt/airflow/dags/import_variable.py took 0.197 seconds
[2026-03-17T17:58:45.773+0000] {processor.py:186} INFO - Started process (PID=5964) to work on /opt/airflow/dags/import_variable.py
[2026-03-17T17:58:45.775+0000] {processor.py:914} INFO - Processing file /opt/airflow/dags/import_variable.py for tasks to queue
[2026-03-17T17:58:45.779+0000] {logging_mixin.py:190} INFO - [2026-03-17T17:58:45.779+0000] {dagbag.py:588} INFO - Filling up the DagBag from /opt/airflow/dags/import_variable.py
[2026-03-17T17:58:45.801+0000] {processor.py:925} INFO - DAG(s) 'tasklar' retrieved from /opt/airflow/dags/import_variable.py
[2026-03-17T17:58:45.841+0000] {logging_mixin.py:190} INFO - [2026-03-17T17:58:45.841+0000] {dag.py:3239} INFO - Sync 1 DAGs
[2026-03-17T17:58:45.893+0000] {logging_mixin.py:190} INFO - [2026-03-17T17:58:45.893+0000] {dag.py:4180} INFO - Setting next_dagrun for tasklar to 2026-03-15 23:30:00+00:00, run_after=2026-03-16 23:30:00+00:00
[2026-03-17T17:58:45.938+0000] {processor.py:208} INFO - Processing /opt/airflow/dags/import_variable.py took 0.175 seconds
