[2026-03-17T06:21:30.549+0000] {processor.py:186} INFO - Started process (PID=5772) to work on /opt/airflow/dags/import_from_git.py
[2026-03-17T06:21:30.551+0000] {processor.py:914} INFO - Processing file /opt/airflow/dags/import_from_git.py for tasks to queue
[2026-03-17T06:21:30.555+0000] {logging_mixin.py:190} INFO - [2026-03-17T06:21:30.555+0000] {dagbag.py:588} INFO - Filling up the DagBag from /opt/airflow/dags/import_from_git.py
[2026-03-17T06:21:30.606+0000] {logging_mixin.py:190} INFO - [2026-03-17T06:21:30.603+0000] {dagbag.py:387} ERROR - Failed to import: /opt/airflow/dags/import_from_git.py
Traceback (most recent call last):
  File "/home/airflow/.local/lib/python3.12/site-packages/airflow/models/dagbag.py", line 383, in parse
    loader.exec_module(new_module)
  File "<frozen importlib._bootstrap_external>", line 999, in exec_module
  File "<frozen importlib._bootstrap>", line 488, in _call_with_frames_removed
  File "/opt/airflow/dags/import_from_git.py", line 45, in <module>
    repo_links=get_link();
               ^^^^^^^^^^
  File "/opt/airflow/dags/import_from_git.py", line 4, in get_link
    repo_links=Variable.get("LINKS",deserialize_json=True)
               ^^^^^^^^^^^^^^^^^^^^^^^^^^^^^^^^^^^^^^^^^^^
  File "/home/airflow/.local/lib/python3.12/site-packages/airflow/models/variable.py", line 145, in get
    raise KeyError(f"Variable {key} does not exist")
KeyError: 'Variable LINKS does not exist'
[2026-03-17T06:21:30.608+0000] {processor.py:927} WARNING - No viable dags retrieved from /opt/airflow/dags/import_from_git.py
[2026-03-17T06:21:30.647+0000] {processor.py:208} INFO - Processing /opt/airflow/dags/import_from_git.py took 0.111 seconds
[2026-03-17T13:39:20.541+0000] {processor.py:186} INFO - Started process (PID=5808) to work on /opt/airflow/dags/import_from_git.py
[2026-03-17T13:39:20.543+0000] {processor.py:914} INFO - Processing file /opt/airflow/dags/import_from_git.py for tasks to queue
[2026-03-17T13:39:20.549+0000] {logging_mixin.py:190} INFO - [2026-03-17T13:39:20.548+0000] {dagbag.py:588} INFO - Filling up the DagBag from /opt/airflow/dags/import_from_git.py
[2026-03-17T13:39:20.599+0000] {logging_mixin.py:190} INFO - [2026-03-17T13:39:20.596+0000] {dagbag.py:387} ERROR - Failed to import: /opt/airflow/dags/import_from_git.py
Traceback (most recent call last):
  File "/home/airflow/.local/lib/python3.12/site-packages/airflow/models/dagbag.py", line 383, in parse
    loader.exec_module(new_module)
  File "<frozen importlib._bootstrap_external>", line 999, in exec_module
  File "<frozen importlib._bootstrap>", line 488, in _call_with_frames_removed
  File "/opt/airflow/dags/import_from_git.py", line 45, in <module>
    repo_links=get_link();
               ^^^^^^^^^^
  File "/opt/airflow/dags/import_from_git.py", line 4, in get_link
    repo_links=Variable.get("LINKS",deserialize_json=True)
               ^^^^^^^^^^^^^^^^^^^^^^^^^^^^^^^^^^^^^^^^^^^
  File "/home/airflow/.local/lib/python3.12/site-packages/airflow/models/variable.py", line 145, in get
    raise KeyError(f"Variable {key} does not exist")
KeyError: 'Variable LINKS does not exist'
[2026-03-17T13:39:20.601+0000] {processor.py:927} WARNING - No viable dags retrieved from /opt/airflow/dags/import_from_git.py
[2026-03-17T13:39:20.632+0000] {processor.py:208} INFO - Processing /opt/airflow/dags/import_from_git.py took 0.104 seconds
[2026-03-17T13:40:15.626+0000] {processor.py:186} INFO - Started process (PID=5846) to work on /opt/airflow/dags/import_from_git.py
[2026-03-17T13:40:15.628+0000] {processor.py:914} INFO - Processing file /opt/airflow/dags/import_from_git.py for tasks to queue
[2026-03-17T13:40:15.633+0000] {logging_mixin.py:190} INFO - [2026-03-17T13:40:15.632+0000] {dagbag.py:588} INFO - Filling up the DagBag from /opt/airflow/dags/import_from_git.py
[2026-03-17T13:40:15.698+0000] {logging_mixin.py:190} INFO - [2026-03-17T13:40:15.695+0000] {dagbag.py:387} ERROR - Failed to import: /opt/airflow/dags/import_from_git.py
Traceback (most recent call last):
  File "/home/airflow/.local/lib/python3.12/site-packages/airflow/models/dagbag.py", line 383, in parse
    loader.exec_module(new_module)
  File "<frozen importlib._bootstrap_external>", line 999, in exec_module
  File "<frozen importlib._bootstrap>", line 488, in _call_with_frames_removed
  File "/opt/airflow/dags/import_from_git.py", line 45, in <module>
    repo_links=get_link();
               ^^^^^^^^^^
  File "/opt/airflow/dags/import_from_git.py", line 4, in get_link
    repo_links=Variable.get("LINKS",deserialize_json=True)
               ^^^^^^^^^^^^^^^^^^^^^^^^^^^^^^^^^^^^^^^^^^^
  File "/home/airflow/.local/lib/python3.12/site-packages/airflow/models/variable.py", line 145, in get
    raise KeyError(f"Variable {key} does not exist")
KeyError: 'Variable LINKS does not exist'
[2026-03-17T13:40:15.700+0000] {processor.py:927} WARNING - No viable dags retrieved from /opt/airflow/dags/import_from_git.py
[2026-03-17T13:40:15.736+0000] {processor.py:208} INFO - Processing /opt/airflow/dags/import_from_git.py took 0.125 seconds
[2026-03-17T13:41:11.574+0000] {processor.py:186} INFO - Started process (PID=5882) to work on /opt/airflow/dags/import_from_git.py
[2026-03-17T13:41:11.576+0000] {processor.py:914} INFO - Processing file /opt/airflow/dags/import_from_git.py for tasks to queue
[2026-03-17T13:41:11.581+0000] {logging_mixin.py:190} INFO - [2026-03-17T13:41:11.580+0000] {dagbag.py:588} INFO - Filling up the DagBag from /opt/airflow/dags/import_from_git.py
[2026-03-17T13:41:11.641+0000] {logging_mixin.py:190} INFO - [2026-03-17T13:41:11.637+0000] {dagbag.py:387} ERROR - Failed to import: /opt/airflow/dags/import_from_git.py
Traceback (most recent call last):
  File "/home/airflow/.local/lib/python3.12/site-packages/airflow/models/dagbag.py", line 383, in parse
    loader.exec_module(new_module)
  File "<frozen importlib._bootstrap_external>", line 999, in exec_module
  File "<frozen importlib._bootstrap>", line 488, in _call_with_frames_removed
  File "/opt/airflow/dags/import_from_git.py", line 45, in <module>
    repo_links=get_link();
               ^^^^^^^^^^
  File "/opt/airflow/dags/import_from_git.py", line 4, in get_link
    repo_links=Variable.get("LINKS",deserialize_json=True)
               ^^^^^^^^^^^^^^^^^^^^^^^^^^^^^^^^^^^^^^^^^^^
  File "/home/airflow/.local/lib/python3.12/site-packages/airflow/models/variable.py", line 145, in get
    raise KeyError(f"Variable {key} does not exist")
KeyError: 'Variable LINKS does not exist'
[2026-03-17T13:41:11.643+0000] {processor.py:927} WARNING - No viable dags retrieved from /opt/airflow/dags/import_from_git.py
[2026-03-17T13:41:11.665+0000] {processor.py:208} INFO - Processing /opt/airflow/dags/import_from_git.py took 0.105 seconds
[2026-03-17T14:41:52.822+0000] {processor.py:186} INFO - Started process (PID=5918) to work on /opt/airflow/dags/import_from_git.py
[2026-03-17T14:41:52.825+0000] {processor.py:914} INFO - Processing file /opt/airflow/dags/import_from_git.py for tasks to queue
[2026-03-17T14:41:52.831+0000] {logging_mixin.py:190} INFO - [2026-03-17T14:41:52.831+0000] {dagbag.py:588} INFO - Filling up the DagBag from /opt/airflow/dags/import_from_git.py
[2026-03-17T14:41:52.882+0000] {logging_mixin.py:190} INFO - [2026-03-17T14:41:52.879+0000] {dagbag.py:387} ERROR - Failed to import: /opt/airflow/dags/import_from_git.py
Traceback (most recent call last):
  File "/home/airflow/.local/lib/python3.12/site-packages/airflow/models/dagbag.py", line 383, in parse
    loader.exec_module(new_module)
  File "<frozen importlib._bootstrap_external>", line 999, in exec_module
  File "<frozen importlib._bootstrap>", line 488, in _call_with_frames_removed
  File "/opt/airflow/dags/import_from_git.py", line 45, in <module>
    repo_links=get_link();
               ^^^^^^^^^^
  File "/opt/airflow/dags/import_from_git.py", line 4, in get_link
    repo_links=Variable.get("LINKS",deserialize_json=True)
               ^^^^^^^^^^^^^^^^^^^^^^^^^^^^^^^^^^^^^^^^^^^
  File "/home/airflow/.local/lib/python3.12/site-packages/airflow/models/variable.py", line 145, in get
    raise KeyError(f"Variable {key} does not exist")
KeyError: 'Variable LINKS does not exist'
[2026-03-17T14:41:52.883+0000] {processor.py:927} WARNING - No viable dags retrieved from /opt/airflow/dags/import_from_git.py
[2026-03-17T14:41:52.907+0000] {processor.py:208} INFO - Processing /opt/airflow/dags/import_from_git.py took 0.099 seconds
[2026-03-17T17:58:45.595+0000] {processor.py:186} INFO - Started process (PID=5954) to work on /opt/airflow/dags/import_from_git.py
[2026-03-17T17:58:45.597+0000] {processor.py:914} INFO - Processing file /opt/airflow/dags/import_from_git.py for tasks to queue
[2026-03-17T17:58:45.603+0000] {logging_mixin.py:190} INFO - [2026-03-17T17:58:45.602+0000] {dagbag.py:588} INFO - Filling up the DagBag from /opt/airflow/dags/import_from_git.py
[2026-03-17T17:58:45.663+0000] {logging_mixin.py:190} INFO - [2026-03-17T17:58:45.659+0000] {dagbag.py:387} ERROR - Failed to import: /opt/airflow/dags/import_from_git.py
Traceback (most recent call last):
  File "/home/airflow/.local/lib/python3.12/site-packages/airflow/models/dagbag.py", line 383, in parse
    loader.exec_module(new_module)
  File "<frozen importlib._bootstrap_external>", line 999, in exec_module
  File "<frozen importlib._bootstrap>", line 488, in _call_with_frames_removed
  File "/opt/airflow/dags/import_from_git.py", line 45, in <module>
    repo_links=get_link();
               ^^^^^^^^^^
  File "/opt/airflow/dags/import_from_git.py", line 4, in get_link
    repo_links=Variable.get("LINKS",deserialize_json=True)
               ^^^^^^^^^^^^^^^^^^^^^^^^^^^^^^^^^^^^^^^^^^^
  File "/home/airflow/.local/lib/python3.12/site-packages/airflow/models/variable.py", line 145, in get
    raise KeyError(f"Variable {key} does not exist")
KeyError: 'Variable LINKS does not exist'
[2026-03-17T17:58:45.664+0000] {processor.py:927} WARNING - No viable dags retrieved from /opt/airflow/dags/import_from_git.py
[2026-03-17T17:58:45.694+0000] {processor.py:208} INFO - Processing /opt/airflow/dags/import_from_git.py took 0.117 seconds
