[2026-04-04T15:52:44.322+0000] {local_task_job_runner.py:123} INFO - ::group::Pre task execution logs
[2026-04-04T15:52:44.356+0000] {taskinstance.py:2614} INFO - Dependencies all met for dep_context=non-requeueable deps ti=<TaskInstance: credit_applications_pipeline.check_yesterday_data scheduled__2026-04-03T00:00:00+00:00 [queued]>
[2026-04-04T15:52:44.371+0000] {taskinstance.py:2614} INFO - Dependencies all met for dep_context=requeueable deps ti=<TaskInstance: credit_applications_pipeline.check_yesterday_data scheduled__2026-04-03T00:00:00+00:00 [queued]>
[2026-04-04T15:52:44.371+0000] {taskinstance.py:2867} INFO - Starting attempt 1 of 2
[2026-04-04T15:52:44.394+0000] {taskinstance.py:2890} INFO - Executing <Task(SqlSensor): check_yesterday_data> on 2026-04-03 00:00:00+00:00
[2026-04-04T15:52:44.411+0000] {standard_task_runner.py:104} INFO - Running: ['***', 'tasks', 'run', 'credit_applications_pipeline', 'check_yesterday_data', 'scheduled__2026-04-03T00:00:00+00:00', '--job-id', '30', '--raw', '--subdir', 'DAGS_FOLDER/final_***.py', '--cfg-path', '/tmp/tmp_fov6xve']
[2026-04-04T15:52:44.414+0000] {standard_task_runner.py:105} INFO - Job 30: Subtask check_yesterday_data
[2026-04-04T15:52:44.417+0000] {logging_mixin.py:190} WARNING - /home/***/.local/lib/python3.12/site-packages/***/task/task_runner/standard_task_runner.py:70 DeprecationWarning: This process (pid=15340) is multi-threaded, use of fork() may lead to deadlocks in the child.
[2026-04-04T15:52:44.418+0000] {standard_task_runner.py:72} INFO - Started process 15343 to run task
[2026-04-04T15:52:44.498+0000] {task_command.py:467} INFO - Running <TaskInstance: credit_applications_pipeline.check_yesterday_data scheduled__2026-04-03T00:00:00+00:00 [running]> on host da731042e3a5
[2026-04-04T15:52:44.628+0000] {taskinstance.py:3134} INFO - Exporting env vars: AIRFLOW_CTX_DAG_OWNER='***' AIRFLOW_CTX_DAG_ID='credit_applications_pipeline' AIRFLOW_CTX_TASK_ID='check_yesterday_data' AIRFLOW_CTX_EXECUTION_DATE='2026-04-03T00:00:00+00:00' AIRFLOW_CTX_TRY_NUMBER='1' AIRFLOW_CTX_DAG_RUN_ID='scheduled__2026-04-03T00:00:00+00:00'
[2026-04-04T15:52:44.629+0000] {taskinstance.py:732} INFO - ::endgroup::
[2026-04-04T15:52:44.671+0000] {base.py:84} INFO - Retrieving connection 'pg_baza'
[2026-04-04T15:52:44.674+0000] {sql.py:102} INFO - Poking: 
            SELECT COUNT(*)
            FROM credit_applications
            WHERE application_date = '2026-04-03'
         (with parameters None)
[2026-04-04T15:52:44.686+0000] {base.py:84} INFO - Retrieving connection 'pg_baza'
[2026-04-04T15:52:44.695+0000] {sql.py:511} INFO - Running statement: 
            SELECT COUNT(*)
            FROM credit_applications
            WHERE application_date = '2026-04-03'
        , parameters: None
[2026-04-04T15:52:44.697+0000] {sql.py:520} INFO - Rows affected: 1
[2026-04-04T15:52:44.704+0000] {logging_mixin.py:190} WARNING - /home/***/.local/lib/python3.12/site-packages/***/providers/common/sql/hooks/sql.py:470 DeprecationWarning: Import of fetch_all_handler from the '***.providers.common.sql.hooks' module is deprecated and will
be removed in the future. Please import it from '***.providers.common.sql.hooks.handlers'.
[2026-04-04T15:52:44.706+0000] {logging_mixin.py:190} WARNING - /home/***/.local/lib/python3.12/site-packages/***/providers/common/sql/hooks/sql.py:471 DeprecationWarning: Import of return_single_query_results from the '***.providers.common.sql.hooks' module is deprecated and will
be removed in the future. Please import it from '***.providers.common.sql.hooks.handlers'.
[2026-04-04T15:52:44.708+0000] {logging_mixin.py:190} WARNING - /home/***/.local/lib/python3.12/site-packages/***/providers/common/sql/hooks/sql.py:486 DeprecationWarning: Import of return_single_query_results from the '***.providers.common.sql.hooks' module is deprecated and will
be removed in the future. Please import it from '***.providers.common.sql.hooks.handlers'.
[2026-04-04T15:52:44.709+0000] {base.py:339} INFO - Success criteria met. Exiting.
[2026-04-04T15:52:44.724+0000] {taskinstance.py:341} INFO - ::group::Post task execution logs
[2026-04-04T15:52:44.725+0000] {taskinstance.py:353} INFO - Marking task as SUCCESS. dag_id=credit_applications_pipeline, task_id=check_yesterday_data, run_id=scheduled__2026-04-03T00:00:00+00:00, execution_date=20260403T000000, start_date=20260404T155244, end_date=20260404T155244
[2026-04-04T15:52:44.794+0000] {local_task_job_runner.py:266} INFO - Task exited with return code 0
[2026-04-04T15:52:44.834+0000] {taskinstance.py:3901} INFO - 0 downstream tasks scheduled from follow-on schedule check
[2026-04-04T15:52:44.835+0000] {local_task_job_runner.py:245} INFO - ::endgroup::
