[2026-03-15T10:13:51.882+0000] {local_task_job_runner.py:123} INFO - ::group::Pre task execution logs
[2026-03-15T10:13:51.920+0000] {taskinstance.py:2614} INFO - Dependencies all met for dep_context=non-requeueable deps ti=<TaskInstance: send_to_minio.connect_to_minio manual__2026-03-15T10:13:49.768501+00:00 [queued]>
[2026-03-15T10:13:51.937+0000] {taskinstance.py:2614} INFO - Dependencies all met for dep_context=requeueable deps ti=<TaskInstance: send_to_minio.connect_to_minio manual__2026-03-15T10:13:49.768501+00:00 [queued]>
[2026-03-15T10:13:51.937+0000] {taskinstance.py:2867} INFO - Starting attempt 1 of 1
[2026-03-15T10:13:51.957+0000] {taskinstance.py:2890} INFO - Executing <Task(BashOperator): connect_to_minio> on 2026-03-15 10:13:49.768501+00:00
[2026-03-15T10:13:51.972+0000] {logging_mixin.py:190} WARNING - /home/***/.local/lib/python3.12/site-packages/***/task/task_runner/standard_task_runner.py:70 DeprecationWarning: This process (pid=7663) is multi-threaded, use of fork() may lead to deadlocks in the child.
[2026-03-15T10:13:51.973+0000] {standard_task_runner.py:72} INFO - Started process 7664 to run task
[2026-03-15T10:13:51.970+0000] {standard_task_runner.py:104} INFO - Running: ['***', 'tasks', 'run', 'send_to_minio', 'connect_to_minio', 'manual__2026-03-15T10:13:49.768501+00:00', '--job-id', '36', '--raw', '--subdir', 'DAGS_FOLDER/send_to_minio.py', '--cfg-path', '/tmp/tmp4dawxkzx']
[2026-03-15T10:13:51.974+0000] {standard_task_runner.py:105} INFO - Job 36: Subtask connect_to_minio
[2026-03-15T10:13:52.054+0000] {task_command.py:467} INFO - Running <TaskInstance: send_to_minio.connect_to_minio manual__2026-03-15T10:13:49.768501+00:00 [running]> on host e073b635a9aa
[2026-03-15T10:13:52.190+0000] {taskinstance.py:3134} INFO - Exporting env vars: AIRFLOW_CTX_DAG_OWNER='nurgun' AIRFLOW_CTX_DAG_ID='send_to_minio' AIRFLOW_CTX_TASK_ID='connect_to_minio' AIRFLOW_CTX_EXECUTION_DATE='2026-03-15T10:13:49.768501+00:00' AIRFLOW_CTX_TRY_NUMBER='1' AIRFLOW_CTX_DAG_RUN_ID='manual__2026-03-15T10:13:49.768501+00:00'
[2026-03-15T10:13:52.191+0000] {taskinstance.py:732} INFO - ::endgroup::
[2026-03-15T10:13:52.205+0000] {subprocess.py:78} INFO - Tmp dir root location: /tmp
[2026-03-15T10:13:52.206+0000] {subprocess.py:88} INFO - Running command: ['/usr/bin/bash', '-c', "mc alias set myminio http://minio:9000 $MINIO_ROOT_USER $MINIO_ROOT_PASSWORD && echo 'success'"]
[2026-03-15T10:13:52.223+0000] {subprocess.py:99} INFO - Output:
[2026-03-15T10:13:52.270+0000] {subprocess.py:106} INFO - Added `myminio` successfully.
[2026-03-15T10:13:52.273+0000] {subprocess.py:106} INFO - success
[2026-03-15T10:13:52.274+0000] {subprocess.py:110} INFO - Command exited with return code 0
[2026-03-15T10:13:52.332+0000] {taskinstance.py:341} INFO - ::group::Post task execution logs
[2026-03-15T10:13:52.333+0000] {taskinstance.py:353} INFO - Marking task as SUCCESS. dag_id=send_to_minio, task_id=connect_to_minio, run_id=manual__2026-03-15T10:13:49.768501+00:00, execution_date=20260315T101349, start_date=20260315T101351, end_date=20260315T101352
[2026-03-15T10:13:52.429+0000] {local_task_job_runner.py:266} INFO - Task exited with return code 0
[2026-03-15T10:13:52.485+0000] {taskinstance.py:3901} INFO - 1 downstream tasks scheduled from follow-on schedule check
[2026-03-15T10:13:52.497+0000] {local_task_job_runner.py:245} INFO - ::endgroup::
