[2026-04-10T05:37:05.685+0000] {local_task_job_runner.py:123} INFO - ::group::Pre task execution logs
[2026-04-10T05:37:05.777+0000] {taskinstance.py:2614} INFO - Dependencies all met for dep_context=non-requeueable deps ti=<TaskInstance: credit_applications_pipeline.tg_precheck.check_yesterday_data scheduled__2026-04-07T00:00:00+00:00 [queued]>
[2026-04-10T05:37:05.807+0000] {taskinstance.py:2614} INFO - Dependencies all met for dep_context=requeueable deps ti=<TaskInstance: credit_applications_pipeline.tg_precheck.check_yesterday_data scheduled__2026-04-07T00:00:00+00:00 [queued]>
[2026-04-10T05:37:05.808+0000] {taskinstance.py:2867} INFO - Starting attempt 2 of 2
[2026-04-10T05:37:05.846+0000] {taskinstance.py:2890} INFO - Executing <Task(SqlSensor): tg_precheck.check_yesterday_data> on 2026-04-07 00:00:00+00:00
[2026-04-10T05:37:05.899+0000] {logging_mixin.py:190} WARNING - /home/***/.local/lib/python3.12/site-packages/***/task/task_runner/standard_task_runner.py:70 DeprecationWarning: This process (pid=197) is multi-threaded, use of fork() may lead to deadlocks in the child.
[2026-04-10T05:37:05.900+0000] {standard_task_runner.py:72} INFO - Started process 217 to run task
[2026-04-10T05:37:05.897+0000] {standard_task_runner.py:104} INFO - Running: ['***', 'tasks', 'run', 'credit_applications_pipeline', 'tg_precheck.check_yesterday_data', 'scheduled__2026-04-07T00:00:00+00:00', '--job-id', '82', '--raw', '--subdir', 'DAGS_FOLDER/final_***.py', '--cfg-path', '/tmp/tmp9q78diu4']
[2026-04-10T05:37:05.905+0000] {standard_task_runner.py:105} INFO - Job 82: Subtask tg_precheck.check_yesterday_data
[2026-04-10T05:37:06.165+0000] {task_command.py:467} INFO - Running <TaskInstance: credit_applications_pipeline.tg_precheck.check_yesterday_data scheduled__2026-04-07T00:00:00+00:00 [running]> on host da731042e3a5
[2026-04-10T05:37:06.450+0000] {taskinstance.py:3134} INFO - Exporting env vars: AIRFLOW_CTX_DAG_OWNER='***' AIRFLOW_CTX_DAG_ID='credit_applications_pipeline' AIRFLOW_CTX_TASK_ID='tg_precheck.check_yesterday_data' AIRFLOW_CTX_EXECUTION_DATE='2026-04-07T00:00:00+00:00' AIRFLOW_CTX_TRY_NUMBER='2' AIRFLOW_CTX_DAG_RUN_ID='scheduled__2026-04-07T00:00:00+00:00'
[2026-04-10T05:37:06.452+0000] {taskinstance.py:732} INFO - ::endgroup::
[2026-04-10T05:37:06.574+0000] {base.py:84} INFO - Retrieving connection 'pg_baza'
[2026-04-10T05:37:06.579+0000] {sql.py:102} INFO - Poking: 
                SELECT COUNT(*)
                FROM credit_applications
                WHERE application_date = '2026-04-07'
             (with parameters None)
[2026-04-10T05:37:06.612+0000] {base.py:84} INFO - Retrieving connection 'pg_baza'
[2026-04-10T05:37:06.649+0000] {sql.py:511} INFO - Running statement: 
                SELECT COUNT(*)
                FROM credit_applications
                WHERE application_date = '2026-04-07'
            , parameters: None
[2026-04-10T05:37:06.668+0000] {sql.py:520} INFO - Rows affected: 1
[2026-04-10T05:37:06.680+0000] {logging_mixin.py:190} WARNING - /home/***/.local/lib/python3.12/site-packages/***/providers/common/sql/hooks/sql.py:470 DeprecationWarning: Import of fetch_all_handler from the '***.providers.common.sql.hooks' module is deprecated and will
be removed in the future. Please import it from '***.providers.common.sql.hooks.handlers'.
[2026-04-10T05:37:06.684+0000] {logging_mixin.py:190} WARNING - /home/***/.local/lib/python3.12/site-packages/***/providers/common/sql/hooks/sql.py:471 DeprecationWarning: Import of return_single_query_results from the '***.providers.common.sql.hooks' module is deprecated and will
be removed in the future. Please import it from '***.providers.common.sql.hooks.handlers'.
[2026-04-10T05:37:06.691+0000] {logging_mixin.py:190} WARNING - /home/***/.local/lib/python3.12/site-packages/***/providers/common/sql/hooks/sql.py:486 DeprecationWarning: Import of return_single_query_results from the '***.providers.common.sql.hooks' module is deprecated and will
be removed in the future. Please import it from '***.providers.common.sql.hooks.handlers'.
[2026-04-10T05:37:36.713+0000] {base.py:84} INFO - Retrieving connection 'pg_baza'
[2026-04-10T05:37:36.714+0000] {sql.py:102} INFO - Poking: 
                SELECT COUNT(*)
                FROM credit_applications
                WHERE application_date = '2026-04-07'
             (with parameters None)
[2026-04-10T05:37:36.732+0000] {base.py:84} INFO - Retrieving connection 'pg_baza'
[2026-04-10T05:37:36.744+0000] {sql.py:511} INFO - Running statement: 
                SELECT COUNT(*)
                FROM credit_applications
                WHERE application_date = '2026-04-07'
            , parameters: None
[2026-04-10T05:37:36.746+0000] {sql.py:520} INFO - Rows affected: 1
[2026-04-10T05:38:06.759+0000] {base.py:84} INFO - Retrieving connection 'pg_baza'
[2026-04-10T05:38:06.759+0000] {sql.py:102} INFO - Poking: 
                SELECT COUNT(*)
                FROM credit_applications
                WHERE application_date = '2026-04-07'
             (with parameters None)
[2026-04-10T05:38:06.772+0000] {base.py:84} INFO - Retrieving connection 'pg_baza'
[2026-04-10T05:38:06.782+0000] {sql.py:511} INFO - Running statement: 
                SELECT COUNT(*)
                FROM credit_applications
                WHERE application_date = '2026-04-07'
            , parameters: None
[2026-04-10T05:38:06.784+0000] {sql.py:520} INFO - Rows affected: 1
[2026-04-10T05:38:36.797+0000] {base.py:84} INFO - Retrieving connection 'pg_baza'
[2026-04-10T05:38:36.798+0000] {sql.py:102} INFO - Poking: 
                SELECT COUNT(*)
                FROM credit_applications
                WHERE application_date = '2026-04-07'
             (with parameters None)
[2026-04-10T05:38:36.809+0000] {base.py:84} INFO - Retrieving connection 'pg_baza'
[2026-04-10T05:38:36.815+0000] {sql.py:511} INFO - Running statement: 
                SELECT COUNT(*)
                FROM credit_applications
                WHERE application_date = '2026-04-07'
            , parameters: None
[2026-04-10T05:38:36.817+0000] {sql.py:520} INFO - Rows affected: 1
[2026-04-10T05:39:06.831+0000] {base.py:84} INFO - Retrieving connection 'pg_baza'
[2026-04-10T05:39:06.832+0000] {sql.py:102} INFO - Poking: 
                SELECT COUNT(*)
                FROM credit_applications
                WHERE application_date = '2026-04-07'
             (with parameters None)
[2026-04-10T05:39:06.862+0000] {base.py:84} INFO - Retrieving connection 'pg_baza'
[2026-04-10T05:39:06.877+0000] {sql.py:511} INFO - Running statement: 
                SELECT COUNT(*)
                FROM credit_applications
                WHERE application_date = '2026-04-07'
            , parameters: None
[2026-04-10T05:39:06.900+0000] {sql.py:520} INFO - Rows affected: 1
[2026-04-10T05:39:36.917+0000] {base.py:84} INFO - Retrieving connection 'pg_baza'
[2026-04-10T05:39:36.918+0000] {sql.py:102} INFO - Poking: 
                SELECT COUNT(*)
                FROM credit_applications
                WHERE application_date = '2026-04-07'
             (with parameters None)
[2026-04-10T05:39:36.933+0000] {base.py:84} INFO - Retrieving connection 'pg_baza'
[2026-04-10T05:39:36.944+0000] {sql.py:511} INFO - Running statement: 
                SELECT COUNT(*)
                FROM credit_applications
                WHERE application_date = '2026-04-07'
            , parameters: None
[2026-04-10T05:39:36.946+0000] {sql.py:520} INFO - Rows affected: 1
[2026-04-10T05:40:06.965+0000] {base.py:84} INFO - Retrieving connection 'pg_baza'
[2026-04-10T05:40:06.966+0000] {sql.py:102} INFO - Poking: 
                SELECT COUNT(*)
                FROM credit_applications
                WHERE application_date = '2026-04-07'
             (with parameters None)
[2026-04-10T05:40:06.980+0000] {base.py:84} INFO - Retrieving connection 'pg_baza'
[2026-04-10T05:40:06.989+0000] {sql.py:511} INFO - Running statement: 
                SELECT COUNT(*)
                FROM credit_applications
                WHERE application_date = '2026-04-07'
            , parameters: None
[2026-04-10T05:40:06.992+0000] {sql.py:520} INFO - Rows affected: 1
[2026-04-10T05:40:37.007+0000] {base.py:84} INFO - Retrieving connection 'pg_baza'
[2026-04-10T05:40:37.008+0000] {sql.py:102} INFO - Poking: 
                SELECT COUNT(*)
                FROM credit_applications
                WHERE application_date = '2026-04-07'
             (with parameters None)
[2026-04-10T05:40:37.022+0000] {base.py:84} INFO - Retrieving connection 'pg_baza'
[2026-04-10T05:40:37.033+0000] {sql.py:511} INFO - Running statement: 
                SELECT COUNT(*)
                FROM credit_applications
                WHERE application_date = '2026-04-07'
            , parameters: None
[2026-04-10T05:40:37.036+0000] {sql.py:520} INFO - Rows affected: 1
[2026-04-10T05:41:07.056+0000] {base.py:84} INFO - Retrieving connection 'pg_baza'
[2026-04-10T05:41:07.057+0000] {sql.py:102} INFO - Poking: 
                SELECT COUNT(*)
                FROM credit_applications
                WHERE application_date = '2026-04-07'
             (with parameters None)
[2026-04-10T05:41:07.072+0000] {base.py:84} INFO - Retrieving connection 'pg_baza'
[2026-04-10T05:41:07.082+0000] {sql.py:511} INFO - Running statement: 
                SELECT COUNT(*)
                FROM credit_applications
                WHERE application_date = '2026-04-07'
            , parameters: None
[2026-04-10T05:41:07.085+0000] {sql.py:520} INFO - Rows affected: 1
[2026-04-10T05:41:37.103+0000] {base.py:84} INFO - Retrieving connection 'pg_baza'
[2026-04-10T05:41:37.104+0000] {sql.py:102} INFO - Poking: 
                SELECT COUNT(*)
                FROM credit_applications
                WHERE application_date = '2026-04-07'
             (with parameters None)
[2026-04-10T05:41:37.117+0000] {base.py:84} INFO - Retrieving connection 'pg_baza'
[2026-04-10T05:41:37.127+0000] {sql.py:511} INFO - Running statement: 
                SELECT COUNT(*)
                FROM credit_applications
                WHERE application_date = '2026-04-07'
            , parameters: None
[2026-04-10T05:41:37.129+0000] {sql.py:520} INFO - Rows affected: 1
[2026-04-10T05:42:07.141+0000] {base.py:84} INFO - Retrieving connection 'pg_baza'
[2026-04-10T05:42:07.143+0000] {sql.py:102} INFO - Poking: 
                SELECT COUNT(*)
                FROM credit_applications
                WHERE application_date = '2026-04-07'
             (with parameters None)
[2026-04-10T05:42:07.154+0000] {base.py:84} INFO - Retrieving connection 'pg_baza'
[2026-04-10T05:42:07.163+0000] {sql.py:511} INFO - Running statement: 
                SELECT COUNT(*)
                FROM credit_applications
                WHERE application_date = '2026-04-07'
            , parameters: None
[2026-04-10T05:42:07.164+0000] {sql.py:520} INFO - Rows affected: 1
[2026-04-10T05:42:07.165+0000] {taskinstance.py:302} INFO - Sensor has timed out; run duration of 300.620001793 seconds exceeds the specified timeout of 300.0.
[2026-04-10T05:42:07.213+0000] {taskinstance.py:341} INFO - ::group::Post task execution logs
[2026-04-10T05:42:07.213+0000] {taskinstance.py:353} INFO - Marking task as SKIPPED. dag_id=credit_applications_pipeline, task_id=tg_precheck.check_yesterday_data, run_id=scheduled__2026-04-07T00:00:00+00:00, execution_date=20260407T000000, start_date=20260410T053705, end_date=20260410T054207
[2026-04-10T05:42:07.284+0000] {local_task_job_runner.py:266} INFO - Task exited with return code 0
[2026-04-10T05:42:07.332+0000] {taskinstance.py:3901} INFO - 1 downstream tasks scheduled from follow-on schedule check
[2026-04-10T05:42:07.334+0000] {local_task_job_runner.py:245} INFO - ::endgroup::
