[2026-04-08T04:07:30.137+0000] {local_task_job_runner.py:123} INFO - ::group::Pre task execution logs
[2026-04-08T04:07:30.186+0000] {taskinstance.py:2614} INFO - Dependencies all met for dep_context=non-requeueable deps ti=<TaskInstance: credit_applications_pipeline.tg_precheck.check_yesterday_data scheduled__2026-04-07T00:00:00+00:00 [queued]>
[2026-04-08T04:07:30.209+0000] {taskinstance.py:2614} INFO - Dependencies all met for dep_context=requeueable deps ti=<TaskInstance: credit_applications_pipeline.tg_precheck.check_yesterday_data scheduled__2026-04-07T00:00:00+00:00 [queued]>
[2026-04-08T04:07:30.210+0000] {taskinstance.py:2867} INFO - Starting attempt 1 of 2
[2026-04-08T04:07:30.252+0000] {taskinstance.py:2890} INFO - Executing <Task(SqlSensor): tg_precheck.check_yesterday_data> on 2026-04-07 00:00:00+00:00
[2026-04-08T04:07:30.275+0000] {standard_task_runner.py:104} INFO - Running: ['***', 'tasks', 'run', 'credit_applications_pipeline', 'tg_precheck.check_yesterday_data', 'scheduled__2026-04-07T00:00:00+00:00', '--job-id', '79', '--raw', '--subdir', 'DAGS_FOLDER/final_***.py', '--cfg-path', '/tmp/tmpyfjhguso']
[2026-04-08T04:07:30.280+0000] {standard_task_runner.py:105} INFO - Job 79: Subtask tg_precheck.check_yesterday_data
[2026-04-08T04:07:30.284+0000] {logging_mixin.py:190} WARNING - /home/***/.local/lib/python3.12/site-packages/***/task/task_runner/standard_task_runner.py:70 DeprecationWarning: This process (pid=19933) is multi-threaded, use of fork() may lead to deadlocks in the child.
[2026-04-08T04:07:30.286+0000] {standard_task_runner.py:72} INFO - Started process 19953 to run task
[2026-04-08T04:07:30.383+0000] {task_command.py:467} INFO - Running <TaskInstance: credit_applications_pipeline.tg_precheck.check_yesterday_data scheduled__2026-04-07T00:00:00+00:00 [running]> on host da731042e3a5
[2026-04-08T04:07:30.550+0000] {taskinstance.py:3134} INFO - Exporting env vars: AIRFLOW_CTX_DAG_OWNER='***' AIRFLOW_CTX_DAG_ID='credit_applications_pipeline' AIRFLOW_CTX_TASK_ID='tg_precheck.check_yesterday_data' AIRFLOW_CTX_EXECUTION_DATE='2026-04-07T00:00:00+00:00' AIRFLOW_CTX_TRY_NUMBER='1' AIRFLOW_CTX_DAG_RUN_ID='scheduled__2026-04-07T00:00:00+00:00'
[2026-04-08T04:07:30.552+0000] {taskinstance.py:732} INFO - ::endgroup::
[2026-04-08T04:07:30.609+0000] {base.py:84} INFO - Retrieving connection 'pg_baza'
[2026-04-08T04:07:30.618+0000] {sql.py:102} INFO - Poking: 
                SELECT COUNT(*)
                FROM credit_applications
                WHERE application_date = '2026-04-07'
             (with parameters None)
[2026-04-08T04:07:30.636+0000] {base.py:84} INFO - Retrieving connection 'pg_baza'
[2026-04-08T04:07:30.648+0000] {sql.py:511} INFO - Running statement: 
                SELECT COUNT(*)
                FROM credit_applications
                WHERE application_date = '2026-04-07'
            , parameters: None
[2026-04-08T04:07:30.650+0000] {sql.py:520} INFO - Rows affected: 1
[2026-04-08T04:07:30.660+0000] {logging_mixin.py:190} WARNING - /home/***/.local/lib/python3.12/site-packages/***/providers/common/sql/hooks/sql.py:470 DeprecationWarning: Import of fetch_all_handler from the '***.providers.common.sql.hooks' module is deprecated and will
be removed in the future. Please import it from '***.providers.common.sql.hooks.handlers'.
[2026-04-08T04:07:30.664+0000] {logging_mixin.py:190} WARNING - /home/***/.local/lib/python3.12/site-packages/***/providers/common/sql/hooks/sql.py:471 DeprecationWarning: Import of return_single_query_results from the '***.providers.common.sql.hooks' module is deprecated and will
be removed in the future. Please import it from '***.providers.common.sql.hooks.handlers'.
[2026-04-08T04:07:30.667+0000] {logging_mixin.py:190} WARNING - /home/***/.local/lib/python3.12/site-packages/***/providers/common/sql/hooks/sql.py:486 DeprecationWarning: Import of return_single_query_results from the '***.providers.common.sql.hooks' module is deprecated and will
be removed in the future. Please import it from '***.providers.common.sql.hooks.handlers'.
[2026-04-08T04:35:48.772+0000] {base.py:84} INFO - Retrieving connection 'pg_baza'
[2026-04-08T04:35:48.773+0000] {sql.py:102} INFO - Poking: 
                SELECT COUNT(*)
                FROM credit_applications
                WHERE application_date = '2026-04-07'
             (with parameters None)
[2026-04-08T04:35:48.796+0000] {base.py:84} INFO - Retrieving connection 'pg_baza'
[2026-04-08T04:35:48.807+0000] {sql.py:511} INFO - Running statement: 
                SELECT COUNT(*)
                FROM credit_applications
                WHERE application_date = '2026-04-07'
            , parameters: None
[2026-04-08T04:35:48.807+0000] {job.py:229} INFO - Heartbeat recovered after 1673.18 seconds
[2026-04-08T04:35:48.809+0000] {sql.py:520} INFO - Rows affected: 1
