[2026-04-04T16:41:49.126+0000] {local_task_job_runner.py:123} INFO - ::group::Pre task execution logs
[2026-04-04T16:41:49.166+0000] {taskinstance.py:2614} INFO - Dependencies all met for dep_context=non-requeueable deps ti=<TaskInstance: credit_applications_pipeline.tg_precheck.check_yesterday_data manual__2026-04-04T16:41:46.977539+00:00 [queued]>
[2026-04-04T16:41:49.182+0000] {taskinstance.py:2614} INFO - Dependencies all met for dep_context=requeueable deps ti=<TaskInstance: credit_applications_pipeline.tg_precheck.check_yesterday_data manual__2026-04-04T16:41:46.977539+00:00 [queued]>
[2026-04-04T16:41:49.182+0000] {taskinstance.py:2867} INFO - Starting attempt 1 of 2
[2026-04-04T16:41:49.200+0000] {taskinstance.py:2890} INFO - Executing <Task(SqlSensor): tg_precheck.check_yesterday_data> on 2026-04-04 16:41:46.977539+00:00
[2026-04-04T16:41:49.215+0000] {standard_task_runner.py:104} INFO - Running: ['***', 'tasks', 'run', 'credit_applications_pipeline', 'tg_precheck.check_yesterday_data', 'manual__2026-04-04T16:41:46.977539+00:00', '--job-id', '46', '--raw', '--subdir', 'DAGS_FOLDER/final_***.py', '--cfg-path', '/tmp/tmpjmetzal4']
[2026-04-04T16:41:49.218+0000] {standard_task_runner.py:105} INFO - Job 46: Subtask tg_precheck.check_yesterday_data
[2026-04-04T16:41:49.225+0000] {logging_mixin.py:190} WARNING - /home/***/.local/lib/python3.12/site-packages/***/task/task_runner/standard_task_runner.py:70 DeprecationWarning: This process (pid=22828) is multi-threaded, use of fork() may lead to deadlocks in the child.
[2026-04-04T16:41:49.226+0000] {standard_task_runner.py:72} INFO - Started process 22830 to run task
[2026-04-04T16:41:49.295+0000] {task_command.py:467} INFO - Running <TaskInstance: credit_applications_pipeline.tg_precheck.check_yesterday_data manual__2026-04-04T16:41:46.977539+00:00 [running]> on host da731042e3a5
[2026-04-04T16:41:49.446+0000] {taskinstance.py:3134} INFO - Exporting env vars: AIRFLOW_CTX_DAG_OWNER='***' AIRFLOW_CTX_DAG_ID='credit_applications_pipeline' AIRFLOW_CTX_TASK_ID='tg_precheck.check_yesterday_data' AIRFLOW_CTX_EXECUTION_DATE='2026-04-04T16:41:46.977539+00:00' AIRFLOW_CTX_TRY_NUMBER='1' AIRFLOW_CTX_DAG_RUN_ID='manual__2026-04-04T16:41:46.977539+00:00'
[2026-04-04T16:41:49.447+0000] {taskinstance.py:732} INFO - ::endgroup::
[2026-04-04T16:41:49.491+0000] {base.py:84} INFO - Retrieving connection 'pg_baza'
[2026-04-04T16:41:49.496+0000] {sql.py:102} INFO - Poking: 
                SELECT COUNT(*)
                FROM credit_applications
                WHERE application_date = '2026-04-04'
             (with parameters None)
[2026-04-04T16:41:49.512+0000] {base.py:84} INFO - Retrieving connection 'pg_baza'
[2026-04-04T16:41:49.521+0000] {sql.py:511} INFO - Running statement: 
                SELECT COUNT(*)
                FROM credit_applications
                WHERE application_date = '2026-04-04'
            , parameters: None
[2026-04-04T16:41:49.524+0000] {sql.py:520} INFO - Rows affected: 1
[2026-04-04T16:41:49.533+0000] {logging_mixin.py:190} WARNING - /home/***/.local/lib/python3.12/site-packages/***/providers/common/sql/hooks/sql.py:470 DeprecationWarning: Import of fetch_all_handler from the '***.providers.common.sql.hooks' module is deprecated and will
be removed in the future. Please import it from '***.providers.common.sql.hooks.handlers'.
[2026-04-04T16:41:49.536+0000] {logging_mixin.py:190} WARNING - /home/***/.local/lib/python3.12/site-packages/***/providers/common/sql/hooks/sql.py:471 DeprecationWarning: Import of return_single_query_results from the '***.providers.common.sql.hooks' module is deprecated and will
be removed in the future. Please import it from '***.providers.common.sql.hooks.handlers'.
[2026-04-04T16:41:49.539+0000] {logging_mixin.py:190} WARNING - /home/***/.local/lib/python3.12/site-packages/***/providers/common/sql/hooks/sql.py:486 DeprecationWarning: Import of return_single_query_results from the '***.providers.common.sql.hooks' module is deprecated and will
be removed in the future. Please import it from '***.providers.common.sql.hooks.handlers'.
[2026-04-04T16:42:19.557+0000] {base.py:84} INFO - Retrieving connection 'pg_baza'
[2026-04-04T16:42:19.558+0000] {sql.py:102} INFO - Poking: 
                SELECT COUNT(*)
                FROM credit_applications
                WHERE application_date = '2026-04-04'
             (with parameters None)
[2026-04-04T16:42:19.578+0000] {base.py:84} INFO - Retrieving connection 'pg_baza'
[2026-04-04T16:42:19.593+0000] {sql.py:511} INFO - Running statement: 
                SELECT COUNT(*)
                FROM credit_applications
                WHERE application_date = '2026-04-04'
            , parameters: None
[2026-04-04T16:42:19.596+0000] {sql.py:520} INFO - Rows affected: 1
[2026-04-04T16:42:49.610+0000] {base.py:84} INFO - Retrieving connection 'pg_baza'
[2026-04-04T16:42:49.611+0000] {sql.py:102} INFO - Poking: 
                SELECT COUNT(*)
                FROM credit_applications
                WHERE application_date = '2026-04-04'
             (with parameters None)
[2026-04-04T16:42:49.622+0000] {base.py:84} INFO - Retrieving connection 'pg_baza'
[2026-04-04T16:42:49.632+0000] {sql.py:511} INFO - Running statement: 
                SELECT COUNT(*)
                FROM credit_applications
                WHERE application_date = '2026-04-04'
            , parameters: None
[2026-04-04T16:42:49.634+0000] {sql.py:520} INFO - Rows affected: 1
[2026-04-04T16:43:19.654+0000] {base.py:84} INFO - Retrieving connection 'pg_baza'
[2026-04-04T16:43:19.655+0000] {sql.py:102} INFO - Poking: 
                SELECT COUNT(*)
                FROM credit_applications
                WHERE application_date = '2026-04-04'
             (with parameters None)
[2026-04-04T16:43:19.666+0000] {base.py:84} INFO - Retrieving connection 'pg_baza'
[2026-04-04T16:43:19.678+0000] {sql.py:511} INFO - Running statement: 
                SELECT COUNT(*)
                FROM credit_applications
                WHERE application_date = '2026-04-04'
            , parameters: None
[2026-04-04T16:43:19.681+0000] {sql.py:520} INFO - Rows affected: 1
[2026-04-04T16:43:49.696+0000] {base.py:84} INFO - Retrieving connection 'pg_baza'
[2026-04-04T16:43:49.697+0000] {sql.py:102} INFO - Poking: 
                SELECT COUNT(*)
                FROM credit_applications
                WHERE application_date = '2026-04-04'
             (with parameters None)
[2026-04-04T16:43:49.710+0000] {base.py:84} INFO - Retrieving connection 'pg_baza'
[2026-04-04T16:43:49.720+0000] {sql.py:511} INFO - Running statement: 
                SELECT COUNT(*)
                FROM credit_applications
                WHERE application_date = '2026-04-04'
            , parameters: None
[2026-04-04T16:43:49.722+0000] {sql.py:520} INFO - Rows affected: 1
[2026-04-04T16:44:19.736+0000] {base.py:84} INFO - Retrieving connection 'pg_baza'
[2026-04-04T16:44:19.736+0000] {sql.py:102} INFO - Poking: 
                SELECT COUNT(*)
                FROM credit_applications
                WHERE application_date = '2026-04-04'
             (with parameters None)
[2026-04-04T16:44:19.749+0000] {base.py:84} INFO - Retrieving connection 'pg_baza'
[2026-04-04T16:44:19.758+0000] {sql.py:511} INFO - Running statement: 
                SELECT COUNT(*)
                FROM credit_applications
                WHERE application_date = '2026-04-04'
            , parameters: None
[2026-04-04T16:44:19.760+0000] {sql.py:520} INFO - Rows affected: 1
[2026-04-04T16:44:49.778+0000] {base.py:84} INFO - Retrieving connection 'pg_baza'
[2026-04-04T16:44:49.779+0000] {sql.py:102} INFO - Poking: 
                SELECT COUNT(*)
                FROM credit_applications
                WHERE application_date = '2026-04-04'
             (with parameters None)
[2026-04-04T16:44:49.796+0000] {base.py:84} INFO - Retrieving connection 'pg_baza'
[2026-04-04T16:44:49.807+0000] {sql.py:511} INFO - Running statement: 
                SELECT COUNT(*)
                FROM credit_applications
                WHERE application_date = '2026-04-04'
            , parameters: None
[2026-04-04T16:44:49.809+0000] {sql.py:520} INFO - Rows affected: 1
[2026-04-04T16:45:19.822+0000] {base.py:84} INFO - Retrieving connection 'pg_baza'
[2026-04-04T16:45:19.823+0000] {sql.py:102} INFO - Poking: 
                SELECT COUNT(*)
                FROM credit_applications
                WHERE application_date = '2026-04-04'
             (with parameters None)
[2026-04-04T16:45:19.838+0000] {base.py:84} INFO - Retrieving connection 'pg_baza'
[2026-04-04T16:45:19.848+0000] {sql.py:511} INFO - Running statement: 
                SELECT COUNT(*)
                FROM credit_applications
                WHERE application_date = '2026-04-04'
            , parameters: None
[2026-04-04T16:45:19.850+0000] {sql.py:520} INFO - Rows affected: 1
[2026-04-04T16:45:49.864+0000] {base.py:84} INFO - Retrieving connection 'pg_baza'
[2026-04-04T16:45:49.864+0000] {sql.py:102} INFO - Poking: 
                SELECT COUNT(*)
                FROM credit_applications
                WHERE application_date = '2026-04-04'
             (with parameters None)
[2026-04-04T16:45:49.876+0000] {base.py:84} INFO - Retrieving connection 'pg_baza'
[2026-04-04T16:45:49.884+0000] {sql.py:511} INFO - Running statement: 
                SELECT COUNT(*)
                FROM credit_applications
                WHERE application_date = '2026-04-04'
            , parameters: None
[2026-04-04T16:45:49.887+0000] {sql.py:520} INFO - Rows affected: 1
[2026-04-04T16:46:19.898+0000] {base.py:84} INFO - Retrieving connection 'pg_baza'
[2026-04-04T16:46:19.898+0000] {sql.py:102} INFO - Poking: 
                SELECT COUNT(*)
                FROM credit_applications
                WHERE application_date = '2026-04-04'
             (with parameters None)
[2026-04-04T16:46:19.911+0000] {base.py:84} INFO - Retrieving connection 'pg_baza'
[2026-04-04T16:46:19.920+0000] {sql.py:511} INFO - Running statement: 
                SELECT COUNT(*)
                FROM credit_applications
                WHERE application_date = '2026-04-04'
            , parameters: None
[2026-04-04T16:46:19.922+0000] {sql.py:520} INFO - Rows affected: 1
[2026-04-04T16:46:49.942+0000] {base.py:84} INFO - Retrieving connection 'pg_baza'
[2026-04-04T16:46:49.943+0000] {sql.py:102} INFO - Poking: 
                SELECT COUNT(*)
                FROM credit_applications
                WHERE application_date = '2026-04-04'
             (with parameters None)
[2026-04-04T16:46:49.961+0000] {base.py:84} INFO - Retrieving connection 'pg_baza'
[2026-04-04T16:46:49.970+0000] {sql.py:511} INFO - Running statement: 
                SELECT COUNT(*)
                FROM credit_applications
                WHERE application_date = '2026-04-04'
            , parameters: None
[2026-04-04T16:46:49.972+0000] {sql.py:520} INFO - Rows affected: 1
[2026-04-04T16:46:49.974+0000] {taskinstance.py:302} INFO - Sensor has timed out; run duration of 300.49800520400095 seconds exceeds the specified timeout of 300.0.
[2026-04-04T16:46:50.037+0000] {taskinstance.py:341} INFO - ::group::Post task execution logs
[2026-04-04T16:46:50.038+0000] {taskinstance.py:353} INFO - Marking task as SKIPPED. dag_id=credit_applications_pipeline, task_id=tg_precheck.check_yesterday_data, run_id=manual__2026-04-04T16:41:46.977539+00:00, execution_date=20260404T164146, start_date=20260404T164149, end_date=20260404T164650
[2026-04-04T16:46:50.104+0000] {local_task_job_runner.py:266} INFO - Task exited with return code 0
[2026-04-04T16:46:50.146+0000] {taskinstance.py:3901} INFO - 0 downstream tasks scheduled from follow-on schedule check
[2026-04-04T16:46:50.152+0000] {local_task_job_runner.py:245} INFO - ::endgroup::
