[2026-04-10T05:37:06.139+0000] {local_task_job_runner.py:123} INFO - ::group::Pre task execution logs
[2026-04-10T05:37:06.198+0000] {taskinstance.py:2614} INFO - Dependencies all met for dep_context=non-requeueable deps ti=<TaskInstance: credit_applications_pipeline.tg_precheck.check_yesterday_data scheduled__2026-04-09T00:00:00+00:00 [queued]>
[2026-04-10T05:37:06.221+0000] {taskinstance.py:2614} INFO - Dependencies all met for dep_context=requeueable deps ti=<TaskInstance: credit_applications_pipeline.tg_precheck.check_yesterday_data scheduled__2026-04-09T00:00:00+00:00 [queued]>
[2026-04-10T05:37:06.222+0000] {taskinstance.py:2867} INFO - Starting attempt 1 of 2
[2026-04-10T05:37:06.251+0000] {taskinstance.py:2890} INFO - Executing <Task(SqlSensor): tg_precheck.check_yesterday_data> on 2026-04-09 00:00:00+00:00
[2026-04-10T05:37:06.281+0000] {standard_task_runner.py:104} INFO - Running: ['***', 'tasks', 'run', 'credit_applications_pipeline', 'tg_precheck.check_yesterday_data', 'scheduled__2026-04-09T00:00:00+00:00', '--job-id', '85', '--raw', '--subdir', 'DAGS_FOLDER/final_***.py', '--cfg-path', '/tmp/tmphxulnojm']
[2026-04-10T05:37:06.285+0000] {standard_task_runner.py:105} INFO - Job 85: Subtask tg_precheck.check_yesterday_data
[2026-04-10T05:37:06.306+0000] {logging_mixin.py:190} WARNING - /home/***/.local/lib/python3.12/site-packages/***/task/task_runner/standard_task_runner.py:70 DeprecationWarning: This process (pid=207) is multi-threaded, use of fork() may lead to deadlocks in the child.
[2026-04-10T05:37:06.310+0000] {standard_task_runner.py:72} INFO - Started process 230 to run task
[2026-04-10T05:37:06.462+0000] {task_command.py:467} INFO - Running <TaskInstance: credit_applications_pipeline.tg_precheck.check_yesterday_data scheduled__2026-04-09T00:00:00+00:00 [running]> on host da731042e3a5
[2026-04-10T05:37:06.731+0000] {taskinstance.py:3134} INFO - Exporting env vars: AIRFLOW_CTX_DAG_OWNER='***' AIRFLOW_CTX_DAG_ID='credit_applications_pipeline' AIRFLOW_CTX_TASK_ID='tg_precheck.check_yesterday_data' AIRFLOW_CTX_EXECUTION_DATE='2026-04-09T00:00:00+00:00' AIRFLOW_CTX_TRY_NUMBER='1' AIRFLOW_CTX_DAG_RUN_ID='scheduled__2026-04-09T00:00:00+00:00'
[2026-04-10T05:37:06.734+0000] {taskinstance.py:732} INFO - ::endgroup::
[2026-04-10T05:37:06.812+0000] {base.py:84} INFO - Retrieving connection 'pg_baza'
[2026-04-10T05:37:06.819+0000] {sql.py:102} INFO - Poking: 
                SELECT COUNT(*)
                FROM credit_applications
                WHERE application_date = '2026-04-09'
             (with parameters None)
[2026-04-10T05:37:06.840+0000] {base.py:84} INFO - Retrieving connection 'pg_baza'
[2026-04-10T05:37:06.856+0000] {sql.py:511} INFO - Running statement: 
                SELECT COUNT(*)
                FROM credit_applications
                WHERE application_date = '2026-04-09'
            , parameters: None
[2026-04-10T05:37:06.858+0000] {sql.py:520} INFO - Rows affected: 1
[2026-04-10T05:37:06.870+0000] {logging_mixin.py:190} WARNING - /home/***/.local/lib/python3.12/site-packages/***/providers/common/sql/hooks/sql.py:470 DeprecationWarning: Import of fetch_all_handler from the '***.providers.common.sql.hooks' module is deprecated and will
be removed in the future. Please import it from '***.providers.common.sql.hooks.handlers'.
[2026-04-10T05:37:06.874+0000] {logging_mixin.py:190} WARNING - /home/***/.local/lib/python3.12/site-packages/***/providers/common/sql/hooks/sql.py:471 DeprecationWarning: Import of return_single_query_results from the '***.providers.common.sql.hooks' module is deprecated and will
be removed in the future. Please import it from '***.providers.common.sql.hooks.handlers'.
[2026-04-10T05:37:06.880+0000] {logging_mixin.py:190} WARNING - /home/***/.local/lib/python3.12/site-packages/***/providers/common/sql/hooks/sql.py:486 DeprecationWarning: Import of return_single_query_results from the '***.providers.common.sql.hooks' module is deprecated and will
be removed in the future. Please import it from '***.providers.common.sql.hooks.handlers'.
[2026-04-10T05:37:36.900+0000] {base.py:84} INFO - Retrieving connection 'pg_baza'
[2026-04-10T05:37:36.901+0000] {sql.py:102} INFO - Poking: 
                SELECT COUNT(*)
                FROM credit_applications
                WHERE application_date = '2026-04-09'
             (with parameters None)
[2026-04-10T05:37:36.919+0000] {base.py:84} INFO - Retrieving connection 'pg_baza'
[2026-04-10T05:37:36.935+0000] {sql.py:511} INFO - Running statement: 
                SELECT COUNT(*)
                FROM credit_applications
                WHERE application_date = '2026-04-09'
            , parameters: None
[2026-04-10T05:37:36.937+0000] {sql.py:520} INFO - Rows affected: 1
[2026-04-10T05:38:06.953+0000] {base.py:84} INFO - Retrieving connection 'pg_baza'
[2026-04-10T05:38:06.954+0000] {sql.py:102} INFO - Poking: 
                SELECT COUNT(*)
                FROM credit_applications
                WHERE application_date = '2026-04-09'
             (with parameters None)
[2026-04-10T05:38:06.969+0000] {base.py:84} INFO - Retrieving connection 'pg_baza'
[2026-04-10T05:38:06.978+0000] {sql.py:511} INFO - Running statement: 
                SELECT COUNT(*)
                FROM credit_applications
                WHERE application_date = '2026-04-09'
            , parameters: None
[2026-04-10T05:38:06.980+0000] {sql.py:520} INFO - Rows affected: 1
[2026-04-10T05:38:36.995+0000] {base.py:84} INFO - Retrieving connection 'pg_baza'
[2026-04-10T05:38:36.996+0000] {sql.py:102} INFO - Poking: 
                SELECT COUNT(*)
                FROM credit_applications
                WHERE application_date = '2026-04-09'
             (with parameters None)
[2026-04-10T05:38:37.008+0000] {base.py:84} INFO - Retrieving connection 'pg_baza'
[2026-04-10T05:38:37.017+0000] {sql.py:511} INFO - Running statement: 
                SELECT COUNT(*)
                FROM credit_applications
                WHERE application_date = '2026-04-09'
            , parameters: None
[2026-04-10T05:38:37.019+0000] {sql.py:520} INFO - Rows affected: 1
[2026-04-10T05:39:07.035+0000] {base.py:84} INFO - Retrieving connection 'pg_baza'
[2026-04-10T05:39:07.035+0000] {sql.py:102} INFO - Poking: 
                SELECT COUNT(*)
                FROM credit_applications
                WHERE application_date = '2026-04-09'
             (with parameters None)
[2026-04-10T05:39:07.051+0000] {base.py:84} INFO - Retrieving connection 'pg_baza'
[2026-04-10T05:39:07.061+0000] {sql.py:511} INFO - Running statement: 
                SELECT COUNT(*)
                FROM credit_applications
                WHERE application_date = '2026-04-09'
            , parameters: None
[2026-04-10T05:39:07.063+0000] {sql.py:520} INFO - Rows affected: 1
[2026-04-10T05:39:37.075+0000] {base.py:84} INFO - Retrieving connection 'pg_baza'
[2026-04-10T05:39:37.075+0000] {sql.py:102} INFO - Poking: 
                SELECT COUNT(*)
                FROM credit_applications
                WHERE application_date = '2026-04-09'
             (with parameters None)
[2026-04-10T05:39:37.090+0000] {base.py:84} INFO - Retrieving connection 'pg_baza'
[2026-04-10T05:39:37.098+0000] {sql.py:511} INFO - Running statement: 
                SELECT COUNT(*)
                FROM credit_applications
                WHERE application_date = '2026-04-09'
            , parameters: None
[2026-04-10T05:39:37.100+0000] {sql.py:520} INFO - Rows affected: 1
[2026-04-10T05:40:07.115+0000] {base.py:84} INFO - Retrieving connection 'pg_baza'
[2026-04-10T05:40:07.116+0000] {sql.py:102} INFO - Poking: 
                SELECT COUNT(*)
                FROM credit_applications
                WHERE application_date = '2026-04-09'
             (with parameters None)
[2026-04-10T05:40:07.128+0000] {base.py:84} INFO - Retrieving connection 'pg_baza'
[2026-04-10T05:40:07.138+0000] {sql.py:511} INFO - Running statement: 
                SELECT COUNT(*)
                FROM credit_applications
                WHERE application_date = '2026-04-09'
            , parameters: None
[2026-04-10T05:40:07.140+0000] {sql.py:520} INFO - Rows affected: 1
[2026-04-10T05:40:37.151+0000] {base.py:84} INFO - Retrieving connection 'pg_baza'
[2026-04-10T05:40:37.152+0000] {sql.py:102} INFO - Poking: 
                SELECT COUNT(*)
                FROM credit_applications
                WHERE application_date = '2026-04-09'
             (with parameters None)
[2026-04-10T05:40:37.163+0000] {base.py:84} INFO - Retrieving connection 'pg_baza'
[2026-04-10T05:40:37.171+0000] {sql.py:511} INFO - Running statement: 
                SELECT COUNT(*)
                FROM credit_applications
                WHERE application_date = '2026-04-09'
            , parameters: None
[2026-04-10T05:40:37.173+0000] {sql.py:520} INFO - Rows affected: 1
[2026-04-10T05:41:07.187+0000] {base.py:84} INFO - Retrieving connection 'pg_baza'
[2026-04-10T05:41:07.188+0000] {sql.py:102} INFO - Poking: 
                SELECT COUNT(*)
                FROM credit_applications
                WHERE application_date = '2026-04-09'
             (with parameters None)
[2026-04-10T05:41:07.202+0000] {base.py:84} INFO - Retrieving connection 'pg_baza'
[2026-04-10T05:41:07.257+0000] {sql.py:511} INFO - Running statement: 
                SELECT COUNT(*)
                FROM credit_applications
                WHERE application_date = '2026-04-09'
            , parameters: None
[2026-04-10T05:41:07.259+0000] {sql.py:520} INFO - Rows affected: 1
[2026-04-10T05:41:37.274+0000] {base.py:84} INFO - Retrieving connection 'pg_baza'
[2026-04-10T05:41:37.274+0000] {sql.py:102} INFO - Poking: 
                SELECT COUNT(*)
                FROM credit_applications
                WHERE application_date = '2026-04-09'
             (with parameters None)
[2026-04-10T05:41:37.291+0000] {base.py:84} INFO - Retrieving connection 'pg_baza'
[2026-04-10T05:41:37.303+0000] {sql.py:511} INFO - Running statement: 
                SELECT COUNT(*)
                FROM credit_applications
                WHERE application_date = '2026-04-09'
            , parameters: None
[2026-04-10T05:41:37.305+0000] {sql.py:520} INFO - Rows affected: 1
[2026-04-10T05:42:07.318+0000] {base.py:84} INFO - Retrieving connection 'pg_baza'
[2026-04-10T05:42:07.318+0000] {sql.py:102} INFO - Poking: 
                SELECT COUNT(*)
                FROM credit_applications
                WHERE application_date = '2026-04-09'
             (with parameters None)
[2026-04-10T05:42:07.331+0000] {base.py:84} INFO - Retrieving connection 'pg_baza'
[2026-04-10T05:42:07.340+0000] {sql.py:511} INFO - Running statement: 
                SELECT COUNT(*)
                FROM credit_applications
                WHERE application_date = '2026-04-09'
            , parameters: None
[2026-04-10T05:42:07.341+0000] {sql.py:520} INFO - Rows affected: 1
[2026-04-10T05:42:07.342+0000] {taskinstance.py:302} INFO - Sensor has timed out; run duration of 300.5702579 seconds exceeds the specified timeout of 300.0.
[2026-04-10T05:42:07.394+0000] {taskinstance.py:341} INFO - ::group::Post task execution logs
[2026-04-10T05:42:07.394+0000] {taskinstance.py:353} INFO - Marking task as SKIPPED. dag_id=credit_applications_pipeline, task_id=tg_precheck.check_yesterday_data, run_id=scheduled__2026-04-09T00:00:00+00:00, execution_date=20260409T000000, start_date=20260410T053706, end_date=20260410T054207
[2026-04-10T05:42:07.475+0000] {local_task_job_runner.py:266} INFO - Task exited with return code 0
[2026-04-10T05:42:07.496+0000] {local_task_job_runner.py:245} INFO - ::endgroup::
