[2026-04-10T05:42:07.848+0000] {local_task_job_runner.py:123} INFO - ::group::Pre task execution logs
[2026-04-10T05:42:07.892+0000] {taskinstance.py:2614} INFO - Dependencies all met for dep_context=non-requeueable deps ti=<TaskInstance: credit_applications_pipeline.tg_ingestion_processing.send_to_minio scheduled__2026-04-07T00:00:00+00:00 [queued]>
[2026-04-10T05:42:07.910+0000] {taskinstance.py:2614} INFO - Dependencies all met for dep_context=requeueable deps ti=<TaskInstance: credit_applications_pipeline.tg_ingestion_processing.send_to_minio scheduled__2026-04-07T00:00:00+00:00 [queued]>
[2026-04-10T05:42:07.911+0000] {taskinstance.py:2867} INFO - Starting attempt 1 of 2
[2026-04-10T05:42:07.932+0000] {taskinstance.py:2890} INFO - Executing <Task(BashOperator): tg_ingestion_processing.send_to_minio> on 2026-04-07 00:00:00+00:00
[2026-04-10T05:42:07.951+0000] {standard_task_runner.py:104} INFO - Running: ['***', 'tasks', 'run', 'credit_applications_pipeline', 'tg_ingestion_processing.send_to_minio', 'scheduled__2026-04-07T00:00:00+00:00', '--job-id', '89', '--raw', '--subdir', 'DAGS_FOLDER/final_***.py', '--cfg-path', '/tmp/tmp_jv92e2z']
[2026-04-10T05:42:07.956+0000] {standard_task_runner.py:105} INFO - Job 89: Subtask tg_ingestion_processing.send_to_minio
[2026-04-10T05:42:07.956+0000] {logging_mixin.py:190} WARNING - /home/***/.local/lib/python3.12/site-packages/***/task/task_runner/standard_task_runner.py:70 DeprecationWarning: This process (pid=916) is multi-threaded, use of fork() may lead to deadlocks in the child.
[2026-04-10T05:42:07.957+0000] {standard_task_runner.py:72} INFO - Started process 921 to run task
[2026-04-10T05:42:08.082+0000] {task_command.py:467} INFO - Running <TaskInstance: credit_applications_pipeline.tg_ingestion_processing.send_to_minio scheduled__2026-04-07T00:00:00+00:00 [running]> on host da731042e3a5
[2026-04-10T05:42:08.257+0000] {taskinstance.py:3134} INFO - Exporting env vars: AIRFLOW_CTX_DAG_OWNER='***' AIRFLOW_CTX_DAG_ID='credit_applications_pipeline' AIRFLOW_CTX_TASK_ID='tg_ingestion_processing.send_to_minio' AIRFLOW_CTX_EXECUTION_DATE='2026-04-07T00:00:00+00:00' AIRFLOW_CTX_TRY_NUMBER='1' AIRFLOW_CTX_DAG_RUN_ID='scheduled__2026-04-07T00:00:00+00:00'
[2026-04-10T05:42:08.258+0000] {taskinstance.py:732} INFO - ::endgroup::
[2026-04-10T05:42:08.296+0000] {subprocess.py:78} INFO - Tmp dir root location: /tmp
[2026-04-10T05:42:08.297+0000] {subprocess.py:88} INFO - Running command: ['/usr/bin/bash', '-c', 'mc cp /opt/***/files/blacklist_customers.xlsx myminio/bronze/blacklist_customers.xlsx']
[2026-04-10T05:42:08.329+0000] {subprocess.py:99} INFO - Output:
[2026-04-10T05:42:08.487+0000] {subprocess.py:106} INFO - `/opt/***/files/blacklist_customers.xlsx` -> `myminio/bronze/blacklist_customers.xlsx`
[2026-04-10T05:42:08.506+0000] {subprocess.py:106} INFO - ┌──────────┬─────────────┬──────────┬──────────────┐
[2026-04-10T05:42:08.506+0000] {subprocess.py:106} INFO - │ Total    │ Transferred │ Duration │ Speed        │
[2026-04-10T05:42:08.507+0000] {subprocess.py:106} INFO - │ 4.97 KiB │ 4.97 KiB    │ 00m00s   │ 150.36 KiB/s │
[2026-04-10T05:42:08.507+0000] {subprocess.py:106} INFO - └──────────┴─────────────┴──────────┴──────────────┘
[2026-04-10T05:42:08.512+0000] {subprocess.py:110} INFO - Command exited with return code 0
[2026-04-10T05:42:08.562+0000] {taskinstance.py:341} INFO - ::group::Post task execution logs
[2026-04-10T05:42:08.563+0000] {taskinstance.py:353} INFO - Marking task as SUCCESS. dag_id=credit_applications_pipeline, task_id=tg_ingestion_processing.send_to_minio, run_id=scheduled__2026-04-07T00:00:00+00:00, execution_date=20260407T000000, start_date=20260410T054207, end_date=20260410T054208
[2026-04-10T05:42:08.660+0000] {local_task_job_runner.py:266} INFO - Task exited with return code 0
[2026-04-10T05:42:08.715+0000] {taskinstance.py:3901} INFO - 1 downstream tasks scheduled from follow-on schedule check
[2026-04-10T05:42:08.718+0000] {local_task_job_runner.py:245} INFO - ::endgroup::
