[2026-04-07T14:49:36.474+0000] {local_task_job_runner.py:123} INFO - ::group::Pre task execution logs
[2026-04-07T14:49:36.531+0000] {taskinstance.py:2614} INFO - Dependencies all met for dep_context=non-requeueable deps ti=<TaskInstance: credit_applications_pipeline.tg_precheck.check_yesterday_data scheduled__2026-04-06T00:00:00+00:00 [queued]>
[2026-04-07T14:49:36.554+0000] {taskinstance.py:2614} INFO - Dependencies all met for dep_context=requeueable deps ti=<TaskInstance: credit_applications_pipeline.tg_precheck.check_yesterday_data scheduled__2026-04-06T00:00:00+00:00 [queued]>
[2026-04-07T14:49:36.555+0000] {taskinstance.py:2867} INFO - Starting attempt 1 of 2
[2026-04-07T14:49:36.584+0000] {taskinstance.py:2890} INFO - Executing <Task(SqlSensor): tg_precheck.check_yesterday_data> on 2026-04-06 00:00:00+00:00
[2026-04-07T14:49:36.606+0000] {standard_task_runner.py:104} INFO - Running: ['***', 'tasks', 'run', 'credit_applications_pipeline', 'tg_precheck.check_yesterday_data', 'scheduled__2026-04-06T00:00:00+00:00', '--job-id', '72', '--raw', '--subdir', 'DAGS_FOLDER/final_***.py', '--cfg-path', '/tmp/tmpges94ujj']
[2026-04-07T14:49:36.610+0000] {standard_task_runner.py:105} INFO - Job 72: Subtask tg_precheck.check_yesterday_data
[2026-04-07T14:49:36.614+0000] {logging_mixin.py:190} WARNING - /home/***/.local/lib/python3.12/site-packages/***/task/task_runner/standard_task_runner.py:70 DeprecationWarning: This process (pid=257) is multi-threaded, use of fork() may lead to deadlocks in the child.
[2026-04-07T14:49:36.615+0000] {standard_task_runner.py:72} INFO - Started process 265 to run task
[2026-04-07T14:49:36.717+0000] {task_command.py:467} INFO - Running <TaskInstance: credit_applications_pipeline.tg_precheck.check_yesterday_data scheduled__2026-04-06T00:00:00+00:00 [running]> on host da731042e3a5
[2026-04-07T14:49:36.949+0000] {taskinstance.py:3134} INFO - Exporting env vars: AIRFLOW_CTX_DAG_OWNER='***' AIRFLOW_CTX_DAG_ID='credit_applications_pipeline' AIRFLOW_CTX_TASK_ID='tg_precheck.check_yesterday_data' AIRFLOW_CTX_EXECUTION_DATE='2026-04-06T00:00:00+00:00' AIRFLOW_CTX_TRY_NUMBER='1' AIRFLOW_CTX_DAG_RUN_ID='scheduled__2026-04-06T00:00:00+00:00'
[2026-04-07T14:49:36.950+0000] {taskinstance.py:732} INFO - ::endgroup::
[2026-04-07T14:49:37.024+0000] {base.py:84} INFO - Retrieving connection 'pg_baza'
[2026-04-07T14:49:37.029+0000] {sql.py:102} INFO - Poking: 
                SELECT COUNT(*)
                FROM credit_applications
                WHERE application_date = '2026-04-06'
             (with parameters None)
[2026-04-07T14:49:37.049+0000] {base.py:84} INFO - Retrieving connection 'pg_baza'
[2026-04-07T14:49:37.065+0000] {sql.py:511} INFO - Running statement: 
                SELECT COUNT(*)
                FROM credit_applications
                WHERE application_date = '2026-04-06'
            , parameters: None
[2026-04-07T14:49:37.067+0000] {sql.py:520} INFO - Rows affected: 1
[2026-04-07T14:49:37.079+0000] {logging_mixin.py:190} WARNING - /home/***/.local/lib/python3.12/site-packages/***/providers/common/sql/hooks/sql.py:470 DeprecationWarning: Import of fetch_all_handler from the '***.providers.common.sql.hooks' module is deprecated and will
be removed in the future. Please import it from '***.providers.common.sql.hooks.handlers'.
[2026-04-07T14:49:37.082+0000] {logging_mixin.py:190} WARNING - /home/***/.local/lib/python3.12/site-packages/***/providers/common/sql/hooks/sql.py:471 DeprecationWarning: Import of return_single_query_results from the '***.providers.common.sql.hooks' module is deprecated and will
be removed in the future. Please import it from '***.providers.common.sql.hooks.handlers'.
[2026-04-07T14:49:37.088+0000] {logging_mixin.py:190} WARNING - /home/***/.local/lib/python3.12/site-packages/***/providers/common/sql/hooks/sql.py:486 DeprecationWarning: Import of return_single_query_results from the '***.providers.common.sql.hooks' module is deprecated and will
be removed in the future. Please import it from '***.providers.common.sql.hooks.handlers'.
[2026-04-07T14:50:07.102+0000] {base.py:84} INFO - Retrieving connection 'pg_baza'
[2026-04-07T14:50:07.103+0000] {sql.py:102} INFO - Poking: 
                SELECT COUNT(*)
                FROM credit_applications
                WHERE application_date = '2026-04-06'
             (with parameters None)
[2026-04-07T14:50:07.118+0000] {base.py:84} INFO - Retrieving connection 'pg_baza'
[2026-04-07T14:50:07.128+0000] {sql.py:511} INFO - Running statement: 
                SELECT COUNT(*)
                FROM credit_applications
                WHERE application_date = '2026-04-06'
            , parameters: None
[2026-04-07T14:50:07.130+0000] {sql.py:520} INFO - Rows affected: 1
[2026-04-07T14:50:37.146+0000] {base.py:84} INFO - Retrieving connection 'pg_baza'
[2026-04-07T14:50:37.146+0000] {sql.py:102} INFO - Poking: 
                SELECT COUNT(*)
                FROM credit_applications
                WHERE application_date = '2026-04-06'
             (with parameters None)
[2026-04-07T14:50:37.160+0000] {base.py:84} INFO - Retrieving connection 'pg_baza'
[2026-04-07T14:50:37.170+0000] {sql.py:511} INFO - Running statement: 
                SELECT COUNT(*)
                FROM credit_applications
                WHERE application_date = '2026-04-06'
            , parameters: None
[2026-04-07T14:50:37.171+0000] {sql.py:520} INFO - Rows affected: 1
[2026-04-07T14:51:07.185+0000] {base.py:84} INFO - Retrieving connection 'pg_baza'
[2026-04-07T14:51:07.185+0000] {sql.py:102} INFO - Poking: 
                SELECT COUNT(*)
                FROM credit_applications
                WHERE application_date = '2026-04-06'
             (with parameters None)
[2026-04-07T14:51:07.200+0000] {base.py:84} INFO - Retrieving connection 'pg_baza'
[2026-04-07T14:51:07.211+0000] {sql.py:511} INFO - Running statement: 
                SELECT COUNT(*)
                FROM credit_applications
                WHERE application_date = '2026-04-06'
            , parameters: None
[2026-04-07T14:51:07.213+0000] {sql.py:520} INFO - Rows affected: 1
[2026-04-07T14:51:37.227+0000] {base.py:84} INFO - Retrieving connection 'pg_baza'
[2026-04-07T14:51:37.227+0000] {sql.py:102} INFO - Poking: 
                SELECT COUNT(*)
                FROM credit_applications
                WHERE application_date = '2026-04-06'
             (with parameters None)
[2026-04-07T14:51:37.239+0000] {base.py:84} INFO - Retrieving connection 'pg_baza'
[2026-04-07T14:51:37.250+0000] {sql.py:511} INFO - Running statement: 
                SELECT COUNT(*)
                FROM credit_applications
                WHERE application_date = '2026-04-06'
            , parameters: None
[2026-04-07T14:51:37.252+0000] {sql.py:520} INFO - Rows affected: 1
[2026-04-07T14:52:07.264+0000] {base.py:84} INFO - Retrieving connection 'pg_baza'
[2026-04-07T14:52:07.265+0000] {sql.py:102} INFO - Poking: 
                SELECT COUNT(*)
                FROM credit_applications
                WHERE application_date = '2026-04-06'
             (with parameters None)
[2026-04-07T14:52:07.275+0000] {base.py:84} INFO - Retrieving connection 'pg_baza'
[2026-04-07T14:52:07.285+0000] {sql.py:511} INFO - Running statement: 
                SELECT COUNT(*)
                FROM credit_applications
                WHERE application_date = '2026-04-06'
            , parameters: None
[2026-04-07T14:52:07.287+0000] {sql.py:520} INFO - Rows affected: 1
[2026-04-07T14:52:37.301+0000] {base.py:84} INFO - Retrieving connection 'pg_baza'
[2026-04-07T14:52:37.301+0000] {sql.py:102} INFO - Poking: 
                SELECT COUNT(*)
                FROM credit_applications
                WHERE application_date = '2026-04-06'
             (with parameters None)
[2026-04-07T14:52:37.313+0000] {base.py:84} INFO - Retrieving connection 'pg_baza'
[2026-04-07T14:52:37.324+0000] {sql.py:511} INFO - Running statement: 
                SELECT COUNT(*)
                FROM credit_applications
                WHERE application_date = '2026-04-06'
            , parameters: None
[2026-04-07T14:52:37.326+0000] {sql.py:520} INFO - Rows affected: 1
[2026-04-07T14:53:07.348+0000] {base.py:84} INFO - Retrieving connection 'pg_baza'
[2026-04-07T14:53:07.349+0000] {sql.py:102} INFO - Poking: 
                SELECT COUNT(*)
                FROM credit_applications
                WHERE application_date = '2026-04-06'
             (with parameters None)
[2026-04-07T14:53:07.367+0000] {base.py:84} INFO - Retrieving connection 'pg_baza'
[2026-04-07T14:53:07.381+0000] {sql.py:511} INFO - Running statement: 
                SELECT COUNT(*)
                FROM credit_applications
                WHERE application_date = '2026-04-06'
            , parameters: None
[2026-04-07T14:53:07.383+0000] {sql.py:520} INFO - Rows affected: 1
[2026-04-07T14:53:37.398+0000] {base.py:84} INFO - Retrieving connection 'pg_baza'
[2026-04-07T14:53:37.399+0000] {sql.py:102} INFO - Poking: 
                SELECT COUNT(*)
                FROM credit_applications
                WHERE application_date = '2026-04-06'
             (with parameters None)
[2026-04-07T14:53:37.417+0000] {base.py:84} INFO - Retrieving connection 'pg_baza'
[2026-04-07T14:53:37.429+0000] {sql.py:511} INFO - Running statement: 
                SELECT COUNT(*)
                FROM credit_applications
                WHERE application_date = '2026-04-06'
            , parameters: None
[2026-04-07T14:53:37.431+0000] {sql.py:520} INFO - Rows affected: 1
[2026-04-07T14:54:07.449+0000] {base.py:84} INFO - Retrieving connection 'pg_baza'
[2026-04-07T14:54:07.450+0000] {sql.py:102} INFO - Poking: 
                SELECT COUNT(*)
                FROM credit_applications
                WHERE application_date = '2026-04-06'
             (with parameters None)
[2026-04-07T14:54:07.462+0000] {base.py:84} INFO - Retrieving connection 'pg_baza'
[2026-04-07T14:54:07.470+0000] {sql.py:511} INFO - Running statement: 
                SELECT COUNT(*)
                FROM credit_applications
                WHERE application_date = '2026-04-06'
            , parameters: None
[2026-04-07T14:54:07.471+0000] {sql.py:520} INFO - Rows affected: 1
[2026-04-07T14:54:37.490+0000] {base.py:84} INFO - Retrieving connection 'pg_baza'
[2026-04-07T14:54:37.492+0000] {sql.py:102} INFO - Poking: 
                SELECT COUNT(*)
                FROM credit_applications
                WHERE application_date = '2026-04-06'
             (with parameters None)
[2026-04-07T14:54:37.514+0000] {base.py:84} INFO - Retrieving connection 'pg_baza'
[2026-04-07T14:54:37.526+0000] {sql.py:511} INFO - Running statement: 
                SELECT COUNT(*)
                FROM credit_applications
                WHERE application_date = '2026-04-06'
            , parameters: None
[2026-04-07T14:54:37.529+0000] {sql.py:520} INFO - Rows affected: 1
[2026-04-07T14:54:37.531+0000] {taskinstance.py:302} INFO - Sensor has timed out; run duration of 300.532182767 seconds exceeds the specified timeout of 300.0.
[2026-04-07T14:54:37.608+0000] {taskinstance.py:341} INFO - ::group::Post task execution logs
[2026-04-07T14:54:37.612+0000] {taskinstance.py:353} INFO - Marking task as SKIPPED. dag_id=credit_applications_pipeline, task_id=tg_precheck.check_yesterday_data, run_id=scheduled__2026-04-06T00:00:00+00:00, execution_date=20260406T000000, start_date=20260407T144936, end_date=20260407T145437
[2026-04-07T14:54:37.757+0000] {local_task_job_runner.py:266} INFO - Task exited with return code 0
[2026-04-07T14:54:37.805+0000] {taskinstance.py:3901} INFO - 0 downstream tasks scheduled from follow-on schedule check
[2026-04-07T14:54:37.807+0000] {local_task_job_runner.py:245} INFO - ::endgroup::
