[2026-03-14T16:39:31.570+0000] {local_task_job_runner.py:123} INFO - ::group::Pre task execution logs
[2026-03-14T16:39:31.603+0000] {taskinstance.py:2614} INFO - Dependencies all met for dep_context=non-requeueable deps ti=<TaskInstance: matrix_minio.yesterday_check manual__2026-03-14T16:39:30.378988+00:00 [queued]>
[2026-03-14T16:39:31.619+0000] {taskinstance.py:2614} INFO - Dependencies all met for dep_context=requeueable deps ti=<TaskInstance: matrix_minio.yesterday_check manual__2026-03-14T16:39:30.378988+00:00 [queued]>
[2026-03-14T16:39:31.620+0000] {taskinstance.py:2867} INFO - Starting attempt 1 of 2
[2026-03-14T16:39:31.641+0000] {taskinstance.py:2890} INFO - Executing <Task(PythonOperator): yesterday_check> on 2026-03-14 16:39:30.378988+00:00
[2026-03-14T16:39:31.658+0000] {logging_mixin.py:190} WARNING - /home/***/.local/lib/python3.12/site-packages/***/task/task_runner/standard_task_runner.py:70 DeprecationWarning: This process (pid=2458) is multi-threaded, use of fork() may lead to deadlocks in the child.
[2026-03-14T16:39:31.659+0000] {standard_task_runner.py:72} INFO - Started process 2459 to run task
[2026-03-14T16:39:31.656+0000] {standard_task_runner.py:104} INFO - Running: ['***', 'tasks', 'run', 'matrix_minio', 'yesterday_check', 'manual__2026-03-14T16:39:30.378988+00:00', '--job-id', '8', '--raw', '--subdir', 'DAGS_FOLDER/dag.py', '--cfg-path', '/tmp/tmp4ecfc_0g']
[2026-03-14T16:39:31.660+0000] {standard_task_runner.py:105} INFO - Job 8: Subtask yesterday_check
[2026-03-14T16:39:31.724+0000] {task_command.py:467} INFO - Running <TaskInstance: matrix_minio.yesterday_check manual__2026-03-14T16:39:30.378988+00:00 [running]> on host e073b635a9aa
[2026-03-14T16:39:31.846+0000] {taskinstance.py:3134} INFO - Exporting env vars: AIRFLOW_CTX_DAG_OWNER='***' AIRFLOW_CTX_DAG_ID='matrix_minio' AIRFLOW_CTX_TASK_ID='yesterday_check' AIRFLOW_CTX_EXECUTION_DATE='2026-03-14T16:39:30.378988+00:00' AIRFLOW_CTX_TRY_NUMBER='1' AIRFLOW_CTX_DAG_RUN_ID='manual__2026-03-14T16:39:30.378988+00:00'
[2026-03-14T16:39:31.847+0000] {taskinstance.py:732} INFO - ::endgroup::
[2026-03-14T16:39:31.882+0000] {base.py:84} INFO - Retrieving connection 'pg_connection'
[2026-03-14T16:39:31.891+0000] {sql.py:511} INFO - Running statement: select case when max(transaction_date) = current_date - interval '1 day' then 1 else 0 end as is_yesterdays_data from transactions, parameters: None
[2026-03-14T16:39:31.893+0000] {sql.py:520} INFO - Rows affected: 1
[2026-03-14T16:39:31.901+0000] {logging_mixin.py:190} WARNING - /home/***/.local/lib/python3.12/site-packages/***/providers/common/sql/hooks/sql.py:470 DeprecationWarning: Import of fetch_one_handler from the '***.providers.common.sql.hooks' module is deprecated and will
be removed in the future. Please import it from '***.providers.common.sql.hooks.handlers'.
[2026-03-14T16:39:31.903+0000] {logging_mixin.py:190} WARNING - /home/***/.local/lib/python3.12/site-packages/***/providers/common/sql/hooks/sql.py:471 DeprecationWarning: Import of return_single_query_results from the '***.providers.common.sql.hooks' module is deprecated and will
be removed in the future. Please import it from '***.providers.common.sql.hooks.handlers'.
[2026-03-14T16:39:31.905+0000] {logging_mixin.py:190} WARNING - /home/***/.local/lib/python3.12/site-packages/***/providers/common/sql/hooks/sql.py:486 DeprecationWarning: Import of return_single_query_results from the '***.providers.common.sql.hooks' module is deprecated and will
be removed in the future. Please import it from '***.providers.common.sql.hooks.handlers'.
[2026-03-14T16:39:31.906+0000] {logging_mixin.py:190} INFO - 0
[2026-03-14T16:39:31.927+0000] {python.py:240} INFO - Done. Returned value was: None
[2026-03-14T16:39:31.940+0000] {taskinstance.py:341} INFO - ::group::Post task execution logs
[2026-03-14T16:39:31.941+0000] {taskinstance.py:353} INFO - Marking task as SUCCESS. dag_id=matrix_minio, task_id=yesterday_check, run_id=manual__2026-03-14T16:39:30.378988+00:00, execution_date=20260314T163930, start_date=20260314T163931, end_date=20260314T163931
[2026-03-14T16:39:31.994+0000] {local_task_job_runner.py:266} INFO - Task exited with return code 0
[2026-03-14T16:39:32.020+0000] {taskinstance.py:3901} INFO - 0 downstream tasks scheduled from follow-on schedule check
[2026-03-14T16:39:32.022+0000] {local_task_job_runner.py:245} INFO - ::endgroup::
