[2026-04-11T11:07:46.363+0000] {processor.py:186} INFO - Started process (PID=34301) to work on /opt/airflow/dags/airflow_utils.py
[2026-04-11T11:07:46.364+0000] {processor.py:914} INFO - Processing file /opt/airflow/dags/airflow_utils.py for tasks to queue
[2026-04-11T11:07:46.368+0000] {logging_mixin.py:190} INFO - [2026-04-11T11:07:46.368+0000] {dagbag.py:588} INFO - Filling up the DagBag from /opt/airflow/dags/airflow_utils.py
[2026-04-11T11:07:46.372+0000] {processor.py:927} WARNING - No viable dags retrieved from /opt/airflow/dags/airflow_utils.py
[2026-04-11T11:07:46.403+0000] {processor.py:208} INFO - Processing /opt/airflow/dags/airflow_utils.py took 0.052 seconds
[2026-04-11T11:08:16.675+0000] {processor.py:186} INFO - Started process (PID=34378) to work on /opt/airflow/dags/airflow_utils.py
[2026-04-11T11:08:16.676+0000] {processor.py:914} INFO - Processing file /opt/airflow/dags/airflow_utils.py for tasks to queue
[2026-04-11T11:08:16.679+0000] {logging_mixin.py:190} INFO - [2026-04-11T11:08:16.678+0000] {dagbag.py:588} INFO - Filling up the DagBag from /opt/airflow/dags/airflow_utils.py
[2026-04-11T11:08:16.681+0000] {processor.py:927} WARNING - No viable dags retrieved from /opt/airflow/dags/airflow_utils.py
[2026-04-11T11:08:16.697+0000] {processor.py:208} INFO - Processing /opt/airflow/dags/airflow_utils.py took 0.030 seconds
[2026-04-11T11:08:47.028+0000] {processor.py:186} INFO - Started process (PID=34447) to work on /opt/airflow/dags/airflow_utils.py
[2026-04-11T11:08:47.029+0000] {processor.py:914} INFO - Processing file /opt/airflow/dags/airflow_utils.py for tasks to queue
[2026-04-11T11:08:47.032+0000] {logging_mixin.py:190} INFO - [2026-04-11T11:08:47.032+0000] {dagbag.py:588} INFO - Filling up the DagBag from /opt/airflow/dags/airflow_utils.py
[2026-04-11T11:08:47.037+0000] {processor.py:927} WARNING - No viable dags retrieved from /opt/airflow/dags/airflow_utils.py
[2026-04-11T11:08:47.058+0000] {processor.py:208} INFO - Processing /opt/airflow/dags/airflow_utils.py took 0.039 seconds
[2026-04-11T11:09:17.325+0000] {processor.py:186} INFO - Started process (PID=34520) to work on /opt/airflow/dags/airflow_utils.py
[2026-04-11T11:09:17.325+0000] {processor.py:914} INFO - Processing file /opt/airflow/dags/airflow_utils.py for tasks to queue
[2026-04-11T11:09:17.328+0000] {logging_mixin.py:190} INFO - [2026-04-11T11:09:17.327+0000] {dagbag.py:588} INFO - Filling up the DagBag from /opt/airflow/dags/airflow_utils.py
[2026-04-11T11:09:17.330+0000] {processor.py:927} WARNING - No viable dags retrieved from /opt/airflow/dags/airflow_utils.py
[2026-04-11T11:09:17.349+0000] {processor.py:208} INFO - Processing /opt/airflow/dags/airflow_utils.py took 0.032 seconds
[2026-04-11T11:09:47.573+0000] {processor.py:186} INFO - Started process (PID=34589) to work on /opt/airflow/dags/airflow_utils.py
[2026-04-11T11:09:47.574+0000] {processor.py:914} INFO - Processing file /opt/airflow/dags/airflow_utils.py for tasks to queue
[2026-04-11T11:09:47.578+0000] {logging_mixin.py:190} INFO - [2026-04-11T11:09:47.577+0000] {dagbag.py:588} INFO - Filling up the DagBag from /opt/airflow/dags/airflow_utils.py
[2026-04-11T11:09:47.581+0000] {processor.py:927} WARNING - No viable dags retrieved from /opt/airflow/dags/airflow_utils.py
[2026-04-11T11:09:47.600+0000] {processor.py:208} INFO - Processing /opt/airflow/dags/airflow_utils.py took 0.036 seconds
[2026-04-11T11:10:17.957+0000] {processor.py:186} INFO - Started process (PID=34662) to work on /opt/airflow/dags/airflow_utils.py
[2026-04-11T11:10:17.958+0000] {processor.py:914} INFO - Processing file /opt/airflow/dags/airflow_utils.py for tasks to queue
[2026-04-11T11:10:17.961+0000] {logging_mixin.py:190} INFO - [2026-04-11T11:10:17.960+0000] {dagbag.py:588} INFO - Filling up the DagBag from /opt/airflow/dags/airflow_utils.py
[2026-04-11T11:10:17.964+0000] {processor.py:927} WARNING - No viable dags retrieved from /opt/airflow/dags/airflow_utils.py
[2026-04-11T11:10:17.982+0000] {processor.py:208} INFO - Processing /opt/airflow/dags/airflow_utils.py took 0.033 seconds
[2026-04-11T11:10:48.189+0000] {processor.py:186} INFO - Started process (PID=34733) to work on /opt/airflow/dags/airflow_utils.py
[2026-04-11T11:10:48.190+0000] {processor.py:914} INFO - Processing file /opt/airflow/dags/airflow_utils.py for tasks to queue
[2026-04-11T11:10:48.192+0000] {logging_mixin.py:190} INFO - [2026-04-11T11:10:48.191+0000] {dagbag.py:588} INFO - Filling up the DagBag from /opt/airflow/dags/airflow_utils.py
[2026-04-11T11:10:48.194+0000] {processor.py:927} WARNING - No viable dags retrieved from /opt/airflow/dags/airflow_utils.py
[2026-04-11T11:10:48.213+0000] {processor.py:208} INFO - Processing /opt/airflow/dags/airflow_utils.py took 0.030 seconds
[2026-04-11T11:11:18.476+0000] {processor.py:186} INFO - Started process (PID=34804) to work on /opt/airflow/dags/airflow_utils.py
[2026-04-11T11:11:18.477+0000] {processor.py:914} INFO - Processing file /opt/airflow/dags/airflow_utils.py for tasks to queue
[2026-04-11T11:11:18.479+0000] {logging_mixin.py:190} INFO - [2026-04-11T11:11:18.478+0000] {dagbag.py:588} INFO - Filling up the DagBag from /opt/airflow/dags/airflow_utils.py
[2026-04-11T11:11:18.481+0000] {processor.py:927} WARNING - No viable dags retrieved from /opt/airflow/dags/airflow_utils.py
[2026-04-11T11:11:18.499+0000] {processor.py:208} INFO - Processing /opt/airflow/dags/airflow_utils.py took 0.035 seconds
[2026-04-11T11:11:48.738+0000] {processor.py:186} INFO - Started process (PID=34873) to work on /opt/airflow/dags/airflow_utils.py
[2026-04-11T11:11:48.739+0000] {processor.py:914} INFO - Processing file /opt/airflow/dags/airflow_utils.py for tasks to queue
[2026-04-11T11:11:48.741+0000] {logging_mixin.py:190} INFO - [2026-04-11T11:11:48.741+0000] {dagbag.py:588} INFO - Filling up the DagBag from /opt/airflow/dags/airflow_utils.py
[2026-04-11T11:11:48.744+0000] {processor.py:927} WARNING - No viable dags retrieved from /opt/airflow/dags/airflow_utils.py
[2026-04-11T11:11:48.762+0000] {processor.py:208} INFO - Processing /opt/airflow/dags/airflow_utils.py took 0.031 seconds
[2026-04-11T11:12:18.895+0000] {processor.py:186} INFO - Started process (PID=34945) to work on /opt/airflow/dags/airflow_utils.py
[2026-04-11T11:12:18.896+0000] {processor.py:914} INFO - Processing file /opt/airflow/dags/airflow_utils.py for tasks to queue
[2026-04-11T11:12:18.899+0000] {logging_mixin.py:190} INFO - [2026-04-11T11:12:18.898+0000] {dagbag.py:588} INFO - Filling up the DagBag from /opt/airflow/dags/airflow_utils.py
[2026-04-11T11:12:18.901+0000] {processor.py:927} WARNING - No viable dags retrieved from /opt/airflow/dags/airflow_utils.py
[2026-04-11T11:12:18.921+0000] {processor.py:208} INFO - Processing /opt/airflow/dags/airflow_utils.py took 0.033 seconds
[2026-04-11T11:12:49.186+0000] {processor.py:186} INFO - Started process (PID=35034) to work on /opt/airflow/dags/airflow_utils.py
[2026-04-11T11:12:49.187+0000] {processor.py:914} INFO - Processing file /opt/airflow/dags/airflow_utils.py for tasks to queue
[2026-04-11T11:12:49.190+0000] {logging_mixin.py:190} INFO - [2026-04-11T11:12:49.189+0000] {dagbag.py:588} INFO - Filling up the DagBag from /opt/airflow/dags/airflow_utils.py
[2026-04-11T11:12:49.193+0000] {processor.py:927} WARNING - No viable dags retrieved from /opt/airflow/dags/airflow_utils.py
[2026-04-11T11:12:49.213+0000] {processor.py:208} INFO - Processing /opt/airflow/dags/airflow_utils.py took 0.034 seconds
[2026-04-11T11:17:04.882+0000] {processor.py:186} INFO - Started process (PID=35175) to work on /opt/airflow/dags/airflow_utils.py
[2026-04-11T11:17:04.883+0000] {processor.py:914} INFO - Processing file /opt/airflow/dags/airflow_utils.py for tasks to queue
[2026-04-11T11:17:04.885+0000] {logging_mixin.py:190} INFO - [2026-04-11T11:17:04.884+0000] {dagbag.py:588} INFO - Filling up the DagBag from /opt/airflow/dags/airflow_utils.py
[2026-04-11T11:17:04.887+0000] {processor.py:927} WARNING - No viable dags retrieved from /opt/airflow/dags/airflow_utils.py
[2026-04-11T11:17:04.906+0000] {processor.py:208} INFO - Processing /opt/airflow/dags/airflow_utils.py took 0.034 seconds
[2026-04-11T11:17:36.089+0000] {processor.py:186} INFO - Started process (PID=35246) to work on /opt/airflow/dags/airflow_utils.py
[2026-04-11T11:17:36.090+0000] {processor.py:914} INFO - Processing file /opt/airflow/dags/airflow_utils.py for tasks to queue
[2026-04-11T11:17:36.093+0000] {logging_mixin.py:190} INFO - [2026-04-11T11:17:36.092+0000] {dagbag.py:588} INFO - Filling up the DagBag from /opt/airflow/dags/airflow_utils.py
[2026-04-11T11:17:36.096+0000] {processor.py:927} WARNING - No viable dags retrieved from /opt/airflow/dags/airflow_utils.py
[2026-04-11T11:17:36.117+0000] {processor.py:208} INFO - Processing /opt/airflow/dags/airflow_utils.py took 0.036 seconds
[2026-04-11T11:18:06.540+0000] {processor.py:186} INFO - Started process (PID=35392) to work on /opt/airflow/dags/airflow_utils.py
[2026-04-11T11:18:06.541+0000] {processor.py:914} INFO - Processing file /opt/airflow/dags/airflow_utils.py for tasks to queue
[2026-04-11T11:18:06.545+0000] {logging_mixin.py:190} INFO - [2026-04-11T11:18:06.544+0000] {dagbag.py:588} INFO - Filling up the DagBag from /opt/airflow/dags/airflow_utils.py
[2026-04-11T11:18:06.549+0000] {processor.py:927} WARNING - No viable dags retrieved from /opt/airflow/dags/airflow_utils.py
[2026-04-11T11:18:06.572+0000] {processor.py:208} INFO - Processing /opt/airflow/dags/airflow_utils.py took 0.043 seconds
[2026-04-11T11:18:37.372+0000] {processor.py:186} INFO - Started process (PID=35465) to work on /opt/airflow/dags/airflow_utils.py
[2026-04-11T11:18:37.375+0000] {processor.py:914} INFO - Processing file /opt/airflow/dags/airflow_utils.py for tasks to queue
[2026-04-11T11:18:37.381+0000] {logging_mixin.py:190} INFO - [2026-04-11T11:18:37.379+0000] {dagbag.py:588} INFO - Filling up the DagBag from /opt/airflow/dags/airflow_utils.py
[2026-04-11T11:18:37.389+0000] {processor.py:927} WARNING - No viable dags retrieved from /opt/airflow/dags/airflow_utils.py
[2026-04-11T11:18:37.419+0000] {processor.py:208} INFO - Processing /opt/airflow/dags/airflow_utils.py took 0.063 seconds
[2026-04-11T11:19:11.365+0000] {processor.py:186} INFO - Started process (PID=35534) to work on /opt/airflow/dags/airflow_utils.py
[2026-04-11T11:19:11.366+0000] {processor.py:914} INFO - Processing file /opt/airflow/dags/airflow_utils.py for tasks to queue
[2026-04-11T11:19:11.370+0000] {logging_mixin.py:190} INFO - [2026-04-11T11:19:11.369+0000] {dagbag.py:588} INFO - Filling up the DagBag from /opt/airflow/dags/airflow_utils.py
[2026-04-11T11:19:11.373+0000] {processor.py:927} WARNING - No viable dags retrieved from /opt/airflow/dags/airflow_utils.py
[2026-04-11T11:19:11.397+0000] {processor.py:208} INFO - Processing /opt/airflow/dags/airflow_utils.py took 0.042 seconds
[2026-04-11T11:19:41.694+0000] {processor.py:186} INFO - Started process (PID=35605) to work on /opt/airflow/dags/airflow_utils.py
[2026-04-11T11:19:41.696+0000] {processor.py:914} INFO - Processing file /opt/airflow/dags/airflow_utils.py for tasks to queue
[2026-04-11T11:19:41.699+0000] {logging_mixin.py:190} INFO - [2026-04-11T11:19:41.699+0000] {dagbag.py:588} INFO - Filling up the DagBag from /opt/airflow/dags/airflow_utils.py
[2026-04-11T11:19:41.703+0000] {processor.py:927} WARNING - No viable dags retrieved from /opt/airflow/dags/airflow_utils.py
[2026-04-11T11:19:41.725+0000] {processor.py:208} INFO - Processing /opt/airflow/dags/airflow_utils.py took 0.041 seconds
[2026-04-11T11:20:13.230+0000] {processor.py:186} INFO - Started process (PID=35676) to work on /opt/airflow/dags/airflow_utils.py
[2026-04-11T11:20:13.231+0000] {processor.py:914} INFO - Processing file /opt/airflow/dags/airflow_utils.py for tasks to queue
[2026-04-11T11:20:13.236+0000] {logging_mixin.py:190} INFO - [2026-04-11T11:20:13.235+0000] {dagbag.py:588} INFO - Filling up the DagBag from /opt/airflow/dags/airflow_utils.py
[2026-04-11T11:20:13.239+0000] {processor.py:927} WARNING - No viable dags retrieved from /opt/airflow/dags/airflow_utils.py
[2026-04-11T11:20:13.260+0000] {processor.py:208} INFO - Processing /opt/airflow/dags/airflow_utils.py took 0.040 seconds
[2026-04-11T11:20:43.808+0000] {processor.py:186} INFO - Started process (PID=35749) to work on /opt/airflow/dags/airflow_utils.py
[2026-04-11T11:20:43.810+0000] {processor.py:914} INFO - Processing file /opt/airflow/dags/airflow_utils.py for tasks to queue
[2026-04-11T11:20:43.816+0000] {logging_mixin.py:190} INFO - [2026-04-11T11:20:43.815+0000] {dagbag.py:588} INFO - Filling up the DagBag from /opt/airflow/dags/airflow_utils.py
[2026-04-11T11:20:43.820+0000] {processor.py:927} WARNING - No viable dags retrieved from /opt/airflow/dags/airflow_utils.py
[2026-04-11T11:20:43.847+0000] {processor.py:208} INFO - Processing /opt/airflow/dags/airflow_utils.py took 0.050 seconds
[2026-04-11T11:21:14.263+0000] {processor.py:186} INFO - Started process (PID=35820) to work on /opt/airflow/dags/airflow_utils.py
[2026-04-11T11:21:14.265+0000] {processor.py:914} INFO - Processing file /opt/airflow/dags/airflow_utils.py for tasks to queue
[2026-04-11T11:21:14.268+0000] {logging_mixin.py:190} INFO - [2026-04-11T11:21:14.267+0000] {dagbag.py:588} INFO - Filling up the DagBag from /opt/airflow/dags/airflow_utils.py
[2026-04-11T11:21:14.271+0000] {processor.py:927} WARNING - No viable dags retrieved from /opt/airflow/dags/airflow_utils.py
[2026-04-11T11:21:14.295+0000] {processor.py:208} INFO - Processing /opt/airflow/dags/airflow_utils.py took 0.040 seconds
[2026-04-11T11:21:45.870+0000] {processor.py:186} INFO - Started process (PID=35889) to work on /opt/airflow/dags/airflow_utils.py
[2026-04-11T11:21:45.872+0000] {processor.py:914} INFO - Processing file /opt/airflow/dags/airflow_utils.py for tasks to queue
[2026-04-11T11:21:45.875+0000] {logging_mixin.py:190} INFO - [2026-04-11T11:21:45.874+0000] {dagbag.py:588} INFO - Filling up the DagBag from /opt/airflow/dags/airflow_utils.py
[2026-04-11T11:21:45.878+0000] {processor.py:927} WARNING - No viable dags retrieved from /opt/airflow/dags/airflow_utils.py
[2026-04-11T11:21:45.904+0000] {processor.py:208} INFO - Processing /opt/airflow/dags/airflow_utils.py took 0.043 seconds
[2026-04-11T11:22:16.034+0000] {processor.py:186} INFO - Started process (PID=35960) to work on /opt/airflow/dags/airflow_utils.py
[2026-04-11T11:22:16.035+0000] {processor.py:914} INFO - Processing file /opt/airflow/dags/airflow_utils.py for tasks to queue
[2026-04-11T11:22:16.038+0000] {logging_mixin.py:190} INFO - [2026-04-11T11:22:16.037+0000] {dagbag.py:588} INFO - Filling up the DagBag from /opt/airflow/dags/airflow_utils.py
[2026-04-11T11:22:16.040+0000] {processor.py:927} WARNING - No viable dags retrieved from /opt/airflow/dags/airflow_utils.py
[2026-04-11T11:22:16.059+0000] {processor.py:208} INFO - Processing /opt/airflow/dags/airflow_utils.py took 0.034 seconds
[2026-04-11T11:22:46.978+0000] {processor.py:186} INFO - Started process (PID=36001) to work on /opt/airflow/dags/airflow_utils.py
[2026-04-11T11:22:46.979+0000] {processor.py:914} INFO - Processing file /opt/airflow/dags/airflow_utils.py for tasks to queue
[2026-04-11T11:22:46.981+0000] {logging_mixin.py:190} INFO - [2026-04-11T11:22:46.980+0000] {dagbag.py:588} INFO - Filling up the DagBag from /opt/airflow/dags/airflow_utils.py
[2026-04-11T11:22:46.984+0000] {processor.py:927} WARNING - No viable dags retrieved from /opt/airflow/dags/airflow_utils.py
[2026-04-11T11:22:47.004+0000] {processor.py:208} INFO - Processing /opt/airflow/dags/airflow_utils.py took 0.032 seconds
[2026-04-11T11:23:17.801+0000] {processor.py:186} INFO - Started process (PID=36042) to work on /opt/airflow/dags/airflow_utils.py
[2026-04-11T11:23:17.803+0000] {processor.py:914} INFO - Processing file /opt/airflow/dags/airflow_utils.py for tasks to queue
[2026-04-11T11:23:17.804+0000] {logging_mixin.py:190} INFO - [2026-04-11T11:23:17.804+0000] {dagbag.py:588} INFO - Filling up the DagBag from /opt/airflow/dags/airflow_utils.py
[2026-04-11T11:23:17.808+0000] {processor.py:927} WARNING - No viable dags retrieved from /opt/airflow/dags/airflow_utils.py
[2026-04-11T11:23:17.829+0000] {processor.py:208} INFO - Processing /opt/airflow/dags/airflow_utils.py took 0.037 seconds
[2026-04-11T11:23:48.500+0000] {processor.py:186} INFO - Started process (PID=36083) to work on /opt/airflow/dags/airflow_utils.py
[2026-04-11T11:23:48.501+0000] {processor.py:914} INFO - Processing file /opt/airflow/dags/airflow_utils.py for tasks to queue
[2026-04-11T11:23:48.503+0000] {logging_mixin.py:190} INFO - [2026-04-11T11:23:48.503+0000] {dagbag.py:588} INFO - Filling up the DagBag from /opt/airflow/dags/airflow_utils.py
[2026-04-11T11:23:48.507+0000] {processor.py:927} WARNING - No viable dags retrieved from /opt/airflow/dags/airflow_utils.py
[2026-04-11T11:23:48.527+0000] {processor.py:208} INFO - Processing /opt/airflow/dags/airflow_utils.py took 0.036 seconds
[2026-04-11T11:24:19.225+0000] {processor.py:186} INFO - Started process (PID=36124) to work on /opt/airflow/dags/airflow_utils.py
[2026-04-11T11:24:19.263+0000] {processor.py:914} INFO - Processing file /opt/airflow/dags/airflow_utils.py for tasks to queue
[2026-04-11T11:24:19.265+0000] {logging_mixin.py:190} INFO - [2026-04-11T11:24:19.265+0000] {dagbag.py:588} INFO - Filling up the DagBag from /opt/airflow/dags/airflow_utils.py
[2026-04-11T11:24:19.268+0000] {processor.py:927} WARNING - No viable dags retrieved from /opt/airflow/dags/airflow_utils.py
[2026-04-11T11:24:19.287+0000] {processor.py:208} INFO - Processing /opt/airflow/dags/airflow_utils.py took 0.073 seconds
[2026-04-11T11:24:49.975+0000] {processor.py:186} INFO - Started process (PID=36165) to work on /opt/airflow/dags/airflow_utils.py
[2026-04-11T11:24:49.976+0000] {processor.py:914} INFO - Processing file /opt/airflow/dags/airflow_utils.py for tasks to queue
[2026-04-11T11:24:49.978+0000] {logging_mixin.py:190} INFO - [2026-04-11T11:24:49.977+0000] {dagbag.py:588} INFO - Filling up the DagBag from /opt/airflow/dags/airflow_utils.py
[2026-04-11T11:24:49.982+0000] {processor.py:927} WARNING - No viable dags retrieved from /opt/airflow/dags/airflow_utils.py
[2026-04-11T11:24:50.003+0000] {processor.py:208} INFO - Processing /opt/airflow/dags/airflow_utils.py took 0.038 seconds
[2026-04-11T11:25:20.675+0000] {processor.py:186} INFO - Started process (PID=36206) to work on /opt/airflow/dags/airflow_utils.py
[2026-04-11T11:25:20.676+0000] {processor.py:914} INFO - Processing file /opt/airflow/dags/airflow_utils.py for tasks to queue
[2026-04-11T11:25:20.678+0000] {logging_mixin.py:190} INFO - [2026-04-11T11:25:20.677+0000] {dagbag.py:588} INFO - Filling up the DagBag from /opt/airflow/dags/airflow_utils.py
[2026-04-11T11:25:20.680+0000] {processor.py:927} WARNING - No viable dags retrieved from /opt/airflow/dags/airflow_utils.py
[2026-04-11T11:25:20.701+0000] {processor.py:208} INFO - Processing /opt/airflow/dags/airflow_utils.py took 0.032 seconds
[2026-04-11T11:25:51.358+0000] {processor.py:186} INFO - Started process (PID=36252) to work on /opt/airflow/dags/airflow_utils.py
[2026-04-11T11:25:51.359+0000] {processor.py:914} INFO - Processing file /opt/airflow/dags/airflow_utils.py for tasks to queue
[2026-04-11T11:25:51.361+0000] {logging_mixin.py:190} INFO - [2026-04-11T11:25:51.360+0000] {dagbag.py:588} INFO - Filling up the DagBag from /opt/airflow/dags/airflow_utils.py
[2026-04-11T11:25:51.366+0000] {processor.py:927} WARNING - No viable dags retrieved from /opt/airflow/dags/airflow_utils.py
[2026-04-11T11:25:51.390+0000] {processor.py:208} INFO - Processing /opt/airflow/dags/airflow_utils.py took 0.041 seconds
