[2026-04-11T11:07:45.604+0000] {processor.py:186} INFO - Started process (PID=34269) to work on /opt/airflow/dags/branch.py
[2026-04-11T11:07:45.605+0000] {processor.py:914} INFO - Processing file /opt/airflow/dags/branch.py for tasks to queue
[2026-04-11T11:07:45.610+0000] {logging_mixin.py:190} INFO - [2026-04-11T11:07:45.609+0000] {dagbag.py:588} INFO - Filling up the DagBag from /opt/airflow/dags/branch.py
[2026-04-11T11:07:45.616+0000] {logging_mixin.py:190} INFO - [2026-04-11T11:07:45.614+0000] {dagbag.py:387} ERROR - Failed to import: /opt/airflow/dags/branch.py
Traceback (most recent call last):
  File "/home/airflow/.local/lib/python3.12/site-packages/airflow/models/dagbag.py", line 383, in parse
    loader.exec_module(new_module)
  File "<frozen importlib._bootstrap_external>", line 999, in exec_module
  File "<frozen importlib._bootstrap>", line 488, in _call_with_frames_removed
  File "/opt/airflow/dags/branch.py", line 6, in <module>
    from airflow.operators.branching import BranchPythonOperator
ModuleNotFoundError: No module named 'airflow.operators.branching'
[2026-04-11T11:07:45.617+0000] {processor.py:927} WARNING - No viable dags retrieved from /opt/airflow/dags/branch.py
[2026-04-11T11:07:45.659+0000] {processor.py:208} INFO - Processing /opt/airflow/dags/branch.py took 0.068 seconds
[2026-04-11T11:08:16.340+0000] {processor.py:186} INFO - Started process (PID=34348) to work on /opt/airflow/dags/branch.py
[2026-04-11T11:08:16.340+0000] {processor.py:914} INFO - Processing file /opt/airflow/dags/branch.py for tasks to queue
[2026-04-11T11:08:16.343+0000] {logging_mixin.py:190} INFO - [2026-04-11T11:08:16.343+0000] {dagbag.py:588} INFO - Filling up the DagBag from /opt/airflow/dags/branch.py
[2026-04-11T11:08:16.347+0000] {logging_mixin.py:190} INFO - [2026-04-11T11:08:16.346+0000] {dagbag.py:387} ERROR - Failed to import: /opt/airflow/dags/branch.py
Traceback (most recent call last):
  File "/home/airflow/.local/lib/python3.12/site-packages/airflow/models/dagbag.py", line 383, in parse
    loader.exec_module(new_module)
  File "<frozen importlib._bootstrap_external>", line 999, in exec_module
  File "<frozen importlib._bootstrap>", line 488, in _call_with_frames_removed
  File "/opt/airflow/dags/branch.py", line 6, in <module>
    from airflow.operators.branching import BranchPythonOperator
ModuleNotFoundError: No module named 'airflow.operators.branching'
[2026-04-11T11:08:16.348+0000] {processor.py:927} WARNING - No viable dags retrieved from /opt/airflow/dags/branch.py
[2026-04-11T11:08:16.377+0000] {processor.py:208} INFO - Processing /opt/airflow/dags/branch.py took 0.045 seconds
[2026-04-11T11:08:46.666+0000] {processor.py:186} INFO - Started process (PID=34417) to work on /opt/airflow/dags/branch.py
[2026-04-11T11:08:46.666+0000] {processor.py:914} INFO - Processing file /opt/airflow/dags/branch.py for tasks to queue
[2026-04-11T11:08:46.669+0000] {logging_mixin.py:190} INFO - [2026-04-11T11:08:46.669+0000] {dagbag.py:588} INFO - Filling up the DagBag from /opt/airflow/dags/branch.py
[2026-04-11T11:08:46.673+0000] {logging_mixin.py:190} INFO - [2026-04-11T11:08:46.672+0000] {dagbag.py:387} ERROR - Failed to import: /opt/airflow/dags/branch.py
Traceback (most recent call last):
  File "/home/airflow/.local/lib/python3.12/site-packages/airflow/models/dagbag.py", line 383, in parse
    loader.exec_module(new_module)
  File "<frozen importlib._bootstrap_external>", line 999, in exec_module
  File "<frozen importlib._bootstrap>", line 488, in _call_with_frames_removed
  File "/opt/airflow/dags/branch.py", line 6, in <module>
    from airflow.operators.branching import BranchPythonOperator
ModuleNotFoundError: No module named 'airflow.operators.branching'
[2026-04-11T11:08:46.674+0000] {processor.py:927} WARNING - No viable dags retrieved from /opt/airflow/dags/branch.py
[2026-04-11T11:08:46.708+0000] {processor.py:208} INFO - Processing /opt/airflow/dags/branch.py took 0.050 seconds
[2026-04-11T11:09:17.020+0000] {processor.py:186} INFO - Started process (PID=34488) to work on /opt/airflow/dags/branch.py
[2026-04-11T11:09:17.021+0000] {processor.py:914} INFO - Processing file /opt/airflow/dags/branch.py for tasks to queue
[2026-04-11T11:09:17.024+0000] {logging_mixin.py:190} INFO - [2026-04-11T11:09:17.023+0000] {dagbag.py:588} INFO - Filling up the DagBag from /opt/airflow/dags/branch.py
[2026-04-11T11:09:17.028+0000] {logging_mixin.py:190} INFO - [2026-04-11T11:09:17.026+0000] {dagbag.py:387} ERROR - Failed to import: /opt/airflow/dags/branch.py
Traceback (most recent call last):
  File "/home/airflow/.local/lib/python3.12/site-packages/airflow/models/dagbag.py", line 383, in parse
    loader.exec_module(new_module)
  File "<frozen importlib._bootstrap_external>", line 999, in exec_module
  File "<frozen importlib._bootstrap>", line 488, in _call_with_frames_removed
  File "/opt/airflow/dags/branch.py", line 6, in <module>
    from airflow.operators.branching import BranchPythonOperator
ModuleNotFoundError: No module named 'airflow.operators.branching'
[2026-04-11T11:09:17.028+0000] {processor.py:927} WARNING - No viable dags retrieved from /opt/airflow/dags/branch.py
[2026-04-11T11:09:17.053+0000] {processor.py:208} INFO - Processing /opt/airflow/dags/branch.py took 0.040 seconds
[2026-04-11T11:09:47.211+0000] {processor.py:186} INFO - Started process (PID=34561) to work on /opt/airflow/dags/branch.py
[2026-04-11T11:09:47.212+0000] {processor.py:914} INFO - Processing file /opt/airflow/dags/branch.py for tasks to queue
[2026-04-11T11:09:47.215+0000] {logging_mixin.py:190} INFO - [2026-04-11T11:09:47.214+0000] {dagbag.py:588} INFO - Filling up the DagBag from /opt/airflow/dags/branch.py
[2026-04-11T11:09:47.219+0000] {logging_mixin.py:190} INFO - [2026-04-11T11:09:47.217+0000] {dagbag.py:387} ERROR - Failed to import: /opt/airflow/dags/branch.py
Traceback (most recent call last):
  File "/home/airflow/.local/lib/python3.12/site-packages/airflow/models/dagbag.py", line 383, in parse
    loader.exec_module(new_module)
  File "<frozen importlib._bootstrap_external>", line 999, in exec_module
  File "<frozen importlib._bootstrap>", line 488, in _call_with_frames_removed
  File "/opt/airflow/dags/branch.py", line 6, in <module>
    from airflow.operators.branching import BranchPythonOperator
ModuleNotFoundError: No module named 'airflow.operators.branching'
[2026-04-11T11:09:47.220+0000] {processor.py:927} WARNING - No viable dags retrieved from /opt/airflow/dags/branch.py
[2026-04-11T11:09:47.248+0000] {processor.py:208} INFO - Processing /opt/airflow/dags/branch.py took 0.044 seconds
[2026-04-11T11:10:17.533+0000] {processor.py:186} INFO - Started process (PID=34632) to work on /opt/airflow/dags/branch.py
[2026-04-11T11:10:17.535+0000] {processor.py:914} INFO - Processing file /opt/airflow/dags/branch.py for tasks to queue
[2026-04-11T11:10:17.537+0000] {logging_mixin.py:190} INFO - [2026-04-11T11:10:17.537+0000] {dagbag.py:588} INFO - Filling up the DagBag from /opt/airflow/dags/branch.py
[2026-04-11T11:10:17.542+0000] {logging_mixin.py:190} INFO - [2026-04-11T11:10:17.540+0000] {dagbag.py:387} ERROR - Failed to import: /opt/airflow/dags/branch.py
Traceback (most recent call last):
  File "/home/airflow/.local/lib/python3.12/site-packages/airflow/models/dagbag.py", line 383, in parse
    loader.exec_module(new_module)
  File "<frozen importlib._bootstrap_external>", line 999, in exec_module
  File "<frozen importlib._bootstrap>", line 488, in _call_with_frames_removed
  File "/opt/airflow/dags/branch.py", line 6, in <module>
    from airflow.operators.branching import BranchPythonOperator
ModuleNotFoundError: No module named 'airflow.operators.branching'
[2026-04-11T11:10:17.542+0000] {processor.py:927} WARNING - No viable dags retrieved from /opt/airflow/dags/branch.py
[2026-04-11T11:10:17.565+0000] {processor.py:208} INFO - Processing /opt/airflow/dags/branch.py took 0.044 seconds
[2026-04-11T11:10:47.813+0000] {processor.py:186} INFO - Started process (PID=34703) to work on /opt/airflow/dags/branch.py
[2026-04-11T11:10:47.814+0000] {processor.py:914} INFO - Processing file /opt/airflow/dags/branch.py for tasks to queue
[2026-04-11T11:10:47.817+0000] {logging_mixin.py:190} INFO - [2026-04-11T11:10:47.816+0000] {dagbag.py:588} INFO - Filling up the DagBag from /opt/airflow/dags/branch.py
[2026-04-11T11:10:47.820+0000] {logging_mixin.py:190} INFO - [2026-04-11T11:10:47.819+0000] {dagbag.py:387} ERROR - Failed to import: /opt/airflow/dags/branch.py
Traceback (most recent call last):
  File "/home/airflow/.local/lib/python3.12/site-packages/airflow/models/dagbag.py", line 383, in parse
    loader.exec_module(new_module)
  File "<frozen importlib._bootstrap_external>", line 999, in exec_module
  File "<frozen importlib._bootstrap>", line 488, in _call_with_frames_removed
  File "/opt/airflow/dags/branch.py", line 6, in <module>
    from airflow.operators.branching import BranchPythonOperator
ModuleNotFoundError: No module named 'airflow.operators.branching'
[2026-04-11T11:10:47.821+0000] {processor.py:927} WARNING - No viable dags retrieved from /opt/airflow/dags/branch.py
[2026-04-11T11:10:47.847+0000] {processor.py:208} INFO - Processing /opt/airflow/dags/branch.py took 0.046 seconds
[2026-04-11T11:11:18.071+0000] {processor.py:186} INFO - Started process (PID=34772) to work on /opt/airflow/dags/branch.py
[2026-04-11T11:11:18.072+0000] {processor.py:914} INFO - Processing file /opt/airflow/dags/branch.py for tasks to queue
[2026-04-11T11:11:18.075+0000] {logging_mixin.py:190} INFO - [2026-04-11T11:11:18.074+0000] {dagbag.py:588} INFO - Filling up the DagBag from /opt/airflow/dags/branch.py
[2026-04-11T11:11:18.079+0000] {logging_mixin.py:190} INFO - [2026-04-11T11:11:18.077+0000] {dagbag.py:387} ERROR - Failed to import: /opt/airflow/dags/branch.py
Traceback (most recent call last):
  File "/home/airflow/.local/lib/python3.12/site-packages/airflow/models/dagbag.py", line 383, in parse
    loader.exec_module(new_module)
  File "<frozen importlib._bootstrap_external>", line 999, in exec_module
  File "<frozen importlib._bootstrap>", line 488, in _call_with_frames_removed
  File "/opt/airflow/dags/branch.py", line 6, in <module>
    from airflow.operators.branching import BranchPythonOperator
ModuleNotFoundError: No module named 'airflow.operators.branching'
[2026-04-11T11:11:18.079+0000] {processor.py:927} WARNING - No viable dags retrieved from /opt/airflow/dags/branch.py
[2026-04-11T11:11:18.105+0000] {processor.py:208} INFO - Processing /opt/airflow/dags/branch.py took 0.045 seconds
[2026-04-11T11:11:48.381+0000] {processor.py:186} INFO - Started process (PID=34845) to work on /opt/airflow/dags/branch.py
[2026-04-11T11:11:48.381+0000] {processor.py:914} INFO - Processing file /opt/airflow/dags/branch.py for tasks to queue
[2026-04-11T11:11:48.384+0000] {logging_mixin.py:190} INFO - [2026-04-11T11:11:48.383+0000] {dagbag.py:588} INFO - Filling up the DagBag from /opt/airflow/dags/branch.py
[2026-04-11T11:11:48.387+0000] {logging_mixin.py:190} INFO - [2026-04-11T11:11:48.386+0000] {dagbag.py:387} ERROR - Failed to import: /opt/airflow/dags/branch.py
Traceback (most recent call last):
  File "/home/airflow/.local/lib/python3.12/site-packages/airflow/models/dagbag.py", line 383, in parse
    loader.exec_module(new_module)
  File "<frozen importlib._bootstrap_external>", line 999, in exec_module
  File "<frozen importlib._bootstrap>", line 488, in _call_with_frames_removed
  File "/opt/airflow/dags/branch.py", line 6, in <module>
    from airflow.operators.branching import BranchPythonOperator
ModuleNotFoundError: No module named 'airflow.operators.branching'
[2026-04-11T11:11:48.388+0000] {processor.py:927} WARNING - No viable dags retrieved from /opt/airflow/dags/branch.py
[2026-04-11T11:11:48.411+0000] {processor.py:208} INFO - Processing /opt/airflow/dags/branch.py took 0.041 seconds
[2026-04-11T11:12:18.530+0000] {processor.py:186} INFO - Started process (PID=34915) to work on /opt/airflow/dags/branch.py
[2026-04-11T11:12:18.531+0000] {processor.py:914} INFO - Processing file /opt/airflow/dags/branch.py for tasks to queue
[2026-04-11T11:12:18.533+0000] {logging_mixin.py:190} INFO - [2026-04-11T11:12:18.533+0000] {dagbag.py:588} INFO - Filling up the DagBag from /opt/airflow/dags/branch.py
[2026-04-11T11:12:18.536+0000] {logging_mixin.py:190} INFO - [2026-04-11T11:12:18.535+0000] {dagbag.py:387} ERROR - Failed to import: /opt/airflow/dags/branch.py
Traceback (most recent call last):
  File "/home/airflow/.local/lib/python3.12/site-packages/airflow/models/dagbag.py", line 383, in parse
    loader.exec_module(new_module)
  File "<frozen importlib._bootstrap_external>", line 999, in exec_module
  File "<frozen importlib._bootstrap>", line 488, in _call_with_frames_removed
  File "/opt/airflow/dags/branch.py", line 6, in <module>
    from airflow.operators.branching import BranchPythonOperator
ModuleNotFoundError: No module named 'airflow.operators.branching'
[2026-04-11T11:12:18.537+0000] {processor.py:927} WARNING - No viable dags retrieved from /opt/airflow/dags/branch.py
[2026-04-11T11:12:18.568+0000] {processor.py:208} INFO - Processing /opt/airflow/dags/branch.py took 0.044 seconds
[2026-04-11T11:12:48.862+0000] {processor.py:186} INFO - Started process (PID=35005) to work on /opt/airflow/dags/branch.py
[2026-04-11T11:12:48.863+0000] {processor.py:914} INFO - Processing file /opt/airflow/dags/branch.py for tasks to queue
[2026-04-11T11:12:48.866+0000] {logging_mixin.py:190} INFO - [2026-04-11T11:12:48.865+0000] {dagbag.py:588} INFO - Filling up the DagBag from /opt/airflow/dags/branch.py
[2026-04-11T11:12:48.870+0000] {logging_mixin.py:190} INFO - [2026-04-11T11:12:48.869+0000] {dagbag.py:387} ERROR - Failed to import: /opt/airflow/dags/branch.py
Traceback (most recent call last):
  File "/home/airflow/.local/lib/python3.12/site-packages/airflow/models/dagbag.py", line 383, in parse
    loader.exec_module(new_module)
  File "<frozen importlib._bootstrap_external>", line 999, in exec_module
  File "<frozen importlib._bootstrap>", line 488, in _call_with_frames_removed
  File "/opt/airflow/dags/branch.py", line 6, in <module>
    from airflow.operators.branching import BranchPythonOperator
ModuleNotFoundError: No module named 'airflow.operators.branching'
[2026-04-11T11:12:48.871+0000] {processor.py:927} WARNING - No viable dags retrieved from /opt/airflow/dags/branch.py
[2026-04-11T11:12:48.899+0000] {processor.py:208} INFO - Processing /opt/airflow/dags/branch.py took 0.045 seconds
[2026-04-11T11:17:04.544+0000] {processor.py:186} INFO - Started process (PID=35143) to work on /opt/airflow/dags/branch.py
[2026-04-11T11:17:04.545+0000] {processor.py:914} INFO - Processing file /opt/airflow/dags/branch.py for tasks to queue
[2026-04-11T11:17:04.549+0000] {logging_mixin.py:190} INFO - [2026-04-11T11:17:04.548+0000] {dagbag.py:588} INFO - Filling up the DagBag from /opt/airflow/dags/branch.py
[2026-04-11T11:17:04.553+0000] {logging_mixin.py:190} INFO - [2026-04-11T11:17:04.552+0000] {dagbag.py:387} ERROR - Failed to import: /opt/airflow/dags/branch.py
Traceback (most recent call last):
  File "/home/airflow/.local/lib/python3.12/site-packages/airflow/models/dagbag.py", line 383, in parse
    loader.exec_module(new_module)
  File "<frozen importlib._bootstrap_external>", line 999, in exec_module
  File "<frozen importlib._bootstrap>", line 488, in _call_with_frames_removed
  File "/opt/airflow/dags/branch.py", line 6, in <module>
    from airflow.operators.branching import BranchPythonOperator
ModuleNotFoundError: No module named 'airflow.operators.branching'
[2026-04-11T11:17:04.554+0000] {processor.py:927} WARNING - No viable dags retrieved from /opt/airflow/dags/branch.py
[2026-04-11T11:17:04.581+0000] {processor.py:208} INFO - Processing /opt/airflow/dags/branch.py took 0.044 seconds
[2026-04-11T11:17:35.776+0000] {processor.py:186} INFO - Started process (PID=35216) to work on /opt/airflow/dags/branch.py
[2026-04-11T11:17:35.776+0000] {processor.py:914} INFO - Processing file /opt/airflow/dags/branch.py for tasks to queue
[2026-04-11T11:17:35.779+0000] {logging_mixin.py:190} INFO - [2026-04-11T11:17:35.779+0000] {dagbag.py:588} INFO - Filling up the DagBag from /opt/airflow/dags/branch.py
[2026-04-11T11:17:35.784+0000] {logging_mixin.py:190} INFO - [2026-04-11T11:17:35.783+0000] {dagbag.py:387} ERROR - Failed to import: /opt/airflow/dags/branch.py
Traceback (most recent call last):
  File "/home/airflow/.local/lib/python3.12/site-packages/airflow/models/dagbag.py", line 383, in parse
    loader.exec_module(new_module)
  File "<frozen importlib._bootstrap_external>", line 999, in exec_module
  File "<frozen importlib._bootstrap>", line 488, in _call_with_frames_removed
  File "/opt/airflow/dags/branch.py", line 6, in <module>
    from airflow.operators.branching import BranchPythonOperator
ModuleNotFoundError: No module named 'airflow.operators.branching'
[2026-04-11T11:17:35.785+0000] {processor.py:927} WARNING - No viable dags retrieved from /opt/airflow/dags/branch.py
[2026-04-11T11:17:35.814+0000] {processor.py:208} INFO - Processing /opt/airflow/dags/branch.py took 0.046 seconds
[2026-04-11T11:18:06.122+0000] {processor.py:186} INFO - Started process (PID=35362) to work on /opt/airflow/dags/branch.py
[2026-04-11T11:18:06.123+0000] {processor.py:914} INFO - Processing file /opt/airflow/dags/branch.py for tasks to queue
[2026-04-11T11:18:06.127+0000] {logging_mixin.py:190} INFO - [2026-04-11T11:18:06.126+0000] {dagbag.py:588} INFO - Filling up the DagBag from /opt/airflow/dags/branch.py
[2026-04-11T11:18:06.133+0000] {logging_mixin.py:190} INFO - [2026-04-11T11:18:06.131+0000] {dagbag.py:387} ERROR - Failed to import: /opt/airflow/dags/branch.py
Traceback (most recent call last):
  File "/home/airflow/.local/lib/python3.12/site-packages/airflow/models/dagbag.py", line 383, in parse
    loader.exec_module(new_module)
  File "<frozen importlib._bootstrap_external>", line 999, in exec_module
  File "<frozen importlib._bootstrap>", line 488, in _call_with_frames_removed
  File "/opt/airflow/dags/branch.py", line 6, in <module>
    from airflow.operators.branching import BranchPythonOperator
ModuleNotFoundError: No module named 'airflow.operators.branching'
[2026-04-11T11:18:06.134+0000] {processor.py:927} WARNING - No viable dags retrieved from /opt/airflow/dags/branch.py
[2026-04-11T11:18:06.170+0000] {processor.py:208} INFO - Processing /opt/airflow/dags/branch.py took 0.058 seconds
[2026-04-11T11:18:36.479+0000] {processor.py:186} INFO - Started process (PID=35430) to work on /opt/airflow/dags/branch.py
[2026-04-11T11:18:36.481+0000] {processor.py:914} INFO - Processing file /opt/airflow/dags/branch.py for tasks to queue
[2026-04-11T11:18:36.485+0000] {logging_mixin.py:190} INFO - [2026-04-11T11:18:36.485+0000] {dagbag.py:588} INFO - Filling up the DagBag from /opt/airflow/dags/branch.py
[2026-04-11T11:18:36.493+0000] {logging_mixin.py:190} INFO - [2026-04-11T11:18:36.490+0000] {dagbag.py:387} ERROR - Failed to import: /opt/airflow/dags/branch.py
Traceback (most recent call last):
  File "/home/airflow/.local/lib/python3.12/site-packages/airflow/models/dagbag.py", line 383, in parse
    loader.exec_module(new_module)
  File "<frozen importlib._bootstrap_external>", line 999, in exec_module
  File "<frozen importlib._bootstrap>", line 488, in _call_with_frames_removed
  File "/opt/airflow/dags/branch.py", line 6, in <module>
    from airflow.operators.branching import BranchPythonOperator
ModuleNotFoundError: No module named 'airflow.operators.branching'
[2026-04-11T11:18:36.494+0000] {processor.py:927} WARNING - No viable dags retrieved from /opt/airflow/dags/branch.py
[2026-04-11T11:18:36.534+0000] {processor.py:208} INFO - Processing /opt/airflow/dags/branch.py took 0.067 seconds
[2026-04-11T11:19:10.901+0000] {processor.py:186} INFO - Started process (PID=35504) to work on /opt/airflow/dags/branch.py
[2026-04-11T11:19:10.902+0000] {processor.py:914} INFO - Processing file /opt/airflow/dags/branch.py for tasks to queue
[2026-04-11T11:19:10.906+0000] {logging_mixin.py:190} INFO - [2026-04-11T11:19:10.905+0000] {dagbag.py:588} INFO - Filling up the DagBag from /opt/airflow/dags/branch.py
[2026-04-11T11:19:10.912+0000] {logging_mixin.py:190} INFO - [2026-04-11T11:19:10.910+0000] {dagbag.py:387} ERROR - Failed to import: /opt/airflow/dags/branch.py
Traceback (most recent call last):
  File "/home/airflow/.local/lib/python3.12/site-packages/airflow/models/dagbag.py", line 383, in parse
    loader.exec_module(new_module)
  File "<frozen importlib._bootstrap_external>", line 999, in exec_module
  File "<frozen importlib._bootstrap>", line 488, in _call_with_frames_removed
  File "/opt/airflow/dags/branch.py", line 6, in <module>
    from airflow.operators.branching import BranchPythonOperator
ModuleNotFoundError: No module named 'airflow.operators.branching'
[2026-04-11T11:19:10.913+0000] {processor.py:927} WARNING - No viable dags retrieved from /opt/airflow/dags/branch.py
[2026-04-11T11:19:10.947+0000] {processor.py:208} INFO - Processing /opt/airflow/dags/branch.py took 0.055 seconds
[2026-04-11T11:19:41.290+0000] {processor.py:186} INFO - Started process (PID=35577) to work on /opt/airflow/dags/branch.py
[2026-04-11T11:19:41.291+0000] {processor.py:914} INFO - Processing file /opt/airflow/dags/branch.py for tasks to queue
[2026-04-11T11:19:41.294+0000] {logging_mixin.py:190} INFO - [2026-04-11T11:19:41.293+0000] {dagbag.py:588} INFO - Filling up the DagBag from /opt/airflow/dags/branch.py
[2026-04-11T11:19:41.297+0000] {logging_mixin.py:190} INFO - [2026-04-11T11:19:41.296+0000] {dagbag.py:387} ERROR - Failed to import: /opt/airflow/dags/branch.py
Traceback (most recent call last):
  File "/home/airflow/.local/lib/python3.12/site-packages/airflow/models/dagbag.py", line 383, in parse
    loader.exec_module(new_module)
  File "<frozen importlib._bootstrap_external>", line 999, in exec_module
  File "<frozen importlib._bootstrap>", line 488, in _call_with_frames_removed
  File "/opt/airflow/dags/branch.py", line 6, in <module>
    from airflow.operators.branching import BranchPythonOperator
ModuleNotFoundError: No module named 'airflow.operators.branching'
[2026-04-11T11:19:41.298+0000] {processor.py:927} WARNING - No viable dags retrieved from /opt/airflow/dags/branch.py
[2026-04-11T11:19:41.332+0000] {processor.py:208} INFO - Processing /opt/airflow/dags/branch.py took 0.049 seconds
[2026-04-11T11:20:12.863+0000] {processor.py:186} INFO - Started process (PID=35648) to work on /opt/airflow/dags/branch.py
[2026-04-11T11:20:12.864+0000] {processor.py:914} INFO - Processing file /opt/airflow/dags/branch.py for tasks to queue
[2026-04-11T11:20:12.867+0000] {logging_mixin.py:190} INFO - [2026-04-11T11:20:12.867+0000] {dagbag.py:588} INFO - Filling up the DagBag from /opt/airflow/dags/branch.py
[2026-04-11T11:20:12.872+0000] {logging_mixin.py:190} INFO - [2026-04-11T11:20:12.871+0000] {dagbag.py:387} ERROR - Failed to import: /opt/airflow/dags/branch.py
Traceback (most recent call last):
  File "/home/airflow/.local/lib/python3.12/site-packages/airflow/models/dagbag.py", line 383, in parse
    loader.exec_module(new_module)
  File "<frozen importlib._bootstrap_external>", line 999, in exec_module
  File "<frozen importlib._bootstrap>", line 488, in _call_with_frames_removed
  File "/opt/airflow/dags/branch.py", line 6, in <module>
    from airflow.operators.branching import BranchPythonOperator
ModuleNotFoundError: No module named 'airflow.operators.branching'
[2026-04-11T11:20:12.874+0000] {processor.py:927} WARNING - No viable dags retrieved from /opt/airflow/dags/branch.py
[2026-04-11T11:20:12.908+0000] {processor.py:208} INFO - Processing /opt/airflow/dags/branch.py took 0.055 seconds
[2026-04-11T11:20:43.313+0000] {processor.py:186} INFO - Started process (PID=35719) to work on /opt/airflow/dags/branch.py
[2026-04-11T11:20:43.315+0000] {processor.py:914} INFO - Processing file /opt/airflow/dags/branch.py for tasks to queue
[2026-04-11T11:20:43.320+0000] {logging_mixin.py:190} INFO - [2026-04-11T11:20:43.319+0000] {dagbag.py:588} INFO - Filling up the DagBag from /opt/airflow/dags/branch.py
[2026-04-11T11:20:43.327+0000] {logging_mixin.py:190} INFO - [2026-04-11T11:20:43.324+0000] {dagbag.py:387} ERROR - Failed to import: /opt/airflow/dags/branch.py
Traceback (most recent call last):
  File "/home/airflow/.local/lib/python3.12/site-packages/airflow/models/dagbag.py", line 383, in parse
    loader.exec_module(new_module)
  File "<frozen importlib._bootstrap_external>", line 999, in exec_module
  File "<frozen importlib._bootstrap>", line 488, in _call_with_frames_removed
  File "/opt/airflow/dags/branch.py", line 6, in <module>
    from airflow.operators.branching import BranchPythonOperator
ModuleNotFoundError: No module named 'airflow.operators.branching'
[2026-04-11T11:20:43.328+0000] {processor.py:927} WARNING - No viable dags retrieved from /opt/airflow/dags/branch.py
[2026-04-11T11:20:43.370+0000] {processor.py:208} INFO - Processing /opt/airflow/dags/branch.py took 0.070 seconds
[2026-04-11T11:21:13.756+0000] {processor.py:186} INFO - Started process (PID=35790) to work on /opt/airflow/dags/branch.py
[2026-04-11T11:21:13.757+0000] {processor.py:914} INFO - Processing file /opt/airflow/dags/branch.py for tasks to queue
[2026-04-11T11:21:13.760+0000] {logging_mixin.py:190} INFO - [2026-04-11T11:21:13.759+0000] {dagbag.py:588} INFO - Filling up the DagBag from /opt/airflow/dags/branch.py
[2026-04-11T11:21:13.764+0000] {logging_mixin.py:190} INFO - [2026-04-11T11:21:13.762+0000] {dagbag.py:387} ERROR - Failed to import: /opt/airflow/dags/branch.py
Traceback (most recent call last):
  File "/home/airflow/.local/lib/python3.12/site-packages/airflow/models/dagbag.py", line 383, in parse
    loader.exec_module(new_module)
  File "<frozen importlib._bootstrap_external>", line 999, in exec_module
  File "<frozen importlib._bootstrap>", line 488, in _call_with_frames_removed
  File "/opt/airflow/dags/branch.py", line 6, in <module>
    from airflow.operators.branching import BranchPythonOperator
ModuleNotFoundError: No module named 'airflow.operators.branching'
[2026-04-11T11:21:13.764+0000] {processor.py:927} WARNING - No viable dags retrieved from /opt/airflow/dags/branch.py
[2026-04-11T11:21:13.842+0000] {processor.py:208} INFO - Processing /opt/airflow/dags/branch.py took 0.092 seconds
[2026-04-11T11:21:45.486+0000] {processor.py:186} INFO - Started process (PID=35859) to work on /opt/airflow/dags/branch.py
[2026-04-11T11:21:45.488+0000] {processor.py:914} INFO - Processing file /opt/airflow/dags/branch.py for tasks to queue
[2026-04-11T11:21:45.492+0000] {logging_mixin.py:190} INFO - [2026-04-11T11:21:45.491+0000] {dagbag.py:588} INFO - Filling up the DagBag from /opt/airflow/dags/branch.py
[2026-04-11T11:21:45.497+0000] {logging_mixin.py:190} INFO - [2026-04-11T11:21:45.495+0000] {dagbag.py:387} ERROR - Failed to import: /opt/airflow/dags/branch.py
Traceback (most recent call last):
  File "/home/airflow/.local/lib/python3.12/site-packages/airflow/models/dagbag.py", line 383, in parse
    loader.exec_module(new_module)
  File "<frozen importlib._bootstrap_external>", line 999, in exec_module
  File "<frozen importlib._bootstrap>", line 488, in _call_with_frames_removed
  File "/opt/airflow/dags/branch.py", line 6, in <module>
    from airflow.operators.branching import BranchPythonOperator
ModuleNotFoundError: No module named 'airflow.operators.branching'
[2026-04-11T11:21:45.498+0000] {processor.py:927} WARNING - No viable dags retrieved from /opt/airflow/dags/branch.py
[2026-04-11T11:21:45.534+0000] {processor.py:208} INFO - Processing /opt/airflow/dags/branch.py took 0.059 seconds
[2026-04-11T11:22:15.662+0000] {processor.py:186} INFO - Started process (PID=35930) to work on /opt/airflow/dags/branch.py
[2026-04-11T11:22:15.664+0000] {processor.py:914} INFO - Processing file /opt/airflow/dags/branch.py for tasks to queue
[2026-04-11T11:22:15.667+0000] {logging_mixin.py:190} INFO - [2026-04-11T11:22:15.666+0000] {dagbag.py:588} INFO - Filling up the DagBag from /opt/airflow/dags/branch.py
[2026-04-11T11:22:15.672+0000] {logging_mixin.py:190} INFO - [2026-04-11T11:22:15.670+0000] {dagbag.py:387} ERROR - Failed to import: /opt/airflow/dags/branch.py
Traceback (most recent call last):
  File "/home/airflow/.local/lib/python3.12/site-packages/airflow/models/dagbag.py", line 383, in parse
    loader.exec_module(new_module)
  File "<frozen importlib._bootstrap_external>", line 999, in exec_module
  File "<frozen importlib._bootstrap>", line 488, in _call_with_frames_removed
  File "/opt/airflow/dags/branch.py", line 6, in <module>
    from airflow.operators.branching import BranchPythonOperator
ModuleNotFoundError: No module named 'airflow.operators.branching'
[2026-04-11T11:22:15.673+0000] {processor.py:927} WARNING - No viable dags retrieved from /opt/airflow/dags/branch.py
[2026-04-11T11:22:15.702+0000] {processor.py:208} INFO - Processing /opt/airflow/dags/branch.py took 0.047 seconds
