[2026-04-11T11:07:44.918+0000] {processor.py:186} INFO - Started process (PID=34247) to work on /opt/airflow/dags/dag.py
[2026-04-11T11:07:44.920+0000] {processor.py:914} INFO - Processing file /opt/airflow/dags/dag.py for tasks to queue
[2026-04-11T11:07:44.924+0000] {logging_mixin.py:190} INFO - [2026-04-11T11:07:44.923+0000] {dagbag.py:588} INFO - Filling up the DagBag from /opt/airflow/dags/dag.py
[2026-04-11T11:07:44.943+0000] {processor.py:925} INFO - DAG(s) 'matrix_minio' retrieved from /opt/airflow/dags/dag.py
[2026-04-11T11:07:45.005+0000] {logging_mixin.py:190} INFO - [2026-04-11T11:07:45.005+0000] {dag.py:3239} INFO - Sync 1 DAGs
[2026-04-11T11:07:45.046+0000] {logging_mixin.py:190} INFO - [2026-04-11T11:07:45.045+0000] {dag.py:4180} INFO - Setting next_dagrun for matrix_minio to None, run_after=None
[2026-04-11T11:07:45.123+0000] {processor.py:208} INFO - Processing /opt/airflow/dags/dag.py took 0.219 seconds
[2026-04-11T11:08:15.905+0000] {processor.py:186} INFO - Started process (PID=34326) to work on /opt/airflow/dags/dag.py
[2026-04-11T11:08:15.906+0000] {processor.py:914} INFO - Processing file /opt/airflow/dags/dag.py for tasks to queue
[2026-04-11T11:08:15.908+0000] {logging_mixin.py:190} INFO - [2026-04-11T11:08:15.908+0000] {dagbag.py:588} INFO - Filling up the DagBag from /opt/airflow/dags/dag.py
[2026-04-11T11:08:15.918+0000] {processor.py:925} INFO - DAG(s) 'matrix_minio' retrieved from /opt/airflow/dags/dag.py
[2026-04-11T11:08:15.947+0000] {logging_mixin.py:190} INFO - [2026-04-11T11:08:15.947+0000] {dag.py:3239} INFO - Sync 1 DAGs
[2026-04-11T11:08:15.965+0000] {logging_mixin.py:190} INFO - [2026-04-11T11:08:15.965+0000] {dag.py:4180} INFO - Setting next_dagrun for matrix_minio to None, run_after=None
[2026-04-11T11:08:15.997+0000] {processor.py:208} INFO - Processing /opt/airflow/dags/dag.py took 0.099 seconds
[2026-04-11T11:08:46.201+0000] {processor.py:186} INFO - Started process (PID=34397) to work on /opt/airflow/dags/dag.py
[2026-04-11T11:08:46.202+0000] {processor.py:914} INFO - Processing file /opt/airflow/dags/dag.py for tasks to queue
[2026-04-11T11:08:46.204+0000] {logging_mixin.py:190} INFO - [2026-04-11T11:08:46.204+0000] {dagbag.py:588} INFO - Filling up the DagBag from /opt/airflow/dags/dag.py
[2026-04-11T11:08:46.214+0000] {processor.py:925} INFO - DAG(s) 'matrix_minio' retrieved from /opt/airflow/dags/dag.py
[2026-04-11T11:08:46.249+0000] {logging_mixin.py:190} INFO - [2026-04-11T11:08:46.248+0000] {dag.py:3239} INFO - Sync 1 DAGs
[2026-04-11T11:08:46.273+0000] {logging_mixin.py:190} INFO - [2026-04-11T11:08:46.273+0000] {dag.py:4180} INFO - Setting next_dagrun for matrix_minio to None, run_after=None
[2026-04-11T11:08:46.300+0000] {processor.py:208} INFO - Processing /opt/airflow/dags/dag.py took 0.105 seconds
[2026-04-11T11:09:16.622+0000] {processor.py:186} INFO - Started process (PID=34468) to work on /opt/airflow/dags/dag.py
[2026-04-11T11:09:16.623+0000] {processor.py:914} INFO - Processing file /opt/airflow/dags/dag.py for tasks to queue
[2026-04-11T11:09:16.625+0000] {logging_mixin.py:190} INFO - [2026-04-11T11:09:16.625+0000] {dagbag.py:588} INFO - Filling up the DagBag from /opt/airflow/dags/dag.py
[2026-04-11T11:09:16.635+0000] {processor.py:925} INFO - DAG(s) 'matrix_minio' retrieved from /opt/airflow/dags/dag.py
[2026-04-11T11:09:16.664+0000] {logging_mixin.py:190} INFO - [2026-04-11T11:09:16.663+0000] {dag.py:3239} INFO - Sync 1 DAGs
[2026-04-11T11:09:16.680+0000] {logging_mixin.py:190} INFO - [2026-04-11T11:09:16.680+0000] {dag.py:4180} INFO - Setting next_dagrun for matrix_minio to None, run_after=None
[2026-04-11T11:09:16.703+0000] {processor.py:208} INFO - Processing /opt/airflow/dags/dag.py took 0.093 seconds
[2026-04-11T11:09:46.774+0000] {processor.py:186} INFO - Started process (PID=34536) to work on /opt/airflow/dags/dag.py
[2026-04-11T11:09:46.775+0000] {processor.py:914} INFO - Processing file /opt/airflow/dags/dag.py for tasks to queue
[2026-04-11T11:09:46.778+0000] {logging_mixin.py:190} INFO - [2026-04-11T11:09:46.777+0000] {dagbag.py:588} INFO - Filling up the DagBag from /opt/airflow/dags/dag.py
[2026-04-11T11:09:46.788+0000] {processor.py:925} INFO - DAG(s) 'matrix_minio' retrieved from /opt/airflow/dags/dag.py
[2026-04-11T11:09:46.822+0000] {logging_mixin.py:190} INFO - [2026-04-11T11:09:46.821+0000] {dag.py:3239} INFO - Sync 1 DAGs
[2026-04-11T11:09:46.841+0000] {logging_mixin.py:190} INFO - [2026-04-11T11:09:46.840+0000] {dag.py:4180} INFO - Setting next_dagrun for matrix_minio to None, run_after=None
[2026-04-11T11:09:46.868+0000] {processor.py:208} INFO - Processing /opt/airflow/dags/dag.py took 0.100 seconds
[2026-04-11T11:10:17.100+0000] {processor.py:186} INFO - Started process (PID=34610) to work on /opt/airflow/dags/dag.py
[2026-04-11T11:10:17.101+0000] {processor.py:914} INFO - Processing file /opt/airflow/dags/dag.py for tasks to queue
[2026-04-11T11:10:17.103+0000] {logging_mixin.py:190} INFO - [2026-04-11T11:10:17.103+0000] {dagbag.py:588} INFO - Filling up the DagBag from /opt/airflow/dags/dag.py
[2026-04-11T11:10:17.114+0000] {processor.py:925} INFO - DAG(s) 'matrix_minio' retrieved from /opt/airflow/dags/dag.py
[2026-04-11T11:10:17.148+0000] {logging_mixin.py:190} INFO - [2026-04-11T11:10:17.147+0000] {dag.py:3239} INFO - Sync 1 DAGs
[2026-04-11T11:10:17.169+0000] {logging_mixin.py:190} INFO - [2026-04-11T11:10:17.169+0000] {dag.py:4180} INFO - Setting next_dagrun for matrix_minio to None, run_after=None
[2026-04-11T11:10:17.194+0000] {processor.py:208} INFO - Processing /opt/airflow/dags/dag.py took 0.103 seconds
[2026-04-11T11:10:47.257+0000] {processor.py:186} INFO - Started process (PID=34678) to work on /opt/airflow/dags/dag.py
[2026-04-11T11:10:47.258+0000] {processor.py:914} INFO - Processing file /opt/airflow/dags/dag.py for tasks to queue
[2026-04-11T11:10:47.260+0000] {logging_mixin.py:190} INFO - [2026-04-11T11:10:47.260+0000] {dagbag.py:588} INFO - Filling up the DagBag from /opt/airflow/dags/dag.py
[2026-04-11T11:10:47.268+0000] {processor.py:925} INFO - DAG(s) 'matrix_minio' retrieved from /opt/airflow/dags/dag.py
[2026-04-11T11:10:47.298+0000] {logging_mixin.py:190} INFO - [2026-04-11T11:10:47.297+0000] {dag.py:3239} INFO - Sync 1 DAGs
[2026-04-11T11:10:47.314+0000] {logging_mixin.py:190} INFO - [2026-04-11T11:10:47.314+0000] {dag.py:4180} INFO - Setting next_dagrun for matrix_minio to None, run_after=None
[2026-04-11T11:10:47.334+0000] {processor.py:208} INFO - Processing /opt/airflow/dags/dag.py took 0.090 seconds
[2026-04-11T11:11:17.686+0000] {processor.py:186} INFO - Started process (PID=34752) to work on /opt/airflow/dags/dag.py
[2026-04-11T11:11:17.688+0000] {processor.py:914} INFO - Processing file /opt/airflow/dags/dag.py for tasks to queue
[2026-04-11T11:11:17.692+0000] {logging_mixin.py:190} INFO - [2026-04-11T11:11:17.691+0000] {dagbag.py:588} INFO - Filling up the DagBag from /opt/airflow/dags/dag.py
[2026-04-11T11:11:17.700+0000] {processor.py:925} INFO - DAG(s) 'matrix_minio' retrieved from /opt/airflow/dags/dag.py
[2026-04-11T11:11:17.733+0000] {logging_mixin.py:190} INFO - [2026-04-11T11:11:17.732+0000] {dag.py:3239} INFO - Sync 1 DAGs
[2026-04-11T11:11:17.754+0000] {logging_mixin.py:190} INFO - [2026-04-11T11:11:17.753+0000] {dag.py:4180} INFO - Setting next_dagrun for matrix_minio to None, run_after=None
[2026-04-11T11:11:17.776+0000] {processor.py:208} INFO - Processing /opt/airflow/dags/dag.py took 0.097 seconds
[2026-04-11T11:11:47.996+0000] {processor.py:186} INFO - Started process (PID=34823) to work on /opt/airflow/dags/dag.py
[2026-04-11T11:11:47.997+0000] {processor.py:914} INFO - Processing file /opt/airflow/dags/dag.py for tasks to queue
[2026-04-11T11:11:48.000+0000] {logging_mixin.py:190} INFO - [2026-04-11T11:11:47.999+0000] {dagbag.py:588} INFO - Filling up the DagBag from /opt/airflow/dags/dag.py
[2026-04-11T11:11:48.008+0000] {processor.py:925} INFO - DAG(s) 'matrix_minio' retrieved from /opt/airflow/dags/dag.py
[2026-04-11T11:11:48.038+0000] {logging_mixin.py:190} INFO - [2026-04-11T11:11:48.037+0000] {dag.py:3239} INFO - Sync 1 DAGs
[2026-04-11T11:11:48.055+0000] {logging_mixin.py:190} INFO - [2026-04-11T11:11:48.055+0000] {dag.py:4180} INFO - Setting next_dagrun for matrix_minio to None, run_after=None
[2026-04-11T11:11:48.075+0000] {processor.py:208} INFO - Processing /opt/airflow/dags/dag.py took 0.090 seconds
[2026-04-11T11:12:18.233+0000] {processor.py:186} INFO - Started process (PID=34895) to work on /opt/airflow/dags/dag.py
[2026-04-11T11:12:18.234+0000] {processor.py:914} INFO - Processing file /opt/airflow/dags/dag.py for tasks to queue
[2026-04-11T11:12:18.239+0000] {logging_mixin.py:190} INFO - [2026-04-11T11:12:18.238+0000] {dagbag.py:588} INFO - Filling up the DagBag from /opt/airflow/dags/dag.py
[2026-04-11T11:12:18.248+0000] {processor.py:925} INFO - DAG(s) 'matrix_minio' retrieved from /opt/airflow/dags/dag.py
[2026-04-11T11:12:18.281+0000] {logging_mixin.py:190} INFO - [2026-04-11T11:12:18.281+0000] {dag.py:3239} INFO - Sync 1 DAGs
[2026-04-11T11:12:18.298+0000] {logging_mixin.py:190} INFO - [2026-04-11T11:12:18.297+0000] {dag.py:4180} INFO - Setting next_dagrun for matrix_minio to None, run_after=None
[2026-04-11T11:12:18.320+0000] {processor.py:208} INFO - Processing /opt/airflow/dags/dag.py took 0.093 seconds
[2026-04-11T11:12:48.389+0000] {processor.py:186} INFO - Started process (PID=34980) to work on /opt/airflow/dags/dag.py
[2026-04-11T11:12:48.390+0000] {processor.py:914} INFO - Processing file /opt/airflow/dags/dag.py for tasks to queue
[2026-04-11T11:12:48.392+0000] {logging_mixin.py:190} INFO - [2026-04-11T11:12:48.392+0000] {dagbag.py:588} INFO - Filling up the DagBag from /opt/airflow/dags/dag.py
[2026-04-11T11:12:48.402+0000] {processor.py:925} INFO - DAG(s) 'matrix_minio' retrieved from /opt/airflow/dags/dag.py
[2026-04-11T11:12:48.440+0000] {logging_mixin.py:190} INFO - [2026-04-11T11:12:48.440+0000] {dag.py:3239} INFO - Sync 1 DAGs
[2026-04-11T11:12:48.467+0000] {logging_mixin.py:190} INFO - [2026-04-11T11:12:48.467+0000] {dag.py:4180} INFO - Setting next_dagrun for matrix_minio to None, run_after=None
[2026-04-11T11:12:48.499+0000] {processor.py:208} INFO - Processing /opt/airflow/dags/dag.py took 0.123 seconds
[2026-04-11T11:17:04.221+0000] {processor.py:186} INFO - Started process (PID=35123) to work on /opt/airflow/dags/dag.py
[2026-04-11T11:17:04.223+0000] {processor.py:914} INFO - Processing file /opt/airflow/dags/dag.py for tasks to queue
[2026-04-11T11:17:04.226+0000] {logging_mixin.py:190} INFO - [2026-04-11T11:17:04.225+0000] {dagbag.py:588} INFO - Filling up the DagBag from /opt/airflow/dags/dag.py
[2026-04-11T11:17:04.241+0000] {processor.py:925} INFO - DAG(s) 'matrix_minio' retrieved from /opt/airflow/dags/dag.py
[2026-04-11T11:17:04.283+0000] {logging_mixin.py:190} INFO - [2026-04-11T11:17:04.282+0000] {dag.py:3239} INFO - Sync 1 DAGs
[2026-04-11T11:17:04.305+0000] {logging_mixin.py:190} INFO - [2026-04-11T11:17:04.304+0000] {dag.py:4180} INFO - Setting next_dagrun for matrix_minio to None, run_after=None
[2026-04-11T11:17:04.331+0000] {processor.py:208} INFO - Processing /opt/airflow/dags/dag.py took 0.130 seconds
[2026-04-11T11:17:35.345+0000] {processor.py:186} INFO - Started process (PID=35194) to work on /opt/airflow/dags/dag.py
[2026-04-11T11:17:35.346+0000] {processor.py:914} INFO - Processing file /opt/airflow/dags/dag.py for tasks to queue
[2026-04-11T11:17:35.350+0000] {logging_mixin.py:190} INFO - [2026-04-11T11:17:35.349+0000] {dagbag.py:588} INFO - Filling up the DagBag from /opt/airflow/dags/dag.py
[2026-04-11T11:17:35.360+0000] {processor.py:925} INFO - DAG(s) 'matrix_minio' retrieved from /opt/airflow/dags/dag.py
[2026-04-11T11:17:35.397+0000] {logging_mixin.py:190} INFO - [2026-04-11T11:17:35.396+0000] {dag.py:3239} INFO - Sync 1 DAGs
[2026-04-11T11:17:35.419+0000] {logging_mixin.py:190} INFO - [2026-04-11T11:17:35.418+0000] {dag.py:4180} INFO - Setting next_dagrun for matrix_minio to None, run_after=None
[2026-04-11T11:17:35.442+0000] {processor.py:208} INFO - Processing /opt/airflow/dags/dag.py took 0.104 seconds
[2026-04-11T11:18:05.624+0000] {processor.py:186} INFO - Started process (PID=35342) to work on /opt/airflow/dags/dag.py
[2026-04-11T11:18:05.625+0000] {processor.py:914} INFO - Processing file /opt/airflow/dags/dag.py for tasks to queue
[2026-04-11T11:18:05.628+0000] {logging_mixin.py:190} INFO - [2026-04-11T11:18:05.628+0000] {dagbag.py:588} INFO - Filling up the DagBag from /opt/airflow/dags/dag.py
[2026-04-11T11:18:05.641+0000] {processor.py:925} INFO - DAG(s) 'matrix_minio' retrieved from /opt/airflow/dags/dag.py
[2026-04-11T11:18:05.681+0000] {logging_mixin.py:190} INFO - [2026-04-11T11:18:05.680+0000] {dag.py:3239} INFO - Sync 1 DAGs
[2026-04-11T11:18:05.707+0000] {logging_mixin.py:190} INFO - [2026-04-11T11:18:05.707+0000] {dag.py:4180} INFO - Setting next_dagrun for matrix_minio to None, run_after=None
[2026-04-11T11:18:05.740+0000] {processor.py:208} INFO - Processing /opt/airflow/dags/dag.py took 0.128 seconds
[2026-04-11T11:18:36.048+0000] {processor.py:186} INFO - Started process (PID=35413) to work on /opt/airflow/dags/dag.py
[2026-04-11T11:18:36.050+0000] {processor.py:914} INFO - Processing file /opt/airflow/dags/dag.py for tasks to queue
[2026-04-11T11:18:36.058+0000] {logging_mixin.py:190} INFO - [2026-04-11T11:18:36.057+0000] {dagbag.py:588} INFO - Filling up the DagBag from /opt/airflow/dags/dag.py
[2026-04-11T11:18:36.079+0000] {processor.py:925} INFO - DAG(s) 'matrix_minio' retrieved from /opt/airflow/dags/dag.py
[2026-04-11T11:18:36.135+0000] {logging_mixin.py:190} INFO - [2026-04-11T11:18:36.135+0000] {dag.py:3239} INFO - Sync 1 DAGs
[2026-04-11T11:18:36.169+0000] {logging_mixin.py:190} INFO - [2026-04-11T11:18:36.169+0000] {dag.py:4180} INFO - Setting next_dagrun for matrix_minio to None, run_after=None
[2026-04-11T11:18:36.206+0000] {processor.py:208} INFO - Processing /opt/airflow/dags/dag.py took 0.171 seconds
[2026-04-11T11:19:09.663+0000] {processor.py:186} INFO - Started process (PID=35484) to work on /opt/airflow/dags/dag.py
[2026-04-11T11:19:09.669+0000] {processor.py:914} INFO - Processing file /opt/airflow/dags/dag.py for tasks to queue
[2026-04-11T11:19:09.691+0000] {logging_mixin.py:190} INFO - [2026-04-11T11:19:09.687+0000] {dagbag.py:588} INFO - Filling up the DagBag from /opt/airflow/dags/dag.py
[2026-04-11T11:19:09.785+0000] {processor.py:925} INFO - DAG(s) 'matrix_minio' retrieved from /opt/airflow/dags/dag.py
[2026-04-11T11:19:10.108+0000] {logging_mixin.py:190} INFO - [2026-04-11T11:19:10.105+0000] {dag.py:3239} INFO - Sync 1 DAGs
[2026-04-11T11:19:10.309+0000] {logging_mixin.py:190} INFO - [2026-04-11T11:19:10.307+0000] {dag.py:4180} INFO - Setting next_dagrun for matrix_minio to None, run_after=None
[2026-04-11T11:19:10.492+0000] {processor.py:208} INFO - Processing /opt/airflow/dags/dag.py took 0.915 seconds
[2026-04-11T11:19:40.842+0000] {processor.py:186} INFO - Started process (PID=35555) to work on /opt/airflow/dags/dag.py
[2026-04-11T11:19:40.843+0000] {processor.py:914} INFO - Processing file /opt/airflow/dags/dag.py for tasks to queue
[2026-04-11T11:19:40.846+0000] {logging_mixin.py:190} INFO - [2026-04-11T11:19:40.846+0000] {dagbag.py:588} INFO - Filling up the DagBag from /opt/airflow/dags/dag.py
[2026-04-11T11:19:40.860+0000] {processor.py:925} INFO - DAG(s) 'matrix_minio' retrieved from /opt/airflow/dags/dag.py
[2026-04-11T11:19:40.900+0000] {logging_mixin.py:190} INFO - [2026-04-11T11:19:40.900+0000] {dag.py:3239} INFO - Sync 1 DAGs
[2026-04-11T11:19:40.925+0000] {logging_mixin.py:190} INFO - [2026-04-11T11:19:40.925+0000] {dag.py:4180} INFO - Setting next_dagrun for matrix_minio to None, run_after=None
[2026-04-11T11:19:40.951+0000] {processor.py:208} INFO - Processing /opt/airflow/dags/dag.py took 0.117 seconds
[2026-04-11T11:20:11.684+0000] {processor.py:186} INFO - Started process (PID=35626) to work on /opt/airflow/dags/dag.py
[2026-04-11T11:20:11.701+0000] {processor.py:914} INFO - Processing file /opt/airflow/dags/dag.py for tasks to queue
[2026-04-11T11:20:11.723+0000] {logging_mixin.py:190} INFO - [2026-04-11T11:20:11.720+0000] {dagbag.py:588} INFO - Filling up the DagBag from /opt/airflow/dags/dag.py
[2026-04-11T11:20:11.823+0000] {processor.py:925} INFO - DAG(s) 'matrix_minio' retrieved from /opt/airflow/dags/dag.py
[2026-04-11T11:20:12.170+0000] {logging_mixin.py:190} INFO - [2026-04-11T11:20:12.167+0000] {dag.py:3239} INFO - Sync 1 DAGs
[2026-04-11T11:20:12.330+0000] {logging_mixin.py:190} INFO - [2026-04-11T11:20:12.329+0000] {dag.py:4180} INFO - Setting next_dagrun for matrix_minio to None, run_after=None
[2026-04-11T11:20:12.428+0000] {processor.py:208} INFO - Processing /opt/airflow/dags/dag.py took 0.816 seconds
[2026-04-11T11:20:42.656+0000] {processor.py:186} INFO - Started process (PID=35697) to work on /opt/airflow/dags/dag.py
[2026-04-11T11:20:42.658+0000] {processor.py:914} INFO - Processing file /opt/airflow/dags/dag.py for tasks to queue
[2026-04-11T11:20:42.662+0000] {logging_mixin.py:190} INFO - [2026-04-11T11:20:42.662+0000] {dagbag.py:588} INFO - Filling up the DagBag from /opt/airflow/dags/dag.py
[2026-04-11T11:20:42.682+0000] {processor.py:925} INFO - DAG(s) 'matrix_minio' retrieved from /opt/airflow/dags/dag.py
[2026-04-11T11:20:42.731+0000] {logging_mixin.py:190} INFO - [2026-04-11T11:20:42.731+0000] {dag.py:3239} INFO - Sync 1 DAGs
[2026-04-11T11:20:42.764+0000] {logging_mixin.py:190} INFO - [2026-04-11T11:20:42.764+0000] {dag.py:4180} INFO - Setting next_dagrun for matrix_minio to None, run_after=None
[2026-04-11T11:20:42.801+0000] {processor.py:208} INFO - Processing /opt/airflow/dags/dag.py took 0.157 seconds
[2026-04-11T11:21:13.291+0000] {processor.py:186} INFO - Started process (PID=35768) to work on /opt/airflow/dags/dag.py
[2026-04-11T11:21:13.292+0000] {processor.py:914} INFO - Processing file /opt/airflow/dags/dag.py for tasks to queue
[2026-04-11T11:21:13.295+0000] {logging_mixin.py:190} INFO - [2026-04-11T11:21:13.294+0000] {dagbag.py:588} INFO - Filling up the DagBag from /opt/airflow/dags/dag.py
[2026-04-11T11:21:13.305+0000] {processor.py:925} INFO - DAG(s) 'matrix_minio' retrieved from /opt/airflow/dags/dag.py
[2026-04-11T11:21:13.337+0000] {logging_mixin.py:190} INFO - [2026-04-11T11:21:13.337+0000] {dag.py:3239} INFO - Sync 1 DAGs
[2026-04-11T11:21:13.356+0000] {logging_mixin.py:190} INFO - [2026-04-11T11:21:13.355+0000] {dag.py:4180} INFO - Setting next_dagrun for matrix_minio to None, run_after=None
[2026-04-11T11:21:13.380+0000] {processor.py:208} INFO - Processing /opt/airflow/dags/dag.py took 0.096 seconds
[2026-04-11T11:21:32.549+0000] {processor.py:186} INFO - Started process (PID=35836) to work on /opt/airflow/dags/dag.py
[2026-04-11T11:21:32.550+0000] {processor.py:914} INFO - Processing file /opt/airflow/dags/dag.py for tasks to queue
[2026-04-11T11:21:32.554+0000] {logging_mixin.py:190} INFO - [2026-04-11T11:21:32.553+0000] {dagbag.py:588} INFO - Filling up the DagBag from /opt/airflow/dags/dag.py
[2026-04-11T11:21:32.574+0000] {processor.py:925} INFO - DAG(s) 'matrix_minio' retrieved from /opt/airflow/dags/dag.py
[2026-04-11T11:21:32.611+0000] {logging_mixin.py:190} INFO - [2026-04-11T11:21:32.610+0000] {dag.py:3239} INFO - Sync 1 DAGs
[2026-04-11T11:21:32.630+0000] {logging_mixin.py:190} INFO - [2026-04-11T11:21:32.630+0000] {dag.py:4180} INFO - Setting next_dagrun for matrix_minio to None, run_after=None
[2026-04-11T11:21:32.658+0000] {processor.py:208} INFO - Processing /opt/airflow/dags/dag.py took 0.123 seconds
[2026-04-11T11:22:03.081+0000] {processor.py:186} INFO - Started process (PID=35907) to work on /opt/airflow/dags/dag.py
[2026-04-11T11:22:03.082+0000] {processor.py:914} INFO - Processing file /opt/airflow/dags/dag.py for tasks to queue
[2026-04-11T11:22:03.085+0000] {logging_mixin.py:190} INFO - [2026-04-11T11:22:03.085+0000] {dagbag.py:588} INFO - Filling up the DagBag from /opt/airflow/dags/dag.py
[2026-04-11T11:22:03.096+0000] {processor.py:925} INFO - DAG(s) 'matrix_minio' retrieved from /opt/airflow/dags/dag.py
[2026-04-11T11:22:03.136+0000] {logging_mixin.py:190} INFO - [2026-04-11T11:22:03.136+0000] {dag.py:3239} INFO - Sync 1 DAGs
[2026-04-11T11:22:03.161+0000] {logging_mixin.py:190} INFO - [2026-04-11T11:22:03.161+0000] {dag.py:4180} INFO - Setting next_dagrun for matrix_minio to None, run_after=None
[2026-04-11T11:22:03.190+0000] {processor.py:208} INFO - Processing /opt/airflow/dags/dag.py took 0.116 seconds
[2026-04-11T11:22:33.609+0000] {processor.py:186} INFO - Started process (PID=35978) to work on /opt/airflow/dags/dag.py
[2026-04-11T11:22:33.619+0000] {processor.py:914} INFO - Processing file /opt/airflow/dags/dag.py for tasks to queue
[2026-04-11T11:22:33.620+0000] {logging_mixin.py:190} INFO - [2026-04-11T11:22:33.620+0000] {dagbag.py:588} INFO - Filling up the DagBag from /opt/airflow/dags/dag.py
[2026-04-11T11:22:33.632+0000] {processor.py:925} INFO - DAG(s) 'matrix_minio' retrieved from /opt/airflow/dags/dag.py
[2026-04-11T11:22:33.669+0000] {logging_mixin.py:190} INFO - [2026-04-11T11:22:33.669+0000] {dag.py:3239} INFO - Sync 1 DAGs
[2026-04-11T11:22:33.691+0000] {logging_mixin.py:190} INFO - [2026-04-11T11:22:33.691+0000] {dag.py:4180} INFO - Setting next_dagrun for matrix_minio to None, run_after=None
[2026-04-11T11:22:33.715+0000] {processor.py:208} INFO - Processing /opt/airflow/dags/dag.py took 0.114 seconds
[2026-04-11T11:23:04.278+0000] {processor.py:186} INFO - Started process (PID=36019) to work on /opt/airflow/dags/dag.py
[2026-04-11T11:23:04.288+0000] {processor.py:914} INFO - Processing file /opt/airflow/dags/dag.py for tasks to queue
[2026-04-11T11:23:04.291+0000] {logging_mixin.py:190} INFO - [2026-04-11T11:23:04.290+0000] {dagbag.py:588} INFO - Filling up the DagBag from /opt/airflow/dags/dag.py
[2026-04-11T11:23:04.301+0000] {processor.py:925} INFO - DAG(s) 'matrix_minio' retrieved from /opt/airflow/dags/dag.py
[2026-04-11T11:23:04.341+0000] {logging_mixin.py:190} INFO - [2026-04-11T11:23:04.340+0000] {dag.py:3239} INFO - Sync 1 DAGs
[2026-04-11T11:23:04.365+0000] {logging_mixin.py:190} INFO - [2026-04-11T11:23:04.365+0000] {dag.py:4180} INFO - Setting next_dagrun for matrix_minio to None, run_after=None
[2026-04-11T11:23:04.397+0000] {processor.py:208} INFO - Processing /opt/airflow/dags/dag.py took 0.127 seconds
[2026-04-11T11:23:35.081+0000] {processor.py:186} INFO - Started process (PID=36060) to work on /opt/airflow/dags/dag.py
[2026-04-11T11:23:35.082+0000] {processor.py:914} INFO - Processing file /opt/airflow/dags/dag.py for tasks to queue
[2026-04-11T11:23:35.084+0000] {logging_mixin.py:190} INFO - [2026-04-11T11:23:35.084+0000] {dagbag.py:588} INFO - Filling up the DagBag from /opt/airflow/dags/dag.py
[2026-04-11T11:23:35.096+0000] {processor.py:925} INFO - DAG(s) 'matrix_minio' retrieved from /opt/airflow/dags/dag.py
[2026-04-11T11:23:35.131+0000] {logging_mixin.py:190} INFO - [2026-04-11T11:23:35.131+0000] {dag.py:3239} INFO - Sync 1 DAGs
[2026-04-11T11:23:35.155+0000] {logging_mixin.py:190} INFO - [2026-04-11T11:23:35.154+0000] {dag.py:4180} INFO - Setting next_dagrun for matrix_minio to None, run_after=None
[2026-04-11T11:23:35.181+0000] {processor.py:208} INFO - Processing /opt/airflow/dags/dag.py took 0.107 seconds
[2026-04-11T11:24:05.798+0000] {processor.py:186} INFO - Started process (PID=36101) to work on /opt/airflow/dags/dag.py
[2026-04-11T11:24:05.808+0000] {processor.py:914} INFO - Processing file /opt/airflow/dags/dag.py for tasks to queue
[2026-04-11T11:24:05.811+0000] {logging_mixin.py:190} INFO - [2026-04-11T11:24:05.810+0000] {dagbag.py:588} INFO - Filling up the DagBag from /opt/airflow/dags/dag.py
[2026-04-11T11:24:05.823+0000] {processor.py:925} INFO - DAG(s) 'matrix_minio' retrieved from /opt/airflow/dags/dag.py
[2026-04-11T11:24:05.859+0000] {logging_mixin.py:190} INFO - [2026-04-11T11:24:05.859+0000] {dag.py:3239} INFO - Sync 1 DAGs
[2026-04-11T11:24:05.882+0000] {logging_mixin.py:190} INFO - [2026-04-11T11:24:05.882+0000] {dag.py:4180} INFO - Setting next_dagrun for matrix_minio to None, run_after=None
[2026-04-11T11:24:05.906+0000] {processor.py:208} INFO - Processing /opt/airflow/dags/dag.py took 0.117 seconds
[2026-04-11T11:24:36.543+0000] {processor.py:186} INFO - Started process (PID=36142) to work on /opt/airflow/dags/dag.py
[2026-04-11T11:24:36.553+0000] {processor.py:914} INFO - Processing file /opt/airflow/dags/dag.py for tasks to queue
[2026-04-11T11:24:36.555+0000] {logging_mixin.py:190} INFO - [2026-04-11T11:24:36.555+0000] {dagbag.py:588} INFO - Filling up the DagBag from /opt/airflow/dags/dag.py
[2026-04-11T11:24:36.566+0000] {processor.py:925} INFO - DAG(s) 'matrix_minio' retrieved from /opt/airflow/dags/dag.py
[2026-04-11T11:24:36.608+0000] {logging_mixin.py:190} INFO - [2026-04-11T11:24:36.608+0000] {dag.py:3239} INFO - Sync 1 DAGs
[2026-04-11T11:24:36.633+0000] {logging_mixin.py:190} INFO - [2026-04-11T11:24:36.632+0000] {dag.py:4180} INFO - Setting next_dagrun for matrix_minio to None, run_after=None
[2026-04-11T11:24:36.661+0000] {processor.py:208} INFO - Processing /opt/airflow/dags/dag.py took 0.125 seconds
[2026-04-11T11:25:07.246+0000] {processor.py:186} INFO - Started process (PID=36183) to work on /opt/airflow/dags/dag.py
[2026-04-11T11:25:07.255+0000] {processor.py:914} INFO - Processing file /opt/airflow/dags/dag.py for tasks to queue
[2026-04-11T11:25:07.257+0000] {logging_mixin.py:190} INFO - [2026-04-11T11:25:07.256+0000] {dagbag.py:588} INFO - Filling up the DagBag from /opt/airflow/dags/dag.py
[2026-04-11T11:25:07.266+0000] {processor.py:925} INFO - DAG(s) 'matrix_minio' retrieved from /opt/airflow/dags/dag.py
[2026-04-11T11:25:07.295+0000] {logging_mixin.py:190} INFO - [2026-04-11T11:25:07.294+0000] {dag.py:3239} INFO - Sync 1 DAGs
[2026-04-11T11:25:07.313+0000] {logging_mixin.py:190} INFO - [2026-04-11T11:25:07.313+0000] {dag.py:4180} INFO - Setting next_dagrun for matrix_minio to None, run_after=None
[2026-04-11T11:25:07.333+0000] {processor.py:208} INFO - Processing /opt/airflow/dags/dag.py took 0.095 seconds
[2026-04-11T11:25:37.956+0000] {processor.py:186} INFO - Started process (PID=36223) to work on /opt/airflow/dags/dag.py
[2026-04-11T11:25:37.966+0000] {processor.py:914} INFO - Processing file /opt/airflow/dags/dag.py for tasks to queue
[2026-04-11T11:25:37.968+0000] {logging_mixin.py:190} INFO - [2026-04-11T11:25:37.967+0000] {dagbag.py:588} INFO - Filling up the DagBag from /opt/airflow/dags/dag.py
[2026-04-11T11:25:37.977+0000] {processor.py:925} INFO - DAG(s) 'matrix_minio' retrieved from /opt/airflow/dags/dag.py
[2026-04-11T11:25:38.011+0000] {logging_mixin.py:190} INFO - [2026-04-11T11:25:38.011+0000] {dag.py:3239} INFO - Sync 1 DAGs
[2026-04-11T11:25:38.034+0000] {logging_mixin.py:190} INFO - [2026-04-11T11:25:38.034+0000] {dag.py:4180} INFO - Setting next_dagrun for matrix_minio to None, run_after=None
[2026-04-11T11:25:38.061+0000] {processor.py:208} INFO - Processing /opt/airflow/dags/dag.py took 0.111 seconds
