[2026-04-11T11:07:44.949+0000] {processor.py:186} INFO - Started process (PID=34246) to work on /opt/airflow/dags/final_airflow.py
[2026-04-11T11:07:44.951+0000] {processor.py:914} INFO - Processing file /opt/airflow/dags/final_airflow.py for tasks to queue
[2026-04-11T11:07:44.957+0000] {logging_mixin.py:190} INFO - [2026-04-11T11:07:44.956+0000] {dagbag.py:588} INFO - Filling up the DagBag from /opt/airflow/dags/final_airflow.py
[2026-04-11T11:07:44.982+0000] {processor.py:925} INFO - DAG(s) 'credit_applications_pipeline' retrieved from /opt/airflow/dags/final_airflow.py
[2026-04-11T11:07:45.040+0000] {logging_mixin.py:190} INFO - [2026-04-11T11:07:45.040+0000] {dag.py:3239} INFO - Sync 1 DAGs
[2026-04-11T11:07:45.148+0000] {logging_mixin.py:190} INFO - [2026-04-11T11:07:45.147+0000] {dag.py:4180} INFO - Setting next_dagrun for credit_applications_pipeline to 2026-04-11 00:00:00+00:00, run_after=2026-04-12 00:00:00+00:00
[2026-04-11T11:07:45.288+0000] {processor.py:208} INFO - Processing /opt/airflow/dags/final_airflow.py took 0.358 seconds
[2026-04-11T11:08:15.892+0000] {processor.py:186} INFO - Started process (PID=34323) to work on /opt/airflow/dags/final_airflow.py
[2026-04-11T11:08:15.893+0000] {processor.py:914} INFO - Processing file /opt/airflow/dags/final_airflow.py for tasks to queue
[2026-04-11T11:08:15.896+0000] {logging_mixin.py:190} INFO - [2026-04-11T11:08:15.896+0000] {dagbag.py:588} INFO - Filling up the DagBag from /opt/airflow/dags/final_airflow.py
[2026-04-11T11:08:15.910+0000] {processor.py:925} INFO - DAG(s) 'credit_applications_pipeline' retrieved from /opt/airflow/dags/final_airflow.py
[2026-04-11T11:08:15.944+0000] {logging_mixin.py:190} INFO - [2026-04-11T11:08:15.944+0000] {dag.py:3239} INFO - Sync 1 DAGs
[2026-04-11T11:08:15.977+0000] {logging_mixin.py:190} INFO - [2026-04-11T11:08:15.977+0000] {dag.py:4180} INFO - Setting next_dagrun for credit_applications_pipeline to 2026-04-11 00:00:00+00:00, run_after=2026-04-12 00:00:00+00:00
[2026-04-11T11:08:16.000+0000] {processor.py:208} INFO - Processing /opt/airflow/dags/final_airflow.py took 0.120 seconds
[2026-04-11T11:08:46.179+0000] {processor.py:186} INFO - Started process (PID=34394) to work on /opt/airflow/dags/final_airflow.py
[2026-04-11T11:08:46.180+0000] {processor.py:914} INFO - Processing file /opt/airflow/dags/final_airflow.py for tasks to queue
[2026-04-11T11:08:46.183+0000] {logging_mixin.py:190} INFO - [2026-04-11T11:08:46.183+0000] {dagbag.py:588} INFO - Filling up the DagBag from /opt/airflow/dags/final_airflow.py
[2026-04-11T11:08:46.200+0000] {processor.py:925} INFO - DAG(s) 'credit_applications_pipeline' retrieved from /opt/airflow/dags/final_airflow.py
[2026-04-11T11:08:46.241+0000] {logging_mixin.py:190} INFO - [2026-04-11T11:08:46.241+0000] {dag.py:3239} INFO - Sync 1 DAGs
[2026-04-11T11:08:46.282+0000] {logging_mixin.py:190} INFO - [2026-04-11T11:08:46.281+0000] {dag.py:4180} INFO - Setting next_dagrun for credit_applications_pipeline to 2026-04-11 00:00:00+00:00, run_after=2026-04-12 00:00:00+00:00
[2026-04-11T11:08:46.309+0000] {processor.py:208} INFO - Processing /opt/airflow/dags/final_airflow.py took 0.138 seconds
[2026-04-11T11:09:16.608+0000] {processor.py:186} INFO - Started process (PID=34465) to work on /opt/airflow/dags/final_airflow.py
[2026-04-11T11:09:16.609+0000] {processor.py:914} INFO - Processing file /opt/airflow/dags/final_airflow.py for tasks to queue
[2026-04-11T11:09:16.611+0000] {logging_mixin.py:190} INFO - [2026-04-11T11:09:16.611+0000] {dagbag.py:588} INFO - Filling up the DagBag from /opt/airflow/dags/final_airflow.py
[2026-04-11T11:09:16.623+0000] {processor.py:925} INFO - DAG(s) 'credit_applications_pipeline' retrieved from /opt/airflow/dags/final_airflow.py
[2026-04-11T11:09:16.654+0000] {logging_mixin.py:190} INFO - [2026-04-11T11:09:16.654+0000] {dag.py:3239} INFO - Sync 1 DAGs
[2026-04-11T11:09:16.684+0000] {logging_mixin.py:190} INFO - [2026-04-11T11:09:16.684+0000] {dag.py:4180} INFO - Setting next_dagrun for credit_applications_pipeline to 2026-04-11 00:00:00+00:00, run_after=2026-04-12 00:00:00+00:00
[2026-04-11T11:09:16.705+0000] {processor.py:208} INFO - Processing /opt/airflow/dags/final_airflow.py took 0.109 seconds
[2026-04-11T11:09:46.807+0000] {processor.py:186} INFO - Started process (PID=34539) to work on /opt/airflow/dags/final_airflow.py
[2026-04-11T11:09:46.817+0000] {processor.py:914} INFO - Processing file /opt/airflow/dags/final_airflow.py for tasks to queue
[2026-04-11T11:09:46.820+0000] {logging_mixin.py:190} INFO - [2026-04-11T11:09:46.820+0000] {dagbag.py:588} INFO - Filling up the DagBag from /opt/airflow/dags/final_airflow.py
[2026-04-11T11:09:46.836+0000] {processor.py:925} INFO - DAG(s) 'credit_applications_pipeline' retrieved from /opt/airflow/dags/final_airflow.py
[2026-04-11T11:09:46.871+0000] {logging_mixin.py:190} INFO - [2026-04-11T11:09:46.870+0000] {dag.py:3239} INFO - Sync 1 DAGs
[2026-04-11T11:09:46.905+0000] {logging_mixin.py:190} INFO - [2026-04-11T11:09:46.905+0000] {dag.py:4180} INFO - Setting next_dagrun for credit_applications_pipeline to 2026-04-11 00:00:00+00:00, run_after=2026-04-12 00:00:00+00:00
[2026-04-11T11:09:46.929+0000] {processor.py:208} INFO - Processing /opt/airflow/dags/final_airflow.py took 0.131 seconds
[2026-04-11T11:10:17.082+0000] {processor.py:186} INFO - Started process (PID=34607) to work on /opt/airflow/dags/final_airflow.py
[2026-04-11T11:10:17.093+0000] {processor.py:914} INFO - Processing file /opt/airflow/dags/final_airflow.py for tasks to queue
[2026-04-11T11:10:17.096+0000] {logging_mixin.py:190} INFO - [2026-04-11T11:10:17.096+0000] {dagbag.py:588} INFO - Filling up the DagBag from /opt/airflow/dags/final_airflow.py
[2026-04-11T11:10:17.108+0000] {processor.py:925} INFO - DAG(s) 'credit_applications_pipeline' retrieved from /opt/airflow/dags/final_airflow.py
[2026-04-11T11:10:17.160+0000] {logging_mixin.py:190} INFO - [2026-04-11T11:10:17.159+0000] {dag.py:3239} INFO - Sync 1 DAGs
[2026-04-11T11:10:17.191+0000] {logging_mixin.py:190} INFO - [2026-04-11T11:10:17.190+0000] {dag.py:4180} INFO - Setting next_dagrun for credit_applications_pipeline to 2026-04-11 00:00:00+00:00, run_after=2026-04-12 00:00:00+00:00
[2026-04-11T11:10:17.217+0000] {processor.py:208} INFO - Processing /opt/airflow/dags/final_airflow.py took 0.147 seconds
[2026-04-11T11:10:47.392+0000] {processor.py:186} INFO - Started process (PID=34683) to work on /opt/airflow/dags/final_airflow.py
[2026-04-11T11:10:47.393+0000] {processor.py:914} INFO - Processing file /opt/airflow/dags/final_airflow.py for tasks to queue
[2026-04-11T11:10:47.396+0000] {logging_mixin.py:190} INFO - [2026-04-11T11:10:47.395+0000] {dagbag.py:588} INFO - Filling up the DagBag from /opt/airflow/dags/final_airflow.py
[2026-04-11T11:10:47.406+0000] {processor.py:925} INFO - DAG(s) 'credit_applications_pipeline' retrieved from /opt/airflow/dags/final_airflow.py
[2026-04-11T11:10:47.433+0000] {logging_mixin.py:190} INFO - [2026-04-11T11:10:47.433+0000] {dag.py:3239} INFO - Sync 1 DAGs
[2026-04-11T11:10:47.461+0000] {logging_mixin.py:190} INFO - [2026-04-11T11:10:47.460+0000] {dag.py:4180} INFO - Setting next_dagrun for credit_applications_pipeline to 2026-04-11 00:00:00+00:00, run_after=2026-04-12 00:00:00+00:00
[2026-04-11T11:10:47.482+0000] {processor.py:208} INFO - Processing /opt/airflow/dags/final_airflow.py took 0.101 seconds
[2026-04-11T11:11:17.670+0000] {processor.py:186} INFO - Started process (PID=34749) to work on /opt/airflow/dags/final_airflow.py
[2026-04-11T11:11:17.680+0000] {processor.py:914} INFO - Processing file /opt/airflow/dags/final_airflow.py for tasks to queue
[2026-04-11T11:11:17.682+0000] {logging_mixin.py:190} INFO - [2026-04-11T11:11:17.682+0000] {dagbag.py:588} INFO - Filling up the DagBag from /opt/airflow/dags/final_airflow.py
[2026-04-11T11:11:17.694+0000] {processor.py:925} INFO - DAG(s) 'credit_applications_pipeline' retrieved from /opt/airflow/dags/final_airflow.py
[2026-04-11T11:11:17.730+0000] {logging_mixin.py:190} INFO - [2026-04-11T11:11:17.729+0000] {dag.py:3239} INFO - Sync 1 DAGs
[2026-04-11T11:11:17.766+0000] {logging_mixin.py:190} INFO - [2026-04-11T11:11:17.766+0000] {dag.py:4180} INFO - Setting next_dagrun for credit_applications_pipeline to 2026-04-11 00:00:00+00:00, run_after=2026-04-12 00:00:00+00:00
[2026-04-11T11:11:17.788+0000] {processor.py:208} INFO - Processing /opt/airflow/dags/final_airflow.py took 0.131 seconds
[2026-04-11T11:11:47.974+0000] {processor.py:186} INFO - Started process (PID=34820) to work on /opt/airflow/dags/final_airflow.py
[2026-04-11T11:11:47.975+0000] {processor.py:914} INFO - Processing file /opt/airflow/dags/final_airflow.py for tasks to queue
[2026-04-11T11:11:47.977+0000] {logging_mixin.py:190} INFO - [2026-04-11T11:11:47.977+0000] {dagbag.py:588} INFO - Filling up the DagBag from /opt/airflow/dags/final_airflow.py
[2026-04-11T11:11:47.988+0000] {processor.py:925} INFO - DAG(s) 'credit_applications_pipeline' retrieved from /opt/airflow/dags/final_airflow.py
[2026-04-11T11:11:48.019+0000] {logging_mixin.py:190} INFO - [2026-04-11T11:11:48.018+0000] {dag.py:3239} INFO - Sync 1 DAGs
[2026-04-11T11:11:48.048+0000] {logging_mixin.py:190} INFO - [2026-04-11T11:11:48.048+0000] {dag.py:4180} INFO - Setting next_dagrun for credit_applications_pipeline to 2026-04-11 00:00:00+00:00, run_after=2026-04-12 00:00:00+00:00
[2026-04-11T11:11:48.069+0000] {processor.py:208} INFO - Processing /opt/airflow/dags/final_airflow.py took 0.107 seconds
[2026-04-11T11:12:18.217+0000] {processor.py:186} INFO - Started process (PID=34892) to work on /opt/airflow/dags/final_airflow.py
[2026-04-11T11:12:18.227+0000] {processor.py:914} INFO - Processing file /opt/airflow/dags/final_airflow.py for tasks to queue
[2026-04-11T11:12:18.231+0000] {logging_mixin.py:190} INFO - [2026-04-11T11:12:18.230+0000] {dagbag.py:588} INFO - Filling up the DagBag from /opt/airflow/dags/final_airflow.py
[2026-04-11T11:12:18.252+0000] {processor.py:925} INFO - DAG(s) 'credit_applications_pipeline' retrieved from /opt/airflow/dags/final_airflow.py
[2026-04-11T11:12:18.289+0000] {logging_mixin.py:190} INFO - [2026-04-11T11:12:18.289+0000] {dag.py:3239} INFO - Sync 1 DAGs
[2026-04-11T11:12:18.329+0000] {logging_mixin.py:190} INFO - [2026-04-11T11:12:18.329+0000] {dag.py:4180} INFO - Setting next_dagrun for credit_applications_pipeline to 2026-04-11 00:00:00+00:00, run_after=2026-04-12 00:00:00+00:00
[2026-04-11T11:12:18.352+0000] {processor.py:208} INFO - Processing /opt/airflow/dags/final_airflow.py took 0.147 seconds
[2026-04-11T11:12:48.401+0000] {processor.py:186} INFO - Started process (PID=34983) to work on /opt/airflow/dags/final_airflow.py
[2026-04-11T11:12:48.402+0000] {processor.py:914} INFO - Processing file /opt/airflow/dags/final_airflow.py for tasks to queue
[2026-04-11T11:12:48.405+0000] {logging_mixin.py:190} INFO - [2026-04-11T11:12:48.404+0000] {dagbag.py:588} INFO - Filling up the DagBag from /opt/airflow/dags/final_airflow.py
[2026-04-11T11:12:48.422+0000] {processor.py:925} INFO - DAG(s) 'credit_applications_pipeline' retrieved from /opt/airflow/dags/final_airflow.py
[2026-04-11T11:12:48.463+0000] {logging_mixin.py:190} INFO - [2026-04-11T11:12:48.462+0000] {dag.py:3239} INFO - Sync 1 DAGs
[2026-04-11T11:12:48.501+0000] {logging_mixin.py:190} INFO - [2026-04-11T11:12:48.500+0000] {dag.py:4180} INFO - Setting next_dagrun for credit_applications_pipeline to 2026-04-11 00:00:00+00:00, run_after=2026-04-12 00:00:00+00:00
[2026-04-11T11:12:48.527+0000] {processor.py:208} INFO - Processing /opt/airflow/dags/final_airflow.py took 0.133 seconds
[2026-04-11T11:17:04.225+0000] {processor.py:186} INFO - Started process (PID=35120) to work on /opt/airflow/dags/final_airflow.py
[2026-04-11T11:17:04.226+0000] {processor.py:914} INFO - Processing file /opt/airflow/dags/final_airflow.py for tasks to queue
[2026-04-11T11:17:04.233+0000] {logging_mixin.py:190} INFO - [2026-04-11T11:17:04.232+0000] {dagbag.py:588} INFO - Filling up the DagBag from /opt/airflow/dags/final_airflow.py
[2026-04-11T11:17:04.256+0000] {processor.py:925} INFO - DAG(s) 'credit_applications_pipeline' retrieved from /opt/airflow/dags/final_airflow.py
[2026-04-11T11:17:04.293+0000] {logging_mixin.py:190} INFO - [2026-04-11T11:17:04.293+0000] {dag.py:3239} INFO - Sync 1 DAGs
[2026-04-11T11:17:04.329+0000] {logging_mixin.py:190} INFO - [2026-04-11T11:17:04.328+0000] {dag.py:4180} INFO - Setting next_dagrun for credit_applications_pipeline to 2026-04-11 00:00:00+00:00, run_after=2026-04-12 00:00:00+00:00
[2026-04-11T11:17:04.353+0000] {processor.py:208} INFO - Processing /opt/airflow/dags/final_airflow.py took 0.165 seconds
[2026-04-11T11:17:35.329+0000] {processor.py:186} INFO - Started process (PID=35191) to work on /opt/airflow/dags/final_airflow.py
[2026-04-11T11:17:35.330+0000] {processor.py:914} INFO - Processing file /opt/airflow/dags/final_airflow.py for tasks to queue
[2026-04-11T11:17:35.334+0000] {logging_mixin.py:190} INFO - [2026-04-11T11:17:35.334+0000] {dagbag.py:588} INFO - Filling up the DagBag from /opt/airflow/dags/final_airflow.py
[2026-04-11T11:17:35.348+0000] {processor.py:925} INFO - DAG(s) 'credit_applications_pipeline' retrieved from /opt/airflow/dags/final_airflow.py
[2026-04-11T11:17:35.383+0000] {logging_mixin.py:190} INFO - [2026-04-11T11:17:35.382+0000] {dag.py:3239} INFO - Sync 1 DAGs
[2026-04-11T11:17:35.415+0000] {logging_mixin.py:190} INFO - [2026-04-11T11:17:35.415+0000] {dag.py:4180} INFO - Setting next_dagrun for credit_applications_pipeline to 2026-04-11 00:00:00+00:00, run_after=2026-04-12 00:00:00+00:00
[2026-04-11T11:17:35.439+0000] {processor.py:208} INFO - Processing /opt/airflow/dags/final_airflow.py took 0.116 seconds
[2026-04-11T11:18:05.603+0000] {processor.py:186} INFO - Started process (PID=35339) to work on /opt/airflow/dags/final_airflow.py
[2026-04-11T11:18:05.604+0000] {processor.py:914} INFO - Processing file /opt/airflow/dags/final_airflow.py for tasks to queue
[2026-04-11T11:18:05.609+0000] {logging_mixin.py:190} INFO - [2026-04-11T11:18:05.608+0000] {dagbag.py:588} INFO - Filling up the DagBag from /opt/airflow/dags/final_airflow.py
[2026-04-11T11:18:05.626+0000] {processor.py:925} INFO - DAG(s) 'credit_applications_pipeline' retrieved from /opt/airflow/dags/final_airflow.py
[2026-04-11T11:18:05.659+0000] {logging_mixin.py:190} INFO - [2026-04-11T11:18:05.659+0000] {dag.py:3239} INFO - Sync 1 DAGs
[2026-04-11T11:18:05.693+0000] {logging_mixin.py:190} INFO - [2026-04-11T11:18:05.693+0000] {dag.py:4180} INFO - Setting next_dagrun for credit_applications_pipeline to 2026-04-11 00:00:00+00:00, run_after=2026-04-12 00:00:00+00:00
[2026-04-11T11:18:05.723+0000] {processor.py:208} INFO - Processing /opt/airflow/dags/final_airflow.py took 0.130 seconds
[2026-04-11T11:18:35.996+0000] {processor.py:186} INFO - Started process (PID=35410) to work on /opt/airflow/dags/final_airflow.py
[2026-04-11T11:18:35.998+0000] {processor.py:914} INFO - Processing file /opt/airflow/dags/final_airflow.py for tasks to queue
[2026-04-11T11:18:36.003+0000] {logging_mixin.py:190} INFO - [2026-04-11T11:18:36.002+0000] {dagbag.py:588} INFO - Filling up the DagBag from /opt/airflow/dags/final_airflow.py
[2026-04-11T11:18:36.025+0000] {processor.py:925} INFO - DAG(s) 'credit_applications_pipeline' retrieved from /opt/airflow/dags/final_airflow.py
[2026-04-11T11:18:36.075+0000] {logging_mixin.py:190} INFO - [2026-04-11T11:18:36.075+0000] {dag.py:3239} INFO - Sync 1 DAGs
[2026-04-11T11:18:36.131+0000] {logging_mixin.py:190} INFO - [2026-04-11T11:18:36.130+0000] {dag.py:4180} INFO - Setting next_dagrun for credit_applications_pipeline to 2026-04-11 00:00:00+00:00, run_after=2026-04-12 00:00:00+00:00
[2026-04-11T11:18:36.177+0000] {processor.py:208} INFO - Processing /opt/airflow/dags/final_airflow.py took 0.198 seconds
[2026-04-11T11:19:09.526+0000] {processor.py:186} INFO - Started process (PID=35481) to work on /opt/airflow/dags/final_airflow.py
[2026-04-11T11:19:09.534+0000] {processor.py:914} INFO - Processing file /opt/airflow/dags/final_airflow.py for tasks to queue
[2026-04-11T11:19:09.568+0000] {logging_mixin.py:190} INFO - [2026-04-11T11:19:09.565+0000] {dagbag.py:588} INFO - Filling up the DagBag from /opt/airflow/dags/final_airflow.py
[2026-04-11T11:19:09.706+0000] {processor.py:925} INFO - DAG(s) 'credit_applications_pipeline' retrieved from /opt/airflow/dags/final_airflow.py
[2026-04-11T11:19:09.997+0000] {logging_mixin.py:190} INFO - [2026-04-11T11:19:09.994+0000] {dag.py:3239} INFO - Sync 1 DAGs
[2026-04-11T11:19:10.343+0000] {logging_mixin.py:190} INFO - [2026-04-11T11:19:10.341+0000] {dag.py:4180} INFO - Setting next_dagrun for credit_applications_pipeline to 2026-04-11 00:00:00+00:00, run_after=2026-04-12 00:00:00+00:00
[2026-04-11T11:19:10.495+0000] {processor.py:208} INFO - Processing /opt/airflow/dags/final_airflow.py took 1.039 seconds
[2026-04-11T11:19:40.818+0000] {processor.py:186} INFO - Started process (PID=35552) to work on /opt/airflow/dags/final_airflow.py
[2026-04-11T11:19:40.828+0000] {processor.py:914} INFO - Processing file /opt/airflow/dags/final_airflow.py for tasks to queue
[2026-04-11T11:19:40.833+0000] {logging_mixin.py:190} INFO - [2026-04-11T11:19:40.832+0000] {dagbag.py:588} INFO - Filling up the DagBag from /opt/airflow/dags/final_airflow.py
[2026-04-11T11:19:40.849+0000] {processor.py:925} INFO - DAG(s) 'credit_applications_pipeline' retrieved from /opt/airflow/dags/final_airflow.py
[2026-04-11T11:19:40.887+0000] {logging_mixin.py:190} INFO - [2026-04-11T11:19:40.887+0000] {dag.py:3239} INFO - Sync 1 DAGs
[2026-04-11T11:19:40.928+0000] {logging_mixin.py:190} INFO - [2026-04-11T11:19:40.928+0000] {dag.py:4180} INFO - Setting next_dagrun for credit_applications_pipeline to 2026-04-11 00:00:00+00:00, run_after=2026-04-12 00:00:00+00:00
[2026-04-11T11:19:40.951+0000] {processor.py:208} INFO - Processing /opt/airflow/dags/final_airflow.py took 0.143 seconds
[2026-04-11T11:20:11.543+0000] {processor.py:186} INFO - Started process (PID=35623) to work on /opt/airflow/dags/final_airflow.py
[2026-04-11T11:20:11.552+0000] {processor.py:914} INFO - Processing file /opt/airflow/dags/final_airflow.py for tasks to queue
[2026-04-11T11:20:11.576+0000] {logging_mixin.py:190} INFO - [2026-04-11T11:20:11.572+0000] {dagbag.py:588} INFO - Filling up the DagBag from /opt/airflow/dags/final_airflow.py
[2026-04-11T11:20:11.730+0000] {processor.py:925} INFO - DAG(s) 'credit_applications_pipeline' retrieved from /opt/airflow/dags/final_airflow.py
[2026-04-11T11:20:12.051+0000] {logging_mixin.py:190} INFO - [2026-04-11T11:20:12.049+0000] {dag.py:3239} INFO - Sync 1 DAGs
[2026-04-11T11:20:12.333+0000] {logging_mixin.py:190} INFO - [2026-04-11T11:20:12.333+0000] {dag.py:4180} INFO - Setting next_dagrun for credit_applications_pipeline to 2026-04-11 00:00:00+00:00, run_after=2026-04-12 00:00:00+00:00
[2026-04-11T11:20:12.439+0000] {processor.py:208} INFO - Processing /opt/airflow/dags/final_airflow.py took 0.965 seconds
[2026-04-11T11:20:42.634+0000] {processor.py:186} INFO - Started process (PID=35694) to work on /opt/airflow/dags/final_airflow.py
[2026-04-11T11:20:42.637+0000] {processor.py:914} INFO - Processing file /opt/airflow/dags/final_airflow.py for tasks to queue
[2026-04-11T11:20:42.641+0000] {logging_mixin.py:190} INFO - [2026-04-11T11:20:42.640+0000] {dagbag.py:588} INFO - Filling up the DagBag from /opt/airflow/dags/final_airflow.py
[2026-04-11T11:20:42.665+0000] {processor.py:925} INFO - DAG(s) 'credit_applications_pipeline' retrieved from /opt/airflow/dags/final_airflow.py
[2026-04-11T11:20:42.718+0000] {logging_mixin.py:190} INFO - [2026-04-11T11:20:42.718+0000] {dag.py:3239} INFO - Sync 1 DAGs
[2026-04-11T11:20:42.772+0000] {logging_mixin.py:190} INFO - [2026-04-11T11:20:42.772+0000] {dag.py:4180} INFO - Setting next_dagrun for credit_applications_pipeline to 2026-04-11 00:00:00+00:00, run_after=2026-04-12 00:00:00+00:00
[2026-04-11T11:20:42.809+0000] {processor.py:208} INFO - Processing /opt/airflow/dags/final_airflow.py took 0.186 seconds
[2026-04-11T11:21:13.276+0000] {processor.py:186} INFO - Started process (PID=35765) to work on /opt/airflow/dags/final_airflow.py
[2026-04-11T11:21:13.286+0000] {processor.py:914} INFO - Processing file /opt/airflow/dags/final_airflow.py for tasks to queue
[2026-04-11T11:21:13.290+0000] {logging_mixin.py:190} INFO - [2026-04-11T11:21:13.289+0000] {dagbag.py:588} INFO - Filling up the DagBag from /opt/airflow/dags/final_airflow.py
[2026-04-11T11:21:13.305+0000] {processor.py:925} INFO - DAG(s) 'credit_applications_pipeline' retrieved from /opt/airflow/dags/final_airflow.py
[2026-04-11T11:21:13.343+0000] {logging_mixin.py:190} INFO - [2026-04-11T11:21:13.343+0000] {dag.py:3239} INFO - Sync 1 DAGs
[2026-04-11T11:21:13.386+0000] {logging_mixin.py:190} INFO - [2026-04-11T11:21:13.385+0000] {dag.py:4180} INFO - Setting next_dagrun for credit_applications_pipeline to 2026-04-11 00:00:00+00:00, run_after=2026-04-12 00:00:00+00:00
[2026-04-11T11:21:13.415+0000] {processor.py:208} INFO - Processing /opt/airflow/dags/final_airflow.py took 0.146 seconds
[2026-04-11T11:21:43.830+0000] {processor.py:186} INFO - Started process (PID=35841) to work on /opt/airflow/dags/final_airflow.py
[2026-04-11T11:21:43.838+0000] {processor.py:914} INFO - Processing file /opt/airflow/dags/final_airflow.py for tasks to queue
[2026-04-11T11:21:43.862+0000] {logging_mixin.py:190} INFO - [2026-04-11T11:21:43.858+0000] {dagbag.py:588} INFO - Filling up the DagBag from /opt/airflow/dags/final_airflow.py
[2026-04-11T11:21:44.008+0000] {processor.py:925} INFO - DAG(s) 'credit_applications_pipeline' retrieved from /opt/airflow/dags/final_airflow.py
[2026-04-11T11:21:44.331+0000] {logging_mixin.py:190} INFO - [2026-04-11T11:21:44.329+0000] {dag.py:3239} INFO - Sync 1 DAGs
[2026-04-11T11:21:44.773+0000] {logging_mixin.py:190} INFO - [2026-04-11T11:21:44.770+0000] {dag.py:4180} INFO - Setting next_dagrun for credit_applications_pipeline to 2026-04-11 00:00:00+00:00, run_after=2026-04-12 00:00:00+00:00
[2026-04-11T11:21:44.995+0000] {processor.py:208} INFO - Processing /opt/airflow/dags/final_airflow.py took 1.237 seconds
[2026-04-11T11:22:15.322+0000] {processor.py:186} INFO - Started process (PID=35912) to work on /opt/airflow/dags/final_airflow.py
[2026-04-11T11:22:15.324+0000] {processor.py:914} INFO - Processing file /opt/airflow/dags/final_airflow.py for tasks to queue
[2026-04-11T11:22:15.327+0000] {logging_mixin.py:190} INFO - [2026-04-11T11:22:15.326+0000] {dagbag.py:588} INFO - Filling up the DagBag from /opt/airflow/dags/final_airflow.py
[2026-04-11T11:22:15.346+0000] {processor.py:925} INFO - DAG(s) 'credit_applications_pipeline' retrieved from /opt/airflow/dags/final_airflow.py
[2026-04-11T11:22:15.386+0000] {logging_mixin.py:190} INFO - [2026-04-11T11:22:15.386+0000] {dag.py:3239} INFO - Sync 1 DAGs
[2026-04-11T11:22:15.429+0000] {logging_mixin.py:190} INFO - [2026-04-11T11:22:15.429+0000] {dag.py:4180} INFO - Setting next_dagrun for credit_applications_pipeline to 2026-04-11 00:00:00+00:00, run_after=2026-04-12 00:00:00+00:00
[2026-04-11T11:22:15.458+0000] {processor.py:208} INFO - Processing /opt/airflow/dags/final_airflow.py took 0.144 seconds
