[2026-04-11T11:07:46.349+0000] {processor.py:186} INFO - Started process (PID=34298) to work on /opt/airflow/dags/import_from_git.py
[2026-04-11T11:07:46.350+0000] {processor.py:914} INFO - Processing file /opt/airflow/dags/import_from_git.py for tasks to queue
[2026-04-11T11:07:46.355+0000] {logging_mixin.py:190} INFO - [2026-04-11T11:07:46.354+0000] {dagbag.py:588} INFO - Filling up the DagBag from /opt/airflow/dags/import_from_git.py
[2026-04-11T11:07:46.403+0000] {logging_mixin.py:190} INFO - [2026-04-11T11:07:46.401+0000] {dagbag.py:387} ERROR - Failed to import: /opt/airflow/dags/import_from_git.py
Traceback (most recent call last):
  File "/home/airflow/.local/lib/python3.12/site-packages/airflow/models/dagbag.py", line 383, in parse
    loader.exec_module(new_module)
  File "<frozen importlib._bootstrap_external>", line 999, in exec_module
  File "<frozen importlib._bootstrap>", line 488, in _call_with_frames_removed
  File "/opt/airflow/dags/import_from_git.py", line 45, in <module>
    repo_links=get_link();
               ^^^^^^^^^^
  File "/opt/airflow/dags/import_from_git.py", line 4, in get_link
    repo_links=Variable.get("LINKS",deserialize_json=True)
               ^^^^^^^^^^^^^^^^^^^^^^^^^^^^^^^^^^^^^^^^^^^
  File "/home/airflow/.local/lib/python3.12/site-packages/airflow/models/variable.py", line 145, in get
    raise KeyError(f"Variable {key} does not exist")
KeyError: 'Variable LINKS does not exist'
[2026-04-11T11:07:46.404+0000] {processor.py:927} WARNING - No viable dags retrieved from /opt/airflow/dags/import_from_git.py
[2026-04-11T11:07:46.424+0000] {processor.py:208} INFO - Processing /opt/airflow/dags/import_from_git.py took 0.089 seconds
[2026-04-11T11:08:16.615+0000] {processor.py:186} INFO - Started process (PID=34371) to work on /opt/airflow/dags/import_from_git.py
[2026-04-11T11:08:16.616+0000] {processor.py:914} INFO - Processing file /opt/airflow/dags/import_from_git.py for tasks to queue
[2026-04-11T11:08:16.618+0000] {logging_mixin.py:190} INFO - [2026-04-11T11:08:16.618+0000] {dagbag.py:588} INFO - Filling up the DagBag from /opt/airflow/dags/import_from_git.py
[2026-04-11T11:08:16.644+0000] {logging_mixin.py:190} INFO - [2026-04-11T11:08:16.642+0000] {dagbag.py:387} ERROR - Failed to import: /opt/airflow/dags/import_from_git.py
Traceback (most recent call last):
  File "/home/airflow/.local/lib/python3.12/site-packages/airflow/models/dagbag.py", line 383, in parse
    loader.exec_module(new_module)
  File "<frozen importlib._bootstrap_external>", line 999, in exec_module
  File "<frozen importlib._bootstrap>", line 488, in _call_with_frames_removed
  File "/opt/airflow/dags/import_from_git.py", line 45, in <module>
    repo_links=get_link();
               ^^^^^^^^^^
  File "/opt/airflow/dags/import_from_git.py", line 4, in get_link
    repo_links=Variable.get("LINKS",deserialize_json=True)
               ^^^^^^^^^^^^^^^^^^^^^^^^^^^^^^^^^^^^^^^^^^^
  File "/home/airflow/.local/lib/python3.12/site-packages/airflow/models/variable.py", line 145, in get
    raise KeyError(f"Variable {key} does not exist")
KeyError: 'Variable LINKS does not exist'
[2026-04-11T11:08:16.644+0000] {processor.py:927} WARNING - No viable dags retrieved from /opt/airflow/dags/import_from_git.py
[2026-04-11T11:08:16.657+0000] {processor.py:208} INFO - Processing /opt/airflow/dags/import_from_git.py took 0.050 seconds
[2026-04-11T11:08:47.014+0000] {processor.py:186} INFO - Started process (PID=34444) to work on /opt/airflow/dags/import_from_git.py
[2026-04-11T11:08:47.015+0000] {processor.py:914} INFO - Processing file /opt/airflow/dags/import_from_git.py for tasks to queue
[2026-04-11T11:08:47.017+0000] {logging_mixin.py:190} INFO - [2026-04-11T11:08:47.017+0000] {dagbag.py:588} INFO - Filling up the DagBag from /opt/airflow/dags/import_from_git.py
[2026-04-11T11:08:47.047+0000] {logging_mixin.py:190} INFO - [2026-04-11T11:08:47.045+0000] {dagbag.py:387} ERROR - Failed to import: /opt/airflow/dags/import_from_git.py
Traceback (most recent call last):
  File "/home/airflow/.local/lib/python3.12/site-packages/airflow/models/dagbag.py", line 383, in parse
    loader.exec_module(new_module)
  File "<frozen importlib._bootstrap_external>", line 999, in exec_module
  File "<frozen importlib._bootstrap>", line 488, in _call_with_frames_removed
  File "/opt/airflow/dags/import_from_git.py", line 45, in <module>
    repo_links=get_link();
               ^^^^^^^^^^
  File "/opt/airflow/dags/import_from_git.py", line 4, in get_link
    repo_links=Variable.get("LINKS",deserialize_json=True)
               ^^^^^^^^^^^^^^^^^^^^^^^^^^^^^^^^^^^^^^^^^^^
  File "/home/airflow/.local/lib/python3.12/site-packages/airflow/models/variable.py", line 145, in get
    raise KeyError(f"Variable {key} does not exist")
KeyError: 'Variable LINKS does not exist'
[2026-04-11T11:08:47.048+0000] {processor.py:927} WARNING - No viable dags retrieved from /opt/airflow/dags/import_from_git.py
[2026-04-11T11:08:47.065+0000] {processor.py:208} INFO - Processing /opt/airflow/dags/import_from_git.py took 0.059 seconds
[2026-04-11T11:09:17.256+0000] {processor.py:186} INFO - Started process (PID=34513) to work on /opt/airflow/dags/import_from_git.py
[2026-04-11T11:09:17.257+0000] {processor.py:914} INFO - Processing file /opt/airflow/dags/import_from_git.py for tasks to queue
[2026-04-11T11:09:17.259+0000] {logging_mixin.py:190} INFO - [2026-04-11T11:09:17.259+0000] {dagbag.py:588} INFO - Filling up the DagBag from /opt/airflow/dags/import_from_git.py
[2026-04-11T11:09:17.285+0000] {logging_mixin.py:190} INFO - [2026-04-11T11:09:17.284+0000] {dagbag.py:387} ERROR - Failed to import: /opt/airflow/dags/import_from_git.py
Traceback (most recent call last):
  File "/home/airflow/.local/lib/python3.12/site-packages/airflow/models/dagbag.py", line 383, in parse
    loader.exec_module(new_module)
  File "<frozen importlib._bootstrap_external>", line 999, in exec_module
  File "<frozen importlib._bootstrap>", line 488, in _call_with_frames_removed
  File "/opt/airflow/dags/import_from_git.py", line 45, in <module>
    repo_links=get_link();
               ^^^^^^^^^^
  File "/opt/airflow/dags/import_from_git.py", line 4, in get_link
    repo_links=Variable.get("LINKS",deserialize_json=True)
               ^^^^^^^^^^^^^^^^^^^^^^^^^^^^^^^^^^^^^^^^^^^
  File "/home/airflow/.local/lib/python3.12/site-packages/airflow/models/variable.py", line 145, in get
    raise KeyError(f"Variable {key} does not exist")
KeyError: 'Variable LINKS does not exist'
[2026-04-11T11:09:17.286+0000] {processor.py:927} WARNING - No viable dags retrieved from /opt/airflow/dags/import_from_git.py
[2026-04-11T11:09:17.297+0000] {processor.py:208} INFO - Processing /opt/airflow/dags/import_from_git.py took 0.049 seconds
[2026-04-11T11:09:47.521+0000] {processor.py:186} INFO - Started process (PID=34584) to work on /opt/airflow/dags/import_from_git.py
[2026-04-11T11:09:47.522+0000] {processor.py:914} INFO - Processing file /opt/airflow/dags/import_from_git.py for tasks to queue
[2026-04-11T11:09:47.525+0000] {logging_mixin.py:190} INFO - [2026-04-11T11:09:47.525+0000] {dagbag.py:588} INFO - Filling up the DagBag from /opt/airflow/dags/import_from_git.py
[2026-04-11T11:09:47.561+0000] {logging_mixin.py:190} INFO - [2026-04-11T11:09:47.559+0000] {dagbag.py:387} ERROR - Failed to import: /opt/airflow/dags/import_from_git.py
Traceback (most recent call last):
  File "/home/airflow/.local/lib/python3.12/site-packages/airflow/models/dagbag.py", line 383, in parse
    loader.exec_module(new_module)
  File "<frozen importlib._bootstrap_external>", line 999, in exec_module
  File "<frozen importlib._bootstrap>", line 488, in _call_with_frames_removed
  File "/opt/airflow/dags/import_from_git.py", line 45, in <module>
    repo_links=get_link();
               ^^^^^^^^^^
  File "/opt/airflow/dags/import_from_git.py", line 4, in get_link
    repo_links=Variable.get("LINKS",deserialize_json=True)
               ^^^^^^^^^^^^^^^^^^^^^^^^^^^^^^^^^^^^^^^^^^^
  File "/home/airflow/.local/lib/python3.12/site-packages/airflow/models/variable.py", line 145, in get
    raise KeyError(f"Variable {key} does not exist")
KeyError: 'Variable LINKS does not exist'
[2026-04-11T11:09:47.562+0000] {processor.py:927} WARNING - No viable dags retrieved from /opt/airflow/dags/import_from_git.py
[2026-04-11T11:09:47.573+0000] {processor.py:208} INFO - Processing /opt/airflow/dags/import_from_git.py took 0.062 seconds
[2026-04-11T11:10:17.869+0000] {processor.py:186} INFO - Started process (PID=34655) to work on /opt/airflow/dags/import_from_git.py
[2026-04-11T11:10:17.870+0000] {processor.py:914} INFO - Processing file /opt/airflow/dags/import_from_git.py for tasks to queue
[2026-04-11T11:10:17.873+0000] {logging_mixin.py:190} INFO - [2026-04-11T11:10:17.873+0000] {dagbag.py:588} INFO - Filling up the DagBag from /opt/airflow/dags/import_from_git.py
[2026-04-11T11:10:17.900+0000] {logging_mixin.py:190} INFO - [2026-04-11T11:10:17.899+0000] {dagbag.py:387} ERROR - Failed to import: /opt/airflow/dags/import_from_git.py
Traceback (most recent call last):
  File "/home/airflow/.local/lib/python3.12/site-packages/airflow/models/dagbag.py", line 383, in parse
    loader.exec_module(new_module)
  File "<frozen importlib._bootstrap_external>", line 999, in exec_module
  File "<frozen importlib._bootstrap>", line 488, in _call_with_frames_removed
  File "/opt/airflow/dags/import_from_git.py", line 45, in <module>
    repo_links=get_link();
               ^^^^^^^^^^
  File "/opt/airflow/dags/import_from_git.py", line 4, in get_link
    repo_links=Variable.get("LINKS",deserialize_json=True)
               ^^^^^^^^^^^^^^^^^^^^^^^^^^^^^^^^^^^^^^^^^^^
  File "/home/airflow/.local/lib/python3.12/site-packages/airflow/models/variable.py", line 145, in get
    raise KeyError(f"Variable {key} does not exist")
KeyError: 'Variable LINKS does not exist'
[2026-04-11T11:10:17.901+0000] {processor.py:927} WARNING - No viable dags retrieved from /opt/airflow/dags/import_from_git.py
[2026-04-11T11:10:17.914+0000] {processor.py:208} INFO - Processing /opt/airflow/dags/import_from_git.py took 0.052 seconds
[2026-04-11T11:10:48.103+0000] {processor.py:186} INFO - Started process (PID=34728) to work on /opt/airflow/dags/import_from_git.py
[2026-04-11T11:10:48.103+0000] {processor.py:914} INFO - Processing file /opt/airflow/dags/import_from_git.py for tasks to queue
[2026-04-11T11:10:48.105+0000] {logging_mixin.py:190} INFO - [2026-04-11T11:10:48.105+0000] {dagbag.py:588} INFO - Filling up the DagBag from /opt/airflow/dags/import_from_git.py
[2026-04-11T11:10:48.127+0000] {logging_mixin.py:190} INFO - [2026-04-11T11:10:48.125+0000] {dagbag.py:387} ERROR - Failed to import: /opt/airflow/dags/import_from_git.py
Traceback (most recent call last):
  File "/home/airflow/.local/lib/python3.12/site-packages/airflow/models/dagbag.py", line 383, in parse
    loader.exec_module(new_module)
  File "<frozen importlib._bootstrap_external>", line 999, in exec_module
  File "<frozen importlib._bootstrap>", line 488, in _call_with_frames_removed
  File "/opt/airflow/dags/import_from_git.py", line 45, in <module>
    repo_links=get_link();
               ^^^^^^^^^^
  File "/opt/airflow/dags/import_from_git.py", line 4, in get_link
    repo_links=Variable.get("LINKS",deserialize_json=True)
               ^^^^^^^^^^^^^^^^^^^^^^^^^^^^^^^^^^^^^^^^^^^
  File "/home/airflow/.local/lib/python3.12/site-packages/airflow/models/variable.py", line 145, in get
    raise KeyError(f"Variable {key} does not exist")
KeyError: 'Variable LINKS does not exist'
[2026-04-11T11:10:48.127+0000] {processor.py:927} WARNING - No viable dags retrieved from /opt/airflow/dags/import_from_git.py
[2026-04-11T11:10:48.137+0000] {processor.py:208} INFO - Processing /opt/airflow/dags/import_from_git.py took 0.041 seconds
[2026-04-11T11:11:18.391+0000] {processor.py:186} INFO - Started process (PID=34799) to work on /opt/airflow/dags/import_from_git.py
[2026-04-11T11:11:18.392+0000] {processor.py:914} INFO - Processing file /opt/airflow/dags/import_from_git.py for tasks to queue
[2026-04-11T11:11:18.394+0000] {logging_mixin.py:190} INFO - [2026-04-11T11:11:18.394+0000] {dagbag.py:588} INFO - Filling up the DagBag from /opt/airflow/dags/import_from_git.py
[2026-04-11T11:11:18.422+0000] {logging_mixin.py:190} INFO - [2026-04-11T11:11:18.420+0000] {dagbag.py:387} ERROR - Failed to import: /opt/airflow/dags/import_from_git.py
Traceback (most recent call last):
  File "/home/airflow/.local/lib/python3.12/site-packages/airflow/models/dagbag.py", line 383, in parse
    loader.exec_module(new_module)
  File "<frozen importlib._bootstrap_external>", line 999, in exec_module
  File "<frozen importlib._bootstrap>", line 488, in _call_with_frames_removed
  File "/opt/airflow/dags/import_from_git.py", line 45, in <module>
    repo_links=get_link();
               ^^^^^^^^^^
  File "/opt/airflow/dags/import_from_git.py", line 4, in get_link
    repo_links=Variable.get("LINKS",deserialize_json=True)
               ^^^^^^^^^^^^^^^^^^^^^^^^^^^^^^^^^^^^^^^^^^^
  File "/home/airflow/.local/lib/python3.12/site-packages/airflow/models/variable.py", line 145, in get
    raise KeyError(f"Variable {key} does not exist")
KeyError: 'Variable LINKS does not exist'
[2026-04-11T11:11:18.422+0000] {processor.py:927} WARNING - No viable dags retrieved from /opt/airflow/dags/import_from_git.py
[2026-04-11T11:11:18.432+0000] {processor.py:208} INFO - Processing /opt/airflow/dags/import_from_git.py took 0.046 seconds
[2026-04-11T11:11:48.693+0000] {processor.py:186} INFO - Started process (PID=34868) to work on /opt/airflow/dags/import_from_git.py
[2026-04-11T11:11:48.694+0000] {processor.py:914} INFO - Processing file /opt/airflow/dags/import_from_git.py for tasks to queue
[2026-04-11T11:11:48.696+0000] {logging_mixin.py:190} INFO - [2026-04-11T11:11:48.696+0000] {dagbag.py:588} INFO - Filling up the DagBag from /opt/airflow/dags/import_from_git.py
[2026-04-11T11:11:48.722+0000] {logging_mixin.py:190} INFO - [2026-04-11T11:11:48.720+0000] {dagbag.py:387} ERROR - Failed to import: /opt/airflow/dags/import_from_git.py
Traceback (most recent call last):
  File "/home/airflow/.local/lib/python3.12/site-packages/airflow/models/dagbag.py", line 383, in parse
    loader.exec_module(new_module)
  File "<frozen importlib._bootstrap_external>", line 999, in exec_module
  File "<frozen importlib._bootstrap>", line 488, in _call_with_frames_removed
  File "/opt/airflow/dags/import_from_git.py", line 45, in <module>
    repo_links=get_link();
               ^^^^^^^^^^
  File "/opt/airflow/dags/import_from_git.py", line 4, in get_link
    repo_links=Variable.get("LINKS",deserialize_json=True)
               ^^^^^^^^^^^^^^^^^^^^^^^^^^^^^^^^^^^^^^^^^^^
  File "/home/airflow/.local/lib/python3.12/site-packages/airflow/models/variable.py", line 145, in get
    raise KeyError(f"Variable {key} does not exist")
KeyError: 'Variable LINKS does not exist'
[2026-04-11T11:11:48.723+0000] {processor.py:927} WARNING - No viable dags retrieved from /opt/airflow/dags/import_from_git.py
[2026-04-11T11:11:48.734+0000] {processor.py:208} INFO - Processing /opt/airflow/dags/import_from_git.py took 0.048 seconds
[2026-04-11T11:12:18.877+0000] {processor.py:186} INFO - Started process (PID=34942) to work on /opt/airflow/dags/import_from_git.py
[2026-04-11T11:12:18.878+0000] {processor.py:914} INFO - Processing file /opt/airflow/dags/import_from_git.py for tasks to queue
[2026-04-11T11:12:18.881+0000] {logging_mixin.py:190} INFO - [2026-04-11T11:12:18.880+0000] {dagbag.py:588} INFO - Filling up the DagBag from /opt/airflow/dags/import_from_git.py
[2026-04-11T11:12:18.907+0000] {logging_mixin.py:190} INFO - [2026-04-11T11:12:18.905+0000] {dagbag.py:387} ERROR - Failed to import: /opt/airflow/dags/import_from_git.py
Traceback (most recent call last):
  File "/home/airflow/.local/lib/python3.12/site-packages/airflow/models/dagbag.py", line 383, in parse
    loader.exec_module(new_module)
  File "<frozen importlib._bootstrap_external>", line 999, in exec_module
  File "<frozen importlib._bootstrap>", line 488, in _call_with_frames_removed
  File "/opt/airflow/dags/import_from_git.py", line 45, in <module>
    repo_links=get_link();
               ^^^^^^^^^^
  File "/opt/airflow/dags/import_from_git.py", line 4, in get_link
    repo_links=Variable.get("LINKS",deserialize_json=True)
               ^^^^^^^^^^^^^^^^^^^^^^^^^^^^^^^^^^^^^^^^^^^
  File "/home/airflow/.local/lib/python3.12/site-packages/airflow/models/variable.py", line 145, in get
    raise KeyError(f"Variable {key} does not exist")
KeyError: 'Variable LINKS does not exist'
[2026-04-11T11:12:18.907+0000] {processor.py:927} WARNING - No viable dags retrieved from /opt/airflow/dags/import_from_git.py
[2026-04-11T11:12:18.918+0000] {processor.py:208} INFO - Processing /opt/airflow/dags/import_from_git.py took 0.047 seconds
[2026-04-11T11:12:49.166+0000] {processor.py:186} INFO - Started process (PID=35031) to work on /opt/airflow/dags/import_from_git.py
[2026-04-11T11:12:49.167+0000] {processor.py:914} INFO - Processing file /opt/airflow/dags/import_from_git.py for tasks to queue
[2026-04-11T11:12:49.170+0000] {logging_mixin.py:190} INFO - [2026-04-11T11:12:49.170+0000] {dagbag.py:588} INFO - Filling up the DagBag from /opt/airflow/dags/import_from_git.py
[2026-04-11T11:12:49.195+0000] {logging_mixin.py:190} INFO - [2026-04-11T11:12:49.194+0000] {dagbag.py:387} ERROR - Failed to import: /opt/airflow/dags/import_from_git.py
Traceback (most recent call last):
  File "/home/airflow/.local/lib/python3.12/site-packages/airflow/models/dagbag.py", line 383, in parse
    loader.exec_module(new_module)
  File "<frozen importlib._bootstrap_external>", line 999, in exec_module
  File "<frozen importlib._bootstrap>", line 488, in _call_with_frames_removed
  File "/opt/airflow/dags/import_from_git.py", line 45, in <module>
    repo_links=get_link();
               ^^^^^^^^^^
  File "/opt/airflow/dags/import_from_git.py", line 4, in get_link
    repo_links=Variable.get("LINKS",deserialize_json=True)
               ^^^^^^^^^^^^^^^^^^^^^^^^^^^^^^^^^^^^^^^^^^^
  File "/home/airflow/.local/lib/python3.12/site-packages/airflow/models/variable.py", line 145, in get
    raise KeyError(f"Variable {key} does not exist")
KeyError: 'Variable LINKS does not exist'
[2026-04-11T11:12:49.196+0000] {processor.py:927} WARNING - No viable dags retrieved from /opt/airflow/dags/import_from_git.py
[2026-04-11T11:12:49.208+0000] {processor.py:208} INFO - Processing /opt/airflow/dags/import_from_git.py took 0.049 seconds
[2026-04-11T11:17:04.810+0000] {processor.py:186} INFO - Started process (PID=35168) to work on /opt/airflow/dags/import_from_git.py
[2026-04-11T11:17:04.811+0000] {processor.py:914} INFO - Processing file /opt/airflow/dags/import_from_git.py for tasks to queue
[2026-04-11T11:17:04.815+0000] {logging_mixin.py:190} INFO - [2026-04-11T11:17:04.815+0000] {dagbag.py:588} INFO - Filling up the DagBag from /opt/airflow/dags/import_from_git.py
[2026-04-11T11:17:04.843+0000] {logging_mixin.py:190} INFO - [2026-04-11T11:17:04.842+0000] {dagbag.py:387} ERROR - Failed to import: /opt/airflow/dags/import_from_git.py
Traceback (most recent call last):
  File "/home/airflow/.local/lib/python3.12/site-packages/airflow/models/dagbag.py", line 383, in parse
    loader.exec_module(new_module)
  File "<frozen importlib._bootstrap_external>", line 999, in exec_module
  File "<frozen importlib._bootstrap>", line 488, in _call_with_frames_removed
  File "/opt/airflow/dags/import_from_git.py", line 45, in <module>
    repo_links=get_link();
               ^^^^^^^^^^
  File "/opt/airflow/dags/import_from_git.py", line 4, in get_link
    repo_links=Variable.get("LINKS",deserialize_json=True)
               ^^^^^^^^^^^^^^^^^^^^^^^^^^^^^^^^^^^^^^^^^^^
  File "/home/airflow/.local/lib/python3.12/site-packages/airflow/models/variable.py", line 145, in get
    raise KeyError(f"Variable {key} does not exist")
KeyError: 'Variable LINKS does not exist'
[2026-04-11T11:17:04.844+0000] {processor.py:927} WARNING - No viable dags retrieved from /opt/airflow/dags/import_from_git.py
[2026-04-11T11:17:04.856+0000] {processor.py:208} INFO - Processing /opt/airflow/dags/import_from_git.py took 0.052 seconds
[2026-04-11T11:17:36.020+0000] {processor.py:186} INFO - Started process (PID=35239) to work on /opt/airflow/dags/import_from_git.py
[2026-04-11T11:17:36.021+0000] {processor.py:914} INFO - Processing file /opt/airflow/dags/import_from_git.py for tasks to queue
[2026-04-11T11:17:36.024+0000] {logging_mixin.py:190} INFO - [2026-04-11T11:17:36.023+0000] {dagbag.py:588} INFO - Filling up the DagBag from /opt/airflow/dags/import_from_git.py
[2026-04-11T11:17:36.056+0000] {logging_mixin.py:190} INFO - [2026-04-11T11:17:36.054+0000] {dagbag.py:387} ERROR - Failed to import: /opt/airflow/dags/import_from_git.py
Traceback (most recent call last):
  File "/home/airflow/.local/lib/python3.12/site-packages/airflow/models/dagbag.py", line 383, in parse
    loader.exec_module(new_module)
  File "<frozen importlib._bootstrap_external>", line 999, in exec_module
  File "<frozen importlib._bootstrap>", line 488, in _call_with_frames_removed
  File "/opt/airflow/dags/import_from_git.py", line 45, in <module>
    repo_links=get_link();
               ^^^^^^^^^^
  File "/opt/airflow/dags/import_from_git.py", line 4, in get_link
    repo_links=Variable.get("LINKS",deserialize_json=True)
               ^^^^^^^^^^^^^^^^^^^^^^^^^^^^^^^^^^^^^^^^^^^
  File "/home/airflow/.local/lib/python3.12/site-packages/airflow/models/variable.py", line 145, in get
    raise KeyError(f"Variable {key} does not exist")
KeyError: 'Variable LINKS does not exist'
[2026-04-11T11:17:36.056+0000] {processor.py:927} WARNING - No viable dags retrieved from /opt/airflow/dags/import_from_git.py
[2026-04-11T11:17:36.069+0000] {processor.py:208} INFO - Processing /opt/airflow/dags/import_from_git.py took 0.056 seconds
[2026-04-11T11:18:06.463+0000] {processor.py:186} INFO - Started process (PID=35387) to work on /opt/airflow/dags/import_from_git.py
[2026-04-11T11:18:06.465+0000] {processor.py:914} INFO - Processing file /opt/airflow/dags/import_from_git.py for tasks to queue
[2026-04-11T11:18:06.468+0000] {logging_mixin.py:190} INFO - [2026-04-11T11:18:06.467+0000] {dagbag.py:588} INFO - Filling up the DagBag from /opt/airflow/dags/import_from_git.py
[2026-04-11T11:18:06.504+0000] {logging_mixin.py:190} INFO - [2026-04-11T11:18:06.502+0000] {dagbag.py:387} ERROR - Failed to import: /opt/airflow/dags/import_from_git.py
Traceback (most recent call last):
  File "/home/airflow/.local/lib/python3.12/site-packages/airflow/models/dagbag.py", line 383, in parse
    loader.exec_module(new_module)
  File "<frozen importlib._bootstrap_external>", line 999, in exec_module
  File "<frozen importlib._bootstrap>", line 488, in _call_with_frames_removed
  File "/opt/airflow/dags/import_from_git.py", line 45, in <module>
    repo_links=get_link();
               ^^^^^^^^^^
  File "/opt/airflow/dags/import_from_git.py", line 4, in get_link
    repo_links=Variable.get("LINKS",deserialize_json=True)
               ^^^^^^^^^^^^^^^^^^^^^^^^^^^^^^^^^^^^^^^^^^^
  File "/home/airflow/.local/lib/python3.12/site-packages/airflow/models/variable.py", line 145, in get
    raise KeyError(f"Variable {key} does not exist")
KeyError: 'Variable LINKS does not exist'
[2026-04-11T11:18:06.506+0000] {processor.py:927} WARNING - No viable dags retrieved from /opt/airflow/dags/import_from_git.py
[2026-04-11T11:18:06.522+0000] {processor.py:208} INFO - Processing /opt/airflow/dags/import_from_git.py took 0.067 seconds
[2026-04-11T11:18:37.136+0000] {processor.py:186} INFO - Started process (PID=35460) to work on /opt/airflow/dags/import_from_git.py
[2026-04-11T11:18:37.138+0000] {processor.py:914} INFO - Processing file /opt/airflow/dags/import_from_git.py for tasks to queue
[2026-04-11T11:18:37.142+0000] {logging_mixin.py:190} INFO - [2026-04-11T11:18:37.141+0000] {dagbag.py:588} INFO - Filling up the DagBag from /opt/airflow/dags/import_from_git.py
[2026-04-11T11:18:37.184+0000] {logging_mixin.py:190} INFO - [2026-04-11T11:18:37.181+0000] {dagbag.py:387} ERROR - Failed to import: /opt/airflow/dags/import_from_git.py
Traceback (most recent call last):
  File "/home/airflow/.local/lib/python3.12/site-packages/airflow/models/dagbag.py", line 383, in parse
    loader.exec_module(new_module)
  File "<frozen importlib._bootstrap_external>", line 999, in exec_module
  File "<frozen importlib._bootstrap>", line 488, in _call_with_frames_removed
  File "/opt/airflow/dags/import_from_git.py", line 45, in <module>
    repo_links=get_link();
               ^^^^^^^^^^
  File "/opt/airflow/dags/import_from_git.py", line 4, in get_link
    repo_links=Variable.get("LINKS",deserialize_json=True)
               ^^^^^^^^^^^^^^^^^^^^^^^^^^^^^^^^^^^^^^^^^^^
  File "/home/airflow/.local/lib/python3.12/site-packages/airflow/models/variable.py", line 145, in get
    raise KeyError(f"Variable {key} does not exist")
KeyError: 'Variable LINKS does not exist'
[2026-04-11T11:18:37.250+0000] {processor.py:927} WARNING - No viable dags retrieved from /opt/airflow/dags/import_from_git.py
[2026-04-11T11:18:37.297+0000] {processor.py:208} INFO - Processing /opt/airflow/dags/import_from_git.py took 0.172 seconds
[2026-04-11T11:19:11.287+0000] {processor.py:186} INFO - Started process (PID=35529) to work on /opt/airflow/dags/import_from_git.py
[2026-04-11T11:19:11.288+0000] {processor.py:914} INFO - Processing file /opt/airflow/dags/import_from_git.py for tasks to queue
[2026-04-11T11:19:11.292+0000] {logging_mixin.py:190} INFO - [2026-04-11T11:19:11.292+0000] {dagbag.py:588} INFO - Filling up the DagBag from /opt/airflow/dags/import_from_git.py
[2026-04-11T11:19:11.339+0000] {logging_mixin.py:190} INFO - [2026-04-11T11:19:11.336+0000] {dagbag.py:387} ERROR - Failed to import: /opt/airflow/dags/import_from_git.py
Traceback (most recent call last):
  File "/home/airflow/.local/lib/python3.12/site-packages/airflow/models/dagbag.py", line 383, in parse
    loader.exec_module(new_module)
  File "<frozen importlib._bootstrap_external>", line 999, in exec_module
  File "<frozen importlib._bootstrap>", line 488, in _call_with_frames_removed
  File "/opt/airflow/dags/import_from_git.py", line 45, in <module>
    repo_links=get_link();
               ^^^^^^^^^^
  File "/opt/airflow/dags/import_from_git.py", line 4, in get_link
    repo_links=Variable.get("LINKS",deserialize_json=True)
               ^^^^^^^^^^^^^^^^^^^^^^^^^^^^^^^^^^^^^^^^^^^
  File "/home/airflow/.local/lib/python3.12/site-packages/airflow/models/variable.py", line 145, in get
    raise KeyError(f"Variable {key} does not exist")
KeyError: 'Variable LINKS does not exist'
[2026-04-11T11:19:11.340+0000] {processor.py:927} WARNING - No viable dags retrieved from /opt/airflow/dags/import_from_git.py
[2026-04-11T11:19:11.357+0000] {processor.py:208} INFO - Processing /opt/airflow/dags/import_from_git.py took 0.081 seconds
[2026-04-11T11:19:41.638+0000] {processor.py:186} INFO - Started process (PID=35600) to work on /opt/airflow/dags/import_from_git.py
[2026-04-11T11:19:41.639+0000] {processor.py:914} INFO - Processing file /opt/airflow/dags/import_from_git.py for tasks to queue
[2026-04-11T11:19:41.642+0000] {logging_mixin.py:190} INFO - [2026-04-11T11:19:41.642+0000] {dagbag.py:588} INFO - Filling up the DagBag from /opt/airflow/dags/import_from_git.py
[2026-04-11T11:19:41.673+0000] {logging_mixin.py:190} INFO - [2026-04-11T11:19:41.671+0000] {dagbag.py:387} ERROR - Failed to import: /opt/airflow/dags/import_from_git.py
Traceback (most recent call last):
  File "/home/airflow/.local/lib/python3.12/site-packages/airflow/models/dagbag.py", line 383, in parse
    loader.exec_module(new_module)
  File "<frozen importlib._bootstrap_external>", line 999, in exec_module
  File "<frozen importlib._bootstrap>", line 488, in _call_with_frames_removed
  File "/opt/airflow/dags/import_from_git.py", line 45, in <module>
    repo_links=get_link();
               ^^^^^^^^^^
  File "/opt/airflow/dags/import_from_git.py", line 4, in get_link
    repo_links=Variable.get("LINKS",deserialize_json=True)
               ^^^^^^^^^^^^^^^^^^^^^^^^^^^^^^^^^^^^^^^^^^^
  File "/home/airflow/.local/lib/python3.12/site-packages/airflow/models/variable.py", line 145, in get
    raise KeyError(f"Variable {key} does not exist")
KeyError: 'Variable LINKS does not exist'
[2026-04-11T11:19:41.674+0000] {processor.py:927} WARNING - No viable dags retrieved from /opt/airflow/dags/import_from_git.py
[2026-04-11T11:19:41.690+0000] {processor.py:208} INFO - Processing /opt/airflow/dags/import_from_git.py took 0.061 seconds
[2026-04-11T11:20:13.166+0000] {processor.py:186} INFO - Started process (PID=35671) to work on /opt/airflow/dags/import_from_git.py
[2026-04-11T11:20:13.167+0000] {processor.py:914} INFO - Processing file /opt/airflow/dags/import_from_git.py for tasks to queue
[2026-04-11T11:20:13.171+0000] {logging_mixin.py:190} INFO - [2026-04-11T11:20:13.171+0000] {dagbag.py:588} INFO - Filling up the DagBag from /opt/airflow/dags/import_from_git.py
[2026-04-11T11:20:13.203+0000] {logging_mixin.py:190} INFO - [2026-04-11T11:20:13.201+0000] {dagbag.py:387} ERROR - Failed to import: /opt/airflow/dags/import_from_git.py
Traceback (most recent call last):
  File "/home/airflow/.local/lib/python3.12/site-packages/airflow/models/dagbag.py", line 383, in parse
    loader.exec_module(new_module)
  File "<frozen importlib._bootstrap_external>", line 999, in exec_module
  File "<frozen importlib._bootstrap>", line 488, in _call_with_frames_removed
  File "/opt/airflow/dags/import_from_git.py", line 45, in <module>
    repo_links=get_link();
               ^^^^^^^^^^
  File "/opt/airflow/dags/import_from_git.py", line 4, in get_link
    repo_links=Variable.get("LINKS",deserialize_json=True)
               ^^^^^^^^^^^^^^^^^^^^^^^^^^^^^^^^^^^^^^^^^^^
  File "/home/airflow/.local/lib/python3.12/site-packages/airflow/models/variable.py", line 145, in get
    raise KeyError(f"Variable {key} does not exist")
KeyError: 'Variable LINKS does not exist'
[2026-04-11T11:20:13.204+0000] {processor.py:927} WARNING - No viable dags retrieved from /opt/airflow/dags/import_from_git.py
[2026-04-11T11:20:13.219+0000] {processor.py:208} INFO - Processing /opt/airflow/dags/import_from_git.py took 0.060 seconds
[2026-04-11T11:20:43.717+0000] {processor.py:186} INFO - Started process (PID=35742) to work on /opt/airflow/dags/import_from_git.py
[2026-04-11T11:20:43.719+0000] {processor.py:914} INFO - Processing file /opt/airflow/dags/import_from_git.py for tasks to queue
[2026-04-11T11:20:43.723+0000] {logging_mixin.py:190} INFO - [2026-04-11T11:20:43.723+0000] {dagbag.py:588} INFO - Filling up the DagBag from /opt/airflow/dags/import_from_git.py
[2026-04-11T11:20:43.762+0000] {logging_mixin.py:190} INFO - [2026-04-11T11:20:43.759+0000] {dagbag.py:387} ERROR - Failed to import: /opt/airflow/dags/import_from_git.py
Traceback (most recent call last):
  File "/home/airflow/.local/lib/python3.12/site-packages/airflow/models/dagbag.py", line 383, in parse
    loader.exec_module(new_module)
  File "<frozen importlib._bootstrap_external>", line 999, in exec_module
  File "<frozen importlib._bootstrap>", line 488, in _call_with_frames_removed
  File "/opt/airflow/dags/import_from_git.py", line 45, in <module>
    repo_links=get_link();
               ^^^^^^^^^^
  File "/opt/airflow/dags/import_from_git.py", line 4, in get_link
    repo_links=Variable.get("LINKS",deserialize_json=True)
               ^^^^^^^^^^^^^^^^^^^^^^^^^^^^^^^^^^^^^^^^^^^
  File "/home/airflow/.local/lib/python3.12/site-packages/airflow/models/variable.py", line 145, in get
    raise KeyError(f"Variable {key} does not exist")
KeyError: 'Variable LINKS does not exist'
[2026-04-11T11:20:43.763+0000] {processor.py:927} WARNING - No viable dags retrieved from /opt/airflow/dags/import_from_git.py
[2026-04-11T11:20:43.783+0000] {processor.py:208} INFO - Processing /opt/airflow/dags/import_from_git.py took 0.078 seconds
[2026-04-11T11:21:14.157+0000] {processor.py:186} INFO - Started process (PID=35815) to work on /opt/airflow/dags/import_from_git.py
[2026-04-11T11:21:14.158+0000] {processor.py:914} INFO - Processing file /opt/airflow/dags/import_from_git.py for tasks to queue
[2026-04-11T11:21:14.161+0000] {logging_mixin.py:190} INFO - [2026-04-11T11:21:14.160+0000] {dagbag.py:588} INFO - Filling up the DagBag from /opt/airflow/dags/import_from_git.py
[2026-04-11T11:21:14.192+0000] {logging_mixin.py:190} INFO - [2026-04-11T11:21:14.190+0000] {dagbag.py:387} ERROR - Failed to import: /opt/airflow/dags/import_from_git.py
Traceback (most recent call last):
  File "/home/airflow/.local/lib/python3.12/site-packages/airflow/models/dagbag.py", line 383, in parse
    loader.exec_module(new_module)
  File "<frozen importlib._bootstrap_external>", line 999, in exec_module
  File "<frozen importlib._bootstrap>", line 488, in _call_with_frames_removed
  File "/opt/airflow/dags/import_from_git.py", line 45, in <module>
    repo_links=get_link();
               ^^^^^^^^^^
  File "/opt/airflow/dags/import_from_git.py", line 4, in get_link
    repo_links=Variable.get("LINKS",deserialize_json=True)
               ^^^^^^^^^^^^^^^^^^^^^^^^^^^^^^^^^^^^^^^^^^^
  File "/home/airflow/.local/lib/python3.12/site-packages/airflow/models/variable.py", line 145, in get
    raise KeyError(f"Variable {key} does not exist")
KeyError: 'Variable LINKS does not exist'
[2026-04-11T11:21:14.192+0000] {processor.py:927} WARNING - No viable dags retrieved from /opt/airflow/dags/import_from_git.py
[2026-04-11T11:21:14.204+0000] {processor.py:208} INFO - Processing /opt/airflow/dags/import_from_git.py took 0.057 seconds
[2026-04-11T11:21:45.857+0000] {processor.py:186} INFO - Started process (PID=35886) to work on /opt/airflow/dags/import_from_git.py
[2026-04-11T11:21:45.859+0000] {processor.py:914} INFO - Processing file /opt/airflow/dags/import_from_git.py for tasks to queue
[2026-04-11T11:21:45.862+0000] {logging_mixin.py:190} INFO - [2026-04-11T11:21:45.861+0000] {dagbag.py:588} INFO - Filling up the DagBag from /opt/airflow/dags/import_from_git.py
[2026-04-11T11:21:45.896+0000] {logging_mixin.py:190} INFO - [2026-04-11T11:21:45.894+0000] {dagbag.py:387} ERROR - Failed to import: /opt/airflow/dags/import_from_git.py
Traceback (most recent call last):
  File "/home/airflow/.local/lib/python3.12/site-packages/airflow/models/dagbag.py", line 383, in parse
    loader.exec_module(new_module)
  File "<frozen importlib._bootstrap_external>", line 999, in exec_module
  File "<frozen importlib._bootstrap>", line 488, in _call_with_frames_removed
  File "/opt/airflow/dags/import_from_git.py", line 45, in <module>
    repo_links=get_link();
               ^^^^^^^^^^
  File "/opt/airflow/dags/import_from_git.py", line 4, in get_link
    repo_links=Variable.get("LINKS",deserialize_json=True)
               ^^^^^^^^^^^^^^^^^^^^^^^^^^^^^^^^^^^^^^^^^^^
  File "/home/airflow/.local/lib/python3.12/site-packages/airflow/models/variable.py", line 145, in get
    raise KeyError(f"Variable {key} does not exist")
KeyError: 'Variable LINKS does not exist'
[2026-04-11T11:21:45.897+0000] {processor.py:927} WARNING - No viable dags retrieved from /opt/airflow/dags/import_from_git.py
[2026-04-11T11:21:45.912+0000] {processor.py:208} INFO - Processing /opt/airflow/dags/import_from_git.py took 0.065 seconds
[2026-04-11T11:22:15.975+0000] {processor.py:186} INFO - Started process (PID=35955) to work on /opt/airflow/dags/import_from_git.py
[2026-04-11T11:22:15.977+0000] {processor.py:914} INFO - Processing file /opt/airflow/dags/import_from_git.py for tasks to queue
[2026-04-11T11:22:15.980+0000] {logging_mixin.py:190} INFO - [2026-04-11T11:22:15.979+0000] {dagbag.py:588} INFO - Filling up the DagBag from /opt/airflow/dags/import_from_git.py
[2026-04-11T11:22:16.009+0000] {logging_mixin.py:190} INFO - [2026-04-11T11:22:16.008+0000] {dagbag.py:387} ERROR - Failed to import: /opt/airflow/dags/import_from_git.py
Traceback (most recent call last):
  File "/home/airflow/.local/lib/python3.12/site-packages/airflow/models/dagbag.py", line 383, in parse
    loader.exec_module(new_module)
  File "<frozen importlib._bootstrap_external>", line 999, in exec_module
  File "<frozen importlib._bootstrap>", line 488, in _call_with_frames_removed
  File "/opt/airflow/dags/import_from_git.py", line 45, in <module>
    repo_links=get_link();
               ^^^^^^^^^^
  File "/opt/airflow/dags/import_from_git.py", line 4, in get_link
    repo_links=Variable.get("LINKS",deserialize_json=True)
               ^^^^^^^^^^^^^^^^^^^^^^^^^^^^^^^^^^^^^^^^^^^
  File "/home/airflow/.local/lib/python3.12/site-packages/airflow/models/variable.py", line 145, in get
    raise KeyError(f"Variable {key} does not exist")
KeyError: 'Variable LINKS does not exist'
[2026-04-11T11:22:16.010+0000] {processor.py:927} WARNING - No viable dags retrieved from /opt/airflow/dags/import_from_git.py
[2026-04-11T11:22:16.023+0000] {processor.py:208} INFO - Processing /opt/airflow/dags/import_from_git.py took 0.056 seconds
[2026-04-11T11:22:46.950+0000] {processor.py:186} INFO - Started process (PID=35998) to work on /opt/airflow/dags/import_from_git.py
[2026-04-11T11:22:46.951+0000] {processor.py:914} INFO - Processing file /opt/airflow/dags/import_from_git.py for tasks to queue
[2026-04-11T11:22:46.953+0000] {logging_mixin.py:190} INFO - [2026-04-11T11:22:46.952+0000] {dagbag.py:588} INFO - Filling up the DagBag from /opt/airflow/dags/import_from_git.py
[2026-04-11T11:22:46.981+0000] {logging_mixin.py:190} INFO - [2026-04-11T11:22:46.979+0000] {dagbag.py:387} ERROR - Failed to import: /opt/airflow/dags/import_from_git.py
Traceback (most recent call last):
  File "/home/airflow/.local/lib/python3.12/site-packages/airflow/models/dagbag.py", line 383, in parse
    loader.exec_module(new_module)
  File "<frozen importlib._bootstrap_external>", line 999, in exec_module
  File "<frozen importlib._bootstrap>", line 488, in _call_with_frames_removed
  File "/opt/airflow/dags/import_from_git.py", line 45, in <module>
    repo_links=get_link();
               ^^^^^^^^^^
  File "/opt/airflow/dags/import_from_git.py", line 4, in get_link
    repo_links=Variable.get("LINKS",deserialize_json=True)
               ^^^^^^^^^^^^^^^^^^^^^^^^^^^^^^^^^^^^^^^^^^^
  File "/home/airflow/.local/lib/python3.12/site-packages/airflow/models/variable.py", line 145, in get
    raise KeyError(f"Variable {key} does not exist")
KeyError: 'Variable LINKS does not exist'
[2026-04-11T11:22:46.982+0000] {processor.py:927} WARNING - No viable dags retrieved from /opt/airflow/dags/import_from_git.py
[2026-04-11T11:22:46.996+0000] {processor.py:208} INFO - Processing /opt/airflow/dags/import_from_git.py took 0.053 seconds
[2026-04-11T11:23:17.766+0000] {processor.py:186} INFO - Started process (PID=36037) to work on /opt/airflow/dags/import_from_git.py
[2026-04-11T11:23:17.767+0000] {processor.py:914} INFO - Processing file /opt/airflow/dags/import_from_git.py for tasks to queue
[2026-04-11T11:23:17.769+0000] {logging_mixin.py:190} INFO - [2026-04-11T11:23:17.768+0000] {dagbag.py:588} INFO - Filling up the DagBag from /opt/airflow/dags/import_from_git.py
[2026-04-11T11:23:17.801+0000] {logging_mixin.py:190} INFO - [2026-04-11T11:23:17.798+0000] {dagbag.py:387} ERROR - Failed to import: /opt/airflow/dags/import_from_git.py
Traceback (most recent call last):
  File "/home/airflow/.local/lib/python3.12/site-packages/airflow/models/dagbag.py", line 383, in parse
    loader.exec_module(new_module)
  File "<frozen importlib._bootstrap_external>", line 999, in exec_module
  File "<frozen importlib._bootstrap>", line 488, in _call_with_frames_removed
  File "/opt/airflow/dags/import_from_git.py", line 45, in <module>
    repo_links=get_link();
               ^^^^^^^^^^
  File "/opt/airflow/dags/import_from_git.py", line 4, in get_link
    repo_links=Variable.get("LINKS",deserialize_json=True)
               ^^^^^^^^^^^^^^^^^^^^^^^^^^^^^^^^^^^^^^^^^^^
  File "/home/airflow/.local/lib/python3.12/site-packages/airflow/models/variable.py", line 145, in get
    raise KeyError(f"Variable {key} does not exist")
KeyError: 'Variable LINKS does not exist'
[2026-04-11T11:23:17.802+0000] {processor.py:927} WARNING - No viable dags retrieved from /opt/airflow/dags/import_from_git.py
[2026-04-11T11:23:17.815+0000] {processor.py:208} INFO - Processing /opt/airflow/dags/import_from_git.py took 0.058 seconds
[2026-04-11T11:23:48.448+0000] {processor.py:186} INFO - Started process (PID=36078) to work on /opt/airflow/dags/import_from_git.py
[2026-04-11T11:23:48.449+0000] {processor.py:914} INFO - Processing file /opt/airflow/dags/import_from_git.py for tasks to queue
[2026-04-11T11:23:48.451+0000] {logging_mixin.py:190} INFO - [2026-04-11T11:23:48.450+0000] {dagbag.py:588} INFO - Filling up the DagBag from /opt/airflow/dags/import_from_git.py
[2026-04-11T11:23:48.479+0000] {logging_mixin.py:190} INFO - [2026-04-11T11:23:48.477+0000] {dagbag.py:387} ERROR - Failed to import: /opt/airflow/dags/import_from_git.py
Traceback (most recent call last):
  File "/home/airflow/.local/lib/python3.12/site-packages/airflow/models/dagbag.py", line 383, in parse
    loader.exec_module(new_module)
  File "<frozen importlib._bootstrap_external>", line 999, in exec_module
  File "<frozen importlib._bootstrap>", line 488, in _call_with_frames_removed
  File "/opt/airflow/dags/import_from_git.py", line 45, in <module>
    repo_links=get_link();
               ^^^^^^^^^^
  File "/opt/airflow/dags/import_from_git.py", line 4, in get_link
    repo_links=Variable.get("LINKS",deserialize_json=True)
               ^^^^^^^^^^^^^^^^^^^^^^^^^^^^^^^^^^^^^^^^^^^
  File "/home/airflow/.local/lib/python3.12/site-packages/airflow/models/variable.py", line 145, in get
    raise KeyError(f"Variable {key} does not exist")
KeyError: 'Variable LINKS does not exist'
[2026-04-11T11:23:48.480+0000] {processor.py:927} WARNING - No viable dags retrieved from /opt/airflow/dags/import_from_git.py
[2026-04-11T11:23:48.493+0000] {processor.py:208} INFO - Processing /opt/airflow/dags/import_from_git.py took 0.052 seconds
[2026-04-11T11:24:19.168+0000] {processor.py:186} INFO - Started process (PID=36119) to work on /opt/airflow/dags/import_from_git.py
[2026-04-11T11:24:19.170+0000] {processor.py:914} INFO - Processing file /opt/airflow/dags/import_from_git.py for tasks to queue
[2026-04-11T11:24:19.172+0000] {logging_mixin.py:190} INFO - [2026-04-11T11:24:19.171+0000] {dagbag.py:588} INFO - Filling up the DagBag from /opt/airflow/dags/import_from_git.py
[2026-04-11T11:24:19.204+0000] {logging_mixin.py:190} INFO - [2026-04-11T11:24:19.202+0000] {dagbag.py:387} ERROR - Failed to import: /opt/airflow/dags/import_from_git.py
Traceback (most recent call last):
  File "/home/airflow/.local/lib/python3.12/site-packages/airflow/models/dagbag.py", line 383, in parse
    loader.exec_module(new_module)
  File "<frozen importlib._bootstrap_external>", line 999, in exec_module
  File "<frozen importlib._bootstrap>", line 488, in _call_with_frames_removed
  File "/opt/airflow/dags/import_from_git.py", line 45, in <module>
    repo_links=get_link();
               ^^^^^^^^^^
  File "/opt/airflow/dags/import_from_git.py", line 4, in get_link
    repo_links=Variable.get("LINKS",deserialize_json=True)
               ^^^^^^^^^^^^^^^^^^^^^^^^^^^^^^^^^^^^^^^^^^^
  File "/home/airflow/.local/lib/python3.12/site-packages/airflow/models/variable.py", line 145, in get
    raise KeyError(f"Variable {key} does not exist")
KeyError: 'Variable LINKS does not exist'
[2026-04-11T11:24:19.205+0000] {processor.py:927} WARNING - No viable dags retrieved from /opt/airflow/dags/import_from_git.py
[2026-04-11T11:24:19.263+0000] {processor.py:208} INFO - Processing /opt/airflow/dags/import_from_git.py took 0.106 seconds
[2026-04-11T11:24:49.910+0000] {processor.py:186} INFO - Started process (PID=36160) to work on /opt/airflow/dags/import_from_git.py
[2026-04-11T11:24:49.911+0000] {processor.py:914} INFO - Processing file /opt/airflow/dags/import_from_git.py for tasks to queue
[2026-04-11T11:24:49.913+0000] {logging_mixin.py:190} INFO - [2026-04-11T11:24:49.912+0000] {dagbag.py:588} INFO - Filling up the DagBag from /opt/airflow/dags/import_from_git.py
[2026-04-11T11:24:49.946+0000] {logging_mixin.py:190} INFO - [2026-04-11T11:24:49.944+0000] {dagbag.py:387} ERROR - Failed to import: /opt/airflow/dags/import_from_git.py
Traceback (most recent call last):
  File "/home/airflow/.local/lib/python3.12/site-packages/airflow/models/dagbag.py", line 383, in parse
    loader.exec_module(new_module)
  File "<frozen importlib._bootstrap_external>", line 999, in exec_module
  File "<frozen importlib._bootstrap>", line 488, in _call_with_frames_removed
  File "/opt/airflow/dags/import_from_git.py", line 45, in <module>
    repo_links=get_link();
               ^^^^^^^^^^
  File "/opt/airflow/dags/import_from_git.py", line 4, in get_link
    repo_links=Variable.get("LINKS",deserialize_json=True)
               ^^^^^^^^^^^^^^^^^^^^^^^^^^^^^^^^^^^^^^^^^^^
  File "/home/airflow/.local/lib/python3.12/site-packages/airflow/models/variable.py", line 145, in get
    raise KeyError(f"Variable {key} does not exist")
KeyError: 'Variable LINKS does not exist'
[2026-04-11T11:24:49.948+0000] {processor.py:927} WARNING - No viable dags retrieved from /opt/airflow/dags/import_from_git.py
[2026-04-11T11:24:49.964+0000] {processor.py:208} INFO - Processing /opt/airflow/dags/import_from_git.py took 0.063 seconds
[2026-04-11T11:25:20.627+0000] {processor.py:186} INFO - Started process (PID=36201) to work on /opt/airflow/dags/import_from_git.py
[2026-04-11T11:25:20.628+0000] {processor.py:914} INFO - Processing file /opt/airflow/dags/import_from_git.py for tasks to queue
[2026-04-11T11:25:20.630+0000] {logging_mixin.py:190} INFO - [2026-04-11T11:25:20.629+0000] {dagbag.py:588} INFO - Filling up the DagBag from /opt/airflow/dags/import_from_git.py
[2026-04-11T11:25:20.655+0000] {logging_mixin.py:190} INFO - [2026-04-11T11:25:20.654+0000] {dagbag.py:387} ERROR - Failed to import: /opt/airflow/dags/import_from_git.py
Traceback (most recent call last):
  File "/home/airflow/.local/lib/python3.12/site-packages/airflow/models/dagbag.py", line 383, in parse
    loader.exec_module(new_module)
  File "<frozen importlib._bootstrap_external>", line 999, in exec_module
  File "<frozen importlib._bootstrap>", line 488, in _call_with_frames_removed
  File "/opt/airflow/dags/import_from_git.py", line 45, in <module>
    repo_links=get_link();
               ^^^^^^^^^^
  File "/opt/airflow/dags/import_from_git.py", line 4, in get_link
    repo_links=Variable.get("LINKS",deserialize_json=True)
               ^^^^^^^^^^^^^^^^^^^^^^^^^^^^^^^^^^^^^^^^^^^
  File "/home/airflow/.local/lib/python3.12/site-packages/airflow/models/variable.py", line 145, in get
    raise KeyError(f"Variable {key} does not exist")
KeyError: 'Variable LINKS does not exist'
[2026-04-11T11:25:20.656+0000] {processor.py:927} WARNING - No viable dags retrieved from /opt/airflow/dags/import_from_git.py
[2026-04-11T11:25:20.668+0000] {processor.py:208} INFO - Processing /opt/airflow/dags/import_from_git.py took 0.049 seconds
[2026-04-11T11:25:51.317+0000] {processor.py:186} INFO - Started process (PID=36247) to work on /opt/airflow/dags/import_from_git.py
[2026-04-11T11:25:51.319+0000] {processor.py:914} INFO - Processing file /opt/airflow/dags/import_from_git.py for tasks to queue
[2026-04-11T11:25:51.321+0000] {logging_mixin.py:190} INFO - [2026-04-11T11:25:51.320+0000] {dagbag.py:588} INFO - Filling up the DagBag from /opt/airflow/dags/import_from_git.py
[2026-04-11T11:25:51.354+0000] {logging_mixin.py:190} INFO - [2026-04-11T11:25:51.352+0000] {dagbag.py:387} ERROR - Failed to import: /opt/airflow/dags/import_from_git.py
Traceback (most recent call last):
  File "/home/airflow/.local/lib/python3.12/site-packages/airflow/models/dagbag.py", line 383, in parse
    loader.exec_module(new_module)
  File "<frozen importlib._bootstrap_external>", line 999, in exec_module
  File "<frozen importlib._bootstrap>", line 488, in _call_with_frames_removed
  File "/opt/airflow/dags/import_from_git.py", line 45, in <module>
    repo_links=get_link();
               ^^^^^^^^^^
  File "/opt/airflow/dags/import_from_git.py", line 4, in get_link
    repo_links=Variable.get("LINKS",deserialize_json=True)
               ^^^^^^^^^^^^^^^^^^^^^^^^^^^^^^^^^^^^^^^^^^^
  File "/home/airflow/.local/lib/python3.12/site-packages/airflow/models/variable.py", line 145, in get
    raise KeyError(f"Variable {key} does not exist")
KeyError: 'Variable LINKS does not exist'
[2026-04-11T11:25:51.354+0000] {processor.py:927} WARNING - No viable dags retrieved from /opt/airflow/dags/import_from_git.py
[2026-04-11T11:25:51.368+0000] {processor.py:208} INFO - Processing /opt/airflow/dags/import_from_git.py took 0.060 seconds
