[2026-04-11T11:07:45.505+0000] {processor.py:186} INFO - Started process (PID=34264) to work on /opt/airflow/dags/operators_example.py
[2026-04-11T11:07:45.506+0000] {processor.py:914} INFO - Processing file /opt/airflow/dags/operators_example.py for tasks to queue
[2026-04-11T11:07:45.510+0000] {logging_mixin.py:190} INFO - [2026-04-11T11:07:45.509+0000] {dagbag.py:588} INFO - Filling up the DagBag from /opt/airflow/dags/operators_example.py
[2026-04-11T11:07:45.531+0000] {processor.py:925} INFO - DAG(s) 'working_operators_example' retrieved from /opt/airflow/dags/operators_example.py
[2026-04-11T11:07:45.590+0000] {logging_mixin.py:190} INFO - [2026-04-11T11:07:45.589+0000] {dag.py:3239} INFO - Sync 1 DAGs
[2026-04-11T11:07:45.623+0000] {logging_mixin.py:190} INFO - [2026-04-11T11:07:45.622+0000] {dag.py:4180} INFO - Setting next_dagrun for working_operators_example to None, run_after=None
[2026-04-11T11:07:45.670+0000] {processor.py:208} INFO - Processing /opt/airflow/dags/operators_example.py took 0.178 seconds
[2026-04-11T11:08:16.198+0000] {processor.py:186} INFO - Started process (PID=34341) to work on /opt/airflow/dags/operators_example.py
[2026-04-11T11:08:16.198+0000] {processor.py:914} INFO - Processing file /opt/airflow/dags/operators_example.py for tasks to queue
[2026-04-11T11:08:16.201+0000] {logging_mixin.py:190} INFO - [2026-04-11T11:08:16.200+0000] {dagbag.py:588} INFO - Filling up the DagBag from /opt/airflow/dags/operators_example.py
[2026-04-11T11:08:16.212+0000] {processor.py:925} INFO - DAG(s) 'working_operators_example' retrieved from /opt/airflow/dags/operators_example.py
[2026-04-11T11:08:16.254+0000] {logging_mixin.py:190} INFO - [2026-04-11T11:08:16.253+0000] {dag.py:3239} INFO - Sync 1 DAGs
[2026-04-11T11:08:16.272+0000] {logging_mixin.py:190} INFO - [2026-04-11T11:08:16.272+0000] {dag.py:4180} INFO - Setting next_dagrun for working_operators_example to None, run_after=None
[2026-04-11T11:08:16.297+0000] {processor.py:208} INFO - Processing /opt/airflow/dags/operators_example.py took 0.110 seconds
[2026-04-11T11:08:46.643+0000] {processor.py:186} INFO - Started process (PID=34414) to work on /opt/airflow/dags/operators_example.py
[2026-04-11T11:08:46.643+0000] {processor.py:914} INFO - Processing file /opt/airflow/dags/operators_example.py for tasks to queue
[2026-04-11T11:08:46.646+0000] {logging_mixin.py:190} INFO - [2026-04-11T11:08:46.645+0000] {dagbag.py:588} INFO - Filling up the DagBag from /opt/airflow/dags/operators_example.py
[2026-04-11T11:08:46.658+0000] {processor.py:925} INFO - DAG(s) 'working_operators_example' retrieved from /opt/airflow/dags/operators_example.py
[2026-04-11T11:08:46.692+0000] {logging_mixin.py:190} INFO - [2026-04-11T11:08:46.692+0000] {dag.py:3239} INFO - Sync 1 DAGs
[2026-04-11T11:08:46.709+0000] {logging_mixin.py:190} INFO - [2026-04-11T11:08:46.708+0000] {dag.py:4180} INFO - Setting next_dagrun for working_operators_example to None, run_after=None
[2026-04-11T11:08:46.733+0000] {processor.py:208} INFO - Processing /opt/airflow/dags/operators_example.py took 0.096 seconds
[2026-04-11T11:09:16.903+0000] {processor.py:186} INFO - Started process (PID=34483) to work on /opt/airflow/dags/operators_example.py
[2026-04-11T11:09:16.904+0000] {processor.py:914} INFO - Processing file /opt/airflow/dags/operators_example.py for tasks to queue
[2026-04-11T11:09:16.907+0000] {logging_mixin.py:190} INFO - [2026-04-11T11:09:16.907+0000] {dagbag.py:588} INFO - Filling up the DagBag from /opt/airflow/dags/operators_example.py
[2026-04-11T11:09:16.921+0000] {processor.py:925} INFO - DAG(s) 'working_operators_example' retrieved from /opt/airflow/dags/operators_example.py
[2026-04-11T11:09:16.963+0000] {logging_mixin.py:190} INFO - [2026-04-11T11:09:16.962+0000] {dag.py:3239} INFO - Sync 1 DAGs
[2026-04-11T11:09:16.982+0000] {logging_mixin.py:190} INFO - [2026-04-11T11:09:16.982+0000] {dag.py:4180} INFO - Setting next_dagrun for working_operators_example to None, run_after=None
[2026-04-11T11:09:17.006+0000] {processor.py:208} INFO - Processing /opt/airflow/dags/operators_example.py took 0.111 seconds
[2026-04-11T11:09:47.066+0000] {processor.py:186} INFO - Started process (PID=34554) to work on /opt/airflow/dags/operators_example.py
[2026-04-11T11:09:47.067+0000] {processor.py:914} INFO - Processing file /opt/airflow/dags/operators_example.py for tasks to queue
[2026-04-11T11:09:47.070+0000] {logging_mixin.py:190} INFO - [2026-04-11T11:09:47.069+0000] {dagbag.py:588} INFO - Filling up the DagBag from /opt/airflow/dags/operators_example.py
[2026-04-11T11:09:47.083+0000] {processor.py:925} INFO - DAG(s) 'working_operators_example' retrieved from /opt/airflow/dags/operators_example.py
[2026-04-11T11:09:47.122+0000] {logging_mixin.py:190} INFO - [2026-04-11T11:09:47.121+0000] {dag.py:3239} INFO - Sync 1 DAGs
[2026-04-11T11:09:47.144+0000] {logging_mixin.py:190} INFO - [2026-04-11T11:09:47.143+0000] {dag.py:4180} INFO - Setting next_dagrun for working_operators_example to None, run_after=None
[2026-04-11T11:09:47.172+0000] {processor.py:208} INFO - Processing /opt/airflow/dags/operators_example.py took 0.113 seconds
[2026-04-11T11:10:17.388+0000] {processor.py:186} INFO - Started process (PID=34627) to work on /opt/airflow/dags/operators_example.py
[2026-04-11T11:10:17.389+0000] {processor.py:914} INFO - Processing file /opt/airflow/dags/operators_example.py for tasks to queue
[2026-04-11T11:10:17.392+0000] {logging_mixin.py:190} INFO - [2026-04-11T11:10:17.391+0000] {dagbag.py:588} INFO - Filling up the DagBag from /opt/airflow/dags/operators_example.py
[2026-04-11T11:10:17.403+0000] {processor.py:925} INFO - DAG(s) 'working_operators_example' retrieved from /opt/airflow/dags/operators_example.py
[2026-04-11T11:10:17.439+0000] {logging_mixin.py:190} INFO - [2026-04-11T11:10:17.439+0000] {dag.py:3239} INFO - Sync 1 DAGs
[2026-04-11T11:10:17.459+0000] {logging_mixin.py:190} INFO - [2026-04-11T11:10:17.458+0000] {dag.py:4180} INFO - Setting next_dagrun for working_operators_example to None, run_after=None
[2026-04-11T11:10:17.481+0000] {processor.py:208} INFO - Processing /opt/airflow/dags/operators_example.py took 0.099 seconds
[2026-04-11T11:10:47.668+0000] {processor.py:186} INFO - Started process (PID=34698) to work on /opt/airflow/dags/operators_example.py
[2026-04-11T11:10:47.677+0000] {processor.py:914} INFO - Processing file /opt/airflow/dags/operators_example.py for tasks to queue
[2026-04-11T11:10:47.679+0000] {logging_mixin.py:190} INFO - [2026-04-11T11:10:47.679+0000] {dagbag.py:588} INFO - Filling up the DagBag from /opt/airflow/dags/operators_example.py
[2026-04-11T11:10:47.689+0000] {processor.py:925} INFO - DAG(s) 'working_operators_example' retrieved from /opt/airflow/dags/operators_example.py
[2026-04-11T11:10:47.720+0000] {logging_mixin.py:190} INFO - [2026-04-11T11:10:47.720+0000] {dag.py:3239} INFO - Sync 1 DAGs
[2026-04-11T11:10:47.737+0000] {logging_mixin.py:190} INFO - [2026-04-11T11:10:47.737+0000] {dag.py:4180} INFO - Setting next_dagrun for working_operators_example to None, run_after=None
[2026-04-11T11:10:47.756+0000] {processor.py:208} INFO - Processing /opt/airflow/dags/operators_example.py took 0.096 seconds
[2026-04-11T11:11:18.051+0000] {processor.py:186} INFO - Started process (PID=34769) to work on /opt/airflow/dags/operators_example.py
[2026-04-11T11:11:18.051+0000] {processor.py:914} INFO - Processing file /opt/airflow/dags/operators_example.py for tasks to queue
[2026-04-11T11:11:18.056+0000] {logging_mixin.py:190} INFO - [2026-04-11T11:11:18.055+0000] {dagbag.py:588} INFO - Filling up the DagBag from /opt/airflow/dags/operators_example.py
[2026-04-11T11:11:18.067+0000] {processor.py:925} INFO - DAG(s) 'working_operators_example' retrieved from /opt/airflow/dags/operators_example.py
[2026-04-11T11:11:18.100+0000] {logging_mixin.py:190} INFO - [2026-04-11T11:11:18.099+0000] {dag.py:3239} INFO - Sync 1 DAGs
[2026-04-11T11:11:18.117+0000] {logging_mixin.py:190} INFO - [2026-04-11T11:11:18.117+0000] {dag.py:4180} INFO - Setting next_dagrun for working_operators_example to None, run_after=None
[2026-04-11T11:11:18.139+0000] {processor.py:208} INFO - Processing /opt/airflow/dags/operators_example.py took 0.094 seconds
[2026-04-11T11:11:48.269+0000] {processor.py:186} INFO - Started process (PID=34838) to work on /opt/airflow/dags/operators_example.py
[2026-04-11T11:11:48.270+0000] {processor.py:914} INFO - Processing file /opt/airflow/dags/operators_example.py for tasks to queue
[2026-04-11T11:11:48.272+0000] {logging_mixin.py:190} INFO - [2026-04-11T11:11:48.272+0000] {dagbag.py:588} INFO - Filling up the DagBag from /opt/airflow/dags/operators_example.py
[2026-04-11T11:11:48.282+0000] {processor.py:925} INFO - DAG(s) 'working_operators_example' retrieved from /opt/airflow/dags/operators_example.py
[2026-04-11T11:11:48.314+0000] {logging_mixin.py:190} INFO - [2026-04-11T11:11:48.314+0000] {dag.py:3239} INFO - Sync 1 DAGs
[2026-04-11T11:11:48.330+0000] {logging_mixin.py:190} INFO - [2026-04-11T11:11:48.329+0000] {dag.py:4180} INFO - Setting next_dagrun for working_operators_example to None, run_after=None
[2026-04-11T11:11:48.350+0000] {processor.py:208} INFO - Processing /opt/airflow/dags/operators_example.py took 0.093 seconds
[2026-04-11T11:12:18.485+0000] {processor.py:186} INFO - Started process (PID=34910) to work on /opt/airflow/dags/operators_example.py
[2026-04-11T11:12:18.486+0000] {processor.py:914} INFO - Processing file /opt/airflow/dags/operators_example.py for tasks to queue
[2026-04-11T11:12:18.488+0000] {logging_mixin.py:190} INFO - [2026-04-11T11:12:18.488+0000] {dagbag.py:588} INFO - Filling up the DagBag from /opt/airflow/dags/operators_example.py
[2026-04-11T11:12:18.498+0000] {processor.py:925} INFO - DAG(s) 'working_operators_example' retrieved from /opt/airflow/dags/operators_example.py
[2026-04-11T11:12:18.532+0000] {logging_mixin.py:190} INFO - [2026-04-11T11:12:18.531+0000] {dag.py:3239} INFO - Sync 1 DAGs
[2026-04-11T11:12:18.551+0000] {logging_mixin.py:190} INFO - [2026-04-11T11:12:18.551+0000] {dag.py:4180} INFO - Setting next_dagrun for working_operators_example to None, run_after=None
[2026-04-11T11:12:18.573+0000] {processor.py:208} INFO - Processing /opt/airflow/dags/operators_example.py took 0.095 seconds
[2026-04-11T11:12:48.708+0000] {processor.py:186} INFO - Started process (PID=35000) to work on /opt/airflow/dags/operators_example.py
[2026-04-11T11:12:48.709+0000] {processor.py:914} INFO - Processing file /opt/airflow/dags/operators_example.py for tasks to queue
[2026-04-11T11:12:48.712+0000] {logging_mixin.py:190} INFO - [2026-04-11T11:12:48.712+0000] {dagbag.py:588} INFO - Filling up the DagBag from /opt/airflow/dags/operators_example.py
[2026-04-11T11:12:48.726+0000] {processor.py:925} INFO - DAG(s) 'working_operators_example' retrieved from /opt/airflow/dags/operators_example.py
[2026-04-11T11:12:48.761+0000] {logging_mixin.py:190} INFO - [2026-04-11T11:12:48.761+0000] {dag.py:3239} INFO - Sync 1 DAGs
[2026-04-11T11:12:48.780+0000] {logging_mixin.py:190} INFO - [2026-04-11T11:12:48.780+0000] {dag.py:4180} INFO - Setting next_dagrun for working_operators_example to None, run_after=None
[2026-04-11T11:12:48.806+0000] {processor.py:208} INFO - Processing /opt/airflow/dags/operators_example.py took 0.105 seconds
[2026-04-11T11:17:04.522+0000] {processor.py:186} INFO - Started process (PID=35140) to work on /opt/airflow/dags/operators_example.py
[2026-04-11T11:17:04.523+0000] {processor.py:914} INFO - Processing file /opt/airflow/dags/operators_example.py for tasks to queue
[2026-04-11T11:17:04.525+0000] {logging_mixin.py:190} INFO - [2026-04-11T11:17:04.525+0000] {dagbag.py:588} INFO - Filling up the DagBag from /opt/airflow/dags/operators_example.py
[2026-04-11T11:17:04.537+0000] {processor.py:925} INFO - DAG(s) 'working_operators_example' retrieved from /opt/airflow/dags/operators_example.py
[2026-04-11T11:17:04.573+0000] {logging_mixin.py:190} INFO - [2026-04-11T11:17:04.573+0000] {dag.py:3239} INFO - Sync 1 DAGs
[2026-04-11T11:17:04.593+0000] {logging_mixin.py:190} INFO - [2026-04-11T11:17:04.593+0000] {dag.py:4180} INFO - Setting next_dagrun for working_operators_example to None, run_after=None
[2026-04-11T11:17:04.616+0000] {processor.py:208} INFO - Processing /opt/airflow/dags/operators_example.py took 0.102 seconds
[2026-04-11T11:17:35.648+0000] {processor.py:186} INFO - Started process (PID=35209) to work on /opt/airflow/dags/operators_example.py
[2026-04-11T11:17:35.649+0000] {processor.py:914} INFO - Processing file /opt/airflow/dags/operators_example.py for tasks to queue
[2026-04-11T11:17:35.652+0000] {logging_mixin.py:190} INFO - [2026-04-11T11:17:35.651+0000] {dagbag.py:588} INFO - Filling up the DagBag from /opt/airflow/dags/operators_example.py
[2026-04-11T11:17:35.664+0000] {processor.py:925} INFO - DAG(s) 'working_operators_example' retrieved from /opt/airflow/dags/operators_example.py
[2026-04-11T11:17:35.707+0000] {logging_mixin.py:190} INFO - [2026-04-11T11:17:35.706+0000] {dag.py:3239} INFO - Sync 1 DAGs
[2026-04-11T11:17:35.727+0000] {logging_mixin.py:190} INFO - [2026-04-11T11:17:35.727+0000] {dag.py:4180} INFO - Setting next_dagrun for working_operators_example to None, run_after=None
[2026-04-11T11:17:35.754+0000] {processor.py:208} INFO - Processing /opt/airflow/dags/operators_example.py took 0.114 seconds
[2026-04-11T11:18:06.093+0000] {processor.py:186} INFO - Started process (PID=35359) to work on /opt/airflow/dags/operators_example.py
[2026-04-11T11:18:06.094+0000] {processor.py:914} INFO - Processing file /opt/airflow/dags/operators_example.py for tasks to queue
[2026-04-11T11:18:06.097+0000] {logging_mixin.py:190} INFO - [2026-04-11T11:18:06.096+0000] {dagbag.py:588} INFO - Filling up the DagBag from /opt/airflow/dags/operators_example.py
[2026-04-11T11:18:06.114+0000] {processor.py:925} INFO - DAG(s) 'working_operators_example' retrieved from /opt/airflow/dags/operators_example.py
[2026-04-11T11:18:06.159+0000] {logging_mixin.py:190} INFO - [2026-04-11T11:18:06.158+0000] {dag.py:3239} INFO - Sync 1 DAGs
[2026-04-11T11:18:06.186+0000] {logging_mixin.py:190} INFO - [2026-04-11T11:18:06.185+0000] {dag.py:4180} INFO - Setting next_dagrun for working_operators_example to None, run_after=None
[2026-04-11T11:18:06.218+0000] {processor.py:208} INFO - Processing /opt/airflow/dags/operators_example.py took 0.136 seconds
[2026-04-11T11:18:36.607+0000] {processor.py:186} INFO - Started process (PID=35435) to work on /opt/airflow/dags/operators_example.py
[2026-04-11T11:18:36.609+0000] {processor.py:914} INFO - Processing file /opt/airflow/dags/operators_example.py for tasks to queue
[2026-04-11T11:18:36.612+0000] {logging_mixin.py:190} INFO - [2026-04-11T11:18:36.611+0000] {dagbag.py:588} INFO - Filling up the DagBag from /opt/airflow/dags/operators_example.py
[2026-04-11T11:18:36.633+0000] {processor.py:925} INFO - DAG(s) 'working_operators_example' retrieved from /opt/airflow/dags/operators_example.py
[2026-04-11T11:18:36.693+0000] {logging_mixin.py:190} INFO - [2026-04-11T11:18:36.693+0000] {dag.py:3239} INFO - Sync 1 DAGs
[2026-04-11T11:18:36.727+0000] {logging_mixin.py:190} INFO - [2026-04-11T11:18:36.726+0000] {dag.py:4180} INFO - Setting next_dagrun for working_operators_example to None, run_after=None
[2026-04-11T11:18:36.766+0000] {processor.py:208} INFO - Processing /opt/airflow/dags/operators_example.py took 0.171 seconds
[2026-04-11T11:19:10.785+0000] {processor.py:186} INFO - Started process (PID=35499) to work on /opt/airflow/dags/operators_example.py
[2026-04-11T11:19:10.787+0000] {processor.py:914} INFO - Processing file /opt/airflow/dags/operators_example.py for tasks to queue
[2026-04-11T11:19:10.791+0000] {logging_mixin.py:190} INFO - [2026-04-11T11:19:10.790+0000] {dagbag.py:588} INFO - Filling up the DagBag from /opt/airflow/dags/operators_example.py
[2026-04-11T11:19:10.811+0000] {processor.py:925} INFO - DAG(s) 'working_operators_example' retrieved from /opt/airflow/dags/operators_example.py
[2026-04-11T11:19:10.865+0000] {logging_mixin.py:190} INFO - [2026-04-11T11:19:10.865+0000] {dag.py:3239} INFO - Sync 1 DAGs
[2026-04-11T11:19:10.892+0000] {logging_mixin.py:190} INFO - [2026-04-11T11:19:10.892+0000] {dag.py:4180} INFO - Setting next_dagrun for working_operators_example to None, run_after=None
[2026-04-11T11:19:10.927+0000] {processor.py:208} INFO - Processing /opt/airflow/dags/operators_example.py took 0.151 seconds
[2026-04-11T11:19:41.164+0000] {processor.py:186} INFO - Started process (PID=35570) to work on /opt/airflow/dags/operators_example.py
[2026-04-11T11:19:41.166+0000] {processor.py:914} INFO - Processing file /opt/airflow/dags/operators_example.py for tasks to queue
[2026-04-11T11:19:41.169+0000] {logging_mixin.py:190} INFO - [2026-04-11T11:19:41.168+0000] {dagbag.py:588} INFO - Filling up the DagBag from /opt/airflow/dags/operators_example.py
[2026-04-11T11:19:41.181+0000] {processor.py:925} INFO - DAG(s) 'working_operators_example' retrieved from /opt/airflow/dags/operators_example.py
[2026-04-11T11:19:41.219+0000] {logging_mixin.py:190} INFO - [2026-04-11T11:19:41.218+0000] {dag.py:3239} INFO - Sync 1 DAGs
[2026-04-11T11:19:41.240+0000] {logging_mixin.py:190} INFO - [2026-04-11T11:19:41.239+0000] {dag.py:4180} INFO - Setting next_dagrun for working_operators_example to None, run_after=None
[2026-04-11T11:19:41.263+0000] {processor.py:208} INFO - Processing /opt/airflow/dags/operators_example.py took 0.109 seconds
[2026-04-11T11:20:12.687+0000] {processor.py:186} INFO - Started process (PID=35641) to work on /opt/airflow/dags/operators_example.py
[2026-04-11T11:20:12.688+0000] {processor.py:914} INFO - Processing file /opt/airflow/dags/operators_example.py for tasks to queue
[2026-04-11T11:20:12.691+0000] {logging_mixin.py:190} INFO - [2026-04-11T11:20:12.691+0000] {dagbag.py:588} INFO - Filling up the DagBag from /opt/airflow/dags/operators_example.py
[2026-04-11T11:20:12.708+0000] {processor.py:925} INFO - DAG(s) 'working_operators_example' retrieved from /opt/airflow/dags/operators_example.py
[2026-04-11T11:20:12.760+0000] {logging_mixin.py:190} INFO - [2026-04-11T11:20:12.760+0000] {dag.py:3239} INFO - Sync 1 DAGs
[2026-04-11T11:20:12.787+0000] {logging_mixin.py:190} INFO - [2026-04-11T11:20:12.787+0000] {dag.py:4180} INFO - Setting next_dagrun for working_operators_example to None, run_after=None
[2026-04-11T11:20:12.822+0000] {processor.py:208} INFO - Processing /opt/airflow/dags/operators_example.py took 0.146 seconds
[2026-04-11T11:20:43.090+0000] {processor.py:186} INFO - Started process (PID=35712) to work on /opt/airflow/dags/operators_example.py
[2026-04-11T11:20:43.092+0000] {processor.py:914} INFO - Processing file /opt/airflow/dags/operators_example.py for tasks to queue
[2026-04-11T11:20:43.096+0000] {logging_mixin.py:190} INFO - [2026-04-11T11:20:43.095+0000] {dagbag.py:588} INFO - Filling up the DagBag from /opt/airflow/dags/operators_example.py
[2026-04-11T11:20:43.117+0000] {processor.py:925} INFO - DAG(s) 'working_operators_example' retrieved from /opt/airflow/dags/operators_example.py
[2026-04-11T11:20:43.175+0000] {logging_mixin.py:190} INFO - [2026-04-11T11:20:43.175+0000] {dag.py:3239} INFO - Sync 1 DAGs
[2026-04-11T11:20:43.210+0000] {logging_mixin.py:190} INFO - [2026-04-11T11:20:43.210+0000] {dag.py:4180} INFO - Setting next_dagrun for working_operators_example to None, run_after=None
[2026-04-11T11:20:43.248+0000] {processor.py:208} INFO - Processing /opt/airflow/dags/operators_example.py took 0.170 seconds
[2026-04-11T11:21:13.594+0000] {processor.py:186} INFO - Started process (PID=35785) to work on /opt/airflow/dags/operators_example.py
[2026-04-11T11:21:13.595+0000] {processor.py:914} INFO - Processing file /opt/airflow/dags/operators_example.py for tasks to queue
[2026-04-11T11:21:13.598+0000] {logging_mixin.py:190} INFO - [2026-04-11T11:21:13.598+0000] {dagbag.py:588} INFO - Filling up the DagBag from /opt/airflow/dags/operators_example.py
[2026-04-11T11:21:13.610+0000] {processor.py:925} INFO - DAG(s) 'working_operators_example' retrieved from /opt/airflow/dags/operators_example.py
[2026-04-11T11:21:13.647+0000] {logging_mixin.py:190} INFO - [2026-04-11T11:21:13.647+0000] {dag.py:3239} INFO - Sync 1 DAGs
[2026-04-11T11:21:13.667+0000] {logging_mixin.py:190} INFO - [2026-04-11T11:21:13.667+0000] {dag.py:4180} INFO - Setting next_dagrun for working_operators_example to None, run_after=None
[2026-04-11T11:21:13.695+0000] {processor.py:208} INFO - Processing /opt/airflow/dags/operators_example.py took 0.107 seconds
[2026-04-11T11:21:45.321+0000] {processor.py:186} INFO - Started process (PID=35854) to work on /opt/airflow/dags/operators_example.py
[2026-04-11T11:21:45.323+0000] {processor.py:914} INFO - Processing file /opt/airflow/dags/operators_example.py for tasks to queue
[2026-04-11T11:21:45.328+0000] {logging_mixin.py:190} INFO - [2026-04-11T11:21:45.326+0000] {dagbag.py:588} INFO - Filling up the DagBag from /opt/airflow/dags/operators_example.py
[2026-04-11T11:21:45.351+0000] {processor.py:925} INFO - DAG(s) 'working_operators_example' retrieved from /opt/airflow/dags/operators_example.py
[2026-04-11T11:21:45.407+0000] {logging_mixin.py:190} INFO - [2026-04-11T11:21:45.406+0000] {dag.py:3239} INFO - Sync 1 DAGs
[2026-04-11T11:21:45.461+0000] {logging_mixin.py:190} INFO - [2026-04-11T11:21:45.461+0000] {dag.py:4180} INFO - Setting next_dagrun for working_operators_example to None, run_after=None
[2026-04-11T11:21:45.500+0000] {processor.py:208} INFO - Processing /opt/airflow/dags/operators_example.py took 0.190 seconds
[2026-04-11T11:22:15.647+0000] {processor.py:186} INFO - Started process (PID=35927) to work on /opt/airflow/dags/operators_example.py
[2026-04-11T11:22:15.648+0000] {processor.py:914} INFO - Processing file /opt/airflow/dags/operators_example.py for tasks to queue
[2026-04-11T11:22:15.651+0000] {logging_mixin.py:190} INFO - [2026-04-11T11:22:15.650+0000] {dagbag.py:588} INFO - Filling up the DagBag from /opt/airflow/dags/operators_example.py
[2026-04-11T11:22:15.665+0000] {processor.py:925} INFO - DAG(s) 'working_operators_example' retrieved from /opt/airflow/dags/operators_example.py
[2026-04-11T11:22:15.707+0000] {logging_mixin.py:190} INFO - [2026-04-11T11:22:15.707+0000] {dag.py:3239} INFO - Sync 1 DAGs
[2026-04-11T11:22:15.732+0000] {logging_mixin.py:190} INFO - [2026-04-11T11:22:15.732+0000] {dag.py:4180} INFO - Setting next_dagrun for working_operators_example to None, run_after=None
[2026-04-11T11:22:15.761+0000] {processor.py:208} INFO - Processing /opt/airflow/dags/operators_example.py took 0.122 seconds
