[2026-04-11T11:07:45.373+0000] {processor.py:186} INFO - Started process (PID=34259) to work on /opt/airflow/dags/spark_custom_submit_dag.py
[2026-04-11T11:07:45.375+0000] {processor.py:914} INFO - Processing file /opt/airflow/dags/spark_custom_submit_dag.py for tasks to queue
[2026-04-11T11:07:45.379+0000] {logging_mixin.py:190} INFO - [2026-04-11T11:07:45.379+0000] {dagbag.py:588} INFO - Filling up the DagBag from /opt/airflow/dags/spark_custom_submit_dag.py
[2026-04-11T11:07:45.395+0000] {processor.py:925} INFO - DAG(s) 'spark_custom_submit' retrieved from /opt/airflow/dags/spark_custom_submit_dag.py
[2026-04-11T11:07:45.445+0000] {logging_mixin.py:190} INFO - [2026-04-11T11:07:45.444+0000] {dag.py:3239} INFO - Sync 1 DAGs
[2026-04-11T11:07:45.476+0000] {logging_mixin.py:190} INFO - [2026-04-11T11:07:45.476+0000] {dag.py:4180} INFO - Setting next_dagrun for spark_custom_submit to None, run_after=None
[2026-04-11T11:07:45.514+0000] {processor.py:208} INFO - Processing /opt/airflow/dags/spark_custom_submit_dag.py took 0.154 seconds
[2026-04-11T11:08:16.182+0000] {processor.py:186} INFO - Started process (PID=34338) to work on /opt/airflow/dags/spark_custom_submit_dag.py
[2026-04-11T11:08:16.183+0000] {processor.py:914} INFO - Processing file /opt/airflow/dags/spark_custom_submit_dag.py for tasks to queue
[2026-04-11T11:08:16.186+0000] {logging_mixin.py:190} INFO - [2026-04-11T11:08:16.186+0000] {dagbag.py:588} INFO - Filling up the DagBag from /opt/airflow/dags/spark_custom_submit_dag.py
[2026-04-11T11:08:16.199+0000] {processor.py:925} INFO - DAG(s) 'spark_custom_submit' retrieved from /opt/airflow/dags/spark_custom_submit_dag.py
[2026-04-11T11:08:16.235+0000] {logging_mixin.py:190} INFO - [2026-04-11T11:08:16.235+0000] {dag.py:3239} INFO - Sync 1 DAGs
[2026-04-11T11:08:16.257+0000] {logging_mixin.py:190} INFO - [2026-04-11T11:08:16.256+0000] {dag.py:4180} INFO - Setting next_dagrun for spark_custom_submit to None, run_after=None
[2026-04-11T11:08:16.291+0000] {processor.py:208} INFO - Processing /opt/airflow/dags/spark_custom_submit_dag.py took 0.119 seconds
[2026-04-11T11:08:46.490+0000] {processor.py:186} INFO - Started process (PID=34409) to work on /opt/airflow/dags/spark_custom_submit_dag.py
[2026-04-11T11:08:46.491+0000] {processor.py:914} INFO - Processing file /opt/airflow/dags/spark_custom_submit_dag.py for tasks to queue
[2026-04-11T11:08:46.494+0000] {logging_mixin.py:190} INFO - [2026-04-11T11:08:46.493+0000] {dagbag.py:588} INFO - Filling up the DagBag from /opt/airflow/dags/spark_custom_submit_dag.py
[2026-04-11T11:08:46.503+0000] {processor.py:925} INFO - DAG(s) 'spark_custom_submit' retrieved from /opt/airflow/dags/spark_custom_submit_dag.py
[2026-04-11T11:08:46.534+0000] {logging_mixin.py:190} INFO - [2026-04-11T11:08:46.534+0000] {dag.py:3239} INFO - Sync 1 DAGs
[2026-04-11T11:08:46.552+0000] {logging_mixin.py:190} INFO - [2026-04-11T11:08:46.552+0000] {dag.py:4180} INFO - Setting next_dagrun for spark_custom_submit to None, run_after=None
[2026-04-11T11:08:46.587+0000] {processor.py:208} INFO - Processing /opt/airflow/dags/spark_custom_submit_dag.py took 0.104 seconds
[2026-04-11T11:09:16.878+0000] {processor.py:186} INFO - Started process (PID=34480) to work on /opt/airflow/dags/spark_custom_submit_dag.py
[2026-04-11T11:09:16.878+0000] {processor.py:914} INFO - Processing file /opt/airflow/dags/spark_custom_submit_dag.py for tasks to queue
[2026-04-11T11:09:16.880+0000] {logging_mixin.py:190} INFO - [2026-04-11T11:09:16.880+0000] {dagbag.py:588} INFO - Filling up the DagBag from /opt/airflow/dags/spark_custom_submit_dag.py
[2026-04-11T11:09:16.888+0000] {processor.py:925} INFO - DAG(s) 'spark_custom_submit' retrieved from /opt/airflow/dags/spark_custom_submit_dag.py
[2026-04-11T11:09:16.920+0000] {logging_mixin.py:190} INFO - [2026-04-11T11:09:16.919+0000] {dag.py:3239} INFO - Sync 1 DAGs
[2026-04-11T11:09:16.940+0000] {logging_mixin.py:190} INFO - [2026-04-11T11:09:16.939+0000] {dag.py:4180} INFO - Setting next_dagrun for spark_custom_submit to None, run_after=None
[2026-04-11T11:09:16.971+0000] {processor.py:208} INFO - Processing /opt/airflow/dags/spark_custom_submit_dag.py took 0.099 seconds
[2026-04-11T11:09:47.053+0000] {processor.py:186} INFO - Started process (PID=34551) to work on /opt/airflow/dags/spark_custom_submit_dag.py
[2026-04-11T11:09:47.054+0000] {processor.py:914} INFO - Processing file /opt/airflow/dags/spark_custom_submit_dag.py for tasks to queue
[2026-04-11T11:09:47.057+0000] {logging_mixin.py:190} INFO - [2026-04-11T11:09:47.056+0000] {dagbag.py:588} INFO - Filling up the DagBag from /opt/airflow/dags/spark_custom_submit_dag.py
[2026-04-11T11:09:47.067+0000] {processor.py:925} INFO - DAG(s) 'spark_custom_submit' retrieved from /opt/airflow/dags/spark_custom_submit_dag.py
[2026-04-11T11:09:47.101+0000] {logging_mixin.py:190} INFO - [2026-04-11T11:09:47.101+0000] {dag.py:3239} INFO - Sync 1 DAGs
[2026-04-11T11:09:47.128+0000] {logging_mixin.py:190} INFO - [2026-04-11T11:09:47.127+0000] {dag.py:4180} INFO - Setting next_dagrun for spark_custom_submit to None, run_after=None
[2026-04-11T11:09:47.152+0000] {processor.py:208} INFO - Processing /opt/airflow/dags/spark_custom_submit_dag.py took 0.106 seconds
[2026-04-11T11:10:17.265+0000] {processor.py:186} INFO - Started process (PID=34620) to work on /opt/airflow/dags/spark_custom_submit_dag.py
[2026-04-11T11:10:17.266+0000] {processor.py:914} INFO - Processing file /opt/airflow/dags/spark_custom_submit_dag.py for tasks to queue
[2026-04-11T11:10:17.269+0000] {logging_mixin.py:190} INFO - [2026-04-11T11:10:17.268+0000] {dagbag.py:588} INFO - Filling up the DagBag from /opt/airflow/dags/spark_custom_submit_dag.py
[2026-04-11T11:10:17.278+0000] {processor.py:925} INFO - DAG(s) 'spark_custom_submit' retrieved from /opt/airflow/dags/spark_custom_submit_dag.py
[2026-04-11T11:10:17.305+0000] {logging_mixin.py:190} INFO - [2026-04-11T11:10:17.305+0000] {dag.py:3239} INFO - Sync 1 DAGs
[2026-04-11T11:10:17.321+0000] {logging_mixin.py:190} INFO - [2026-04-11T11:10:17.321+0000] {dag.py:4180} INFO - Setting next_dagrun for spark_custom_submit to None, run_after=None
[2026-04-11T11:10:17.344+0000] {processor.py:208} INFO - Processing /opt/airflow/dags/spark_custom_submit_dag.py took 0.086 seconds
[2026-04-11T11:10:47.535+0000] {processor.py:186} INFO - Started process (PID=34691) to work on /opt/airflow/dags/spark_custom_submit_dag.py
[2026-04-11T11:10:47.536+0000] {processor.py:914} INFO - Processing file /opt/airflow/dags/spark_custom_submit_dag.py for tasks to queue
[2026-04-11T11:10:47.539+0000] {logging_mixin.py:190} INFO - [2026-04-11T11:10:47.539+0000] {dagbag.py:588} INFO - Filling up the DagBag from /opt/airflow/dags/spark_custom_submit_dag.py
[2026-04-11T11:10:47.548+0000] {processor.py:925} INFO - DAG(s) 'spark_custom_submit' retrieved from /opt/airflow/dags/spark_custom_submit_dag.py
[2026-04-11T11:10:47.580+0000] {logging_mixin.py:190} INFO - [2026-04-11T11:10:47.580+0000] {dag.py:3239} INFO - Sync 1 DAGs
[2026-04-11T11:10:47.601+0000] {logging_mixin.py:190} INFO - [2026-04-11T11:10:47.601+0000] {dag.py:4180} INFO - Setting next_dagrun for spark_custom_submit to None, run_after=None
[2026-04-11T11:10:47.624+0000] {processor.py:208} INFO - Processing /opt/airflow/dags/spark_custom_submit_dag.py took 0.097 seconds
[2026-04-11T11:11:17.939+0000] {processor.py:186} INFO - Started process (PID=34764) to work on /opt/airflow/dags/spark_custom_submit_dag.py
[2026-04-11T11:11:17.940+0000] {processor.py:914} INFO - Processing file /opt/airflow/dags/spark_custom_submit_dag.py for tasks to queue
[2026-04-11T11:11:17.942+0000] {logging_mixin.py:190} INFO - [2026-04-11T11:11:17.941+0000] {dagbag.py:588} INFO - Filling up the DagBag from /opt/airflow/dags/spark_custom_submit_dag.py
[2026-04-11T11:11:17.949+0000] {processor.py:925} INFO - DAG(s) 'spark_custom_submit' retrieved from /opt/airflow/dags/spark_custom_submit_dag.py
[2026-04-11T11:11:17.974+0000] {logging_mixin.py:190} INFO - [2026-04-11T11:11:17.974+0000] {dag.py:3239} INFO - Sync 1 DAGs
[2026-04-11T11:11:17.990+0000] {logging_mixin.py:190} INFO - [2026-04-11T11:11:17.990+0000] {dag.py:4180} INFO - Setting next_dagrun for spark_custom_submit to None, run_after=None
[2026-04-11T11:11:18.009+0000] {processor.py:208} INFO - Processing /opt/airflow/dags/spark_custom_submit_dag.py took 0.083 seconds
[2026-04-11T11:11:48.248+0000] {processor.py:186} INFO - Started process (PID=34835) to work on /opt/airflow/dags/spark_custom_submit_dag.py
[2026-04-11T11:11:48.249+0000] {processor.py:914} INFO - Processing file /opt/airflow/dags/spark_custom_submit_dag.py for tasks to queue
[2026-04-11T11:11:48.251+0000] {logging_mixin.py:190} INFO - [2026-04-11T11:11:48.251+0000] {dagbag.py:588} INFO - Filling up the DagBag from /opt/airflow/dags/spark_custom_submit_dag.py
[2026-04-11T11:11:48.258+0000] {processor.py:925} INFO - DAG(s) 'spark_custom_submit' retrieved from /opt/airflow/dags/spark_custom_submit_dag.py
[2026-04-11T11:11:48.283+0000] {logging_mixin.py:190} INFO - [2026-04-11T11:11:48.282+0000] {dag.py:3239} INFO - Sync 1 DAGs
[2026-04-11T11:11:48.301+0000] {logging_mixin.py:190} INFO - [2026-04-11T11:11:48.300+0000] {dag.py:4180} INFO - Setting next_dagrun for spark_custom_submit to None, run_after=None
[2026-04-11T11:11:48.320+0000] {processor.py:208} INFO - Processing /opt/airflow/dags/spark_custom_submit_dag.py took 0.083 seconds
[2026-04-11T11:12:18.404+0000] {processor.py:186} INFO - Started process (PID=34905) to work on /opt/airflow/dags/spark_custom_submit_dag.py
[2026-04-11T11:12:18.405+0000] {processor.py:914} INFO - Processing file /opt/airflow/dags/spark_custom_submit_dag.py for tasks to queue
[2026-04-11T11:12:18.408+0000] {logging_mixin.py:190} INFO - [2026-04-11T11:12:18.407+0000] {dagbag.py:588} INFO - Filling up the DagBag from /opt/airflow/dags/spark_custom_submit_dag.py
[2026-04-11T11:12:18.416+0000] {processor.py:925} INFO - DAG(s) 'spark_custom_submit' retrieved from /opt/airflow/dags/spark_custom_submit_dag.py
[2026-04-11T11:12:18.445+0000] {logging_mixin.py:190} INFO - [2026-04-11T11:12:18.445+0000] {dag.py:3239} INFO - Sync 1 DAGs
[2026-04-11T11:12:18.463+0000] {logging_mixin.py:190} INFO - [2026-04-11T11:12:18.463+0000] {dag.py:4180} INFO - Setting next_dagrun for spark_custom_submit to None, run_after=None
[2026-04-11T11:12:18.486+0000] {processor.py:208} INFO - Processing /opt/airflow/dags/spark_custom_submit_dag.py took 0.089 seconds
[2026-04-11T11:12:48.582+0000] {processor.py:186} INFO - Started process (PID=34993) to work on /opt/airflow/dags/spark_custom_submit_dag.py
[2026-04-11T11:12:48.583+0000] {processor.py:914} INFO - Processing file /opt/airflow/dags/spark_custom_submit_dag.py for tasks to queue
[2026-04-11T11:12:48.586+0000] {logging_mixin.py:190} INFO - [2026-04-11T11:12:48.586+0000] {dagbag.py:588} INFO - Filling up the DagBag from /opt/airflow/dags/spark_custom_submit_dag.py
[2026-04-11T11:12:48.596+0000] {processor.py:925} INFO - DAG(s) 'spark_custom_submit' retrieved from /opt/airflow/dags/spark_custom_submit_dag.py
[2026-04-11T11:12:48.629+0000] {logging_mixin.py:190} INFO - [2026-04-11T11:12:48.628+0000] {dag.py:3239} INFO - Sync 1 DAGs
[2026-04-11T11:12:48.651+0000] {logging_mixin.py:190} INFO - [2026-04-11T11:12:48.651+0000] {dag.py:4180} INFO - Setting next_dagrun for spark_custom_submit to None, run_after=None
[2026-04-11T11:12:48.678+0000] {processor.py:208} INFO - Processing /opt/airflow/dags/spark_custom_submit_dag.py took 0.103 seconds
[2026-04-11T11:17:04.401+0000] {processor.py:186} INFO - Started process (PID=35133) to work on /opt/airflow/dags/spark_custom_submit_dag.py
[2026-04-11T11:17:04.402+0000] {processor.py:914} INFO - Processing file /opt/airflow/dags/spark_custom_submit_dag.py for tasks to queue
[2026-04-11T11:17:04.405+0000] {logging_mixin.py:190} INFO - [2026-04-11T11:17:04.404+0000] {dagbag.py:588} INFO - Filling up the DagBag from /opt/airflow/dags/spark_custom_submit_dag.py
[2026-04-11T11:17:04.416+0000] {processor.py:925} INFO - DAG(s) 'spark_custom_submit' retrieved from /opt/airflow/dags/spark_custom_submit_dag.py
[2026-04-11T11:17:04.452+0000] {logging_mixin.py:190} INFO - [2026-04-11T11:17:04.451+0000] {dag.py:3239} INFO - Sync 1 DAGs
[2026-04-11T11:17:04.472+0000] {logging_mixin.py:190} INFO - [2026-04-11T11:17:04.471+0000] {dag.py:4180} INFO - Setting next_dagrun for spark_custom_submit to None, run_after=None
[2026-04-11T11:17:04.496+0000] {processor.py:208} INFO - Processing /opt/airflow/dags/spark_custom_submit_dag.py took 0.103 seconds
[2026-04-11T11:17:35.628+0000] {processor.py:186} INFO - Started process (PID=35206) to work on /opt/airflow/dags/spark_custom_submit_dag.py
[2026-04-11T11:17:35.630+0000] {processor.py:914} INFO - Processing file /opt/airflow/dags/spark_custom_submit_dag.py for tasks to queue
[2026-04-11T11:17:35.633+0000] {logging_mixin.py:190} INFO - [2026-04-11T11:17:35.632+0000] {dagbag.py:588} INFO - Filling up the DagBag from /opt/airflow/dags/spark_custom_submit_dag.py
[2026-04-11T11:17:35.641+0000] {processor.py:925} INFO - DAG(s) 'spark_custom_submit' retrieved from /opt/airflow/dags/spark_custom_submit_dag.py
[2026-04-11T11:17:35.672+0000] {logging_mixin.py:190} INFO - [2026-04-11T11:17:35.672+0000] {dag.py:3239} INFO - Sync 1 DAGs
[2026-04-11T11:17:35.698+0000] {logging_mixin.py:190} INFO - [2026-04-11T11:17:35.698+0000] {dag.py:4180} INFO - Setting next_dagrun for spark_custom_submit to None, run_after=None
[2026-04-11T11:17:35.727+0000] {processor.py:208} INFO - Processing /opt/airflow/dags/spark_custom_submit_dag.py took 0.106 seconds
[2026-04-11T11:18:05.940+0000] {processor.py:186} INFO - Started process (PID=35354) to work on /opt/airflow/dags/spark_custom_submit_dag.py
[2026-04-11T11:18:05.941+0000] {processor.py:914} INFO - Processing file /opt/airflow/dags/spark_custom_submit_dag.py for tasks to queue
[2026-04-11T11:18:05.943+0000] {logging_mixin.py:190} INFO - [2026-04-11T11:18:05.943+0000] {dagbag.py:588} INFO - Filling up the DagBag from /opt/airflow/dags/spark_custom_submit_dag.py
[2026-04-11T11:18:05.952+0000] {processor.py:925} INFO - DAG(s) 'spark_custom_submit' retrieved from /opt/airflow/dags/spark_custom_submit_dag.py
[2026-04-11T11:18:05.988+0000] {logging_mixin.py:190} INFO - [2026-04-11T11:18:05.988+0000] {dag.py:3239} INFO - Sync 1 DAGs
[2026-04-11T11:18:06.009+0000] {logging_mixin.py:190} INFO - [2026-04-11T11:18:06.009+0000] {dag.py:4180} INFO - Setting next_dagrun for spark_custom_submit to None, run_after=None
[2026-04-11T11:18:06.037+0000] {processor.py:208} INFO - Processing /opt/airflow/dags/spark_custom_submit_dag.py took 0.105 seconds
[2026-04-11T11:18:36.289+0000] {processor.py:186} INFO - Started process (PID=35423) to work on /opt/airflow/dags/spark_custom_submit_dag.py
[2026-04-11T11:18:36.290+0000] {processor.py:914} INFO - Processing file /opt/airflow/dags/spark_custom_submit_dag.py for tasks to queue
[2026-04-11T11:18:36.294+0000] {logging_mixin.py:190} INFO - [2026-04-11T11:18:36.293+0000] {dagbag.py:588} INFO - Filling up the DagBag from /opt/airflow/dags/spark_custom_submit_dag.py
[2026-04-11T11:18:36.307+0000] {processor.py:925} INFO - DAG(s) 'spark_custom_submit' retrieved from /opt/airflow/dags/spark_custom_submit_dag.py
[2026-04-11T11:18:36.352+0000] {logging_mixin.py:190} INFO - [2026-04-11T11:18:36.352+0000] {dag.py:3239} INFO - Sync 1 DAGs
[2026-04-11T11:18:36.382+0000] {logging_mixin.py:190} INFO - [2026-04-11T11:18:36.382+0000] {dag.py:4180} INFO - Setting next_dagrun for spark_custom_submit to None, run_after=None
[2026-04-11T11:18:36.419+0000] {processor.py:208} INFO - Processing /opt/airflow/dags/spark_custom_submit_dag.py took 0.149 seconds
[2026-04-11T11:19:10.672+0000] {processor.py:186} INFO - Started process (PID=35494) to work on /opt/airflow/dags/spark_custom_submit_dag.py
[2026-04-11T11:19:10.681+0000] {processor.py:914} INFO - Processing file /opt/airflow/dags/spark_custom_submit_dag.py for tasks to queue
[2026-04-11T11:19:10.684+0000] {logging_mixin.py:190} INFO - [2026-04-11T11:19:10.684+0000] {dagbag.py:588} INFO - Filling up the DagBag from /opt/airflow/dags/spark_custom_submit_dag.py
[2026-04-11T11:19:10.697+0000] {processor.py:925} INFO - DAG(s) 'spark_custom_submit' retrieved from /opt/airflow/dags/spark_custom_submit_dag.py
[2026-04-11T11:19:10.740+0000] {logging_mixin.py:190} INFO - [2026-04-11T11:19:10.740+0000] {dag.py:3239} INFO - Sync 1 DAGs
[2026-04-11T11:19:10.769+0000] {logging_mixin.py:190} INFO - [2026-04-11T11:19:10.769+0000] {dag.py:4180} INFO - Setting next_dagrun for spark_custom_submit to None, run_after=None
[2026-04-11T11:19:10.836+0000] {processor.py:208} INFO - Processing /opt/airflow/dags/spark_custom_submit_dag.py took 0.175 seconds
[2026-04-11T11:19:41.133+0000] {processor.py:186} INFO - Started process (PID=35567) to work on /opt/airflow/dags/spark_custom_submit_dag.py
[2026-04-11T11:19:41.135+0000] {processor.py:914} INFO - Processing file /opt/airflow/dags/spark_custom_submit_dag.py for tasks to queue
[2026-04-11T11:19:41.138+0000] {logging_mixin.py:190} INFO - [2026-04-11T11:19:41.137+0000] {dagbag.py:588} INFO - Filling up the DagBag from /opt/airflow/dags/spark_custom_submit_dag.py
[2026-04-11T11:19:41.151+0000] {processor.py:925} INFO - DAG(s) 'spark_custom_submit' retrieved from /opt/airflow/dags/spark_custom_submit_dag.py
[2026-04-11T11:19:41.184+0000] {logging_mixin.py:190} INFO - [2026-04-11T11:19:41.184+0000] {dag.py:3239} INFO - Sync 1 DAGs
[2026-04-11T11:19:41.205+0000] {logging_mixin.py:190} INFO - [2026-04-11T11:19:41.205+0000] {dag.py:4180} INFO - Setting next_dagrun for spark_custom_submit to None, run_after=None
[2026-04-11T11:19:41.232+0000] {processor.py:208} INFO - Processing /opt/airflow/dags/spark_custom_submit_dag.py took 0.106 seconds
[2026-04-11T11:20:12.668+0000] {processor.py:186} INFO - Started process (PID=35638) to work on /opt/airflow/dags/spark_custom_submit_dag.py
[2026-04-11T11:20:12.670+0000] {processor.py:914} INFO - Processing file /opt/airflow/dags/spark_custom_submit_dag.py for tasks to queue
[2026-04-11T11:20:12.674+0000] {logging_mixin.py:190} INFO - [2026-04-11T11:20:12.674+0000] {dagbag.py:588} INFO - Filling up the DagBag from /opt/airflow/dags/spark_custom_submit_dag.py
[2026-04-11T11:20:12.689+0000] {processor.py:925} INFO - DAG(s) 'spark_custom_submit' retrieved from /opt/airflow/dags/spark_custom_submit_dag.py
[2026-04-11T11:20:12.733+0000] {logging_mixin.py:190} INFO - [2026-04-11T11:20:12.732+0000] {dag.py:3239} INFO - Sync 1 DAGs
[2026-04-11T11:20:12.763+0000] {logging_mixin.py:190} INFO - [2026-04-11T11:20:12.762+0000] {dag.py:4180} INFO - Setting next_dagrun for spark_custom_submit to None, run_after=None
[2026-04-11T11:20:12.801+0000] {processor.py:208} INFO - Processing /opt/airflow/dags/spark_custom_submit_dag.py took 0.145 seconds
[2026-04-11T11:20:43.068+0000] {processor.py:186} INFO - Started process (PID=35709) to work on /opt/airflow/dags/spark_custom_submit_dag.py
[2026-04-11T11:20:43.070+0000] {processor.py:914} INFO - Processing file /opt/airflow/dags/spark_custom_submit_dag.py for tasks to queue
[2026-04-11T11:20:43.074+0000] {logging_mixin.py:190} INFO - [2026-04-11T11:20:43.074+0000] {dagbag.py:588} INFO - Filling up the DagBag from /opt/airflow/dags/spark_custom_submit_dag.py
[2026-04-11T11:20:43.090+0000] {processor.py:925} INFO - DAG(s) 'spark_custom_submit' retrieved from /opt/airflow/dags/spark_custom_submit_dag.py
[2026-04-11T11:20:43.140+0000] {logging_mixin.py:190} INFO - [2026-04-11T11:20:43.140+0000] {dag.py:3239} INFO - Sync 1 DAGs
[2026-04-11T11:20:43.174+0000] {logging_mixin.py:190} INFO - [2026-04-11T11:20:43.174+0000] {dag.py:4180} INFO - Setting next_dagrun for spark_custom_submit to None, run_after=None
[2026-04-11T11:20:43.222+0000] {processor.py:208} INFO - Processing /opt/airflow/dags/spark_custom_submit_dag.py took 0.168 seconds
[2026-04-11T11:21:13.465+0000] {processor.py:186} INFO - Started process (PID=35778) to work on /opt/airflow/dags/spark_custom_submit_dag.py
[2026-04-11T11:21:13.466+0000] {processor.py:914} INFO - Processing file /opt/airflow/dags/spark_custom_submit_dag.py for tasks to queue
[2026-04-11T11:21:13.469+0000] {logging_mixin.py:190} INFO - [2026-04-11T11:21:13.469+0000] {dagbag.py:588} INFO - Filling up the DagBag from /opt/airflow/dags/spark_custom_submit_dag.py
[2026-04-11T11:21:13.479+0000] {processor.py:925} INFO - DAG(s) 'spark_custom_submit' retrieved from /opt/airflow/dags/spark_custom_submit_dag.py
[2026-04-11T11:21:13.510+0000] {logging_mixin.py:190} INFO - [2026-04-11T11:21:13.509+0000] {dag.py:3239} INFO - Sync 1 DAGs
[2026-04-11T11:21:13.532+0000] {logging_mixin.py:190} INFO - [2026-04-11T11:21:13.531+0000] {dag.py:4180} INFO - Setting next_dagrun for spark_custom_submit to None, run_after=None
[2026-04-11T11:21:13.561+0000] {processor.py:208} INFO - Processing /opt/airflow/dags/spark_custom_submit_dag.py took 0.103 seconds
[2026-04-11T11:21:45.281+0000] {processor.py:186} INFO - Started process (PID=35851) to work on /opt/airflow/dags/spark_custom_submit_dag.py
[2026-04-11T11:21:45.282+0000] {processor.py:914} INFO - Processing file /opt/airflow/dags/spark_custom_submit_dag.py for tasks to queue
[2026-04-11T11:21:45.287+0000] {logging_mixin.py:190} INFO - [2026-04-11T11:21:45.287+0000] {dagbag.py:588} INFO - Filling up the DagBag from /opt/airflow/dags/spark_custom_submit_dag.py
[2026-04-11T11:21:45.300+0000] {processor.py:925} INFO - DAG(s) 'spark_custom_submit' retrieved from /opt/airflow/dags/spark_custom_submit_dag.py
[2026-04-11T11:21:45.337+0000] {logging_mixin.py:190} INFO - [2026-04-11T11:21:45.337+0000] {dag.py:3239} INFO - Sync 1 DAGs
[2026-04-11T11:21:45.375+0000] {logging_mixin.py:190} INFO - [2026-04-11T11:21:45.375+0000] {dag.py:4180} INFO - Setting next_dagrun for spark_custom_submit to None, run_after=None
[2026-04-11T11:21:45.408+0000] {processor.py:208} INFO - Processing /opt/airflow/dags/spark_custom_submit_dag.py took 0.138 seconds
[2026-04-11T11:22:15.495+0000] {processor.py:186} INFO - Started process (PID=35922) to work on /opt/airflow/dags/spark_custom_submit_dag.py
[2026-04-11T11:22:15.497+0000] {processor.py:914} INFO - Processing file /opt/airflow/dags/spark_custom_submit_dag.py for tasks to queue
[2026-04-11T11:22:15.500+0000] {logging_mixin.py:190} INFO - [2026-04-11T11:22:15.500+0000] {dagbag.py:588} INFO - Filling up the DagBag from /opt/airflow/dags/spark_custom_submit_dag.py
[2026-04-11T11:22:15.509+0000] {processor.py:925} INFO - DAG(s) 'spark_custom_submit' retrieved from /opt/airflow/dags/spark_custom_submit_dag.py
[2026-04-11T11:22:15.544+0000] {logging_mixin.py:190} INFO - [2026-04-11T11:22:15.543+0000] {dag.py:3239} INFO - Sync 1 DAGs
[2026-04-11T11:22:15.564+0000] {logging_mixin.py:190} INFO - [2026-04-11T11:22:15.564+0000] {dag.py:4180} INFO - Setting next_dagrun for spark_custom_submit to None, run_after=None
[2026-04-11T11:22:15.591+0000] {processor.py:208} INFO - Processing /opt/airflow/dags/spark_custom_submit_dag.py took 0.103 seconds
