[2026-04-11T11:07:45.764+0000] {processor.py:186} INFO - Started process (PID=34276) to work on /opt/airflow/dags/spark_submit.py
[2026-04-11T11:07:45.765+0000] {processor.py:914} INFO - Processing file /opt/airflow/dags/spark_submit.py for tasks to queue
[2026-04-11T11:07:45.769+0000] {logging_mixin.py:190} INFO - [2026-04-11T11:07:45.768+0000] {dagbag.py:588} INFO - Filling up the DagBag from /opt/airflow/dags/spark_submit.py
[2026-04-11T11:07:45.775+0000] {logging_mixin.py:190} INFO - [2026-04-11T11:07:45.773+0000] {dagbag.py:387} ERROR - Failed to import: /opt/airflow/dags/spark_submit.py
Traceback (most recent call last):
  File "/home/airflow/.local/lib/python3.12/site-packages/airflow/models/dagbag.py", line 383, in parse
    loader.exec_module(new_module)
  File "<frozen importlib._bootstrap_external>", line 999, in exec_module
  File "<frozen importlib._bootstrap>", line 488, in _call_with_frames_removed
  File "/opt/airflow/dags/spark_submit.py", line 2, in <module>
    from airflow.operators.spark_submit_operator import SparkSubmitOperator
ModuleNotFoundError: No module named 'airflow.operators.spark_submit_operator'
[2026-04-11T11:07:45.776+0000] {processor.py:927} WARNING - No viable dags retrieved from /opt/airflow/dags/spark_submit.py
[2026-04-11T11:07:45.833+0000] {processor.py:208} INFO - Processing /opt/airflow/dags/spark_submit.py took 0.082 seconds
[2026-04-11T11:08:16.424+0000] {processor.py:186} INFO - Started process (PID=34353) to work on /opt/airflow/dags/spark_submit.py
[2026-04-11T11:08:16.425+0000] {processor.py:914} INFO - Processing file /opt/airflow/dags/spark_submit.py for tasks to queue
[2026-04-11T11:08:16.428+0000] {logging_mixin.py:190} INFO - [2026-04-11T11:08:16.427+0000] {dagbag.py:588} INFO - Filling up the DagBag from /opt/airflow/dags/spark_submit.py
[2026-04-11T11:08:16.432+0000] {logging_mixin.py:190} INFO - [2026-04-11T11:08:16.431+0000] {dagbag.py:387} ERROR - Failed to import: /opt/airflow/dags/spark_submit.py
Traceback (most recent call last):
  File "/home/airflow/.local/lib/python3.12/site-packages/airflow/models/dagbag.py", line 383, in parse
    loader.exec_module(new_module)
  File "<frozen importlib._bootstrap_external>", line 999, in exec_module
  File "<frozen importlib._bootstrap>", line 488, in _call_with_frames_removed
  File "/opt/airflow/dags/spark_submit.py", line 2, in <module>
    from airflow.operators.spark_submit_operator import SparkSubmitOperator
ModuleNotFoundError: No module named 'airflow.operators.spark_submit_operator'
[2026-04-11T11:08:16.433+0000] {processor.py:927} WARNING - No viable dags retrieved from /opt/airflow/dags/spark_submit.py
[2026-04-11T11:08:16.464+0000] {processor.py:208} INFO - Processing /opt/airflow/dags/spark_submit.py took 0.048 seconds
[2026-04-11T11:08:46.754+0000] {processor.py:186} INFO - Started process (PID=34424) to work on /opt/airflow/dags/spark_submit.py
[2026-04-11T11:08:46.755+0000] {processor.py:914} INFO - Processing file /opt/airflow/dags/spark_submit.py for tasks to queue
[2026-04-11T11:08:46.758+0000] {logging_mixin.py:190} INFO - [2026-04-11T11:08:46.757+0000] {dagbag.py:588} INFO - Filling up the DagBag from /opt/airflow/dags/spark_submit.py
[2026-04-11T11:08:46.761+0000] {logging_mixin.py:190} INFO - [2026-04-11T11:08:46.760+0000] {dagbag.py:387} ERROR - Failed to import: /opt/airflow/dags/spark_submit.py
Traceback (most recent call last):
  File "/home/airflow/.local/lib/python3.12/site-packages/airflow/models/dagbag.py", line 383, in parse
    loader.exec_module(new_module)
  File "<frozen importlib._bootstrap_external>", line 999, in exec_module
  File "<frozen importlib._bootstrap>", line 488, in _call_with_frames_removed
  File "/opt/airflow/dags/spark_submit.py", line 2, in <module>
    from airflow.operators.spark_submit_operator import SparkSubmitOperator
ModuleNotFoundError: No module named 'airflow.operators.spark_submit_operator'
[2026-04-11T11:08:46.762+0000] {processor.py:927} WARNING - No viable dags retrieved from /opt/airflow/dags/spark_submit.py
[2026-04-11T11:08:46.792+0000] {processor.py:208} INFO - Processing /opt/airflow/dags/spark_submit.py took 0.045 seconds
[2026-04-11T11:09:17.053+0000] {processor.py:186} INFO - Started process (PID=34493) to work on /opt/airflow/dags/spark_submit.py
[2026-04-11T11:09:17.054+0000] {processor.py:914} INFO - Processing file /opt/airflow/dags/spark_submit.py for tasks to queue
[2026-04-11T11:09:17.057+0000] {logging_mixin.py:190} INFO - [2026-04-11T11:09:17.056+0000] {dagbag.py:588} INFO - Filling up the DagBag from /opt/airflow/dags/spark_submit.py
[2026-04-11T11:09:17.060+0000] {logging_mixin.py:190} INFO - [2026-04-11T11:09:17.059+0000] {dagbag.py:387} ERROR - Failed to import: /opt/airflow/dags/spark_submit.py
Traceback (most recent call last):
  File "/home/airflow/.local/lib/python3.12/site-packages/airflow/models/dagbag.py", line 383, in parse
    loader.exec_module(new_module)
  File "<frozen importlib._bootstrap_external>", line 999, in exec_module
  File "<frozen importlib._bootstrap>", line 488, in _call_with_frames_removed
  File "/opt/airflow/dags/spark_submit.py", line 2, in <module>
    from airflow.operators.spark_submit_operator import SparkSubmitOperator
ModuleNotFoundError: No module named 'airflow.operators.spark_submit_operator'
[2026-04-11T11:09:17.061+0000] {processor.py:927} WARNING - No viable dags retrieved from /opt/airflow/dags/spark_submit.py
[2026-04-11T11:09:17.100+0000] {processor.py:208} INFO - Processing /opt/airflow/dags/spark_submit.py took 0.055 seconds
[2026-04-11T11:09:47.292+0000] {processor.py:186} INFO - Started process (PID=34566) to work on /opt/airflow/dags/spark_submit.py
[2026-04-11T11:09:47.293+0000] {processor.py:914} INFO - Processing file /opt/airflow/dags/spark_submit.py for tasks to queue
[2026-04-11T11:09:47.295+0000] {logging_mixin.py:190} INFO - [2026-04-11T11:09:47.294+0000] {dagbag.py:588} INFO - Filling up the DagBag from /opt/airflow/dags/spark_submit.py
[2026-04-11T11:09:47.298+0000] {logging_mixin.py:190} INFO - [2026-04-11T11:09:47.297+0000] {dagbag.py:387} ERROR - Failed to import: /opt/airflow/dags/spark_submit.py
Traceback (most recent call last):
  File "/home/airflow/.local/lib/python3.12/site-packages/airflow/models/dagbag.py", line 383, in parse
    loader.exec_module(new_module)
  File "<frozen importlib._bootstrap_external>", line 999, in exec_module
  File "<frozen importlib._bootstrap>", line 488, in _call_with_frames_removed
  File "/opt/airflow/dags/spark_submit.py", line 2, in <module>
    from airflow.operators.spark_submit_operator import SparkSubmitOperator
ModuleNotFoundError: No module named 'airflow.operators.spark_submit_operator'
[2026-04-11T11:09:47.299+0000] {processor.py:927} WARNING - No viable dags retrieved from /opt/airflow/dags/spark_submit.py
[2026-04-11T11:09:47.324+0000] {processor.py:208} INFO - Processing /opt/airflow/dags/spark_submit.py took 0.039 seconds
[2026-04-11T11:10:17.547+0000] {processor.py:186} INFO - Started process (PID=34635) to work on /opt/airflow/dags/spark_submit.py
[2026-04-11T11:10:17.548+0000] {processor.py:914} INFO - Processing file /opt/airflow/dags/spark_submit.py for tasks to queue
[2026-04-11T11:10:17.550+0000] {logging_mixin.py:190} INFO - [2026-04-11T11:10:17.550+0000] {dagbag.py:588} INFO - Filling up the DagBag from /opt/airflow/dags/spark_submit.py
[2026-04-11T11:10:17.554+0000] {logging_mixin.py:190} INFO - [2026-04-11T11:10:17.553+0000] {dagbag.py:387} ERROR - Failed to import: /opt/airflow/dags/spark_submit.py
Traceback (most recent call last):
  File "/home/airflow/.local/lib/python3.12/site-packages/airflow/models/dagbag.py", line 383, in parse
    loader.exec_module(new_module)
  File "<frozen importlib._bootstrap_external>", line 999, in exec_module
  File "<frozen importlib._bootstrap>", line 488, in _call_with_frames_removed
  File "/opt/airflow/dags/spark_submit.py", line 2, in <module>
    from airflow.operators.spark_submit_operator import SparkSubmitOperator
ModuleNotFoundError: No module named 'airflow.operators.spark_submit_operator'
[2026-04-11T11:10:17.555+0000] {processor.py:927} WARNING - No viable dags retrieved from /opt/airflow/dags/spark_submit.py
[2026-04-11T11:10:17.578+0000] {processor.py:208} INFO - Processing /opt/airflow/dags/spark_submit.py took 0.039 seconds
[2026-04-11T11:10:47.819+0000] {processor.py:186} INFO - Started process (PID=34706) to work on /opt/airflow/dags/spark_submit.py
[2026-04-11T11:10:47.820+0000] {processor.py:914} INFO - Processing file /opt/airflow/dags/spark_submit.py for tasks to queue
[2026-04-11T11:10:47.822+0000] {logging_mixin.py:190} INFO - [2026-04-11T11:10:47.822+0000] {dagbag.py:588} INFO - Filling up the DagBag from /opt/airflow/dags/spark_submit.py
[2026-04-11T11:10:47.826+0000] {logging_mixin.py:190} INFO - [2026-04-11T11:10:47.825+0000] {dagbag.py:387} ERROR - Failed to import: /opt/airflow/dags/spark_submit.py
Traceback (most recent call last):
  File "/home/airflow/.local/lib/python3.12/site-packages/airflow/models/dagbag.py", line 383, in parse
    loader.exec_module(new_module)
  File "<frozen importlib._bootstrap_external>", line 999, in exec_module
  File "<frozen importlib._bootstrap>", line 488, in _call_with_frames_removed
  File "/opt/airflow/dags/spark_submit.py", line 2, in <module>
    from airflow.operators.spark_submit_operator import SparkSubmitOperator
ModuleNotFoundError: No module named 'airflow.operators.spark_submit_operator'
[2026-04-11T11:10:47.826+0000] {processor.py:927} WARNING - No viable dags retrieved from /opt/airflow/dags/spark_submit.py
[2026-04-11T11:10:47.852+0000] {processor.py:208} INFO - Processing /opt/airflow/dags/spark_submit.py took 0.040 seconds
[2026-04-11T11:11:18.147+0000] {processor.py:186} INFO - Started process (PID=34777) to work on /opt/airflow/dags/spark_submit.py
[2026-04-11T11:11:18.148+0000] {processor.py:914} INFO - Processing file /opt/airflow/dags/spark_submit.py for tasks to queue
[2026-04-11T11:11:18.150+0000] {logging_mixin.py:190} INFO - [2026-04-11T11:11:18.150+0000] {dagbag.py:588} INFO - Filling up the DagBag from /opt/airflow/dags/spark_submit.py
[2026-04-11T11:11:18.154+0000] {logging_mixin.py:190} INFO - [2026-04-11T11:11:18.153+0000] {dagbag.py:387} ERROR - Failed to import: /opt/airflow/dags/spark_submit.py
Traceback (most recent call last):
  File "/home/airflow/.local/lib/python3.12/site-packages/airflow/models/dagbag.py", line 383, in parse
    loader.exec_module(new_module)
  File "<frozen importlib._bootstrap_external>", line 999, in exec_module
  File "<frozen importlib._bootstrap>", line 488, in _call_with_frames_removed
  File "/opt/airflow/dags/spark_submit.py", line 2, in <module>
    from airflow.operators.spark_submit_operator import SparkSubmitOperator
ModuleNotFoundError: No module named 'airflow.operators.spark_submit_operator'
[2026-04-11T11:11:18.155+0000] {processor.py:927} WARNING - No viable dags retrieved from /opt/airflow/dags/spark_submit.py
[2026-04-11T11:11:18.180+0000] {processor.py:208} INFO - Processing /opt/airflow/dags/spark_submit.py took 0.040 seconds
[2026-04-11T11:11:48.472+0000] {processor.py:186} INFO - Started process (PID=34850) to work on /opt/airflow/dags/spark_submit.py
[2026-04-11T11:11:48.473+0000] {processor.py:914} INFO - Processing file /opt/airflow/dags/spark_submit.py for tasks to queue
[2026-04-11T11:11:48.475+0000] {logging_mixin.py:190} INFO - [2026-04-11T11:11:48.475+0000] {dagbag.py:588} INFO - Filling up the DagBag from /opt/airflow/dags/spark_submit.py
[2026-04-11T11:11:48.478+0000] {logging_mixin.py:190} INFO - [2026-04-11T11:11:48.477+0000] {dagbag.py:387} ERROR - Failed to import: /opt/airflow/dags/spark_submit.py
Traceback (most recent call last):
  File "/home/airflow/.local/lib/python3.12/site-packages/airflow/models/dagbag.py", line 383, in parse
    loader.exec_module(new_module)
  File "<frozen importlib._bootstrap_external>", line 999, in exec_module
  File "<frozen importlib._bootstrap>", line 488, in _call_with_frames_removed
  File "/opt/airflow/dags/spark_submit.py", line 2, in <module>
    from airflow.operators.spark_submit_operator import SparkSubmitOperator
ModuleNotFoundError: No module named 'airflow.operators.spark_submit_operator'
[2026-04-11T11:11:48.478+0000] {processor.py:927} WARNING - No viable dags retrieved from /opt/airflow/dags/spark_submit.py
[2026-04-11T11:11:48.504+0000] {processor.py:208} INFO - Processing /opt/airflow/dags/spark_submit.py took 0.045 seconds
[2026-04-11T11:12:18.608+0000] {processor.py:186} INFO - Started process (PID=34922) to work on /opt/airflow/dags/spark_submit.py
[2026-04-11T11:12:18.609+0000] {processor.py:914} INFO - Processing file /opt/airflow/dags/spark_submit.py for tasks to queue
[2026-04-11T11:12:18.611+0000] {logging_mixin.py:190} INFO - [2026-04-11T11:12:18.611+0000] {dagbag.py:588} INFO - Filling up the DagBag from /opt/airflow/dags/spark_submit.py
[2026-04-11T11:12:18.614+0000] {logging_mixin.py:190} INFO - [2026-04-11T11:12:18.613+0000] {dagbag.py:387} ERROR - Failed to import: /opt/airflow/dags/spark_submit.py
Traceback (most recent call last):
  File "/home/airflow/.local/lib/python3.12/site-packages/airflow/models/dagbag.py", line 383, in parse
    loader.exec_module(new_module)
  File "<frozen importlib._bootstrap_external>", line 999, in exec_module
  File "<frozen importlib._bootstrap>", line 488, in _call_with_frames_removed
  File "/opt/airflow/dags/spark_submit.py", line 2, in <module>
    from airflow.operators.spark_submit_operator import SparkSubmitOperator
ModuleNotFoundError: No module named 'airflow.operators.spark_submit_operator'
[2026-04-11T11:12:18.615+0000] {processor.py:927} WARNING - No viable dags retrieved from /opt/airflow/dags/spark_submit.py
[2026-04-11T11:12:18.639+0000] {processor.py:208} INFO - Processing /opt/airflow/dags/spark_submit.py took 0.037 seconds
[2026-04-11T11:12:48.880+0000] {processor.py:186} INFO - Started process (PID=35008) to work on /opt/airflow/dags/spark_submit.py
[2026-04-11T11:12:48.881+0000] {processor.py:914} INFO - Processing file /opt/airflow/dags/spark_submit.py for tasks to queue
[2026-04-11T11:12:48.883+0000] {logging_mixin.py:190} INFO - [2026-04-11T11:12:48.883+0000] {dagbag.py:588} INFO - Filling up the DagBag from /opt/airflow/dags/spark_submit.py
[2026-04-11T11:12:48.887+0000] {logging_mixin.py:190} INFO - [2026-04-11T11:12:48.886+0000] {dagbag.py:387} ERROR - Failed to import: /opt/airflow/dags/spark_submit.py
Traceback (most recent call last):
  File "/home/airflow/.local/lib/python3.12/site-packages/airflow/models/dagbag.py", line 383, in parse
    loader.exec_module(new_module)
  File "<frozen importlib._bootstrap_external>", line 999, in exec_module
  File "<frozen importlib._bootstrap>", line 488, in _call_with_frames_removed
  File "/opt/airflow/dags/spark_submit.py", line 2, in <module>
    from airflow.operators.spark_submit_operator import SparkSubmitOperator
ModuleNotFoundError: No module named 'airflow.operators.spark_submit_operator'
[2026-04-11T11:12:48.887+0000] {processor.py:927} WARNING - No viable dags retrieved from /opt/airflow/dags/spark_submit.py
[2026-04-11T11:12:48.914+0000] {processor.py:208} INFO - Processing /opt/airflow/dags/spark_submit.py took 0.042 seconds
[2026-04-11T11:17:04.623+0000] {processor.py:186} INFO - Started process (PID=35148) to work on /opt/airflow/dags/spark_submit.py
[2026-04-11T11:17:04.624+0000] {processor.py:914} INFO - Processing file /opt/airflow/dags/spark_submit.py for tasks to queue
[2026-04-11T11:17:04.627+0000] {logging_mixin.py:190} INFO - [2026-04-11T11:17:04.627+0000] {dagbag.py:588} INFO - Filling up the DagBag from /opt/airflow/dags/spark_submit.py
[2026-04-11T11:17:04.631+0000] {logging_mixin.py:190} INFO - [2026-04-11T11:17:04.629+0000] {dagbag.py:387} ERROR - Failed to import: /opt/airflow/dags/spark_submit.py
Traceback (most recent call last):
  File "/home/airflow/.local/lib/python3.12/site-packages/airflow/models/dagbag.py", line 383, in parse
    loader.exec_module(new_module)
  File "<frozen importlib._bootstrap_external>", line 999, in exec_module
  File "<frozen importlib._bootstrap>", line 488, in _call_with_frames_removed
  File "/opt/airflow/dags/spark_submit.py", line 2, in <module>
    from airflow.operators.spark_submit_operator import SparkSubmitOperator
ModuleNotFoundError: No module named 'airflow.operators.spark_submit_operator'
[2026-04-11T11:17:04.631+0000] {processor.py:927} WARNING - No viable dags retrieved from /opt/airflow/dags/spark_submit.py
[2026-04-11T11:17:04.655+0000] {processor.py:208} INFO - Processing /opt/airflow/dags/spark_submit.py took 0.039 seconds
[2026-04-11T11:17:35.807+0000] {processor.py:186} INFO - Started process (PID=35219) to work on /opt/airflow/dags/spark_submit.py
[2026-04-11T11:17:35.808+0000] {processor.py:914} INFO - Processing file /opt/airflow/dags/spark_submit.py for tasks to queue
[2026-04-11T11:17:35.810+0000] {logging_mixin.py:190} INFO - [2026-04-11T11:17:35.810+0000] {dagbag.py:588} INFO - Filling up the DagBag from /opt/airflow/dags/spark_submit.py
[2026-04-11T11:17:35.815+0000] {logging_mixin.py:190} INFO - [2026-04-11T11:17:35.814+0000] {dagbag.py:387} ERROR - Failed to import: /opt/airflow/dags/spark_submit.py
Traceback (most recent call last):
  File "/home/airflow/.local/lib/python3.12/site-packages/airflow/models/dagbag.py", line 383, in parse
    loader.exec_module(new_module)
  File "<frozen importlib._bootstrap_external>", line 999, in exec_module
  File "<frozen importlib._bootstrap>", line 488, in _call_with_frames_removed
  File "/opt/airflow/dags/spark_submit.py", line 2, in <module>
    from airflow.operators.spark_submit_operator import SparkSubmitOperator
ModuleNotFoundError: No module named 'airflow.operators.spark_submit_operator'
[2026-04-11T11:17:35.816+0000] {processor.py:927} WARNING - No viable dags retrieved from /opt/airflow/dags/spark_submit.py
[2026-04-11T11:17:35.843+0000] {processor.py:208} INFO - Processing /opt/airflow/dags/spark_submit.py took 0.044 seconds
[2026-04-11T11:18:06.224+0000] {processor.py:186} INFO - Started process (PID=35367) to work on /opt/airflow/dags/spark_submit.py
[2026-04-11T11:18:06.226+0000] {processor.py:914} INFO - Processing file /opt/airflow/dags/spark_submit.py for tasks to queue
[2026-04-11T11:18:06.229+0000] {logging_mixin.py:190} INFO - [2026-04-11T11:18:06.229+0000] {dagbag.py:588} INFO - Filling up the DagBag from /opt/airflow/dags/spark_submit.py
[2026-04-11T11:18:06.234+0000] {logging_mixin.py:190} INFO - [2026-04-11T11:18:06.232+0000] {dagbag.py:387} ERROR - Failed to import: /opt/airflow/dags/spark_submit.py
Traceback (most recent call last):
  File "/home/airflow/.local/lib/python3.12/site-packages/airflow/models/dagbag.py", line 383, in parse
    loader.exec_module(new_module)
  File "<frozen importlib._bootstrap_external>", line 999, in exec_module
  File "<frozen importlib._bootstrap>", line 488, in _call_with_frames_removed
  File "/opt/airflow/dags/spark_submit.py", line 2, in <module>
    from airflow.operators.spark_submit_operator import SparkSubmitOperator
ModuleNotFoundError: No module named 'airflow.operators.spark_submit_operator'
[2026-04-11T11:18:06.236+0000] {processor.py:927} WARNING - No viable dags retrieved from /opt/airflow/dags/spark_submit.py
[2026-04-11T11:18:06.268+0000] {processor.py:208} INFO - Processing /opt/airflow/dags/spark_submit.py took 0.053 seconds
[2026-04-11T11:18:36.635+0000] {processor.py:186} INFO - Started process (PID=35438) to work on /opt/airflow/dags/spark_submit.py
[2026-04-11T11:18:36.637+0000] {processor.py:914} INFO - Processing file /opt/airflow/dags/spark_submit.py for tasks to queue
[2026-04-11T11:18:36.643+0000] {logging_mixin.py:190} INFO - [2026-04-11T11:18:36.642+0000] {dagbag.py:588} INFO - Filling up the DagBag from /opt/airflow/dags/spark_submit.py
[2026-04-11T11:18:36.650+0000] {logging_mixin.py:190} INFO - [2026-04-11T11:18:36.647+0000] {dagbag.py:387} ERROR - Failed to import: /opt/airflow/dags/spark_submit.py
Traceback (most recent call last):
  File "/home/airflow/.local/lib/python3.12/site-packages/airflow/models/dagbag.py", line 383, in parse
    loader.exec_module(new_module)
  File "<frozen importlib._bootstrap_external>", line 999, in exec_module
  File "<frozen importlib._bootstrap>", line 488, in _call_with_frames_removed
  File "/opt/airflow/dags/spark_submit.py", line 2, in <module>
    from airflow.operators.spark_submit_operator import SparkSubmitOperator
ModuleNotFoundError: No module named 'airflow.operators.spark_submit_operator'
[2026-04-11T11:18:36.651+0000] {processor.py:927} WARNING - No viable dags retrieved from /opt/airflow/dags/spark_submit.py
[2026-04-11T11:18:36.692+0000] {processor.py:208} INFO - Processing /opt/airflow/dags/spark_submit.py took 0.075 seconds
[2026-04-11T11:19:10.989+0000] {processor.py:186} INFO - Started process (PID=35511) to work on /opt/airflow/dags/spark_submit.py
[2026-04-11T11:19:10.990+0000] {processor.py:914} INFO - Processing file /opt/airflow/dags/spark_submit.py for tasks to queue
[2026-04-11T11:19:10.994+0000] {logging_mixin.py:190} INFO - [2026-04-11T11:19:10.993+0000] {dagbag.py:588} INFO - Filling up the DagBag from /opt/airflow/dags/spark_submit.py
[2026-04-11T11:19:11.000+0000] {logging_mixin.py:190} INFO - [2026-04-11T11:19:10.997+0000] {dagbag.py:387} ERROR - Failed to import: /opt/airflow/dags/spark_submit.py
Traceback (most recent call last):
  File "/home/airflow/.local/lib/python3.12/site-packages/airflow/models/dagbag.py", line 383, in parse
    loader.exec_module(new_module)
  File "<frozen importlib._bootstrap_external>", line 999, in exec_module
  File "<frozen importlib._bootstrap>", line 488, in _call_with_frames_removed
  File "/opt/airflow/dags/spark_submit.py", line 2, in <module>
    from airflow.operators.spark_submit_operator import SparkSubmitOperator
ModuleNotFoundError: No module named 'airflow.operators.spark_submit_operator'
[2026-04-11T11:19:11.001+0000] {processor.py:927} WARNING - No viable dags retrieved from /opt/airflow/dags/spark_submit.py
[2026-04-11T11:19:11.035+0000] {processor.py:208} INFO - Processing /opt/airflow/dags/spark_submit.py took 0.056 seconds
[2026-04-11T11:19:41.384+0000] {processor.py:186} INFO - Started process (PID=35582) to work on /opt/airflow/dags/spark_submit.py
[2026-04-11T11:19:41.386+0000] {processor.py:914} INFO - Processing file /opt/airflow/dags/spark_submit.py for tasks to queue
[2026-04-11T11:19:41.390+0000] {logging_mixin.py:190} INFO - [2026-04-11T11:19:41.389+0000] {dagbag.py:588} INFO - Filling up the DagBag from /opt/airflow/dags/spark_submit.py
[2026-04-11T11:19:41.395+0000] {logging_mixin.py:190} INFO - [2026-04-11T11:19:41.393+0000] {dagbag.py:387} ERROR - Failed to import: /opt/airflow/dags/spark_submit.py
Traceback (most recent call last):
  File "/home/airflow/.local/lib/python3.12/site-packages/airflow/models/dagbag.py", line 383, in parse
    loader.exec_module(new_module)
  File "<frozen importlib._bootstrap_external>", line 999, in exec_module
  File "<frozen importlib._bootstrap>", line 488, in _call_with_frames_removed
  File "/opt/airflow/dags/spark_submit.py", line 2, in <module>
    from airflow.operators.spark_submit_operator import SparkSubmitOperator
ModuleNotFoundError: No module named 'airflow.operators.spark_submit_operator'
[2026-04-11T11:19:41.397+0000] {processor.py:927} WARNING - No viable dags retrieved from /opt/airflow/dags/spark_submit.py
[2026-04-11T11:19:41.428+0000] {processor.py:208} INFO - Processing /opt/airflow/dags/spark_submit.py took 0.054 seconds
[2026-04-11T11:20:12.894+0000] {processor.py:186} INFO - Started process (PID=35651) to work on /opt/airflow/dags/spark_submit.py
[2026-04-11T11:20:12.895+0000] {processor.py:914} INFO - Processing file /opt/airflow/dags/spark_submit.py for tasks to queue
[2026-04-11T11:20:12.899+0000] {logging_mixin.py:190} INFO - [2026-04-11T11:20:12.898+0000] {dagbag.py:588} INFO - Filling up the DagBag from /opt/airflow/dags/spark_submit.py
[2026-04-11T11:20:12.905+0000] {logging_mixin.py:190} INFO - [2026-04-11T11:20:12.903+0000] {dagbag.py:387} ERROR - Failed to import: /opt/airflow/dags/spark_submit.py
Traceback (most recent call last):
  File "/home/airflow/.local/lib/python3.12/site-packages/airflow/models/dagbag.py", line 383, in parse
    loader.exec_module(new_module)
  File "<frozen importlib._bootstrap_external>", line 999, in exec_module
  File "<frozen importlib._bootstrap>", line 488, in _call_with_frames_removed
  File "/opt/airflow/dags/spark_submit.py", line 2, in <module>
    from airflow.operators.spark_submit_operator import SparkSubmitOperator
ModuleNotFoundError: No module named 'airflow.operators.spark_submit_operator'
[2026-04-11T11:20:12.907+0000] {processor.py:927} WARNING - No viable dags retrieved from /opt/airflow/dags/spark_submit.py
[2026-04-11T11:20:12.943+0000] {processor.py:208} INFO - Processing /opt/airflow/dags/spark_submit.py took 0.060 seconds
[2026-04-11T11:20:43.433+0000] {processor.py:186} INFO - Started process (PID=35724) to work on /opt/airflow/dags/spark_submit.py
[2026-04-11T11:20:43.434+0000] {processor.py:914} INFO - Processing file /opt/airflow/dags/spark_submit.py for tasks to queue
[2026-04-11T11:20:43.438+0000] {logging_mixin.py:190} INFO - [2026-04-11T11:20:43.437+0000] {dagbag.py:588} INFO - Filling up the DagBag from /opt/airflow/dags/spark_submit.py
[2026-04-11T11:20:43.442+0000] {logging_mixin.py:190} INFO - [2026-04-11T11:20:43.440+0000] {dagbag.py:387} ERROR - Failed to import: /opt/airflow/dags/spark_submit.py
Traceback (most recent call last):
  File "/home/airflow/.local/lib/python3.12/site-packages/airflow/models/dagbag.py", line 383, in parse
    loader.exec_module(new_module)
  File "<frozen importlib._bootstrap_external>", line 999, in exec_module
  File "<frozen importlib._bootstrap>", line 488, in _call_with_frames_removed
  File "/opt/airflow/dags/spark_submit.py", line 2, in <module>
    from airflow.operators.spark_submit_operator import SparkSubmitOperator
ModuleNotFoundError: No module named 'airflow.operators.spark_submit_operator'
[2026-04-11T11:20:43.443+0000] {processor.py:927} WARNING - No viable dags retrieved from /opt/airflow/dags/spark_submit.py
[2026-04-11T11:20:43.477+0000] {processor.py:208} INFO - Processing /opt/airflow/dags/spark_submit.py took 0.054 seconds
[2026-04-11T11:21:13.889+0000] {processor.py:186} INFO - Started process (PID=35795) to work on /opt/airflow/dags/spark_submit.py
[2026-04-11T11:21:13.890+0000] {processor.py:914} INFO - Processing file /opt/airflow/dags/spark_submit.py for tasks to queue
[2026-04-11T11:21:13.893+0000] {logging_mixin.py:190} INFO - [2026-04-11T11:21:13.893+0000] {dagbag.py:588} INFO - Filling up the DagBag from /opt/airflow/dags/spark_submit.py
[2026-04-11T11:21:13.898+0000] {logging_mixin.py:190} INFO - [2026-04-11T11:21:13.896+0000] {dagbag.py:387} ERROR - Failed to import: /opt/airflow/dags/spark_submit.py
Traceback (most recent call last):
  File "/home/airflow/.local/lib/python3.12/site-packages/airflow/models/dagbag.py", line 383, in parse
    loader.exec_module(new_module)
  File "<frozen importlib._bootstrap_external>", line 999, in exec_module
  File "<frozen importlib._bootstrap>", line 488, in _call_with_frames_removed
  File "/opt/airflow/dags/spark_submit.py", line 2, in <module>
    from airflow.operators.spark_submit_operator import SparkSubmitOperator
ModuleNotFoundError: No module named 'airflow.operators.spark_submit_operator'
[2026-04-11T11:21:13.899+0000] {processor.py:927} WARNING - No viable dags retrieved from /opt/airflow/dags/spark_submit.py
[2026-04-11T11:21:13.927+0000] {processor.py:208} INFO - Processing /opt/airflow/dags/spark_submit.py took 0.046 seconds
[2026-04-11T11:21:45.562+0000] {processor.py:186} INFO - Started process (PID=35866) to work on /opt/airflow/dags/spark_submit.py
[2026-04-11T11:21:45.563+0000] {processor.py:914} INFO - Processing file /opt/airflow/dags/spark_submit.py for tasks to queue
[2026-04-11T11:21:45.567+0000] {logging_mixin.py:190} INFO - [2026-04-11T11:21:45.567+0000] {dagbag.py:588} INFO - Filling up the DagBag from /opt/airflow/dags/spark_submit.py
[2026-04-11T11:21:45.572+0000] {logging_mixin.py:190} INFO - [2026-04-11T11:21:45.571+0000] {dagbag.py:387} ERROR - Failed to import: /opt/airflow/dags/spark_submit.py
Traceback (most recent call last):
  File "/home/airflow/.local/lib/python3.12/site-packages/airflow/models/dagbag.py", line 383, in parse
    loader.exec_module(new_module)
  File "<frozen importlib._bootstrap_external>", line 999, in exec_module
  File "<frozen importlib._bootstrap>", line 488, in _call_with_frames_removed
  File "/opt/airflow/dags/spark_submit.py", line 2, in <module>
    from airflow.operators.spark_submit_operator import SparkSubmitOperator
ModuleNotFoundError: No module named 'airflow.operators.spark_submit_operator'
[2026-04-11T11:21:45.573+0000] {processor.py:927} WARNING - No viable dags retrieved from /opt/airflow/dags/spark_submit.py
[2026-04-11T11:21:45.605+0000] {processor.py:208} INFO - Processing /opt/airflow/dags/spark_submit.py took 0.051 seconds
[2026-04-11T11:22:15.754+0000] {processor.py:186} INFO - Started process (PID=35935) to work on /opt/airflow/dags/spark_submit.py
[2026-04-11T11:22:15.755+0000] {processor.py:914} INFO - Processing file /opt/airflow/dags/spark_submit.py for tasks to queue
[2026-04-11T11:22:15.758+0000] {logging_mixin.py:190} INFO - [2026-04-11T11:22:15.758+0000] {dagbag.py:588} INFO - Filling up the DagBag from /opt/airflow/dags/spark_submit.py
[2026-04-11T11:22:15.763+0000] {logging_mixin.py:190} INFO - [2026-04-11T11:22:15.761+0000] {dagbag.py:387} ERROR - Failed to import: /opt/airflow/dags/spark_submit.py
Traceback (most recent call last):
  File "/home/airflow/.local/lib/python3.12/site-packages/airflow/models/dagbag.py", line 383, in parse
    loader.exec_module(new_module)
  File "<frozen importlib._bootstrap_external>", line 999, in exec_module
  File "<frozen importlib._bootstrap>", line 488, in _call_with_frames_removed
  File "/opt/airflow/dags/spark_submit.py", line 2, in <module>
    from airflow.operators.spark_submit_operator import SparkSubmitOperator
ModuleNotFoundError: No module named 'airflow.operators.spark_submit_operator'
[2026-04-11T11:22:15.764+0000] {processor.py:927} WARNING - No viable dags retrieved from /opt/airflow/dags/spark_submit.py
[2026-04-11T11:22:15.793+0000] {processor.py:208} INFO - Processing /opt/airflow/dags/spark_submit.py took 0.048 seconds
