[2026-04-04T13:20:05.847+0000] {local_task_job_runner.py:123} INFO - ::group::Pre task execution logs
[2026-04-04T13:20:05.879+0000] {taskinstance.py:2614} INFO - Dependencies all met for dep_context=non-requeueable deps ti=<TaskInstance: butun_operatorlar_numunesi.yol_sec manual__2026-04-04T13:20:02.088386+00:00 [queued]>
[2026-04-04T13:20:05.892+0000] {taskinstance.py:2614} INFO - Dependencies all met for dep_context=requeueable deps ti=<TaskInstance: butun_operatorlar_numunesi.yol_sec manual__2026-04-04T13:20:02.088386+00:00 [queued]>
[2026-04-04T13:20:05.892+0000] {taskinstance.py:2867} INFO - Starting attempt 1 of 3
[2026-04-04T13:20:05.913+0000] {taskinstance.py:2890} INFO - Executing <Task(BranchPythonOperator): yol_sec> on 2026-04-04 13:20:02.088386+00:00
[2026-04-04T13:20:05.927+0000] {standard_task_runner.py:104} INFO - Running: ['***', 'tasks', 'run', 'butun_operatorlar_numunesi', 'yol_sec', 'manual__2026-04-04T13:20:02.088386+00:00', '--job-id', '17', '--raw', '--subdir', 'DAGS_FOLDER/operators_example.py', '--cfg-path', '/tmp/tmp5e9vhr31']
[2026-04-04T13:20:05.930+0000] {standard_task_runner.py:105} INFO - Job 17: Subtask yol_sec
[2026-04-04T13:20:05.933+0000] {logging_mixin.py:190} WARNING - /home/***/.local/lib/python3.12/site-packages/***/task/task_runner/standard_task_runner.py:70 DeprecationWarning: This process (pid=593) is multi-threaded, use of fork() may lead to deadlocks in the child.
[2026-04-04T13:20:05.933+0000] {standard_task_runner.py:72} INFO - Started process 594 to run task
[2026-04-04T13:20:05.992+0000] {task_command.py:467} INFO - Running <TaskInstance: butun_operatorlar_numunesi.yol_sec manual__2026-04-04T13:20:02.088386+00:00 [running]> on host da731042e3a5
[2026-04-04T13:20:06.093+0000] {taskinstance.py:3134} INFO - Exporting env vars: AIRFLOW_CTX_DAG_OWNER='nurgun' AIRFLOW_CTX_DAG_ID='butun_operatorlar_numunesi' AIRFLOW_CTX_TASK_ID='yol_sec' AIRFLOW_CTX_EXECUTION_DATE='2026-04-04T13:20:02.088386+00:00' AIRFLOW_CTX_TRY_NUMBER='1' AIRFLOW_CTX_DAG_RUN_ID='manual__2026-04-04T13:20:02.088386+00:00'
[2026-04-04T13:20:06.093+0000] {taskinstance.py:732} INFO - ::endgroup::
[2026-04-04T13:20:06.108+0000] {baseoperator.py:423} WARNING - BranchPythonOperator.execute cannot be called outside TaskInstance!
[2026-04-04T13:20:06.126+0000] {logging_mixin.py:190} INFO - Alınan satış sayı: 150
[2026-04-04T13:20:06.126+0000] {python.py:240} INFO - Done. Returned value was: yuksek_say_task
[2026-04-04T13:20:06.126+0000] {branch.py:38} INFO - Branch into yuksek_say_task
[2026-04-04T13:20:06.127+0000] {skipmixin.py:233} INFO - Following branch ('yuksek_say_task',)
[2026-04-04T13:20:06.151+0000] {skipmixin.py:281} INFO - Skipping tasks [('orta_say_task', -1), ('asagi_say_task', -1)]
[2026-04-04T13:20:06.199+0000] {taskinstance.py:341} INFO - ::group::Post task execution logs
[2026-04-04T13:20:06.199+0000] {taskinstance.py:353} INFO - Marking task as SUCCESS. dag_id=butun_operatorlar_numunesi, task_id=yol_sec, run_id=manual__2026-04-04T13:20:02.088386+00:00, execution_date=20260404T132002, start_date=20260404T132005, end_date=20260404T132006
[2026-04-04T13:20:06.268+0000] {local_task_job_runner.py:266} INFO - Task exited with return code 0
[2026-04-04T13:20:06.321+0000] {taskinstance.py:3901} INFO - 0 downstream tasks scheduled from follow-on schedule check
[2026-04-04T13:20:06.323+0000] {local_task_job_runner.py:245} INFO - ::endgroup::
