[2026-04-08T04:07:29.108+0000] {processor.py:186} INFO - Started process (PID=19908) to work on /opt/airflow/dags/branch.py
[2026-04-08T04:07:29.110+0000] {processor.py:914} INFO - Processing file /opt/airflow/dags/branch.py for tasks to queue
[2026-04-08T04:07:29.116+0000] {logging_mixin.py:190} INFO - [2026-04-08T04:07:29.116+0000] {dagbag.py:588} INFO - Filling up the DagBag from /opt/airflow/dags/branch.py
[2026-04-08T04:07:29.123+0000] {logging_mixin.py:190} INFO - [2026-04-08T04:07:29.121+0000] {dagbag.py:387} ERROR - Failed to import: /opt/airflow/dags/branch.py
Traceback (most recent call last):
  File "/home/airflow/.local/lib/python3.12/site-packages/airflow/models/dagbag.py", line 383, in parse
    loader.exec_module(new_module)
  File "<frozen importlib._bootstrap_external>", line 999, in exec_module
  File "<frozen importlib._bootstrap>", line 488, in _call_with_frames_removed
  File "/opt/airflow/dags/branch.py", line 6, in <module>
    from airflow.operators.branching import BranchPythonOperator
ModuleNotFoundError: No module named 'airflow.operators.branching'
[2026-04-08T04:07:29.125+0000] {processor.py:927} WARNING - No viable dags retrieved from /opt/airflow/dags/branch.py
[2026-04-08T04:07:29.172+0000] {processor.py:208} INFO - Processing /opt/airflow/dags/branch.py took 0.079 seconds
[2026-04-08T04:35:47.880+0000] {processor.py:186} INFO - Started process (PID=19985) to work on /opt/airflow/dags/branch.py
[2026-04-08T04:35:47.882+0000] {processor.py:914} INFO - Processing file /opt/airflow/dags/branch.py for tasks to queue
[2026-04-08T04:35:47.885+0000] {logging_mixin.py:190} INFO - [2026-04-08T04:35:47.884+0000] {dagbag.py:588} INFO - Filling up the DagBag from /opt/airflow/dags/branch.py
[2026-04-08T04:35:47.890+0000] {logging_mixin.py:190} INFO - [2026-04-08T04:35:47.888+0000] {dagbag.py:387} ERROR - Failed to import: /opt/airflow/dags/branch.py
Traceback (most recent call last):
  File "/home/airflow/.local/lib/python3.12/site-packages/airflow/models/dagbag.py", line 383, in parse
    loader.exec_module(new_module)
  File "<frozen importlib._bootstrap_external>", line 999, in exec_module
  File "<frozen importlib._bootstrap>", line 488, in _call_with_frames_removed
  File "/opt/airflow/dags/branch.py", line 6, in <module>
    from airflow.operators.branching import BranchPythonOperator
ModuleNotFoundError: No module named 'airflow.operators.branching'
[2026-04-08T04:35:47.891+0000] {processor.py:927} WARNING - No viable dags retrieved from /opt/airflow/dags/branch.py
[2026-04-08T04:35:47.927+0000] {processor.py:208} INFO - Processing /opt/airflow/dags/branch.py took 0.058 seconds
