[2026-04-08T04:07:29.759+0000] {processor.py:186} INFO - Started process (PID=19937) to work on /opt/airflow/dags/import_from_git.py
[2026-04-08T04:07:29.761+0000] {processor.py:914} INFO - Processing file /opt/airflow/dags/import_from_git.py for tasks to queue
[2026-04-08T04:07:29.766+0000] {logging_mixin.py:190} INFO - [2026-04-08T04:07:29.765+0000] {dagbag.py:588} INFO - Filling up the DagBag from /opt/airflow/dags/import_from_git.py
[2026-04-08T04:07:29.835+0000] {logging_mixin.py:190} INFO - [2026-04-08T04:07:29.832+0000] {dagbag.py:387} ERROR - Failed to import: /opt/airflow/dags/import_from_git.py
Traceback (most recent call last):
  File "/home/airflow/.local/lib/python3.12/site-packages/airflow/models/dagbag.py", line 383, in parse
    loader.exec_module(new_module)
  File "<frozen importlib._bootstrap_external>", line 999, in exec_module
  File "<frozen importlib._bootstrap>", line 488, in _call_with_frames_removed
  File "/opt/airflow/dags/import_from_git.py", line 45, in <module>
    repo_links=get_link();
               ^^^^^^^^^^
  File "/opt/airflow/dags/import_from_git.py", line 4, in get_link
    repo_links=Variable.get("LINKS",deserialize_json=True)
               ^^^^^^^^^^^^^^^^^^^^^^^^^^^^^^^^^^^^^^^^^^^
  File "/home/airflow/.local/lib/python3.12/site-packages/airflow/models/variable.py", line 145, in get
    raise KeyError(f"Variable {key} does not exist")
KeyError: 'Variable LINKS does not exist'
[2026-04-08T04:07:29.837+0000] {processor.py:927} WARNING - No viable dags retrieved from /opt/airflow/dags/import_from_git.py
[2026-04-08T04:07:29.867+0000] {processor.py:208} INFO - Processing /opt/airflow/dags/import_from_git.py took 0.122 seconds
[2026-04-08T04:35:48.383+0000] {processor.py:186} INFO - Started process (PID=20012) to work on /opt/airflow/dags/import_from_git.py
[2026-04-08T04:35:48.385+0000] {processor.py:914} INFO - Processing file /opt/airflow/dags/import_from_git.py for tasks to queue
[2026-04-08T04:35:48.389+0000] {logging_mixin.py:190} INFO - [2026-04-08T04:35:48.388+0000] {dagbag.py:588} INFO - Filling up the DagBag from /opt/airflow/dags/import_from_git.py
[2026-04-08T04:35:48.425+0000] {logging_mixin.py:190} INFO - [2026-04-08T04:35:48.423+0000] {dagbag.py:387} ERROR - Failed to import: /opt/airflow/dags/import_from_git.py
Traceback (most recent call last):
  File "/home/airflow/.local/lib/python3.12/site-packages/airflow/models/dagbag.py", line 383, in parse
    loader.exec_module(new_module)
  File "<frozen importlib._bootstrap_external>", line 999, in exec_module
  File "<frozen importlib._bootstrap>", line 488, in _call_with_frames_removed
  File "/opt/airflow/dags/import_from_git.py", line 45, in <module>
    repo_links=get_link();
               ^^^^^^^^^^
  File "/opt/airflow/dags/import_from_git.py", line 4, in get_link
    repo_links=Variable.get("LINKS",deserialize_json=True)
               ^^^^^^^^^^^^^^^^^^^^^^^^^^^^^^^^^^^^^^^^^^^
  File "/home/airflow/.local/lib/python3.12/site-packages/airflow/models/variable.py", line 145, in get
    raise KeyError(f"Variable {key} does not exist")
KeyError: 'Variable LINKS does not exist'
[2026-04-08T04:35:48.426+0000] {processor.py:927} WARNING - No viable dags retrieved from /opt/airflow/dags/import_from_git.py
[2026-04-08T04:35:48.444+0000] {processor.py:208} INFO - Processing /opt/airflow/dags/import_from_git.py took 0.077 seconds
