[2026-04-08T04:07:29.452+0000] {processor.py:186} INFO - Started process (PID=19923) to work on /opt/airflow/dags/send_to_minio.py
[2026-04-08T04:07:29.453+0000] {processor.py:914} INFO - Processing file /opt/airflow/dags/send_to_minio.py for tasks to queue
[2026-04-08T04:07:29.459+0000] {logging_mixin.py:190} INFO - [2026-04-08T04:07:29.458+0000] {dagbag.py:588} INFO - Filling up the DagBag from /opt/airflow/dags/send_to_minio.py
[2026-04-08T04:07:29.518+0000] {logging_mixin.py:190} INFO - [2026-04-08T04:07:29.515+0000] {dagbag.py:387} ERROR - Failed to import: /opt/airflow/dags/send_to_minio.py
Traceback (most recent call last):
  File "/home/airflow/.local/lib/python3.12/site-packages/airflow/models/dagbag.py", line 383, in parse
    loader.exec_module(new_module)
  File "<frozen importlib._bootstrap_external>", line 999, in exec_module
  File "<frozen importlib._bootstrap>", line 488, in _call_with_frames_removed
  File "/opt/airflow/dags/send_to_minio.py", line 44, in <module>
    repo_links=get_link();
               ^^^^^^^^^^
  File "/opt/airflow/dags/send_to_minio.py", line 4, in get_link
    repo_links=Variable.get("LINKS",deserialize_json=True)
               ^^^^^^^^^^^^^^^^^^^^^^^^^^^^^^^^^^^^^^^^^^^
  File "/home/airflow/.local/lib/python3.12/site-packages/airflow/models/variable.py", line 145, in get
    raise KeyError(f"Variable {key} does not exist")
KeyError: 'Variable LINKS does not exist'
[2026-04-08T04:07:29.519+0000] {processor.py:927} WARNING - No viable dags retrieved from /opt/airflow/dags/send_to_minio.py
[2026-04-08T04:07:29.541+0000] {processor.py:208} INFO - Processing /opt/airflow/dags/send_to_minio.py took 0.105 seconds
[2026-04-08T04:35:48.111+0000] {processor.py:186} INFO - Started process (PID=20000) to work on /opt/airflow/dags/send_to_minio.py
[2026-04-08T04:35:48.112+0000] {processor.py:914} INFO - Processing file /opt/airflow/dags/send_to_minio.py for tasks to queue
[2026-04-08T04:35:48.116+0000] {logging_mixin.py:190} INFO - [2026-04-08T04:35:48.115+0000] {dagbag.py:588} INFO - Filling up the DagBag from /opt/airflow/dags/send_to_minio.py
[2026-04-08T04:35:48.156+0000] {logging_mixin.py:190} INFO - [2026-04-08T04:35:48.154+0000] {dagbag.py:387} ERROR - Failed to import: /opt/airflow/dags/send_to_minio.py
Traceback (most recent call last):
  File "/home/airflow/.local/lib/python3.12/site-packages/airflow/models/dagbag.py", line 383, in parse
    loader.exec_module(new_module)
  File "<frozen importlib._bootstrap_external>", line 999, in exec_module
  File "<frozen importlib._bootstrap>", line 488, in _call_with_frames_removed
  File "/opt/airflow/dags/send_to_minio.py", line 44, in <module>
    repo_links=get_link();
               ^^^^^^^^^^
  File "/opt/airflow/dags/send_to_minio.py", line 4, in get_link
    repo_links=Variable.get("LINKS",deserialize_json=True)
               ^^^^^^^^^^^^^^^^^^^^^^^^^^^^^^^^^^^^^^^^^^^
  File "/home/airflow/.local/lib/python3.12/site-packages/airflow/models/variable.py", line 145, in get
    raise KeyError(f"Variable {key} does not exist")
KeyError: 'Variable LINKS does not exist'
[2026-04-08T04:35:48.157+0000] {processor.py:927} WARNING - No viable dags retrieved from /opt/airflow/dags/send_to_minio.py
[2026-04-08T04:35:48.174+0000] {processor.py:208} INFO - Processing /opt/airflow/dags/send_to_minio.py took 0.076 seconds
