[2026-04-04T13:26:49.684+0000] {local_task_job_runner.py:123} INFO - ::group::Pre task execution logs
[2026-04-04T13:26:49.719+0000] {taskinstance.py:2614} INFO - Dependencies all met for dep_context=non-requeueable deps ti=<TaskInstance: working_operators_example.run_spark_etl manual__2026-04-04T13:26:42.232563+00:00 [queued]>
[2026-04-04T13:26:49.737+0000] {taskinstance.py:2614} INFO - Dependencies all met for dep_context=requeueable deps ti=<TaskInstance: working_operators_example.run_spark_etl manual__2026-04-04T13:26:42.232563+00:00 [queued]>
[2026-04-04T13:26:49.738+0000] {taskinstance.py:2867} INFO - Starting attempt 1 of 2
[2026-04-04T13:26:49.757+0000] {taskinstance.py:2890} INFO - Executing <Task(SparkSubmitOperator): run_spark_etl> on 2026-04-04 13:26:42.232563+00:00
[2026-04-04T13:26:49.778+0000] {logging_mixin.py:190} WARNING - /home/***/.local/lib/python3.12/site-packages/***/task/task_runner/standard_task_runner.py:70 DeprecationWarning: This process (pid=1439) is multi-threaded, use of fork() may lead to deadlocks in the child.
[2026-04-04T13:26:49.779+0000] {standard_task_runner.py:72} INFO - Started process 1440 to run task
[2026-04-04T13:26:49.777+0000] {standard_task_runner.py:104} INFO - Running: ['***', 'tasks', 'run', 'working_operators_example', 'run_spark_etl', 'manual__2026-04-04T13:26:42.232563+00:00', '--job-id', '26', '--raw', '--subdir', 'DAGS_FOLDER/operators_example.py', '--cfg-path', '/tmp/tmpn5dj9ud7']
[2026-04-04T13:26:49.781+0000] {standard_task_runner.py:105} INFO - Job 26: Subtask run_spark_etl
[2026-04-04T13:26:49.850+0000] {task_command.py:467} INFO - Running <TaskInstance: working_operators_example.run_spark_etl manual__2026-04-04T13:26:42.232563+00:00 [running]> on host da731042e3a5
[2026-04-04T13:26:49.969+0000] {taskinstance.py:3134} INFO - Exporting env vars: AIRFLOW_CTX_DAG_OWNER='nurgun' AIRFLOW_CTX_DAG_ID='working_operators_example' AIRFLOW_CTX_TASK_ID='run_spark_etl' AIRFLOW_CTX_EXECUTION_DATE='2026-04-04T13:26:42.232563+00:00' AIRFLOW_CTX_TRY_NUMBER='1' AIRFLOW_CTX_DAG_RUN_ID='manual__2026-04-04T13:26:42.232563+00:00'
[2026-04-04T13:26:49.970+0000] {taskinstance.py:732} INFO - ::endgroup::
[2026-04-04T13:26:50.007+0000] {base.py:84} INFO - Retrieving connection 'spark_default'
[2026-04-04T13:26:50.010+0000] {spark_submit.py:403} INFO - Spark-Submit cmd: spark-submit --master spark://spark-master:7077 --conf spark.sql.extensions=io.delta.sql.DeltaSparkSessionExtension --conf spark.sql.catalog.spark_catalog=org.apache.spark.sql.delta.catalog.DeltaCatalog --conf spark.executor.memory=512m --conf spark.driver.memory=512m --jars /opt/spark/jars/postgresql-42.7.3.jar,/opt/spark/jars/hadoop-aws-3.3.4.jar,/opt/spark/jars/aws-java-sdk-bundle-1.12.262.jar,/opt/spark/jars/delta-spark_2.12-3.2.0.jar,/opt/spark/jars/delta-storage-3.2.0.jar,/opt/spark/jars/antlr4-runtime-4.9.3.jar --name transactions_etl --verbose /opt/***/files/spark_etl.py
[2026-04-04T13:26:50.082+0000] {spark_submit.py:579} INFO - /home/***/.local/lib/python3.12/site-packages/pyspark/bin/load-spark-env.sh: line 68: ps: command not found
[2026-04-04T13:26:51.878+0000] {spark_submit.py:579} INFO - Using properties file: null
[2026-04-04T13:26:52.050+0000] {spark_submit.py:579} INFO - Parsed arguments:
[2026-04-04T13:26:52.050+0000] {spark_submit.py:579} INFO - master                  spark://spark-master:7077
[2026-04-04T13:26:52.051+0000] {spark_submit.py:579} INFO - remote                  null
[2026-04-04T13:26:52.051+0000] {spark_submit.py:579} INFO - deployMode              null
[2026-04-04T13:26:52.051+0000] {spark_submit.py:579} INFO - executorMemory          512m
[2026-04-04T13:26:52.052+0000] {spark_submit.py:579} INFO - executorCores           null
[2026-04-04T13:26:52.052+0000] {spark_submit.py:579} INFO - totalExecutorCores      null
[2026-04-04T13:26:52.053+0000] {spark_submit.py:579} INFO - propertiesFile          null
[2026-04-04T13:26:52.053+0000] {spark_submit.py:579} INFO - driverMemory            512m
[2026-04-04T13:26:52.053+0000] {spark_submit.py:579} INFO - driverCores             null
[2026-04-04T13:26:52.054+0000] {spark_submit.py:579} INFO - driverExtraClassPath    null
[2026-04-04T13:26:52.054+0000] {spark_submit.py:579} INFO - driverExtraLibraryPath  null
[2026-04-04T13:26:52.055+0000] {spark_submit.py:579} INFO - driverExtraJavaOptions  null
[2026-04-04T13:26:52.055+0000] {spark_submit.py:579} INFO - supervise               false
[2026-04-04T13:26:52.055+0000] {spark_submit.py:579} INFO - queue                   null
[2026-04-04T13:26:52.056+0000] {spark_submit.py:579} INFO - numExecutors            null
[2026-04-04T13:26:52.056+0000] {spark_submit.py:579} INFO - files                   null
[2026-04-04T13:26:52.057+0000] {spark_submit.py:579} INFO - pyFiles                 null
[2026-04-04T13:26:52.057+0000] {spark_submit.py:579} INFO - archives                null
[2026-04-04T13:26:52.058+0000] {spark_submit.py:579} INFO - mainClass               null
[2026-04-04T13:26:52.058+0000] {spark_submit.py:579} INFO - primaryResource         file:/opt/***/files/spark_etl.py
[2026-04-04T13:26:52.058+0000] {spark_submit.py:579} INFO - name                    transactions_etl
[2026-04-04T13:26:52.059+0000] {spark_submit.py:579} INFO - childArgs               []
[2026-04-04T13:26:52.059+0000] {spark_submit.py:579} INFO - jars                    file:/opt/spark/jars/postgresql-42.7.3.jar,file:/opt/spark/jars/hadoop-aws-3.3.4.jar,file:/opt/spark/jars/aws-java-sdk-bundle-1.12.262.jar,file:/opt/spark/jars/delta-spark_2.12-3.2.0.jar,file:/opt/spark/jars/delta-storage-3.2.0.jar,file:/opt/spark/jars/antlr4-runtime-4.9.3.jar
[2026-04-04T13:26:52.060+0000] {spark_submit.py:579} INFO - packages                null
[2026-04-04T13:26:52.060+0000] {spark_submit.py:579} INFO - packagesExclusions      null
[2026-04-04T13:26:52.060+0000] {spark_submit.py:579} INFO - repositories            null
[2026-04-04T13:26:52.061+0000] {spark_submit.py:579} INFO - verbose                 true
[2026-04-04T13:26:52.061+0000] {spark_submit.py:579} INFO - 
[2026-04-04T13:26:52.062+0000] {spark_submit.py:579} INFO - Spark properties used, including those specified through
[2026-04-04T13:26:52.062+0000] {spark_submit.py:579} INFO - --conf and those from the properties file null:
[2026-04-04T13:26:52.063+0000] {spark_submit.py:579} INFO - (spark.driver.memory,512m)
[2026-04-04T13:26:52.063+0000] {spark_submit.py:579} INFO - (spark.executor.memory,512m)
[2026-04-04T13:26:52.063+0000] {spark_submit.py:579} INFO - (spark.sql.catalog.spark_catalog,org.apache.spark.sql.delta.catalog.DeltaCatalog)
[2026-04-04T13:26:52.064+0000] {spark_submit.py:579} INFO - (spark.sql.extensions,io.delta.sql.DeltaSparkSessionExtension)
[2026-04-04T13:26:52.064+0000] {spark_submit.py:579} INFO - 
[2026-04-04T13:26:52.064+0000] {spark_submit.py:579} INFO - 
[2026-04-04T13:26:52.540+0000] {spark_submit.py:579} INFO - 26/04/04 13:26:52 WARN NativeCodeLoader: Unable to load native-hadoop library for your platform... using builtin-java classes where applicable
[2026-04-04T13:26:52.798+0000] {spark_submit.py:579} INFO - Main class:
[2026-04-04T13:26:52.798+0000] {spark_submit.py:579} INFO - org.apache.spark.deploy.PythonRunner
[2026-04-04T13:26:52.799+0000] {spark_submit.py:579} INFO - Arguments:
[2026-04-04T13:26:52.799+0000] {spark_submit.py:579} INFO - file:/opt/***/files/spark_etl.py
[2026-04-04T13:26:52.799+0000] {spark_submit.py:579} INFO - null
[2026-04-04T13:26:52.801+0000] {spark_submit.py:579} INFO - Spark config:
[2026-04-04T13:26:52.802+0000] {spark_submit.py:579} INFO - (spark.app.name,transactions_etl)
[2026-04-04T13:26:52.802+0000] {spark_submit.py:579} INFO - (spark.app.submitTime,1775309212776)
[2026-04-04T13:26:52.803+0000] {spark_submit.py:579} INFO - (spark.driver.memory,512m)
[2026-04-04T13:26:52.803+0000] {spark_submit.py:579} INFO - (spark.executor.memory,512m)
[2026-04-04T13:26:52.803+0000] {spark_submit.py:579} INFO - (spark.jars,file:///opt/spark/jars/postgresql-42.7.3.jar,file:///opt/spark/jars/hadoop-aws-3.3.4.jar,file:///opt/spark/jars/aws-java-sdk-bundle-1.12.262.jar,file:///opt/spark/jars/delta-spark_2.12-3.2.0.jar,file:///opt/spark/jars/delta-storage-3.2.0.jar,file:///opt/spark/jars/antlr4-runtime-4.9.3.jar)
[2026-04-04T13:26:52.804+0000] {spark_submit.py:579} INFO - (spark.master,spark://spark-master:7077)
[2026-04-04T13:26:52.804+0000] {spark_submit.py:579} INFO - (spark.repl.local.jars,file:///opt/spark/jars/postgresql-42.7.3.jar,file:///opt/spark/jars/hadoop-aws-3.3.4.jar,file:///opt/spark/jars/aws-java-sdk-bundle-1.12.262.jar,file:///opt/spark/jars/delta-spark_2.12-3.2.0.jar,file:///opt/spark/jars/delta-storage-3.2.0.jar,file:///opt/spark/jars/antlr4-runtime-4.9.3.jar)
[2026-04-04T13:26:52.804+0000] {spark_submit.py:579} INFO - (spark.sql.catalog.spark_catalog,org.apache.spark.sql.delta.catalog.DeltaCatalog)
[2026-04-04T13:26:52.805+0000] {spark_submit.py:579} INFO - (spark.sql.extensions,io.delta.sql.DeltaSparkSessionExtension)
[2026-04-04T13:26:52.805+0000] {spark_submit.py:579} INFO - (spark.submit.deployMode,client)
[2026-04-04T13:26:52.806+0000] {spark_submit.py:579} INFO - (spark.submit.pyFiles,)
[2026-04-04T13:26:52.806+0000] {spark_submit.py:579} INFO - Classpath elements:
[2026-04-04T13:26:52.806+0000] {spark_submit.py:579} INFO - file:///opt/spark/jars/postgresql-42.7.3.jar
[2026-04-04T13:26:52.807+0000] {spark_submit.py:579} INFO - file:///opt/spark/jars/hadoop-aws-3.3.4.jar
[2026-04-04T13:26:52.807+0000] {spark_submit.py:579} INFO - file:///opt/spark/jars/aws-java-sdk-bundle-1.12.262.jar
[2026-04-04T13:26:52.807+0000] {spark_submit.py:579} INFO - file:///opt/spark/jars/delta-spark_2.12-3.2.0.jar
[2026-04-04T13:26:52.807+0000] {spark_submit.py:579} INFO - file:///opt/spark/jars/delta-storage-3.2.0.jar
[2026-04-04T13:26:52.807+0000] {spark_submit.py:579} INFO - file:///opt/spark/jars/antlr4-runtime-4.9.3.jar
[2026-04-04T13:26:52.807+0000] {spark_submit.py:579} INFO - 
[2026-04-04T13:26:52.808+0000] {spark_submit.py:579} INFO - 
[2026-04-04T13:26:54.458+0000] {spark_submit.py:579} INFO - 26/04/04 13:26:54 INFO SparkContext: Running Spark version 3.5.2
[2026-04-04T13:26:54.459+0000] {spark_submit.py:579} INFO - 26/04/04 13:26:54 INFO SparkContext: OS info Linux, 6.19.10-200.fc43.x86_64, amd64
[2026-04-04T13:26:54.460+0000] {spark_submit.py:579} INFO - 26/04/04 13:26:54 INFO SparkContext: Java version 17.0.18
[2026-04-04T13:26:54.499+0000] {spark_submit.py:579} INFO - 26/04/04 13:26:54 INFO ResourceUtils: ==============================================================
[2026-04-04T13:26:54.500+0000] {spark_submit.py:579} INFO - 26/04/04 13:26:54 INFO ResourceUtils: No custom resources configured for spark.driver.
[2026-04-04T13:26:54.500+0000] {spark_submit.py:579} INFO - 26/04/04 13:26:54 INFO ResourceUtils: ==============================================================
[2026-04-04T13:26:54.501+0000] {spark_submit.py:579} INFO - 26/04/04 13:26:54 INFO SparkContext: Submitted application: transactions_etl
[2026-04-04T13:26:54.529+0000] {spark_submit.py:579} INFO - 26/04/04 13:26:54 INFO ResourceProfile: Default ResourceProfile created, executor resources: Map(memory -> name: memory, amount: 512, script: , vendor: , offHeap -> name: offHeap, amount: 0, script: , vendor: ), task resources: Map(cpus -> name: cpus, amount: 1.0)
[2026-04-04T13:26:54.538+0000] {spark_submit.py:579} INFO - 26/04/04 13:26:54 INFO ResourceProfile: Limiting resource is cpu
[2026-04-04T13:26:54.539+0000] {spark_submit.py:579} INFO - 26/04/04 13:26:54 INFO ResourceProfileManager: Added ResourceProfile id: 0
[2026-04-04T13:26:54.616+0000] {spark_submit.py:579} INFO - 26/04/04 13:26:54 INFO SecurityManager: Changing view acls to: ***
[2026-04-04T13:26:54.617+0000] {spark_submit.py:579} INFO - 26/04/04 13:26:54 INFO SecurityManager: Changing modify acls to: ***
[2026-04-04T13:26:54.618+0000] {spark_submit.py:579} INFO - 26/04/04 13:26:54 INFO SecurityManager: Changing view acls groups to:
[2026-04-04T13:26:54.618+0000] {spark_submit.py:579} INFO - 26/04/04 13:26:54 INFO SecurityManager: Changing modify acls groups to:
[2026-04-04T13:26:54.619+0000] {spark_submit.py:579} INFO - 26/04/04 13:26:54 INFO SecurityManager: SecurityManager: authentication disabled; ui acls disabled; users with view permissions: ***; groups with view permissions: EMPTY; users with modify permissions: ***; groups with modify permissions: EMPTY
[2026-04-04T13:26:55.080+0000] {spark_submit.py:579} INFO - 26/04/04 13:26:55 INFO Utils: Successfully started service 'sparkDriver' on port 46043.
[2026-04-04T13:26:55.127+0000] {spark_submit.py:579} INFO - 26/04/04 13:26:55 INFO SparkEnv: Registering MapOutputTracker
[2026-04-04T13:26:55.185+0000] {spark_submit.py:579} INFO - 26/04/04 13:26:55 INFO SparkEnv: Registering BlockManagerMaster
[2026-04-04T13:26:55.234+0000] {spark_submit.py:579} INFO - 26/04/04 13:26:55 INFO BlockManagerMasterEndpoint: Using org.apache.spark.storage.DefaultTopologyMapper for getting topology information
[2026-04-04T13:26:55.235+0000] {spark_submit.py:579} INFO - 26/04/04 13:26:55 INFO BlockManagerMasterEndpoint: BlockManagerMasterEndpoint up
[2026-04-04T13:26:55.243+0000] {spark_submit.py:579} INFO - 26/04/04 13:26:55 INFO SparkEnv: Registering BlockManagerMasterHeartbeat
[2026-04-04T13:26:55.274+0000] {spark_submit.py:579} INFO - 26/04/04 13:26:55 INFO DiskBlockManager: Created local directory at /tmp/blockmgr-a9a6d8ca-1ed3-478f-91b5-d5a2f4554483
[2026-04-04T13:26:55.293+0000] {spark_submit.py:579} INFO - 26/04/04 13:26:55 INFO MemoryStore: MemoryStore started with capacity 127.2 MiB
[2026-04-04T13:26:55.316+0000] {spark_submit.py:579} INFO - 26/04/04 13:26:55 INFO SparkEnv: Registering OutputCommitCoordinator
[2026-04-04T13:26:55.493+0000] {spark_submit.py:579} INFO - 26/04/04 13:26:55 INFO JettyUtils: Start Jetty 0.0.0.0:4040 for SparkUI
[2026-04-04T13:26:55.597+0000] {spark_submit.py:579} INFO - 26/04/04 13:26:55 INFO Utils: Successfully started service 'SparkUI' on port 4040.
[2026-04-04T13:26:55.647+0000] {spark_submit.py:579} INFO - 26/04/04 13:26:55 INFO SparkContext: Added JAR file:///opt/spark/jars/postgresql-42.7.3.jar at spark://da731042e3a5:46043/jars/postgresql-42.7.3.jar with timestamp 1775309214445
[2026-04-04T13:26:55.648+0000] {spark_submit.py:579} INFO - 26/04/04 13:26:55 INFO SparkContext: Added JAR file:///opt/spark/jars/hadoop-aws-3.3.4.jar at spark://da731042e3a5:46043/jars/hadoop-aws-3.3.4.jar with timestamp 1775309214445
[2026-04-04T13:26:55.649+0000] {spark_submit.py:579} INFO - 26/04/04 13:26:55 INFO SparkContext: Added JAR file:///opt/spark/jars/aws-java-sdk-bundle-1.12.262.jar at spark://da731042e3a5:46043/jars/aws-java-sdk-bundle-1.12.262.jar with timestamp 1775309214445
[2026-04-04T13:26:55.649+0000] {spark_submit.py:579} INFO - 26/04/04 13:26:55 INFO SparkContext: Added JAR file:///opt/spark/jars/delta-spark_2.12-3.2.0.jar at spark://da731042e3a5:46043/jars/delta-spark_2.12-3.2.0.jar with timestamp 1775309214445
[2026-04-04T13:26:55.650+0000] {spark_submit.py:579} INFO - 26/04/04 13:26:55 INFO SparkContext: Added JAR file:///opt/spark/jars/delta-storage-3.2.0.jar at spark://da731042e3a5:46043/jars/delta-storage-3.2.0.jar with timestamp 1775309214445
[2026-04-04T13:26:55.651+0000] {spark_submit.py:579} INFO - 26/04/04 13:26:55 INFO SparkContext: Added JAR file:///opt/spark/jars/antlr4-runtime-4.9.3.jar at spark://da731042e3a5:46043/jars/antlr4-runtime-4.9.3.jar with timestamp 1775309214445
[2026-04-04T13:26:55.769+0000] {spark_submit.py:579} INFO - 26/04/04 13:26:55 INFO StandaloneAppClient$ClientEndpoint: Connecting to master spark://spark-master:7077...
[2026-04-04T13:26:55.837+0000] {spark_submit.py:579} INFO - 26/04/04 13:26:55 INFO TransportClientFactory: Successfully created connection to spark-master/172.27.0.5:7077 after 38 ms (0 ms spent in bootstraps)
[2026-04-04T13:26:56.103+0000] {spark_submit.py:579} INFO - 26/04/04 13:26:56 INFO StandaloneSchedulerBackend: Connected to Spark cluster with app ID app-20260404132656-0000
[2026-04-04T13:26:56.117+0000] {spark_submit.py:579} INFO - 26/04/04 13:26:56 INFO Utils: Successfully started service 'org.apache.spark.network.netty.NettyBlockTransferService' on port 42175.
[2026-04-04T13:26:56.117+0000] {spark_submit.py:579} INFO - 26/04/04 13:26:56 INFO NettyBlockTransferService: Server created on da731042e3a5:42175
[2026-04-04T13:26:56.121+0000] {spark_submit.py:579} INFO - 26/04/04 13:26:56 INFO BlockManager: Using org.apache.spark.storage.RandomBlockReplicationPolicy for block replication policy
[2026-04-04T13:26:56.135+0000] {spark_submit.py:579} INFO - 26/04/04 13:26:56 INFO BlockManagerMaster: Registering BlockManager BlockManagerId(driver, da731042e3a5, 42175, None)
[2026-04-04T13:26:56.140+0000] {spark_submit.py:579} INFO - 26/04/04 13:26:56 INFO StandaloneAppClient$ClientEndpoint: Executor added: app-20260404132656-0000/0 on worker-20260404125404-172.27.0.8-38113 (172.27.0.8:38113) with 8 core(s)
[2026-04-04T13:26:56.143+0000] {spark_submit.py:579} INFO - 26/04/04 13:26:56 INFO BlockManagerMasterEndpoint: Registering block manager da731042e3a5:42175 with 127.2 MiB RAM, BlockManagerId(driver, da731042e3a5, 42175, None)
[2026-04-04T13:26:56.146+0000] {spark_submit.py:579} INFO - 26/04/04 13:26:56 INFO StandaloneSchedulerBackend: Granted executor ID app-20260404132656-0000/0 on hostPort 172.27.0.8:38113 with 8 core(s), 512.0 MiB RAM
[2026-04-04T13:26:56.147+0000] {spark_submit.py:579} INFO - 26/04/04 13:26:56 INFO BlockManagerMaster: Registered BlockManager BlockManagerId(driver, da731042e3a5, 42175, None)
[2026-04-04T13:26:56.152+0000] {spark_submit.py:579} INFO - 26/04/04 13:26:56 INFO BlockManager: Initialized BlockManager: BlockManagerId(driver, da731042e3a5, 42175, None)
[2026-04-04T13:26:56.441+0000] {spark_submit.py:579} INFO - 26/04/04 13:26:56 INFO StandaloneAppClient$ClientEndpoint: Executor updated: app-20260404132656-0000/0 is now RUNNING
[2026-04-04T13:26:56.499+0000] {spark_submit.py:579} INFO - 26/04/04 13:26:56 INFO StandaloneSchedulerBackend: SchedulerBackend is ready for scheduling beginning after reached minRegisteredResourcesRatio: 0.0
[2026-04-04T13:26:56.914+0000] {spark_submit.py:579} INFO - 26/04/04 13:26:56 INFO SharedState: Setting hive.metastore.warehouse.dir ('null') to the value of spark.sql.warehouse.dir.
[2026-04-04T13:26:56.919+0000] {spark_submit.py:579} INFO - 26/04/04 13:26:56 INFO SharedState: Warehouse path is 'file:/opt/***/spark-warehouse'.
[2026-04-04T13:27:01.649+0000] {spark_submit.py:579} INFO - 26/04/04 13:27:01 INFO CodeGenerator: Code generated in 263.157831 ms
[2026-04-04T13:27:01.760+0000] {spark_submit.py:579} INFO - 26/04/04 13:27:01 INFO StandaloneSchedulerBackend$StandaloneDriverEndpoint: Registered executor NettyRpcEndpointRef(spark-client://Executor) (172.27.0.8:48478) with ID 0,  ResourceProfileId 0
[2026-04-04T13:27:01.790+0000] {spark_submit.py:579} INFO - 26/04/04 13:27:01 INFO DAGScheduler: Registering RDD 2 (count at NativeMethodAccessorImpl.java:0) as input to shuffle 0
[2026-04-04T13:27:01.799+0000] {spark_submit.py:579} INFO - 26/04/04 13:27:01 INFO DAGScheduler: Got map stage job 0 (count at NativeMethodAccessorImpl.java:0) with 1 output partitions
[2026-04-04T13:27:01.800+0000] {spark_submit.py:579} INFO - 26/04/04 13:27:01 INFO DAGScheduler: Final stage: ShuffleMapStage 0 (count at NativeMethodAccessorImpl.java:0)
[2026-04-04T13:27:01.801+0000] {spark_submit.py:579} INFO - 26/04/04 13:27:01 INFO DAGScheduler: Parents of final stage: List()
[2026-04-04T13:27:01.804+0000] {spark_submit.py:579} INFO - 26/04/04 13:27:01 INFO DAGScheduler: Missing parents: List()
[2026-04-04T13:27:01.811+0000] {spark_submit.py:579} INFO - 26/04/04 13:27:01 INFO DAGScheduler: Submitting ShuffleMapStage 0 (MapPartitionsRDD[2] at count at NativeMethodAccessorImpl.java:0), which has no missing parents
[2026-04-04T13:27:01.923+0000] {spark_submit.py:579} INFO - 26/04/04 13:27:01 INFO BlockManagerMasterEndpoint: Registering block manager 172.27.0.8:36277 with 127.2 MiB RAM, BlockManagerId(0, 172.27.0.8, 36277, None)
[2026-04-04T13:27:02.049+0000] {spark_submit.py:579} INFO - 26/04/04 13:27:02 INFO MemoryStore: Block broadcast_0 stored as values in memory (estimated size 13.8 KiB, free 127.2 MiB)
[2026-04-04T13:27:02.099+0000] {spark_submit.py:579} INFO - 26/04/04 13:27:02 INFO MemoryStore: Block broadcast_0_piece0 stored as bytes in memory (estimated size 7.2 KiB, free 127.2 MiB)
[2026-04-04T13:27:02.103+0000] {spark_submit.py:579} INFO - 26/04/04 13:27:02 INFO BlockManagerInfo: Added broadcast_0_piece0 in memory on da731042e3a5:42175 (size: 7.2 KiB, free: 127.2 MiB)
[2026-04-04T13:27:02.111+0000] {spark_submit.py:579} INFO - 26/04/04 13:27:02 INFO SparkContext: Created broadcast 0 from broadcast at DAGScheduler.scala:1585
[2026-04-04T13:27:02.141+0000] {spark_submit.py:579} INFO - 26/04/04 13:27:02 INFO DAGScheduler: Submitting 1 missing tasks from ShuffleMapStage 0 (MapPartitionsRDD[2] at count at NativeMethodAccessorImpl.java:0) (first 15 tasks are for partitions Vector(0))
[2026-04-04T13:27:02.145+0000] {spark_submit.py:579} INFO - 26/04/04 13:27:02 INFO TaskSchedulerImpl: Adding task set 0.0 with 1 tasks resource profile 0
[2026-04-04T13:27:05.300+0000] {spark_submit.py:579} INFO - 26/04/04 13:27:05 INFO TaskSetManager: Starting task 0.0 in stage 0.0 (TID 0) (172.27.0.8, executor 0, partition 0, PROCESS_LOCAL, 9387 bytes)
[2026-04-04T13:27:05.897+0000] {spark_submit.py:579} INFO - 26/04/04 13:27:05 INFO BlockManagerInfo: Added broadcast_0_piece0 in memory on 172.27.0.8:36277 (size: 7.2 KiB, free: 127.2 MiB)
[2026-04-04T13:27:13.586+0000] {spark_submit.py:579} INFO - 26/04/04 13:27:13 INFO TaskSetManager: Finished task 0.0 in stage 0.0 (TID 0) in 8297 ms on 172.27.0.8 (executor 0) (1/1)
[2026-04-04T13:27:13.588+0000] {spark_submit.py:579} INFO - 26/04/04 13:27:13 INFO TaskSchedulerImpl: Removed TaskSet 0.0, whose tasks have all completed, from pool
[2026-04-04T13:27:13.598+0000] {spark_submit.py:579} INFO - 26/04/04 13:27:13 INFO DAGScheduler: ShuffleMapStage 0 (count at NativeMethodAccessorImpl.java:0) finished in 11.762 s
[2026-04-04T13:27:13.599+0000] {spark_submit.py:579} INFO - 26/04/04 13:27:13 INFO DAGScheduler: looking for newly runnable stages
[2026-04-04T13:27:13.600+0000] {spark_submit.py:579} INFO - 26/04/04 13:27:13 INFO DAGScheduler: running: Set()
[2026-04-04T13:27:13.600+0000] {spark_submit.py:579} INFO - 26/04/04 13:27:13 INFO DAGScheduler: waiting: Set()
[2026-04-04T13:27:13.601+0000] {spark_submit.py:579} INFO - 26/04/04 13:27:13 INFO DAGScheduler: failed: Set()
[2026-04-04T13:27:13.664+0000] {spark_submit.py:579} INFO - 26/04/04 13:27:13 INFO CodeGenerator: Code generated in 17.758475 ms
[2026-04-04T13:27:13.719+0000] {spark_submit.py:579} INFO - 26/04/04 13:27:13 INFO SparkContext: Starting job: count at NativeMethodAccessorImpl.java:0
[2026-04-04T13:27:13.725+0000] {spark_submit.py:579} INFO - 26/04/04 13:27:13 INFO DAGScheduler: Got job 1 (count at NativeMethodAccessorImpl.java:0) with 1 output partitions
[2026-04-04T13:27:13.726+0000] {spark_submit.py:579} INFO - 26/04/04 13:27:13 INFO DAGScheduler: Final stage: ResultStage 2 (count at NativeMethodAccessorImpl.java:0)
[2026-04-04T13:27:13.727+0000] {spark_submit.py:579} INFO - 26/04/04 13:27:13 INFO DAGScheduler: Parents of final stage: List(ShuffleMapStage 1)
[2026-04-04T13:27:13.728+0000] {spark_submit.py:579} INFO - 26/04/04 13:27:13 INFO DAGScheduler: Missing parents: List()
[2026-04-04T13:27:13.731+0000] {spark_submit.py:579} INFO - 26/04/04 13:27:13 INFO DAGScheduler: Submitting ResultStage 2 (MapPartitionsRDD[5] at count at NativeMethodAccessorImpl.java:0), which has no missing parents
[2026-04-04T13:27:13.752+0000] {spark_submit.py:579} INFO - 26/04/04 13:27:13 INFO MemoryStore: Block broadcast_1 stored as values in memory (estimated size 12.5 KiB, free 127.2 MiB)
[2026-04-04T13:27:13.761+0000] {spark_submit.py:579} INFO - 26/04/04 13:27:13 INFO MemoryStore: Block broadcast_1_piece0 stored as bytes in memory (estimated size 5.9 KiB, free 127.2 MiB)
[2026-04-04T13:27:13.762+0000] {spark_submit.py:579} INFO - 26/04/04 13:27:13 INFO BlockManagerInfo: Added broadcast_1_piece0 in memory on da731042e3a5:42175 (size: 5.9 KiB, free: 127.2 MiB)
[2026-04-04T13:27:13.763+0000] {spark_submit.py:579} INFO - 26/04/04 13:27:13 INFO SparkContext: Created broadcast 1 from broadcast at DAGScheduler.scala:1585
[2026-04-04T13:27:13.766+0000] {spark_submit.py:579} INFO - 26/04/04 13:27:13 INFO DAGScheduler: Submitting 1 missing tasks from ResultStage 2 (MapPartitionsRDD[5] at count at NativeMethodAccessorImpl.java:0) (first 15 tasks are for partitions Vector(0))
[2026-04-04T13:27:13.767+0000] {spark_submit.py:579} INFO - 26/04/04 13:27:13 INFO TaskSchedulerImpl: Adding task set 2.0 with 1 tasks resource profile 0
[2026-04-04T13:27:13.776+0000] {spark_submit.py:579} INFO - 26/04/04 13:27:13 INFO TaskSetManager: Starting task 0.0 in stage 2.0 (TID 1) (172.27.0.8, executor 0, partition 0, NODE_LOCAL, 9552 bytes)
[2026-04-04T13:27:13.826+0000] {spark_submit.py:579} INFO - 26/04/04 13:27:13 INFO BlockManagerInfo: Removed broadcast_0_piece0 on 172.27.0.8:36277 in memory (size: 7.2 KiB, free: 127.2 MiB)
[2026-04-04T13:27:13.829+0000] {spark_submit.py:579} INFO - 26/04/04 13:27:13 INFO BlockManagerInfo: Removed broadcast_0_piece0 on da731042e3a5:42175 in memory (size: 7.2 KiB, free: 127.2 MiB)
[2026-04-04T13:27:13.832+0000] {spark_submit.py:579} INFO - 26/04/04 13:27:13 INFO BlockManagerInfo: Added broadcast_1_piece0 in memory on 172.27.0.8:36277 (size: 5.9 KiB, free: 127.2 MiB)
[2026-04-04T13:27:14.002+0000] {spark_submit.py:579} INFO - 26/04/04 13:27:14 INFO MapOutputTrackerMasterEndpoint: Asked to send map output locations for shuffle 0 to 172.27.0.8:48478
[2026-04-04T13:27:14.207+0000] {spark_submit.py:579} INFO - 26/04/04 13:27:14 INFO TaskSetManager: Finished task 0.0 in stage 2.0 (TID 1) in 434 ms on 172.27.0.8 (executor 0) (1/1)
[2026-04-04T13:27:14.207+0000] {spark_submit.py:579} INFO - 26/04/04 13:27:14 INFO TaskSchedulerImpl: Removed TaskSet 2.0, whose tasks have all completed, from pool
[2026-04-04T13:27:14.209+0000] {spark_submit.py:579} INFO - 26/04/04 13:27:14 INFO DAGScheduler: ResultStage 2 (count at NativeMethodAccessorImpl.java:0) finished in 0.463 s
[2026-04-04T13:27:14.211+0000] {spark_submit.py:579} INFO - 26/04/04 13:27:14 INFO DAGScheduler: Job 1 is finished. Cancelling potential speculative or zombie tasks for this job
[2026-04-04T13:27:14.212+0000] {spark_submit.py:579} INFO - 26/04/04 13:27:14 INFO TaskSchedulerImpl: Killing all running tasks in stage 2: Stage finished
[2026-04-04T13:27:14.214+0000] {spark_submit.py:579} INFO - 26/04/04 13:27:14 INFO DAGScheduler: Job 1 finished: count at NativeMethodAccessorImpl.java:0, took 0.495185 s
[2026-04-04T13:27:14.229+0000] {spark_submit.py:579} INFO - Oxunan sətir sayı: 10
[2026-04-04T13:27:14.584+0000] {spark_submit.py:579} INFO - 26/04/04 13:27:14 INFO HashAggregateExec: spark.sql.codegen.aggregate.map.twolevel.enabled is set to true, but current version of codegened fast hashmap does not support this aggregate.
[2026-04-04T13:27:14.696+0000] {spark_submit.py:579} INFO - 26/04/04 13:27:14 INFO CodeGenerator: Code generated in 65.964228 ms
[2026-04-04T13:27:14.739+0000] {spark_submit.py:579} INFO - 26/04/04 13:27:14 INFO DAGScheduler: Registering RDD 8 (showString at NativeMethodAccessorImpl.java:0) as input to shuffle 1
[2026-04-04T13:27:14.740+0000] {spark_submit.py:579} INFO - 26/04/04 13:27:14 INFO DAGScheduler: Got map stage job 2 (showString at NativeMethodAccessorImpl.java:0) with 1 output partitions
[2026-04-04T13:27:14.741+0000] {spark_submit.py:579} INFO - 26/04/04 13:27:14 INFO DAGScheduler: Final stage: ShuffleMapStage 3 (showString at NativeMethodAccessorImpl.java:0)
[2026-04-04T13:27:14.741+0000] {spark_submit.py:579} INFO - 26/04/04 13:27:14 INFO DAGScheduler: Parents of final stage: List()
[2026-04-04T13:27:14.742+0000] {spark_submit.py:579} INFO - 26/04/04 13:27:14 INFO DAGScheduler: Missing parents: List()
[2026-04-04T13:27:14.743+0000] {spark_submit.py:579} INFO - 26/04/04 13:27:14 INFO DAGScheduler: Submitting ShuffleMapStage 3 (MapPartitionsRDD[8] at showString at NativeMethodAccessorImpl.java:0), which has no missing parents
[2026-04-04T13:27:14.746+0000] {spark_submit.py:579} INFO - 26/04/04 13:27:14 INFO MemoryStore: Block broadcast_2 stored as values in memory (estimated size 40.9 KiB, free 127.1 MiB)
[2026-04-04T13:27:14.752+0000] {spark_submit.py:579} INFO - 26/04/04 13:27:14 INFO MemoryStore: Block broadcast_2_piece0 stored as bytes in memory (estimated size 18.9 KiB, free 127.1 MiB)
[2026-04-04T13:27:14.754+0000] {spark_submit.py:579} INFO - 26/04/04 13:27:14 INFO BlockManagerInfo: Added broadcast_2_piece0 in memory on da731042e3a5:42175 (size: 18.9 KiB, free: 127.2 MiB)
[2026-04-04T13:27:14.755+0000] {spark_submit.py:579} INFO - 26/04/04 13:27:14 INFO SparkContext: Created broadcast 2 from broadcast at DAGScheduler.scala:1585
[2026-04-04T13:27:14.756+0000] {spark_submit.py:579} INFO - 26/04/04 13:27:14 INFO BlockManagerInfo: Removed broadcast_1_piece0 on da731042e3a5:42175 in memory (size: 5.9 KiB, free: 127.2 MiB)
[2026-04-04T13:27:14.758+0000] {spark_submit.py:579} INFO - 26/04/04 13:27:14 INFO DAGScheduler: Submitting 1 missing tasks from ShuffleMapStage 3 (MapPartitionsRDD[8] at showString at NativeMethodAccessorImpl.java:0) (first 15 tasks are for partitions Vector(0))
[2026-04-04T13:27:14.759+0000] {spark_submit.py:579} INFO - 26/04/04 13:27:14 INFO TaskSchedulerImpl: Adding task set 3.0 with 1 tasks resource profile 0
[2026-04-04T13:27:14.761+0000] {spark_submit.py:579} INFO - 26/04/04 13:27:14 INFO TaskSetManager: Starting task 0.0 in stage 3.0 (TID 2) (172.27.0.8, executor 0, partition 0, PROCESS_LOCAL, 9387 bytes)
[2026-04-04T13:27:14.766+0000] {spark_submit.py:579} INFO - 26/04/04 13:27:14 INFO BlockManagerInfo: Removed broadcast_1_piece0 on 172.27.0.8:36277 in memory (size: 5.9 KiB, free: 127.2 MiB)
[2026-04-04T13:27:14.795+0000] {spark_submit.py:579} INFO - 26/04/04 13:27:14 INFO BlockManagerInfo: Added broadcast_2_piece0 in memory on 172.27.0.8:36277 (size: 18.9 KiB, free: 127.2 MiB)
[2026-04-04T13:27:15.484+0000] {spark_submit.py:579} INFO - 26/04/04 13:27:15 INFO TaskSetManager: Finished task 0.0 in stage 3.0 (TID 2) in 724 ms on 172.27.0.8 (executor 0) (1/1)
[2026-04-04T13:27:15.485+0000] {spark_submit.py:579} INFO - 26/04/04 13:27:15 INFO TaskSchedulerImpl: Removed TaskSet 3.0, whose tasks have all completed, from pool
[2026-04-04T13:27:15.486+0000] {spark_submit.py:579} INFO - 26/04/04 13:27:15 INFO DAGScheduler: ShuffleMapStage 3 (showString at NativeMethodAccessorImpl.java:0) finished in 0.743 s
[2026-04-04T13:27:15.487+0000] {spark_submit.py:579} INFO - 26/04/04 13:27:15 INFO DAGScheduler: looking for newly runnable stages
[2026-04-04T13:27:15.487+0000] {spark_submit.py:579} INFO - 26/04/04 13:27:15 INFO DAGScheduler: running: Set()
[2026-04-04T13:27:15.488+0000] {spark_submit.py:579} INFO - 26/04/04 13:27:15 INFO DAGScheduler: waiting: Set()
[2026-04-04T13:27:15.488+0000] {spark_submit.py:579} INFO - 26/04/04 13:27:15 INFO DAGScheduler: failed: Set()
[2026-04-04T13:27:15.540+0000] {spark_submit.py:579} INFO - 26/04/04 13:27:15 INFO ShufflePartitionsUtil: For shuffle(1), advisory target size: 67108864, actual target size 1048576, minimum partition size: 1048576
[2026-04-04T13:27:15.604+0000] {spark_submit.py:579} INFO - 26/04/04 13:27:15 INFO CodeGenerator: Code generated in 24.172929 ms
[2026-04-04T13:27:15.607+0000] {spark_submit.py:579} INFO - 26/04/04 13:27:15 INFO HashAggregateExec: spark.sql.codegen.aggregate.map.twolevel.enabled is set to true, but current version of codegened fast hashmap does not support this aggregate.
[2026-04-04T13:27:15.698+0000] {spark_submit.py:579} INFO - 26/04/04 13:27:15 INFO CodeGenerator: Code generated in 64.422031 ms
[2026-04-04T13:27:15.766+0000] {spark_submit.py:579} INFO - 26/04/04 13:27:15 INFO SparkContext: Starting job: showString at NativeMethodAccessorImpl.java:0
[2026-04-04T13:27:15.769+0000] {spark_submit.py:579} INFO - 26/04/04 13:27:15 INFO DAGScheduler: Got job 3 (showString at NativeMethodAccessorImpl.java:0) with 1 output partitions
[2026-04-04T13:27:15.769+0000] {spark_submit.py:579} INFO - 26/04/04 13:27:15 INFO DAGScheduler: Final stage: ResultStage 5 (showString at NativeMethodAccessorImpl.java:0)
[2026-04-04T13:27:15.770+0000] {spark_submit.py:579} INFO - 26/04/04 13:27:15 INFO DAGScheduler: Parents of final stage: List(ShuffleMapStage 4)
[2026-04-04T13:27:15.770+0000] {spark_submit.py:579} INFO - 26/04/04 13:27:15 INFO DAGScheduler: Missing parents: List()
[2026-04-04T13:27:15.771+0000] {spark_submit.py:579} INFO - 26/04/04 13:27:15 INFO DAGScheduler: Submitting ResultStage 5 (MapPartitionsRDD[12] at showString at NativeMethodAccessorImpl.java:0), which has no missing parents
[2026-04-04T13:27:15.783+0000] {spark_submit.py:579} INFO - 26/04/04 13:27:15 INFO MemoryStore: Block broadcast_3 stored as values in memory (estimated size 57.3 KiB, free 127.1 MiB)
[2026-04-04T13:27:15.790+0000] {spark_submit.py:579} INFO - 26/04/04 13:27:15 INFO MemoryStore: Block broadcast_3_piece0 stored as bytes in memory (estimated size 25.1 KiB, free 127.1 MiB)
[2026-04-04T13:27:15.791+0000] {spark_submit.py:579} INFO - 26/04/04 13:27:15 INFO BlockManagerInfo: Added broadcast_3_piece0 in memory on da731042e3a5:42175 (size: 25.1 KiB, free: 127.2 MiB)
[2026-04-04T13:27:15.793+0000] {spark_submit.py:579} INFO - 26/04/04 13:27:15 INFO SparkContext: Created broadcast 3 from broadcast at DAGScheduler.scala:1585
[2026-04-04T13:27:15.793+0000] {spark_submit.py:579} INFO - 26/04/04 13:27:15 INFO BlockManagerInfo: Removed broadcast_2_piece0 on da731042e3a5:42175 in memory (size: 18.9 KiB, free: 127.2 MiB)
[2026-04-04T13:27:15.796+0000] {spark_submit.py:579} INFO - 26/04/04 13:27:15 INFO DAGScheduler: Submitting 1 missing tasks from ResultStage 5 (MapPartitionsRDD[12] at showString at NativeMethodAccessorImpl.java:0) (first 15 tasks are for partitions Vector(0))
[2026-04-04T13:27:15.797+0000] {spark_submit.py:579} INFO - 26/04/04 13:27:15 INFO TaskSchedulerImpl: Adding task set 5.0 with 1 tasks resource profile 0
[2026-04-04T13:27:15.797+0000] {spark_submit.py:579} INFO - 26/04/04 13:27:15 INFO BlockManagerInfo: Removed broadcast_2_piece0 on 172.27.0.8:36277 in memory (size: 18.9 KiB, free: 127.2 MiB)
[2026-04-04T13:27:15.800+0000] {spark_submit.py:579} INFO - 26/04/04 13:27:15 INFO TaskSetManager: Starting task 0.0 in stage 5.0 (TID 3) (172.27.0.8, executor 0, partition 0, NODE_LOCAL, 9552 bytes)
[2026-04-04T13:27:15.833+0000] {spark_submit.py:579} INFO - 26/04/04 13:27:15 INFO BlockManagerInfo: Added broadcast_3_piece0 in memory on 172.27.0.8:36277 (size: 25.1 KiB, free: 127.2 MiB)
[2026-04-04T13:27:15.998+0000] {spark_submit.py:579} INFO - 26/04/04 13:27:15 INFO MapOutputTrackerMasterEndpoint: Asked to send map output locations for shuffle 1 to 172.27.0.8:48478
[2026-04-04T13:27:16.159+0000] {spark_submit.py:579} INFO - 26/04/04 13:27:16 INFO TaskSetManager: Finished task 0.0 in stage 5.0 (TID 3) in 361 ms on 172.27.0.8 (executor 0) (1/1)
[2026-04-04T13:27:16.160+0000] {spark_submit.py:579} INFO - 26/04/04 13:27:16 INFO TaskSchedulerImpl: Removed TaskSet 5.0, whose tasks have all completed, from pool
[2026-04-04T13:27:16.163+0000] {spark_submit.py:579} INFO - 26/04/04 13:27:16 INFO DAGScheduler: ResultStage 5 (showString at NativeMethodAccessorImpl.java:0) finished in 0.384 s
[2026-04-04T13:27:16.164+0000] {spark_submit.py:579} INFO - 26/04/04 13:27:16 INFO DAGScheduler: Job 3 is finished. Cancelling potential speculative or zombie tasks for this job
[2026-04-04T13:27:16.165+0000] {spark_submit.py:579} INFO - 26/04/04 13:27:16 INFO TaskSchedulerImpl: Killing all running tasks in stage 5: Stage finished
[2026-04-04T13:27:16.166+0000] {spark_submit.py:579} INFO - 26/04/04 13:27:16 INFO DAGScheduler: Job 3 finished: showString at NativeMethodAccessorImpl.java:0, took 0.399445 s
[2026-04-04T13:27:16.215+0000] {spark_submit.py:579} INFO - 26/04/04 13:27:16 INFO CodeGenerator: Code generated in 24.537699 ms
[2026-04-04T13:27:16.979+0000] {spark_submit.py:579} INFO - 26/04/04 13:27:16 INFO BlockManagerInfo: Removed broadcast_3_piece0 on da731042e3a5:42175 in memory (size: 25.1 KiB, free: 127.2 MiB)
[2026-04-04T13:27:16.984+0000] {spark_submit.py:579} INFO - 26/04/04 13:27:16 INFO BlockManagerInfo: Removed broadcast_3_piece0 on 172.27.0.8:36277 in memory (size: 25.1 KiB, free: 127.2 MiB)
[2026-04-04T13:27:17.576+0000] {spark_submit.py:579} INFO - 26/04/04 13:27:17 INFO CodeGenerator: Code generated in 15.101449 ms
[2026-04-04T13:27:17.588+0000] {spark_submit.py:579} INFO - +-------------+--------+-----------------+------------+----------+
[2026-04-04T13:27:17.589+0000] {spark_submit.py:579} INFO - |merchant_city|currency|transaction_count|total_amount|avg_amount|
[2026-04-04T13:27:17.589+0000] {spark_submit.py:579} INFO - +-------------+--------+-----------------+------------+----------+
[2026-04-04T13:27:17.589+0000] {spark_submit.py:579} INFO - |         Baku|     AZN|                2|     1170.75|    585.38|
[2026-04-04T13:27:17.589+0000] {spark_submit.py:579} INFO - |        Ganja|     AZN|                2|      760.00|    380.00|
[2026-04-04T13:27:17.589+0000] {spark_submit.py:579} INFO - |     Lankaran|     AZN|                1|      640.00|    640.00|
[2026-04-04T13:27:17.590+0000] {spark_submit.py:579} INFO - |         Baku|     EUR|                1|      510.00|    510.00|
[2026-04-04T13:27:17.590+0000] {spark_submit.py:579} INFO - |         Baku|     USD|                2|      305.75|    152.88|
[2026-04-04T13:27:17.590+0000] {spark_submit.py:579} INFO - |     Sumqayit|     AZN|                1|      290.00|    290.00|
[2026-04-04T13:27:17.590+0000] {spark_submit.py:579} INFO - |     Sumqayit|     EUR|                1|       80.00|     80.00|
[2026-04-04T13:27:17.590+0000] {spark_submit.py:579} INFO - +-------------+--------+-----------------+------------+----------+
[2026-04-04T13:27:17.591+0000] {spark_submit.py:579} INFO - 
[2026-04-04T13:27:17.821+0000] {spark_submit.py:579} INFO - 26/04/04 13:27:17 WARN MetricsConfig: Cannot locate configuration: tried hadoop-metrics2-s3a-file-system.properties,hadoop-metrics2.properties
[2026-04-04T13:27:17.838+0000] {spark_submit.py:579} INFO - 26/04/04 13:27:17 INFO MetricsSystemImpl: Scheduled Metric snapshot period at 10 second(s).
[2026-04-04T13:27:17.839+0000] {spark_submit.py:579} INFO - 26/04/04 13:27:17 INFO MetricsSystemImpl: s3a-file-system metrics system started
[2026-04-04T13:27:18.814+0000] {spark_submit.py:579} INFO - 26/04/04 13:27:18 INFO DelegatingLogStore: LogStore `LogStoreAdapter(io.delta.storage.S3SingleDriverLogStore)` is used for scheme `s3a`
[2026-04-04T13:27:19.092+0000] {spark_submit.py:579} INFO - 26/04/04 13:27:19 INFO DeltaLog: Creating initial snapshot without metadata, because the directory is empty
[2026-04-04T13:27:19.210+0000] {spark_submit.py:579} INFO - 26/04/04 13:27:19 INFO InitialSnapshot: [tableId=c443a3a1-50d7-47ba-8ae1-19aa059c831f] Created snapshot InitialSnapshot(path=s3a://bronze/transactions_agg/_delta_log, version=-1, metadata=Metadata(c89d509a-36e1-4062-9c74-70336129dd1c,null,null,Format(parquet,Map()),null,List(),Map(),Some(1775309239203)), logSegment=LogSegment(s3a://bronze/transactions_agg/_delta_log,-1,List(),org.apache.spark.sql.delta.EmptyCheckpointProvider$@29fbb8c8,-1), checksumOpt=None)
[2026-04-04T13:27:19.299+0000] {spark_submit.py:579} INFO - 26/04/04 13:27:19 INFO DeltaLog: Creating initial snapshot without metadata, because the directory is empty
[2026-04-04T13:27:19.300+0000] {spark_submit.py:579} INFO - 26/04/04 13:27:19 INFO InitialSnapshot: [tableId=c89d509a-36e1-4062-9c74-70336129dd1c] Created snapshot InitialSnapshot(path=s3a://bronze/transactions_agg/_delta_log, version=-1, metadata=Metadata(aacc03d0-35c6-4e88-b708-a7ddfc24dc0d,null,null,Format(parquet,Map()),null,List(),Map(),Some(1775309239299)), logSegment=LogSegment(s3a://bronze/transactions_agg/_delta_log,-1,List(),org.apache.spark.sql.delta.EmptyCheckpointProvider$@29fbb8c8,-1), checksumOpt=None)
[2026-04-04T13:27:19.402+0000] {spark_submit.py:579} INFO - 26/04/04 13:27:19 INFO OptimisticTransaction: [tableId=aacc03d0,txnId=9e7ca498] Updated metadata from - to Metadata(5710f8e6-46f8-4fec-b2da-ff092a31b48e,null,null,Format(parquet,Map()),{"type":"struct","fields":[{"name":"merchant_city","type":"string","nullable":true,"metadata":{"__CHAR_VARCHAR_TYPE_STRING":"varchar(50)","isSigned":false,"scale":0}},{"name":"currency","type":"string","nullable":true,"metadata":{"__CHAR_VARCHAR_TYPE_STRING":"varchar(3)","isSigned":false,"scale":0}},{"name":"transaction_count","type":"long","nullable":true,"metadata":{}},{"name":"total_amount","type":"decimal(21,2)","nullable":true,"metadata":{}},{"name":"avg_amount","type":"decimal(11,2)","nullable":true,"metadata":{}}]},List(),Map(),Some(1775309239373))
[2026-04-04T13:27:19.893+0000] {spark_submit.py:579} INFO - 26/04/04 13:27:19 INFO ParquetUtils: Using default output committer for Parquet: org.apache.parquet.hadoop.ParquetOutputCommitter
[2026-04-04T13:27:19.922+0000] {spark_submit.py:579} INFO - 26/04/04 13:27:19 INFO HashAggregateExec: spark.sql.codegen.aggregate.map.twolevel.enabled is set to true, but current version of codegened fast hashmap does not support this aggregate.
[2026-04-04T13:27:19.942+0000] {spark_submit.py:579} INFO - 26/04/04 13:27:19 INFO DAGScheduler: Registering RDD 15 (save at NativeMethodAccessorImpl.java:0) as input to shuffle 2
[2026-04-04T13:27:19.943+0000] {spark_submit.py:579} INFO - 26/04/04 13:27:19 INFO DAGScheduler: Got map stage job 4 (save at NativeMethodAccessorImpl.java:0) with 1 output partitions
[2026-04-04T13:27:19.944+0000] {spark_submit.py:579} INFO - 26/04/04 13:27:19 INFO DAGScheduler: Final stage: ShuffleMapStage 6 (save at NativeMethodAccessorImpl.java:0)
[2026-04-04T13:27:19.944+0000] {spark_submit.py:579} INFO - 26/04/04 13:27:19 INFO DAGScheduler: Parents of final stage: List()
[2026-04-04T13:27:19.945+0000] {spark_submit.py:579} INFO - 26/04/04 13:27:19 INFO DAGScheduler: Missing parents: List()
[2026-04-04T13:27:19.945+0000] {spark_submit.py:579} INFO - 26/04/04 13:27:19 INFO DAGScheduler: Submitting ShuffleMapStage 6 (MapPartitionsRDD[15] at save at NativeMethodAccessorImpl.java:0), which has no missing parents
[2026-04-04T13:27:19.948+0000] {spark_submit.py:579} INFO - 26/04/04 13:27:19 INFO MemoryStore: Block broadcast_4 stored as values in memory (estimated size 41.8 KiB, free 127.2 MiB)
[2026-04-04T13:27:19.950+0000] {spark_submit.py:579} INFO - 26/04/04 13:27:19 INFO MemoryStore: Block broadcast_4_piece0 stored as bytes in memory (estimated size 19.2 KiB, free 127.1 MiB)
[2026-04-04T13:27:19.951+0000] {spark_submit.py:579} INFO - 26/04/04 13:27:19 INFO BlockManagerInfo: Added broadcast_4_piece0 in memory on da731042e3a5:42175 (size: 19.2 KiB, free: 127.2 MiB)
[2026-04-04T13:27:19.952+0000] {spark_submit.py:579} INFO - 26/04/04 13:27:19 INFO SparkContext: Created broadcast 4 from broadcast at DAGScheduler.scala:1585
[2026-04-04T13:27:19.953+0000] {spark_submit.py:579} INFO - 26/04/04 13:27:19 INFO DAGScheduler: Submitting 1 missing tasks from ShuffleMapStage 6 (MapPartitionsRDD[15] at save at NativeMethodAccessorImpl.java:0) (first 15 tasks are for partitions Vector(0))
[2026-04-04T13:27:19.953+0000] {spark_submit.py:579} INFO - 26/04/04 13:27:19 INFO TaskSchedulerImpl: Adding task set 6.0 with 1 tasks resource profile 0
[2026-04-04T13:27:19.955+0000] {spark_submit.py:579} INFO - 26/04/04 13:27:19 INFO TaskSetManager: Starting task 0.0 in stage 6.0 (TID 4) (172.27.0.8, executor 0, partition 0, PROCESS_LOCAL, 9387 bytes)
[2026-04-04T13:27:19.973+0000] {spark_submit.py:579} INFO - 26/04/04 13:27:19 INFO BlockManagerInfo: Added broadcast_4_piece0 in memory on 172.27.0.8:36277 (size: 19.2 KiB, free: 127.2 MiB)
[2026-04-04T13:27:20.044+0000] {spark_submit.py:579} INFO - 26/04/04 13:27:20 INFO TaskSetManager: Finished task 0.0 in stage 6.0 (TID 4) in 90 ms on 172.27.0.8 (executor 0) (1/1)
[2026-04-04T13:27:20.044+0000] {spark_submit.py:579} INFO - 26/04/04 13:27:20 INFO TaskSchedulerImpl: Removed TaskSet 6.0, whose tasks have all completed, from pool
[2026-04-04T13:27:20.046+0000] {spark_submit.py:579} INFO - 26/04/04 13:27:20 INFO DAGScheduler: ShuffleMapStage 6 (save at NativeMethodAccessorImpl.java:0) finished in 0.100 s
[2026-04-04T13:27:20.046+0000] {spark_submit.py:579} INFO - 26/04/04 13:27:20 INFO DAGScheduler: looking for newly runnable stages
[2026-04-04T13:27:20.047+0000] {spark_submit.py:579} INFO - 26/04/04 13:27:20 INFO DAGScheduler: running: Set()
[2026-04-04T13:27:20.047+0000] {spark_submit.py:579} INFO - 26/04/04 13:27:20 INFO DAGScheduler: waiting: Set()
[2026-04-04T13:27:20.048+0000] {spark_submit.py:579} INFO - 26/04/04 13:27:20 INFO DAGScheduler: failed: Set()
[2026-04-04T13:27:20.055+0000] {spark_submit.py:579} INFO - 26/04/04 13:27:20 INFO ShufflePartitionsUtil: For shuffle(2), advisory target size: 67108864, actual target size 1048576, minimum partition size: 1048576
[2026-04-04T13:27:20.069+0000] {spark_submit.py:579} INFO - 26/04/04 13:27:20 INFO HashAggregateExec: spark.sql.codegen.aggregate.map.twolevel.enabled is set to true, but current version of codegened fast hashmap does not support this aggregate.
[2026-04-04T13:27:20.103+0000] {spark_submit.py:579} INFO - 26/04/04 13:27:20 INFO CodeGenerator: Code generated in 9.094064 ms
[2026-04-04T13:27:20.130+0000] {spark_submit.py:579} INFO - 26/04/04 13:27:20 INFO BlockManagerInfo: Removed broadcast_4_piece0 on da731042e3a5:42175 in memory (size: 19.2 KiB, free: 127.2 MiB)
[2026-04-04T13:27:20.134+0000] {spark_submit.py:579} INFO - 26/04/04 13:27:20 INFO BlockManagerInfo: Removed broadcast_4_piece0 on 172.27.0.8:36277 in memory (size: 19.2 KiB, free: 127.2 MiB)
[2026-04-04T13:27:20.163+0000] {spark_submit.py:579} INFO - 26/04/04 13:27:20 INFO SparkContext: Starting job: save at NativeMethodAccessorImpl.java:0
[2026-04-04T13:27:20.165+0000] {spark_submit.py:579} INFO - 26/04/04 13:27:20 INFO DAGScheduler: Got job 5 (save at NativeMethodAccessorImpl.java:0) with 1 output partitions
[2026-04-04T13:27:20.165+0000] {spark_submit.py:579} INFO - 26/04/04 13:27:20 INFO DAGScheduler: Final stage: ResultStage 8 (save at NativeMethodAccessorImpl.java:0)
[2026-04-04T13:27:20.166+0000] {spark_submit.py:579} INFO - 26/04/04 13:27:20 INFO DAGScheduler: Parents of final stage: List(ShuffleMapStage 7)
[2026-04-04T13:27:20.166+0000] {spark_submit.py:579} INFO - 26/04/04 13:27:20 INFO DAGScheduler: Missing parents: List()
[2026-04-04T13:27:20.166+0000] {spark_submit.py:579} INFO - 26/04/04 13:27:20 INFO DAGScheduler: Submitting ResultStage 8 (MapPartitionsRDD[20] at save at NativeMethodAccessorImpl.java:0), which has no missing parents
[2026-04-04T13:27:20.172+0000] {spark_submit.py:579} INFO - 26/04/04 13:27:20 INFO MemoryStore: Block broadcast_5 stored as values in memory (estimated size 57.4 KiB, free 127.1 MiB)
[2026-04-04T13:27:20.176+0000] {spark_submit.py:579} INFO - 26/04/04 13:27:20 INFO MemoryStore: Block broadcast_5_piece0 stored as bytes in memory (estimated size 25.2 KiB, free 127.1 MiB)
[2026-04-04T13:27:20.177+0000] {spark_submit.py:579} INFO - 26/04/04 13:27:20 INFO BlockManagerInfo: Added broadcast_5_piece0 in memory on da731042e3a5:42175 (size: 25.2 KiB, free: 127.2 MiB)
[2026-04-04T13:27:20.178+0000] {spark_submit.py:579} INFO - 26/04/04 13:27:20 INFO SparkContext: Created broadcast 5 from broadcast at DAGScheduler.scala:1585
[2026-04-04T13:27:20.179+0000] {spark_submit.py:579} INFO - 26/04/04 13:27:20 INFO DAGScheduler: Submitting 1 missing tasks from ResultStage 8 (MapPartitionsRDD[20] at save at NativeMethodAccessorImpl.java:0) (first 15 tasks are for partitions Vector(0))
[2026-04-04T13:27:20.179+0000] {spark_submit.py:579} INFO - 26/04/04 13:27:20 INFO TaskSchedulerImpl: Adding task set 8.0 with 1 tasks resource profile 0
[2026-04-04T13:27:20.181+0000] {spark_submit.py:579} INFO - 26/04/04 13:27:20 INFO TaskSetManager: Starting task 0.0 in stage 8.0 (TID 5) (172.27.0.8, executor 0, partition 0, NODE_LOCAL, 9552 bytes)
[2026-04-04T13:27:20.198+0000] {spark_submit.py:579} INFO - 26/04/04 13:27:20 INFO BlockManagerInfo: Added broadcast_5_piece0 in memory on 172.27.0.8:36277 (size: 25.2 KiB, free: 127.2 MiB)
[2026-04-04T13:27:20.225+0000] {spark_submit.py:579} INFO - 26/04/04 13:27:20 INFO MapOutputTrackerMasterEndpoint: Asked to send map output locations for shuffle 2 to 172.27.0.8:48478
[2026-04-04T13:27:20.278+0000] {spark_submit.py:579} INFO - 26/04/04 13:27:20 INFO TaskSetManager: Finished task 0.0 in stage 8.0 (TID 5) in 96 ms on 172.27.0.8 (executor 0) (1/1)
[2026-04-04T13:27:20.278+0000] {spark_submit.py:579} INFO - 26/04/04 13:27:20 INFO TaskSchedulerImpl: Removed TaskSet 8.0, whose tasks have all completed, from pool
[2026-04-04T13:27:20.279+0000] {spark_submit.py:579} INFO - 26/04/04 13:27:20 INFO DAGScheduler: ResultStage 8 (save at NativeMethodAccessorImpl.java:0) finished in 0.109 s
[2026-04-04T13:27:20.280+0000] {spark_submit.py:579} INFO - 26/04/04 13:27:20 INFO DAGScheduler: Job 5 is finished. Cancelling potential speculative or zombie tasks for this job
[2026-04-04T13:27:20.280+0000] {spark_submit.py:579} INFO - 26/04/04 13:27:20 INFO TaskSchedulerImpl: Killing all running tasks in stage 8: Stage finished
[2026-04-04T13:27:20.281+0000] {spark_submit.py:579} INFO - 26/04/04 13:27:20 INFO DAGScheduler: Job 5 finished: save at NativeMethodAccessorImpl.java:0, took 0.116723 s
[2026-04-04T13:27:20.292+0000] {spark_submit.py:579} INFO - 26/04/04 13:27:20 INFO DAGScheduler: Registering RDD 21 (save at NativeMethodAccessorImpl.java:0) as input to shuffle 3
[2026-04-04T13:27:20.292+0000] {spark_submit.py:579} INFO - 26/04/04 13:27:20 INFO DAGScheduler: Got map stage job 6 (save at NativeMethodAccessorImpl.java:0) with 1 output partitions
[2026-04-04T13:27:20.293+0000] {spark_submit.py:579} INFO - 26/04/04 13:27:20 INFO DAGScheduler: Final stage: ShuffleMapStage 10 (save at NativeMethodAccessorImpl.java:0)
[2026-04-04T13:27:20.293+0000] {spark_submit.py:579} INFO - 26/04/04 13:27:20 INFO DAGScheduler: Parents of final stage: List(ShuffleMapStage 9)
[2026-04-04T13:27:20.294+0000] {spark_submit.py:579} INFO - 26/04/04 13:27:20 INFO DAGScheduler: Missing parents: List()
[2026-04-04T13:27:20.294+0000] {spark_submit.py:579} INFO - 26/04/04 13:27:20 INFO DAGScheduler: Submitting ShuffleMapStage 10 (MapPartitionsRDD[21] at save at NativeMethodAccessorImpl.java:0), which has no missing parents
[2026-04-04T13:27:20.304+0000] {spark_submit.py:579} INFO - 26/04/04 13:27:20 INFO MemoryStore: Block broadcast_6 stored as values in memory (estimated size 58.7 KiB, free 127.1 MiB)
[2026-04-04T13:27:20.306+0000] {spark_submit.py:579} INFO - 26/04/04 13:27:20 INFO MemoryStore: Block broadcast_6_piece0 stored as bytes in memory (estimated size 25.7 KiB, free 127.0 MiB)
[2026-04-04T13:27:20.307+0000] {spark_submit.py:579} INFO - 26/04/04 13:27:20 INFO BlockManagerInfo: Added broadcast_6_piece0 in memory on da731042e3a5:42175 (size: 25.7 KiB, free: 127.2 MiB)
[2026-04-04T13:27:20.308+0000] {spark_submit.py:579} INFO - 26/04/04 13:27:20 INFO SparkContext: Created broadcast 6 from broadcast at DAGScheduler.scala:1585
[2026-04-04T13:27:20.309+0000] {spark_submit.py:579} INFO - 26/04/04 13:27:20 INFO DAGScheduler: Submitting 1 missing tasks from ShuffleMapStage 10 (MapPartitionsRDD[21] at save at NativeMethodAccessorImpl.java:0) (first 15 tasks are for partitions Vector(0))
[2026-04-04T13:27:20.309+0000] {spark_submit.py:579} INFO - 26/04/04 13:27:20 INFO TaskSchedulerImpl: Adding task set 10.0 with 1 tasks resource profile 0
[2026-04-04T13:27:20.311+0000] {spark_submit.py:579} INFO - 26/04/04 13:27:20 INFO TaskSetManager: Starting task 0.0 in stage 10.0 (TID 6) (172.27.0.8, executor 0, partition 0, NODE_LOCAL, 9541 bytes)
[2026-04-04T13:27:20.326+0000] {spark_submit.py:579} INFO - 26/04/04 13:27:20 INFO BlockManagerInfo: Added broadcast_6_piece0 in memory on 172.27.0.8:36277 (size: 25.7 KiB, free: 127.2 MiB)
[2026-04-04T13:27:20.393+0000] {spark_submit.py:579} INFO - 26/04/04 13:27:20 INFO TaskSetManager: Finished task 0.0 in stage 10.0 (TID 6) in 82 ms on 172.27.0.8 (executor 0) (1/1)
[2026-04-04T13:27:20.393+0000] {spark_submit.py:579} INFO - 26/04/04 13:27:20 INFO TaskSchedulerImpl: Removed TaskSet 10.0, whose tasks have all completed, from pool
[2026-04-04T13:27:20.395+0000] {spark_submit.py:579} INFO - 26/04/04 13:27:20 INFO DAGScheduler: ShuffleMapStage 10 (save at NativeMethodAccessorImpl.java:0) finished in 0.096 s
[2026-04-04T13:27:20.395+0000] {spark_submit.py:579} INFO - 26/04/04 13:27:20 INFO DAGScheduler: looking for newly runnable stages
[2026-04-04T13:27:20.396+0000] {spark_submit.py:579} INFO - 26/04/04 13:27:20 INFO DAGScheduler: running: Set()
[2026-04-04T13:27:20.396+0000] {spark_submit.py:579} INFO - 26/04/04 13:27:20 INFO DAGScheduler: waiting: Set()
[2026-04-04T13:27:20.396+0000] {spark_submit.py:579} INFO - 26/04/04 13:27:20 INFO DAGScheduler: failed: Set()
[2026-04-04T13:27:20.400+0000] {spark_submit.py:579} INFO - 26/04/04 13:27:20 INFO ShufflePartitionsUtil: For shuffle(3), advisory target size: 67108864, actual target size 1048576, minimum partition size: 1048576
[2026-04-04T13:27:20.459+0000] {spark_submit.py:579} INFO - 26/04/04 13:27:20 INFO CodeGenerator: Code generated in 19.099221 ms
[2026-04-04T13:27:20.564+0000] {spark_submit.py:579} INFO - 26/04/04 13:27:20 INFO SparkContext: Starting job: save at NativeMethodAccessorImpl.java:0
[2026-04-04T13:27:20.566+0000] {spark_submit.py:579} INFO - 26/04/04 13:27:20 INFO DAGScheduler: Got job 7 (save at NativeMethodAccessorImpl.java:0) with 1 output partitions
[2026-04-04T13:27:20.566+0000] {spark_submit.py:579} INFO - 26/04/04 13:27:20 INFO DAGScheduler: Final stage: ResultStage 13 (save at NativeMethodAccessorImpl.java:0)
[2026-04-04T13:27:20.567+0000] {spark_submit.py:579} INFO - 26/04/04 13:27:20 INFO DAGScheduler: Parents of final stage: List(ShuffleMapStage 12)
[2026-04-04T13:27:20.567+0000] {spark_submit.py:579} INFO - 26/04/04 13:27:20 INFO DAGScheduler: Missing parents: List()
[2026-04-04T13:27:20.568+0000] {spark_submit.py:579} INFO - 26/04/04 13:27:20 INFO DAGScheduler: Submitting ResultStage 13 (MapPartitionsRDD[24] at save at NativeMethodAccessorImpl.java:0), which has no missing parents
[2026-04-04T13:27:20.617+0000] {spark_submit.py:579} INFO - 26/04/04 13:27:20 INFO MemoryStore: Block broadcast_7 stored as values in memory (estimated size 367.2 KiB, free 126.7 MiB)
[2026-04-04T13:27:20.620+0000] {spark_submit.py:579} INFO - 26/04/04 13:27:20 INFO MemoryStore: Block broadcast_7_piece0 stored as bytes in memory (estimated size 136.4 KiB, free 126.5 MiB)
[2026-04-04T13:27:20.621+0000] {spark_submit.py:579} INFO - 26/04/04 13:27:20 INFO BlockManagerInfo: Added broadcast_7_piece0 in memory on da731042e3a5:42175 (size: 136.4 KiB, free: 127.0 MiB)
[2026-04-04T13:27:20.622+0000] {spark_submit.py:579} INFO - 26/04/04 13:27:20 INFO SparkContext: Created broadcast 7 from broadcast at DAGScheduler.scala:1585
[2026-04-04T13:27:20.622+0000] {spark_submit.py:579} INFO - 26/04/04 13:27:20 INFO DAGScheduler: Submitting 1 missing tasks from ResultStage 13 (MapPartitionsRDD[24] at save at NativeMethodAccessorImpl.java:0) (first 15 tasks are for partitions Vector(0))
[2026-04-04T13:27:20.623+0000] {spark_submit.py:579} INFO - 26/04/04 13:27:20 INFO TaskSchedulerImpl: Adding task set 13.0 with 1 tasks resource profile 0
[2026-04-04T13:27:20.625+0000] {spark_submit.py:579} INFO - 26/04/04 13:27:20 INFO TaskSetManager: Starting task 0.0 in stage 13.0 (TID 7) (172.27.0.8, executor 0, partition 0, NODE_LOCAL, 9552 bytes)
[2026-04-04T13:27:20.646+0000] {spark_submit.py:579} INFO - 26/04/04 13:27:20 INFO BlockManagerInfo: Added broadcast_7_piece0 in memory on 172.27.0.8:36277 (size: 136.4 KiB, free: 127.0 MiB)
[2026-04-04T13:27:20.885+0000] {spark_submit.py:579} INFO - 26/04/04 13:27:20 INFO MapOutputTrackerMasterEndpoint: Asked to send map output locations for shuffle 3 to 172.27.0.8:48478
[2026-04-04T13:27:32.634+0000] {spark_submit.py:579} INFO - 26/04/04 13:27:32 INFO TaskSetManager: Finished task 0.0 in stage 13.0 (TID 7) in 12010 ms on 172.27.0.8 (executor 0) (1/1)
[2026-04-04T13:27:32.635+0000] {spark_submit.py:579} INFO - 26/04/04 13:27:32 INFO TaskSchedulerImpl: Removed TaskSet 13.0, whose tasks have all completed, from pool
[2026-04-04T13:27:32.636+0000] {spark_submit.py:579} INFO - 26/04/04 13:27:32 INFO DAGScheduler: ResultStage 13 (save at NativeMethodAccessorImpl.java:0) finished in 12.067 s
[2026-04-04T13:27:32.637+0000] {spark_submit.py:579} INFO - 26/04/04 13:27:32 INFO DAGScheduler: Job 7 is finished. Cancelling potential speculative or zombie tasks for this job
[2026-04-04T13:27:32.641+0000] {spark_submit.py:579} INFO - 26/04/04 13:27:32 INFO TaskSchedulerImpl: Killing all running tasks in stage 13: Stage finished
[2026-04-04T13:27:32.642+0000] {spark_submit.py:579} INFO - 26/04/04 13:27:32 INFO DAGScheduler: Job 7 finished: save at NativeMethodAccessorImpl.java:0, took 12.074448 s
[2026-04-04T13:27:32.642+0000] {spark_submit.py:579} INFO - 26/04/04 13:27:32 INFO DeltaFileFormatWriter: Start to commit write Job 71b867b7-0c55-42ec-8451-da15f808abd3.
[2026-04-04T13:27:32.645+0000] {spark_submit.py:579} INFO - 26/04/04 13:27:32 INFO DeltaFileFormatWriter: Write Job 71b867b7-0c55-42ec-8451-da15f808abd3 committed. Elapsed time: 1 ms.
[2026-04-04T13:27:32.650+0000] {spark_submit.py:579} INFO - 26/04/04 13:27:32 INFO DeltaFileFormatWriter: Finished processing stats for write job 71b867b7-0c55-42ec-8451-da15f808abd3.
[2026-04-04T13:27:32.909+0000] {spark_submit.py:579} INFO - 26/04/04 13:27:32 INFO BlockManagerInfo: Removed broadcast_7_piece0 on da731042e3a5:42175 in memory (size: 136.4 KiB, free: 127.2 MiB)
[2026-04-04T13:27:32.912+0000] {spark_submit.py:579} INFO - 26/04/04 13:27:32 INFO BlockManagerInfo: Removed broadcast_7_piece0 on 172.27.0.8:36277 in memory (size: 136.4 KiB, free: 127.2 MiB)
[2026-04-04T13:27:32.919+0000] {spark_submit.py:579} INFO - 26/04/04 13:27:32 INFO BlockManagerInfo: Removed broadcast_5_piece0 on da731042e3a5:42175 in memory (size: 25.2 KiB, free: 127.2 MiB)
[2026-04-04T13:27:32.922+0000] {spark_submit.py:579} INFO - 26/04/04 13:27:32 INFO BlockManagerInfo: Removed broadcast_5_piece0 on 172.27.0.8:36277 in memory (size: 25.2 KiB, free: 127.2 MiB)
[2026-04-04T13:27:32.929+0000] {spark_submit.py:579} INFO - 26/04/04 13:27:32 INFO BlockManagerInfo: Removed broadcast_6_piece0 on da731042e3a5:42175 in memory (size: 25.7 KiB, free: 127.2 MiB)
[2026-04-04T13:27:32.933+0000] {spark_submit.py:579} INFO - 26/04/04 13:27:32 INFO BlockManagerInfo: Removed broadcast_6_piece0 on 172.27.0.8:36277 in memory (size: 25.7 KiB, free: 127.2 MiB)
[2026-04-04T13:27:34.003+0000] {spark_submit.py:579} INFO - 26/04/04 13:27:34 INFO CodeGenerator: Code generated in 202.561246 ms
[2026-04-04T13:27:34.048+0000] {spark_submit.py:579} INFO - 26/04/04 13:27:34 INFO SparkContext: Starting job: $anonfun$recordDeltaOperationInternal$1 at DatabricksLogging.scala:128
[2026-04-04T13:27:34.049+0000] {spark_submit.py:579} INFO - 26/04/04 13:27:34 INFO DAGScheduler: Job 8 finished: $anonfun$recordDeltaOperationInternal$1 at DatabricksLogging.scala:128, took 0.000295 s
[2026-04-04T13:27:34.182+0000] {spark_submit.py:579} INFO - 26/04/04 13:27:34 INFO OptimisticTransaction: [tableId=aacc03d0,txnId=9e7ca498] Attempting to commit version 0 with 4 actions with Serializable isolation level
[2026-04-04T13:27:34.483+0000] {spark_submit.py:579} INFO - 26/04/04 13:27:34 INFO DeltaLog: Creating a new snapshot v0 for commit version 0
[2026-04-04T13:27:34.484+0000] {spark_submit.py:579} INFO - 26/04/04 13:27:34 INFO DeltaLog: Loading version 0.
[2026-04-04T13:27:34.502+0000] {spark_submit.py:579} INFO - 26/04/04 13:27:34 INFO DeltaLogFileIndex: Created DeltaLogFileIndex(JSON, numFilesInSegment: 1, totalFileSize: 1796)
[2026-04-04T13:27:34.741+0000] {spark_submit.py:579} INFO - 26/04/04 13:27:34 INFO DataSourceStrategy: Pruning directories with:
[2026-04-04T13:27:34.746+0000] {spark_submit.py:579} INFO - 26/04/04 13:27:34 INFO FileSourceStrategy: Pushed Filters:
[2026-04-04T13:27:34.748+0000] {spark_submit.py:579} INFO - 26/04/04 13:27:34 INFO FileSourceStrategy: Post-Scan Filters: ((isnotnull(protocol#365.minReaderVersion) OR isnotnull(metaData#364.id)) OR (isnotnull(commitInfo#366.inCommitTimestamp) AND (version#367L = 0)))
[2026-04-04T13:27:34.834+0000] {spark_submit.py:579} INFO - 26/04/04 13:27:34 INFO CodeGenerator: Code generated in 50.165571 ms
[2026-04-04T13:27:34.848+0000] {spark_submit.py:579} INFO - 26/04/04 13:27:34 INFO MemoryStore: Block broadcast_8 stored as values in memory (estimated size 202.8 KiB, free 127.0 MiB)
[2026-04-04T13:27:34.857+0000] {spark_submit.py:579} INFO - 26/04/04 13:27:34 INFO MemoryStore: Block broadcast_8_piece0 stored as bytes in memory (estimated size 35.2 KiB, free 127.0 MiB)
[2026-04-04T13:27:34.858+0000] {spark_submit.py:579} INFO - 26/04/04 13:27:34 INFO BlockManagerInfo: Added broadcast_8_piece0 in memory on da731042e3a5:42175 (size: 35.2 KiB, free: 127.2 MiB)
[2026-04-04T13:27:34.860+0000] {spark_submit.py:579} INFO - 26/04/04 13:27:34 INFO SparkContext: Created broadcast 8 from $anonfun$recordDeltaOperationInternal$1 at DatabricksLogging.scala:128
[2026-04-04T13:27:34.897+0000] {spark_submit.py:579} INFO - 26/04/04 13:27:34 INFO FileSourceScanExec: Planning scan with bin packing, max size: 4194304 bytes, open cost is considered as scanning 4194304 bytes.
[2026-04-04T13:27:34.982+0000] {spark_submit.py:579} INFO - 26/04/04 13:27:34 INFO SparkContext: Starting job: $anonfun$recordDeltaOperationInternal$1 at DatabricksLogging.scala:128
[2026-04-04T13:27:34.984+0000] {spark_submit.py:579} INFO - 26/04/04 13:27:34 INFO DAGScheduler: Got job 9 ($anonfun$recordDeltaOperationInternal$1 at DatabricksLogging.scala:128) with 1 output partitions
[2026-04-04T13:27:34.984+0000] {spark_submit.py:579} INFO - 26/04/04 13:27:34 INFO DAGScheduler: Final stage: ResultStage 14 ($anonfun$recordDeltaOperationInternal$1 at DatabricksLogging.scala:128)
[2026-04-04T13:27:34.984+0000] {spark_submit.py:579} INFO - 26/04/04 13:27:34 INFO DAGScheduler: Parents of final stage: List()
[2026-04-04T13:27:34.984+0000] {spark_submit.py:579} INFO - 26/04/04 13:27:34 INFO DAGScheduler: Missing parents: List()
[2026-04-04T13:27:34.985+0000] {spark_submit.py:579} INFO - 26/04/04 13:27:34 INFO DAGScheduler: Submitting ResultStage 14 (MapPartitionsRDD[32] at $anonfun$recordDeltaOperationInternal$1 at DatabricksLogging.scala:128), which has no missing parents
[2026-04-04T13:27:34.990+0000] {spark_submit.py:579} INFO - 26/04/04 13:27:34 INFO MemoryStore: Block broadcast_9 stored as values in memory (estimated size 55.2 KiB, free 126.9 MiB)
[2026-04-04T13:27:34.992+0000] {spark_submit.py:579} INFO - 26/04/04 13:27:34 INFO MemoryStore: Block broadcast_9_piece0 stored as bytes in memory (estimated size 17.1 KiB, free 126.9 MiB)
[2026-04-04T13:27:34.993+0000] {spark_submit.py:579} INFO - 26/04/04 13:27:34 INFO BlockManagerInfo: Added broadcast_9_piece0 in memory on da731042e3a5:42175 (size: 17.1 KiB, free: 127.1 MiB)
[2026-04-04T13:27:34.994+0000] {spark_submit.py:579} INFO - 26/04/04 13:27:34 INFO SparkContext: Created broadcast 9 from broadcast at DAGScheduler.scala:1585
[2026-04-04T13:27:34.995+0000] {spark_submit.py:579} INFO - 26/04/04 13:27:34 INFO DAGScheduler: Submitting 1 missing tasks from ResultStage 14 (MapPartitionsRDD[32] at $anonfun$recordDeltaOperationInternal$1 at DatabricksLogging.scala:128) (first 15 tasks are for partitions Vector(0))
[2026-04-04T13:27:34.996+0000] {spark_submit.py:579} INFO - 26/04/04 13:27:34 INFO TaskSchedulerImpl: Adding task set 14.0 with 1 tasks resource profile 0
[2026-04-04T13:27:35.006+0000] {spark_submit.py:579} INFO - 26/04/04 13:27:35 INFO TaskSetManager: Starting task 0.0 in stage 14.0 (TID 8) (172.27.0.8, executor 0, partition 0, PROCESS_LOCAL, 10195 bytes)
[2026-04-04T13:27:35.045+0000] {spark_submit.py:579} INFO - 26/04/04 13:27:35 INFO BlockManagerInfo: Added broadcast_9_piece0 in memory on 172.27.0.8:36277 (size: 17.1 KiB, free: 127.2 MiB)
[2026-04-04T13:27:35.274+0000] {spark_submit.py:579} INFO - 26/04/04 13:27:35 INFO BlockManagerInfo: Added broadcast_8_piece0 in memory on 172.27.0.8:36277 (size: 35.2 KiB, free: 127.1 MiB)
[2026-04-04T13:27:35.408+0000] {spark_submit.py:579} INFO - 26/04/04 13:27:35 INFO TaskSetManager: Finished task 0.0 in stage 14.0 (TID 8) in 410 ms on 172.27.0.8 (executor 0) (1/1)
[2026-04-04T13:27:35.409+0000] {spark_submit.py:579} INFO - 26/04/04 13:27:35 INFO TaskSchedulerImpl: Removed TaskSet 14.0, whose tasks have all completed, from pool
[2026-04-04T13:27:35.410+0000] {spark_submit.py:579} INFO - 26/04/04 13:27:35 INFO DAGScheduler: ResultStage 14 ($anonfun$recordDeltaOperationInternal$1 at DatabricksLogging.scala:128) finished in 0.421 s
[2026-04-04T13:27:35.412+0000] {spark_submit.py:579} INFO - 26/04/04 13:27:35 INFO DAGScheduler: Job 9 is finished. Cancelling potential speculative or zombie tasks for this job
[2026-04-04T13:27:35.413+0000] {spark_submit.py:579} INFO - 26/04/04 13:27:35 INFO TaskSchedulerImpl: Killing all running tasks in stage 14: Stage finished
[2026-04-04T13:27:35.413+0000] {spark_submit.py:579} INFO - 26/04/04 13:27:35 INFO DAGScheduler: Job 9 finished: $anonfun$recordDeltaOperationInternal$1 at DatabricksLogging.scala:128, took 0.429804 s
[2026-04-04T13:27:35.473+0000] {spark_submit.py:579} INFO - 26/04/04 13:27:35 INFO CodeGenerator: Code generated in 39.618338 ms
[2026-04-04T13:27:35.478+0000] {spark_submit.py:579} INFO - 26/04/04 13:27:35 INFO Snapshot: [tableId=aacc03d0-35c6-4e88-b708-a7ddfc24dc0d] Created snapshot Snapshot(path=s3a://bronze/transactions_agg/_delta_log, version=0, metadata=Metadata(5710f8e6-46f8-4fec-b2da-ff092a31b48e,null,null,Format(parquet,Map()),{"type":"struct","fields":[{"name":"merchant_city","type":"string","nullable":true,"metadata":{"__CHAR_VARCHAR_TYPE_STRING":"varchar(50)","isSigned":false,"scale":0}},{"name":"currency","type":"string","nullable":true,"metadata":{"__CHAR_VARCHAR_TYPE_STRING":"varchar(3)","isSigned":false,"scale":0}},{"name":"transaction_count","type":"long","nullable":true,"metadata":{}},{"name":"total_amount","type":"decimal(21,2)","nullable":true,"metadata":{}},{"name":"avg_amount","type":"decimal(11,2)","nullable":true,"metadata":{}}]},List(),Map(),Some(1775309239373)), logSegment=LogSegment(s3a://bronze/transactions_agg/_delta_log,0,List(S3AFileStatus{path=s3a://bronze/transactions_agg/_delta_log/00000000000000000000.json; isDirectory=false; length=1796; replication=1; blocksize=33554432; modification_time=1775309254000; access_time=0; owner=***; group=***; permission=rw-rw-rw-; isSymlink=false; hasAcl=false; isEncrypted=true; isErasureCoded=false} isEmptyDirectory=FALSE eTag=42650c4becdc5408f29ad77f589843d4 versionId=null),org.apache.spark.sql.delta.EmptyCheckpointProvider$@29fbb8c8,1775309254000), checksumOpt=None)
[2026-04-04T13:27:35.480+0000] {spark_submit.py:579} INFO - 26/04/04 13:27:35 INFO DeltaLog: Updated snapshot to Snapshot(path=s3a://bronze/transactions_agg/_delta_log, version=0, metadata=Metadata(5710f8e6-46f8-4fec-b2da-ff092a31b48e,null,null,Format(parquet,Map()),{"type":"struct","fields":[{"name":"merchant_city","type":"string","nullable":true,"metadata":{"__CHAR_VARCHAR_TYPE_STRING":"varchar(50)","isSigned":false,"scale":0}},{"name":"currency","type":"string","nullable":true,"metadata":{"__CHAR_VARCHAR_TYPE_STRING":"varchar(3)","isSigned":false,"scale":0}},{"name":"transaction_count","type":"long","nullable":true,"metadata":{}},{"name":"total_amount","type":"decimal(21,2)","nullable":true,"metadata":{}},{"name":"avg_amount","type":"decimal(11,2)","nullable":true,"metadata":{}}]},List(),Map(),Some(1775309239373)), logSegment=LogSegment(s3a://bronze/transactions_agg/_delta_log,0,List(S3AFileStatus{path=s3a://bronze/transactions_agg/_delta_log/00000000000000000000.json; isDirectory=false; length=1796; replication=1; blocksize=33554432; modification_time=1775309254000; access_time=0; owner=***; group=***; permission=rw-rw-rw-; isSymlink=false; hasAcl=false; isEncrypted=true; isErasureCoded=false} isEmptyDirectory=FALSE eTag=42650c4becdc5408f29ad77f589843d4 versionId=null),org.apache.spark.sql.delta.EmptyCheckpointProvider$@29fbb8c8,1775309254000), checksumOpt=None)
[2026-04-04T13:27:35.521+0000] {spark_submit.py:579} INFO - 26/04/04 13:27:35 INFO OptimisticTransaction: [tableId=aacc03d0,txnId=9e7ca498] Committed delta #0 to s3a://bronze/transactions_agg/_delta_log
[2026-04-04T13:27:35.530+0000] {spark_submit.py:579} INFO - Nəticə yazıldı: s3a://bronze/transactions_agg
[2026-04-04T13:27:35.530+0000] {spark_submit.py:579} INFO - 26/04/04 13:27:35 INFO SparkContext: SparkContext is stopping with exitCode 0.
[2026-04-04T13:27:35.556+0000] {spark_submit.py:579} INFO - 26/04/04 13:27:35 INFO SparkUI: Stopped Spark web UI at http://da731042e3a5:4040
[2026-04-04T13:27:35.560+0000] {spark_submit.py:579} INFO - 26/04/04 13:27:35 INFO StandaloneSchedulerBackend: Shutting down all executors
[2026-04-04T13:27:35.561+0000] {spark_submit.py:579} INFO - 26/04/04 13:27:35 INFO StandaloneSchedulerBackend$StandaloneDriverEndpoint: Asking each executor to shut down
[2026-04-04T13:27:35.585+0000] {spark_submit.py:579} INFO - 26/04/04 13:27:35 INFO MapOutputTrackerMasterEndpoint: MapOutputTrackerMasterEndpoint stopped!
[2026-04-04T13:27:35.623+0000] {spark_submit.py:579} INFO - 26/04/04 13:27:35 INFO MemoryStore: MemoryStore cleared
[2026-04-04T13:27:35.624+0000] {spark_submit.py:579} INFO - 26/04/04 13:27:35 INFO BlockManager: BlockManager stopped
[2026-04-04T13:27:35.633+0000] {spark_submit.py:579} INFO - 26/04/04 13:27:35 INFO BlockManagerMaster: BlockManagerMaster stopped
[2026-04-04T13:27:35.638+0000] {spark_submit.py:579} INFO - 26/04/04 13:27:35 INFO OutputCommitCoordinator$OutputCommitCoordinatorEndpoint: OutputCommitCoordinator stopped!
[2026-04-04T13:27:35.657+0000] {spark_submit.py:579} INFO - 26/04/04 13:27:35 INFO SparkContext: Successfully stopped SparkContext
[2026-04-04T13:27:36.652+0000] {spark_submit.py:579} INFO - 26/04/04 13:27:36 INFO ShutdownHookManager: Shutdown hook called
[2026-04-04T13:27:36.658+0000] {spark_submit.py:579} INFO - 26/04/04 13:27:36 INFO ShutdownHookManager: Deleting directory /tmp/spark-34f8c5e4-c589-4b0f-b285-67459df59aac
[2026-04-04T13:27:36.701+0000] {spark_submit.py:579} INFO - 26/04/04 13:27:36 INFO ShutdownHookManager: Deleting directory /tmp/spark-ca9ec052-30eb-4b4e-9768-5e12593f64a1
[2026-04-04T13:27:36.746+0000] {spark_submit.py:579} INFO - 26/04/04 13:27:36 INFO ShutdownHookManager: Deleting directory /tmp/spark-ca9ec052-30eb-4b4e-9768-5e12593f64a1/pyspark-86ad00e5-dd9d-4764-8b97-83e9185de09a
[2026-04-04T13:27:36.811+0000] {spark_submit.py:579} INFO - 26/04/04 13:27:36 INFO MetricsSystemImpl: Stopping s3a-file-system metrics system...
[2026-04-04T13:27:36.814+0000] {spark_submit.py:579} INFO - 26/04/04 13:27:36 INFO MetricsSystemImpl: s3a-file-system metrics system stopped.
[2026-04-04T13:27:36.816+0000] {spark_submit.py:579} INFO - 26/04/04 13:27:36 INFO MetricsSystemImpl: s3a-file-system metrics system shutdown complete.
[2026-04-04T13:27:37.554+0000] {taskinstance.py:341} INFO - ::group::Post task execution logs
[2026-04-04T13:27:37.556+0000] {taskinstance.py:353} INFO - Marking task as SUCCESS. dag_id=working_operators_example, task_id=run_spark_etl, run_id=manual__2026-04-04T13:26:42.232563+00:00, execution_date=20260404T132642, start_date=20260404T132649, end_date=20260404T132737
[2026-04-04T13:27:37.916+0000] {local_task_job_runner.py:266} INFO - Task exited with return code 0
[2026-04-04T13:27:38.200+0000] {taskinstance.py:3901} INFO - 1 downstream tasks scheduled from follow-on schedule check
[2026-04-04T13:27:38.220+0000] {local_task_job_runner.py:245} INFO - ::endgroup::
