[2026-04-04T13:26:45.782+0000] {local_task_job_runner.py:123} INFO - ::group::Pre task execution logs
[2026-04-04T13:26:45.821+0000] {taskinstance.py:2614} INFO - Dependencies all met for dep_context=non-requeueable deps ti=<TaskInstance: working_operators_example.wait_for_data_in_postgres manual__2026-04-04T13:26:42.232563+00:00 [queued]>
[2026-04-04T13:26:45.836+0000] {taskinstance.py:2614} INFO - Dependencies all met for dep_context=requeueable deps ti=<TaskInstance: working_operators_example.wait_for_data_in_postgres manual__2026-04-04T13:26:42.232563+00:00 [queued]>
[2026-04-04T13:26:45.837+0000] {taskinstance.py:2867} INFO - Starting attempt 1 of 2
[2026-04-04T13:26:45.855+0000] {taskinstance.py:2890} INFO - Executing <Task(SqlSensor): wait_for_data_in_postgres> on 2026-04-04 13:26:42.232563+00:00
[2026-04-04T13:26:45.871+0000] {standard_task_runner.py:104} INFO - Running: ['***', 'tasks', 'run', 'working_operators_example', 'wait_for_data_in_postgres', 'manual__2026-04-04T13:26:42.232563+00:00', '--job-id', '23', '--raw', '--subdir', 'DAGS_FOLDER/operators_example.py', '--cfg-path', '/tmp/tmpsb327x6a']
[2026-04-04T13:26:45.874+0000] {standard_task_runner.py:105} INFO - Job 23: Subtask wait_for_data_in_postgres
[2026-04-04T13:26:45.875+0000] {logging_mixin.py:190} WARNING - /home/***/.local/lib/python3.12/site-packages/***/task/task_runner/standard_task_runner.py:70 DeprecationWarning: This process (pid=1395) is multi-threaded, use of fork() may lead to deadlocks in the child.
[2026-04-04T13:26:45.876+0000] {standard_task_runner.py:72} INFO - Started process 1396 to run task
[2026-04-04T13:26:45.986+0000] {task_command.py:467} INFO - Running <TaskInstance: working_operators_example.wait_for_data_in_postgres manual__2026-04-04T13:26:42.232563+00:00 [running]> on host da731042e3a5
[2026-04-04T13:26:46.125+0000] {taskinstance.py:3134} INFO - Exporting env vars: AIRFLOW_CTX_DAG_OWNER='nurgun' AIRFLOW_CTX_DAG_ID='working_operators_example' AIRFLOW_CTX_TASK_ID='wait_for_data_in_postgres' AIRFLOW_CTX_EXECUTION_DATE='2026-04-04T13:26:42.232563+00:00' AIRFLOW_CTX_TRY_NUMBER='1' AIRFLOW_CTX_DAG_RUN_ID='manual__2026-04-04T13:26:42.232563+00:00'
[2026-04-04T13:26:46.126+0000] {taskinstance.py:732} INFO - ::endgroup::
[2026-04-04T13:26:46.176+0000] {base.py:84} INFO - Retrieving connection 'pg_baza'
[2026-04-04T13:26:46.179+0000] {sql.py:102} INFO - Poking: SELECT COUNT(*) FROM transactions (with parameters None)
[2026-04-04T13:26:46.190+0000] {base.py:84} INFO - Retrieving connection 'pg_baza'
[2026-04-04T13:26:46.199+0000] {sql.py:511} INFO - Running statement: SELECT COUNT(*) FROM transactions, parameters: None
[2026-04-04T13:26:46.201+0000] {sql.py:520} INFO - Rows affected: 1
[2026-04-04T13:26:46.207+0000] {logging_mixin.py:190} WARNING - /home/***/.local/lib/python3.12/site-packages/***/providers/common/sql/hooks/sql.py:470 DeprecationWarning: Import of fetch_all_handler from the '***.providers.common.sql.hooks' module is deprecated and will
be removed in the future. Please import it from '***.providers.common.sql.hooks.handlers'.
[2026-04-04T13:26:46.210+0000] {logging_mixin.py:190} WARNING - /home/***/.local/lib/python3.12/site-packages/***/providers/common/sql/hooks/sql.py:471 DeprecationWarning: Import of return_single_query_results from the '***.providers.common.sql.hooks' module is deprecated and will
be removed in the future. Please import it from '***.providers.common.sql.hooks.handlers'.
[2026-04-04T13:26:46.211+0000] {logging_mixin.py:190} WARNING - /home/***/.local/lib/python3.12/site-packages/***/providers/common/sql/hooks/sql.py:486 DeprecationWarning: Import of return_single_query_results from the '***.providers.common.sql.hooks' module is deprecated and will
be removed in the future. Please import it from '***.providers.common.sql.hooks.handlers'.
[2026-04-04T13:26:46.212+0000] {base.py:339} INFO - Success criteria met. Exiting.
[2026-04-04T13:26:46.228+0000] {taskinstance.py:341} INFO - ::group::Post task execution logs
[2026-04-04T13:26:46.229+0000] {taskinstance.py:353} INFO - Marking task as SUCCESS. dag_id=working_operators_example, task_id=wait_for_data_in_postgres, run_id=manual__2026-04-04T13:26:42.232563+00:00, execution_date=20260404T132642, start_date=20260404T132645, end_date=20260404T132646
[2026-04-04T13:26:46.291+0000] {local_task_job_runner.py:266} INFO - Task exited with return code 0
[2026-04-04T13:26:46.341+0000] {taskinstance.py:3901} INFO - 1 downstream tasks scheduled from follow-on schedule check
[2026-04-04T13:26:46.344+0000] {local_task_job_runner.py:245} INFO - ::endgroup::
