[2026-03-15T10:05:42.140+0000] {local_task_job_runner.py:123} INFO - ::group::Pre task execution logs
[2026-03-15T10:05:42.177+0000] {taskinstance.py:2614} INFO - Dependencies all met for dep_context=non-requeueable deps ti=<TaskInstance: send_to_minio.upload_to_minio manual__2026-03-15T10:05:39.476918+00:00 [queued]>
[2026-03-15T10:05:42.191+0000] {taskinstance.py:2614} INFO - Dependencies all met for dep_context=requeueable deps ti=<TaskInstance: send_to_minio.upload_to_minio manual__2026-03-15T10:05:39.476918+00:00 [queued]>
[2026-03-15T10:05:42.192+0000] {taskinstance.py:2867} INFO - Starting attempt 1 of 1
[2026-03-15T10:05:42.208+0000] {taskinstance.py:2890} INFO - Executing <Task(BashOperator): upload_to_minio> on 2026-03-15 10:05:39.476918+00:00
[2026-03-15T10:05:42.223+0000] {logging_mixin.py:190} WARNING - /home/***/.local/lib/python3.12/site-packages/***/task/task_runner/standard_task_runner.py:70 DeprecationWarning: This process (pid=6930) is multi-threaded, use of fork() may lead to deadlocks in the child.
[2026-03-15T10:05:42.224+0000] {standard_task_runner.py:72} INFO - Started process 6931 to run task
[2026-03-15T10:05:42.222+0000] {standard_task_runner.py:104} INFO - Running: ['***', 'tasks', 'run', 'send_to_minio', 'upload_to_minio', 'manual__2026-03-15T10:05:39.476918+00:00', '--job-id', '31', '--raw', '--subdir', 'DAGS_FOLDER/send_to_minio.py', '--cfg-path', '/tmp/tmpjajokbdm']
[2026-03-15T10:05:42.226+0000] {standard_task_runner.py:105} INFO - Job 31: Subtask upload_to_minio
[2026-03-15T10:05:42.299+0000] {task_command.py:467} INFO - Running <TaskInstance: send_to_minio.upload_to_minio manual__2026-03-15T10:05:39.476918+00:00 [running]> on host e073b635a9aa
[2026-03-15T10:05:42.425+0000] {taskinstance.py:3134} INFO - Exporting env vars: AIRFLOW_CTX_DAG_OWNER='nurgun' AIRFLOW_CTX_DAG_ID='send_to_minio' AIRFLOW_CTX_TASK_ID='upload_to_minio' AIRFLOW_CTX_EXECUTION_DATE='2026-03-15T10:05:39.476918+00:00' AIRFLOW_CTX_TRY_NUMBER='1' AIRFLOW_CTX_DAG_RUN_ID='manual__2026-03-15T10:05:39.476918+00:00'
[2026-03-15T10:05:42.426+0000] {taskinstance.py:732} INFO - ::endgroup::
[2026-03-15T10:05:42.445+0000] {subprocess.py:78} INFO - Tmp dir root location: /tmp
[2026-03-15T10:05:42.446+0000] {subprocess.py:88} INFO - Running command: ['/usr/bin/bash', '-c', 'mc mb -p myminio/git_clone_result || true && mc mirror /opt/***/files/repos myminio/git_clone_result']
[2026-03-15T10:05:42.467+0000] {subprocess.py:99} INFO - Output:
[2026-03-15T10:05:42.502+0000] {subprocess.py:106} INFO - mc: <ERROR> Unable to make bucket `myminio/git_clone_result`. Bucket name contains invalid characters
[2026-03-15T10:05:42.542+0000] {subprocess.py:106} INFO - mc: <ERROR> Unable to list comparison retrying.. The specified bucket is not valid.
[2026-03-15T10:05:42.543+0000] {subprocess.py:106} INFO - ┌───────┬─────────────┬──────────┬───────┐
[2026-03-15T10:05:42.543+0000] {subprocess.py:106} INFO - │ Total │ Transferred │ Duration │ Speed │
[2026-03-15T10:05:42.544+0000] {subprocess.py:106} INFO - │ 0 B   │ 0 B         │ 00m00s   │ 0 B/s │
[2026-03-15T10:05:42.544+0000] {subprocess.py:106} INFO - └───────┴─────────────┴──────────┴───────┘
[2026-03-15T10:05:42.546+0000] {subprocess.py:110} INFO - Command exited with return code 0
[2026-03-15T10:05:42.597+0000] {taskinstance.py:341} INFO - ::group::Post task execution logs
[2026-03-15T10:05:42.598+0000] {taskinstance.py:353} INFO - Marking task as SUCCESS. dag_id=send_to_minio, task_id=upload_to_minio, run_id=manual__2026-03-15T10:05:39.476918+00:00, execution_date=20260315T100539, start_date=20260315T100542, end_date=20260315T100542
[2026-03-15T10:05:42.681+0000] {local_task_job_runner.py:266} INFO - Task exited with return code 0
[2026-03-15T10:05:42.721+0000] {taskinstance.py:3901} INFO - 0 downstream tasks scheduled from follow-on schedule check
[2026-03-15T10:05:42.723+0000] {local_task_job_runner.py:245} INFO - ::endgroup::
