[2026-03-14T16:21:44.169+0000] {local_task_job_runner.py:123} INFO - ::group::Pre task execution logs
[2026-03-14T16:21:44.206+0000] {taskinstance.py:2614} INFO - Dependencies all met for dep_context=non-requeueable deps ti=<TaskInstance: matrix_minio.check_row_count_task manual__2026-03-14T16:21:43.625679+00:00 [queued]>
[2026-03-14T16:21:44.224+0000] {taskinstance.py:2614} INFO - Dependencies all met for dep_context=requeueable deps ti=<TaskInstance: matrix_minio.check_row_count_task manual__2026-03-14T16:21:43.625679+00:00 [queued]>
[2026-03-14T16:21:44.225+0000] {taskinstance.py:2867} INFO - Starting attempt 1 of 2
[2026-03-14T16:21:44.249+0000] {taskinstance.py:2890} INFO - Executing <Task(PythonOperator): check_row_count_task> on 2026-03-14 16:21:43.625679+00:00
[2026-03-14T16:21:44.264+0000] {standard_task_runner.py:104} INFO - Running: ['***', 'tasks', 'run', 'matrix_minio', 'check_row_count_task', 'manual__2026-03-14T16:21:43.625679+00:00', '--job-id', '6', '--raw', '--subdir', 'DAGS_FOLDER/dag.py', '--cfg-path', '/tmp/tmp5vkcboc7']
[2026-03-14T16:21:44.267+0000] {standard_task_runner.py:105} INFO - Job 6: Subtask check_row_count_task
[2026-03-14T16:21:44.270+0000] {logging_mixin.py:190} WARNING - /home/***/.local/lib/python3.12/site-packages/***/task/task_runner/standard_task_runner.py:70 DeprecationWarning: This process (pid=1562) is multi-threaded, use of fork() may lead to deadlocks in the child.
[2026-03-14T16:21:44.271+0000] {standard_task_runner.py:72} INFO - Started process 1563 to run task
[2026-03-14T16:21:44.335+0000] {task_command.py:467} INFO - Running <TaskInstance: matrix_minio.check_row_count_task manual__2026-03-14T16:21:43.625679+00:00 [running]> on host e073b635a9aa
[2026-03-14T16:21:44.462+0000] {taskinstance.py:3134} INFO - Exporting env vars: AIRFLOW_CTX_DAG_OWNER='***' AIRFLOW_CTX_DAG_ID='matrix_minio' AIRFLOW_CTX_TASK_ID='check_row_count_task' AIRFLOW_CTX_EXECUTION_DATE='2026-03-14T16:21:43.625679+00:00' AIRFLOW_CTX_TRY_NUMBER='1' AIRFLOW_CTX_DAG_RUN_ID='manual__2026-03-14T16:21:43.625679+00:00'
[2026-03-14T16:21:44.464+0000] {taskinstance.py:732} INFO - ::endgroup::
[2026-03-14T16:21:44.512+0000] {base.py:84} INFO - Retrieving connection 'pg_connection'
[2026-03-14T16:21:44.521+0000] {sql.py:511} INFO - Running statement: SELECT COUNT(*) FROM TRANSACTIONS, parameters: None
[2026-03-14T16:21:44.523+0000] {sql.py:520} INFO - Rows affected: 1
[2026-03-14T16:21:44.532+0000] {logging_mixin.py:190} WARNING - /home/***/.local/lib/python3.12/site-packages/***/providers/common/sql/hooks/sql.py:470 DeprecationWarning: Import of fetch_one_handler from the '***.providers.common.sql.hooks' module is deprecated and will
be removed in the future. Please import it from '***.providers.common.sql.hooks.handlers'.
[2026-03-14T16:21:44.535+0000] {logging_mixin.py:190} WARNING - /home/***/.local/lib/python3.12/site-packages/***/providers/common/sql/hooks/sql.py:471 DeprecationWarning: Import of return_single_query_results from the '***.providers.common.sql.hooks' module is deprecated and will
be removed in the future. Please import it from '***.providers.common.sql.hooks.handlers'.
[2026-03-14T16:21:44.537+0000] {logging_mixin.py:190} WARNING - /home/***/.local/lib/python3.12/site-packages/***/providers/common/sql/hooks/sql.py:486 DeprecationWarning: Import of return_single_query_results from the '***.providers.common.sql.hooks' module is deprecated and will
be removed in the future. Please import it from '***.providers.common.sql.hooks.handlers'.
[2026-03-14T16:21:44.538+0000] {logging_mixin.py:190} INFO - 5
[2026-03-14T16:21:44.562+0000] {python.py:240} INFO - Done. Returned value was: None
[2026-03-14T16:21:44.579+0000] {taskinstance.py:341} INFO - ::group::Post task execution logs
[2026-03-14T16:21:44.580+0000] {taskinstance.py:353} INFO - Marking task as SUCCESS. dag_id=matrix_minio, task_id=check_row_count_task, run_id=manual__2026-03-14T16:21:43.625679+00:00, execution_date=20260314T162143, start_date=20260314T162144, end_date=20260314T162144
[2026-03-14T16:21:44.646+0000] {local_task_job_runner.py:266} INFO - Task exited with return code 0
[2026-03-14T16:21:44.672+0000] {dagrun.py:977} ERROR - Failed to get task for ti <TaskInstance: matrix_minio.yesterday_check manual__2026-03-14T16:21:43.625679+00:00 [queued]>. Marking it as removed.
[2026-03-14T16:21:44.680+0000] {taskinstance.py:3901} INFO - 0 downstream tasks scheduled from follow-on schedule check
[2026-03-14T16:21:44.682+0000] {local_task_job_runner.py:245} INFO - ::endgroup::
