[2026-04-04T16:49:35.888+0000] {local_task_job_runner.py:123} INFO - ::group::Pre task execution logs
[2026-04-04T16:49:35.926+0000] {taskinstance.py:2614} INFO - Dependencies all met for dep_context=non-requeueable deps ti=<TaskInstance: credit_applications_pipeline.tg_ingestion_processing.send_to_minio scheduled__2026-04-03T00:00:00+00:00 [queued]>
[2026-04-04T16:49:35.944+0000] {taskinstance.py:2614} INFO - Dependencies all met for dep_context=requeueable deps ti=<TaskInstance: credit_applications_pipeline.tg_ingestion_processing.send_to_minio scheduled__2026-04-03T00:00:00+00:00 [queued]>
[2026-04-04T16:49:35.944+0000] {taskinstance.py:2867} INFO - Starting attempt 1 of 2
[2026-04-04T16:49:35.963+0000] {taskinstance.py:2890} INFO - Executing <Task(BashOperator): tg_ingestion_processing.send_to_minio> on 2026-04-03 00:00:00+00:00
[2026-04-04T16:49:35.977+0000] {logging_mixin.py:190} WARNING - /home/***/.local/lib/python3.12/site-packages/***/task/task_runner/standard_task_runner.py:70 DeprecationWarning: This process (pid=24040) is multi-threaded, use of fork() may lead to deadlocks in the child.
[2026-04-04T16:49:35.979+0000] {standard_task_runner.py:72} INFO - Started process 24041 to run task
[2026-04-04T16:49:35.979+0000] {standard_task_runner.py:104} INFO - Running: ['***', 'tasks', 'run', 'credit_applications_pipeline', 'tg_ingestion_processing.send_to_minio', 'scheduled__2026-04-03T00:00:00+00:00', '--job-id', '56', '--raw', '--subdir', 'DAGS_FOLDER/final_***.py', '--cfg-path', '/tmp/tmpiqnr8hu2']
[2026-04-04T16:49:35.983+0000] {standard_task_runner.py:105} INFO - Job 56: Subtask tg_ingestion_processing.send_to_minio
[2026-04-04T16:49:36.058+0000] {task_command.py:467} INFO - Running <TaskInstance: credit_applications_pipeline.tg_ingestion_processing.send_to_minio scheduled__2026-04-03T00:00:00+00:00 [running]> on host da731042e3a5
[2026-04-04T16:49:36.170+0000] {taskinstance.py:3134} INFO - Exporting env vars: AIRFLOW_CTX_DAG_OWNER='***' AIRFLOW_CTX_DAG_ID='credit_applications_pipeline' AIRFLOW_CTX_TASK_ID='tg_ingestion_processing.send_to_minio' AIRFLOW_CTX_EXECUTION_DATE='2026-04-03T00:00:00+00:00' AIRFLOW_CTX_TRY_NUMBER='1' AIRFLOW_CTX_DAG_RUN_ID='scheduled__2026-04-03T00:00:00+00:00'
[2026-04-04T16:49:36.171+0000] {taskinstance.py:732} INFO - ::endgroup::
[2026-04-04T16:49:36.190+0000] {subprocess.py:78} INFO - Tmp dir root location: /tmp
[2026-04-04T16:49:36.190+0000] {subprocess.py:88} INFO - Running command: ['/usr/bin/bash', '-c', 'mc alias set myminio http://minio:9000 minioadmin minioadmin && mc mb --ignore-existing myminio/bronze && mc cp /opt/***/files/blacklist_customers.xlsx myminio/bronze/blacklist_customers.xlsx']
[2026-04-04T16:49:36.222+0000] {subprocess.py:99} INFO - Output:
[2026-04-04T16:49:36.336+0000] {subprocess.py:106} INFO - mc: <ERROR> Unable to initialize new alias from the provided credentials. The Access Key Id you provided does not exist in our records.
[2026-04-04T16:49:36.343+0000] {subprocess.py:110} INFO - Command exited with return code 1
[2026-04-04T16:49:36.360+0000] {taskinstance.py:3313} ERROR - Task failed with exception
Traceback (most recent call last):
  File "/home/airflow/.local/lib/python3.12/site-packages/airflow/models/taskinstance.py", line 768, in _execute_task
    result = _execute_callable(context=context, **execute_callable_kwargs)
             ^^^^^^^^^^^^^^^^^^^^^^^^^^^^^^^^^^^^^^^^^^^^^^^^^^^^^^^^^^^^^
  File "/home/airflow/.local/lib/python3.12/site-packages/airflow/models/taskinstance.py", line 734, in _execute_callable
    return ExecutionCallableRunner(
           ^^^^^^^^^^^^^^^^^^^^^^^^
  File "/home/airflow/.local/lib/python3.12/site-packages/airflow/utils/operator_helpers.py", line 252, in run
    return self.func(*args, **kwargs)
           ^^^^^^^^^^^^^^^^^^^^^^^^^^
  File "/home/airflow/.local/lib/python3.12/site-packages/airflow/models/baseoperator.py", line 424, in wrapper
    return func(self, *args, **kwargs)
           ^^^^^^^^^^^^^^^^^^^^^^^^^^^
  File "/home/airflow/.local/lib/python3.12/site-packages/airflow/operators/bash.py", line 276, in execute
    raise AirflowException(
airflow.exceptions.AirflowException: Bash command failed. The command returned a non-zero exit code 1.
[2026-04-04T16:49:36.370+0000] {taskinstance.py:1226} INFO - Marking task as UP_FOR_RETRY. dag_id=credit_applications_pipeline, task_id=tg_ingestion_processing.send_to_minio, run_id=scheduled__2026-04-03T00:00:00+00:00, execution_date=20260403T000000, start_date=20260404T164935, end_date=20260404T164936
[2026-04-04T16:49:36.446+0000] {taskinstance.py:341} INFO - ::group::Post task execution logs
[2026-04-04T16:49:36.447+0000] {standard_task_runner.py:124} ERROR - Failed to execute job 56 for task tg_ingestion_processing.send_to_minio (Bash command failed. The command returned a non-zero exit code 1.; 24041)
Traceback (most recent call last):
  File "/home/airflow/.local/lib/python3.12/site-packages/airflow/task/task_runner/standard_task_runner.py", line 117, in _start_by_fork
    ret = args.func(args, dag=self.dag)
          ^^^^^^^^^^^^^^^^^^^^^^^^^^^^^
  File "/home/airflow/.local/lib/python3.12/site-packages/airflow/cli/cli_config.py", line 49, in command
    return func(*args, **kwargs)
           ^^^^^^^^^^^^^^^^^^^^^
  File "/home/airflow/.local/lib/python3.12/site-packages/airflow/utils/cli.py", line 116, in wrapper
    return f(*args, **kwargs)
           ^^^^^^^^^^^^^^^^^^
  File "/home/airflow/.local/lib/python3.12/site-packages/airflow/cli/commands/task_command.py", line 483, in task_run
    task_return_code = _run_task_by_selected_method(args, _dag, ti)
                       ^^^^^^^^^^^^^^^^^^^^^^^^^^^^^^^^^^^^^^^^^^^^
  File "/home/airflow/.local/lib/python3.12/site-packages/airflow/cli/commands/task_command.py", line 256, in _run_task_by_selected_method
    return _run_raw_task(args, ti)
           ^^^^^^^^^^^^^^^^^^^^^^^
  File "/home/airflow/.local/lib/python3.12/site-packages/airflow/cli/commands/task_command.py", line 341, in _run_raw_task
    return ti._run_raw_task(
           ^^^^^^^^^^^^^^^^^
  File "/home/airflow/.local/lib/python3.12/site-packages/airflow/utils/session.py", line 97, in wrapper
    return func(*args, session=session, **kwargs)
           ^^^^^^^^^^^^^^^^^^^^^^^^^^^^^^^^^^^^^^
  File "/home/airflow/.local/lib/python3.12/site-packages/airflow/models/taskinstance.py", line 3006, in _run_raw_task
    return _run_raw_task(
           ^^^^^^^^^^^^^^
  File "/home/airflow/.local/lib/python3.12/site-packages/airflow/models/taskinstance.py", line 274, in _run_raw_task
    TaskInstance._execute_task_with_callbacks(
  File "/home/airflow/.local/lib/python3.12/site-packages/airflow/models/taskinstance.py", line 3161, in _execute_task_with_callbacks
    result = self._execute_task(context, task_orig)
             ^^^^^^^^^^^^^^^^^^^^^^^^^^^^^^^^^^^^^^
  File "/home/airflow/.local/lib/python3.12/site-packages/airflow/models/taskinstance.py", line 3185, in _execute_task
    return _execute_task(self, context, task_orig)
           ^^^^^^^^^^^^^^^^^^^^^^^^^^^^^^^^^^^^^^^
  File "/home/airflow/.local/lib/python3.12/site-packages/airflow/models/taskinstance.py", line 768, in _execute_task
    result = _execute_callable(context=context, **execute_callable_kwargs)
             ^^^^^^^^^^^^^^^^^^^^^^^^^^^^^^^^^^^^^^^^^^^^^^^^^^^^^^^^^^^^^
  File "/home/airflow/.local/lib/python3.12/site-packages/airflow/models/taskinstance.py", line 734, in _execute_callable
    return ExecutionCallableRunner(
           ^^^^^^^^^^^^^^^^^^^^^^^^
  File "/home/airflow/.local/lib/python3.12/site-packages/airflow/utils/operator_helpers.py", line 252, in run
    return self.func(*args, **kwargs)
           ^^^^^^^^^^^^^^^^^^^^^^^^^^
  File "/home/airflow/.local/lib/python3.12/site-packages/airflow/models/baseoperator.py", line 424, in wrapper
    return func(self, *args, **kwargs)
           ^^^^^^^^^^^^^^^^^^^^^^^^^^^
  File "/home/airflow/.local/lib/python3.12/site-packages/airflow/operators/bash.py", line 276, in execute
    raise AirflowException(
airflow.exceptions.AirflowException: Bash command failed. The command returned a non-zero exit code 1.
[2026-04-04T16:49:36.474+0000] {local_task_job_runner.py:266} INFO - Task exited with return code 1
[2026-04-04T16:49:36.525+0000] {taskinstance.py:3901} INFO - 0 downstream tasks scheduled from follow-on schedule check
[2026-04-04T16:49:36.527+0000] {local_task_job_runner.py:245} INFO - ::endgroup::
[2026-04-04T16:51:24.759+0000] {local_task_job_runner.py:123} INFO - ::group::Pre task execution logs
[2026-04-04T16:51:24.790+0000] {taskinstance.py:2614} INFO - Dependencies all met for dep_context=non-requeueable deps ti=<TaskInstance: credit_applications_pipeline.tg_ingestion_processing.send_to_minio scheduled__2026-04-03T00:00:00+00:00 [queued]>
[2026-04-04T16:51:24.804+0000] {taskinstance.py:2614} INFO - Dependencies all met for dep_context=requeueable deps ti=<TaskInstance: credit_applications_pipeline.tg_ingestion_processing.send_to_minio scheduled__2026-04-03T00:00:00+00:00 [queued]>
[2026-04-04T16:51:24.804+0000] {taskinstance.py:2867} INFO - Starting attempt 1 of 2
[2026-04-04T16:51:24.820+0000] {taskinstance.py:2890} INFO - Executing <Task(BashOperator): tg_ingestion_processing.send_to_minio> on 2026-04-03 00:00:00+00:00
[2026-04-04T16:51:24.834+0000] {logging_mixin.py:190} WARNING - /home/***/.local/lib/python3.12/site-packages/***/task/task_runner/standard_task_runner.py:70 DeprecationWarning: This process (pid=24352) is multi-threaded, use of fork() may lead to deadlocks in the child.
[2026-04-04T16:51:24.835+0000] {standard_task_runner.py:72} INFO - Started process 24353 to run task
[2026-04-04T16:51:24.836+0000] {standard_task_runner.py:104} INFO - Running: ['***', 'tasks', 'run', 'credit_applications_pipeline', 'tg_ingestion_processing.send_to_minio', 'scheduled__2026-04-03T00:00:00+00:00', '--job-id', '59', '--raw', '--subdir', 'DAGS_FOLDER/final_***.py', '--cfg-path', '/tmp/tmpm9yxjo7s']
[2026-04-04T16:51:24.841+0000] {standard_task_runner.py:105} INFO - Job 59: Subtask tg_ingestion_processing.send_to_minio
[2026-04-04T16:51:24.910+0000] {task_command.py:467} INFO - Running <TaskInstance: credit_applications_pipeline.tg_ingestion_processing.send_to_minio scheduled__2026-04-03T00:00:00+00:00 [running]> on host da731042e3a5
[2026-04-04T16:51:25.022+0000] {taskinstance.py:3134} INFO - Exporting env vars: AIRFLOW_CTX_DAG_OWNER='***' AIRFLOW_CTX_DAG_ID='credit_applications_pipeline' AIRFLOW_CTX_TASK_ID='tg_ingestion_processing.send_to_minio' AIRFLOW_CTX_EXECUTION_DATE='2026-04-03T00:00:00+00:00' AIRFLOW_CTX_TRY_NUMBER='1' AIRFLOW_CTX_DAG_RUN_ID='scheduled__2026-04-03T00:00:00+00:00'
[2026-04-04T16:51:25.023+0000] {taskinstance.py:732} INFO - ::endgroup::
[2026-04-04T16:51:25.043+0000] {subprocess.py:78} INFO - Tmp dir root location: /tmp
[2026-04-04T16:51:25.043+0000] {subprocess.py:88} INFO - Running command: ['/usr/bin/bash', '-c', 'mc cp /opt/***/files/blacklist_customers.xlsx myminio/bronze/blacklist_customers.xlsx']
[2026-04-04T16:51:25.065+0000] {subprocess.py:99} INFO - Output:
[2026-04-04T16:51:25.108+0000] {subprocess.py:106} INFO - `/opt/***/files/blacklist_customers.xlsx` -> `myminio/bronze/blacklist_customers.xlsx`
[2026-04-04T16:51:25.112+0000] {subprocess.py:106} INFO - ┌──────────┬─────────────┬──────────┬──────────────┐
[2026-04-04T16:51:25.112+0000] {subprocess.py:106} INFO - │ Total    │ Transferred │ Duration │ Speed        │
[2026-04-04T16:51:25.112+0000] {subprocess.py:106} INFO - │ 4.97 KiB │ 4.97 KiB    │ 00m00s   │ 404.17 KiB/s │
[2026-04-04T16:51:25.113+0000] {subprocess.py:106} INFO - └──────────┴─────────────┴──────────┴──────────────┘
[2026-04-04T16:51:25.116+0000] {subprocess.py:110} INFO - Command exited with return code 0
[2026-04-04T16:51:25.151+0000] {taskinstance.py:341} INFO - ::group::Post task execution logs
[2026-04-04T16:51:25.152+0000] {taskinstance.py:353} INFO - Marking task as SUCCESS. dag_id=credit_applications_pipeline, task_id=tg_ingestion_processing.send_to_minio, run_id=scheduled__2026-04-03T00:00:00+00:00, execution_date=20260403T000000, start_date=20260404T165124, end_date=20260404T165125
[2026-04-04T16:51:25.252+0000] {local_task_job_runner.py:266} INFO - Task exited with return code 0
[2026-04-04T16:51:25.324+0000] {taskinstance.py:3901} INFO - 1 downstream tasks scheduled from follow-on schedule check
[2026-04-04T16:51:25.336+0000] {local_task_job_runner.py:245} INFO - ::endgroup::
[2026-04-04T16:55:13.202+0000] {local_task_job_runner.py:123} INFO - ::group::Pre task execution logs
[2026-04-04T16:55:13.238+0000] {taskinstance.py:2614} INFO - Dependencies all met for dep_context=non-requeueable deps ti=<TaskInstance: credit_applications_pipeline.tg_ingestion_processing.send_to_minio scheduled__2026-04-03T00:00:00+00:00 [queued]>
[2026-04-04T16:55:13.254+0000] {taskinstance.py:2614} INFO - Dependencies all met for dep_context=requeueable deps ti=<TaskInstance: credit_applications_pipeline.tg_ingestion_processing.send_to_minio scheduled__2026-04-03T00:00:00+00:00 [queued]>
[2026-04-04T16:55:13.255+0000] {taskinstance.py:2867} INFO - Starting attempt 1 of 2
[2026-04-04T16:55:13.271+0000] {taskinstance.py:2890} INFO - Executing <Task(BashOperator): tg_ingestion_processing.send_to_minio> on 2026-04-03 00:00:00+00:00
[2026-04-04T16:55:13.284+0000] {logging_mixin.py:190} WARNING - /home/***/.local/lib/python3.12/site-packages/***/task/task_runner/standard_task_runner.py:70 DeprecationWarning: This process (pid=25095) is multi-threaded, use of fork() may lead to deadlocks in the child.
[2026-04-04T16:55:13.285+0000] {standard_task_runner.py:72} INFO - Started process 25096 to run task
[2026-04-04T16:55:13.287+0000] {standard_task_runner.py:104} INFO - Running: ['***', 'tasks', 'run', 'credit_applications_pipeline', 'tg_ingestion_processing.send_to_minio', 'scheduled__2026-04-03T00:00:00+00:00', '--job-id', '65', '--raw', '--subdir', 'DAGS_FOLDER/final_***.py', '--cfg-path', '/tmp/tmpaw10xwe3']
[2026-04-04T16:55:13.291+0000] {standard_task_runner.py:105} INFO - Job 65: Subtask tg_ingestion_processing.send_to_minio
[2026-04-04T16:55:13.364+0000] {task_command.py:467} INFO - Running <TaskInstance: credit_applications_pipeline.tg_ingestion_processing.send_to_minio scheduled__2026-04-03T00:00:00+00:00 [running]> on host da731042e3a5
[2026-04-04T16:55:13.484+0000] {taskinstance.py:3134} INFO - Exporting env vars: AIRFLOW_CTX_DAG_OWNER='***' AIRFLOW_CTX_DAG_ID='credit_applications_pipeline' AIRFLOW_CTX_TASK_ID='tg_ingestion_processing.send_to_minio' AIRFLOW_CTX_EXECUTION_DATE='2026-04-03T00:00:00+00:00' AIRFLOW_CTX_TRY_NUMBER='1' AIRFLOW_CTX_DAG_RUN_ID='scheduled__2026-04-03T00:00:00+00:00'
[2026-04-04T16:55:13.485+0000] {taskinstance.py:732} INFO - ::endgroup::
[2026-04-04T16:55:13.505+0000] {subprocess.py:78} INFO - Tmp dir root location: /tmp
[2026-04-04T16:55:13.505+0000] {subprocess.py:88} INFO - Running command: ['/usr/bin/bash', '-c', 'mc cp /opt/***/files/blacklist_customers.xlsx myminio/bronze/blacklist_customers.xlsx']
[2026-04-04T16:55:13.538+0000] {subprocess.py:99} INFO - Output:
[2026-04-04T16:55:13.584+0000] {subprocess.py:106} INFO - `/opt/***/files/blacklist_customers.xlsx` -> `myminio/bronze/blacklist_customers.xlsx`
[2026-04-04T16:55:13.590+0000] {subprocess.py:106} INFO - ┌──────────┬─────────────┬──────────┬──────────────┐
[2026-04-04T16:55:13.591+0000] {subprocess.py:106} INFO - │ Total    │ Transferred │ Duration │ Speed        │
[2026-04-04T16:55:13.591+0000] {subprocess.py:106} INFO - │ 4.97 KiB │ 4.97 KiB    │ 00m00s   │ 430.33 KiB/s │
[2026-04-04T16:55:13.592+0000] {subprocess.py:106} INFO - └──────────┴─────────────┴──────────┴──────────────┘
[2026-04-04T16:55:13.594+0000] {subprocess.py:110} INFO - Command exited with return code 0
[2026-04-04T16:55:13.631+0000] {taskinstance.py:341} INFO - ::group::Post task execution logs
[2026-04-04T16:55:13.631+0000] {taskinstance.py:353} INFO - Marking task as SUCCESS. dag_id=credit_applications_pipeline, task_id=tg_ingestion_processing.send_to_minio, run_id=scheduled__2026-04-03T00:00:00+00:00, execution_date=20260403T000000, start_date=20260404T165513, end_date=20260404T165513
[2026-04-04T16:55:13.701+0000] {local_task_job_runner.py:266} INFO - Task exited with return code 0
[2026-04-04T16:55:13.767+0000] {taskinstance.py:3901} INFO - 1 downstream tasks scheduled from follow-on schedule check
[2026-04-04T16:55:13.769+0000] {local_task_job_runner.py:245} INFO - ::endgroup::
