[2026-04-04T16:30:52.720+0000] {local_task_job_runner.py:123} INFO - ::group::Pre task execution logs
[2026-04-04T16:30:52.753+0000] {taskinstance.py:2614} INFO - Dependencies all met for dep_context=non-requeueable deps ti=<TaskInstance: credit_applications_pipeline.checks.check_yesterday_data manual__2026-04-04T16:30:51.272160+00:00 [queued]>
[2026-04-04T16:30:52.768+0000] {taskinstance.py:2614} INFO - Dependencies all met for dep_context=requeueable deps ti=<TaskInstance: credit_applications_pipeline.checks.check_yesterday_data manual__2026-04-04T16:30:51.272160+00:00 [queued]>
[2026-04-04T16:30:52.768+0000] {taskinstance.py:2867} INFO - Starting attempt 1 of 2
[2026-04-04T16:30:52.785+0000] {taskinstance.py:2890} INFO - Executing <Task(SqlSensor): checks.check_yesterday_data> on 2026-04-04 16:30:51.272160+00:00
[2026-04-04T16:30:52.797+0000] {standard_task_runner.py:104} INFO - Running: ['***', 'tasks', 'run', 'credit_applications_pipeline', 'checks.check_yesterday_data', 'manual__2026-04-04T16:30:51.272160+00:00', '--job-id', '38', '--raw', '--subdir', 'DAGS_FOLDER/final_***.py', '--cfg-path', '/tmp/tmpiqx0c86d']
[2026-04-04T16:30:52.800+0000] {standard_task_runner.py:105} INFO - Job 38: Subtask checks.check_yesterday_data
[2026-04-04T16:30:52.804+0000] {logging_mixin.py:190} WARNING - /home/***/.local/lib/python3.12/site-packages/***/task/task_runner/standard_task_runner.py:70 DeprecationWarning: This process (pid=21121) is multi-threaded, use of fork() may lead to deadlocks in the child.
[2026-04-04T16:30:52.804+0000] {standard_task_runner.py:72} INFO - Started process 21122 to run task
[2026-04-04T16:30:52.865+0000] {task_command.py:467} INFO - Running <TaskInstance: credit_applications_pipeline.checks.check_yesterday_data manual__2026-04-04T16:30:51.272160+00:00 [running]> on host da731042e3a5
[2026-04-04T16:30:52.999+0000] {taskinstance.py:3134} INFO - Exporting env vars: AIRFLOW_CTX_DAG_OWNER='***' AIRFLOW_CTX_DAG_ID='credit_applications_pipeline' AIRFLOW_CTX_TASK_ID='checks.check_yesterday_data' AIRFLOW_CTX_EXECUTION_DATE='2026-04-04T16:30:51.272160+00:00' AIRFLOW_CTX_TRY_NUMBER='1' AIRFLOW_CTX_DAG_RUN_ID='manual__2026-04-04T16:30:51.272160+00:00'
[2026-04-04T16:30:53.000+0000] {taskinstance.py:732} INFO - ::endgroup::
[2026-04-04T16:30:53.034+0000] {base.py:84} INFO - Retrieving connection 'pg_baza'
[2026-04-04T16:30:53.038+0000] {sql.py:102} INFO - Poking: 
                SELECT COUNT(*)
                FROM credit_applications
                WHERE application_date = '2026-04-04'
             (with parameters None)
[2026-04-04T16:30:53.052+0000] {base.py:84} INFO - Retrieving connection 'pg_baza'
[2026-04-04T16:30:53.062+0000] {sql.py:511} INFO - Running statement: 
                SELECT COUNT(*)
                FROM credit_applications
                WHERE application_date = '2026-04-04'
            , parameters: None
[2026-04-04T16:30:53.063+0000] {sql.py:520} INFO - Rows affected: 1
[2026-04-04T16:30:53.069+0000] {logging_mixin.py:190} WARNING - /home/***/.local/lib/python3.12/site-packages/***/providers/common/sql/hooks/sql.py:470 DeprecationWarning: Import of fetch_all_handler from the '***.providers.common.sql.hooks' module is deprecated and will
be removed in the future. Please import it from '***.providers.common.sql.hooks.handlers'.
[2026-04-04T16:30:53.071+0000] {logging_mixin.py:190} WARNING - /home/***/.local/lib/python3.12/site-packages/***/providers/common/sql/hooks/sql.py:471 DeprecationWarning: Import of return_single_query_results from the '***.providers.common.sql.hooks' module is deprecated and will
be removed in the future. Please import it from '***.providers.common.sql.hooks.handlers'.
[2026-04-04T16:30:53.073+0000] {logging_mixin.py:190} WARNING - /home/***/.local/lib/python3.12/site-packages/***/providers/common/sql/hooks/sql.py:486 DeprecationWarning: Import of return_single_query_results from the '***.providers.common.sql.hooks' module is deprecated and will
be removed in the future. Please import it from '***.providers.common.sql.hooks.handlers'.
[2026-04-04T16:31:23.086+0000] {base.py:84} INFO - Retrieving connection 'pg_baza'
[2026-04-04T16:31:23.086+0000] {sql.py:102} INFO - Poking: 
                SELECT COUNT(*)
                FROM credit_applications
                WHERE application_date = '2026-04-04'
             (with parameters None)
[2026-04-04T16:31:23.097+0000] {base.py:84} INFO - Retrieving connection 'pg_baza'
[2026-04-04T16:31:23.105+0000] {sql.py:511} INFO - Running statement: 
                SELECT COUNT(*)
                FROM credit_applications
                WHERE application_date = '2026-04-04'
            , parameters: None
[2026-04-04T16:31:23.106+0000] {sql.py:520} INFO - Rows affected: 1
[2026-04-04T16:31:53.120+0000] {base.py:84} INFO - Retrieving connection 'pg_baza'
[2026-04-04T16:31:53.120+0000] {sql.py:102} INFO - Poking: 
                SELECT COUNT(*)
                FROM credit_applications
                WHERE application_date = '2026-04-04'
             (with parameters None)
[2026-04-04T16:31:53.137+0000] {base.py:84} INFO - Retrieving connection 'pg_baza'
[2026-04-04T16:31:53.145+0000] {sql.py:511} INFO - Running statement: 
                SELECT COUNT(*)
                FROM credit_applications
                WHERE application_date = '2026-04-04'
            , parameters: None
[2026-04-04T16:31:53.147+0000] {sql.py:520} INFO - Rows affected: 1
[2026-04-04T16:32:23.165+0000] {base.py:84} INFO - Retrieving connection 'pg_baza'
[2026-04-04T16:32:23.165+0000] {sql.py:102} INFO - Poking: 
                SELECT COUNT(*)
                FROM credit_applications
                WHERE application_date = '2026-04-04'
             (with parameters None)
[2026-04-04T16:32:23.181+0000] {base.py:84} INFO - Retrieving connection 'pg_baza'
[2026-04-04T16:32:23.193+0000] {sql.py:511} INFO - Running statement: 
                SELECT COUNT(*)
                FROM credit_applications
                WHERE application_date = '2026-04-04'
            , parameters: None
[2026-04-04T16:32:23.196+0000] {sql.py:520} INFO - Rows affected: 1
[2026-04-04T16:32:53.213+0000] {base.py:84} INFO - Retrieving connection 'pg_baza'
[2026-04-04T16:32:53.214+0000] {sql.py:102} INFO - Poking: 
                SELECT COUNT(*)
                FROM credit_applications
                WHERE application_date = '2026-04-04'
             (with parameters None)
[2026-04-04T16:32:53.232+0000] {base.py:84} INFO - Retrieving connection 'pg_baza'
[2026-04-04T16:32:53.245+0000] {sql.py:511} INFO - Running statement: 
                SELECT COUNT(*)
                FROM credit_applications
                WHERE application_date = '2026-04-04'
            , parameters: None
[2026-04-04T16:32:53.248+0000] {sql.py:520} INFO - Rows affected: 1
[2026-04-04T16:33:23.269+0000] {base.py:84} INFO - Retrieving connection 'pg_baza'
[2026-04-04T16:33:23.271+0000] {sql.py:102} INFO - Poking: 
                SELECT COUNT(*)
                FROM credit_applications
                WHERE application_date = '2026-04-04'
             (with parameters None)
[2026-04-04T16:33:23.286+0000] {base.py:84} INFO - Retrieving connection 'pg_baza'
[2026-04-04T16:33:23.300+0000] {sql.py:511} INFO - Running statement: 
                SELECT COUNT(*)
                FROM credit_applications
                WHERE application_date = '2026-04-04'
            , parameters: None
[2026-04-04T16:33:23.303+0000] {sql.py:520} INFO - Rows affected: 1
[2026-04-04T16:33:53.319+0000] {base.py:84} INFO - Retrieving connection 'pg_baza'
[2026-04-04T16:33:53.320+0000] {sql.py:102} INFO - Poking: 
                SELECT COUNT(*)
                FROM credit_applications
                WHERE application_date = '2026-04-04'
             (with parameters None)
[2026-04-04T16:33:53.337+0000] {base.py:84} INFO - Retrieving connection 'pg_baza'
[2026-04-04T16:33:53.348+0000] {sql.py:511} INFO - Running statement: 
                SELECT COUNT(*)
                FROM credit_applications
                WHERE application_date = '2026-04-04'
            , parameters: None
[2026-04-04T16:33:53.349+0000] {sql.py:520} INFO - Rows affected: 1
[2026-04-04T16:34:23.365+0000] {base.py:84} INFO - Retrieving connection 'pg_baza'
[2026-04-04T16:34:23.366+0000] {sql.py:102} INFO - Poking: 
                SELECT COUNT(*)
                FROM credit_applications
                WHERE application_date = '2026-04-04'
             (with parameters None)
[2026-04-04T16:34:23.377+0000] {base.py:84} INFO - Retrieving connection 'pg_baza'
[2026-04-04T16:34:23.385+0000] {sql.py:511} INFO - Running statement: 
                SELECT COUNT(*)
                FROM credit_applications
                WHERE application_date = '2026-04-04'
            , parameters: None
[2026-04-04T16:34:23.387+0000] {sql.py:520} INFO - Rows affected: 1
[2026-04-04T16:34:53.401+0000] {base.py:84} INFO - Retrieving connection 'pg_baza'
[2026-04-04T16:34:53.402+0000] {sql.py:102} INFO - Poking: 
                SELECT COUNT(*)
                FROM credit_applications
                WHERE application_date = '2026-04-04'
             (with parameters None)
[2026-04-04T16:34:53.415+0000] {base.py:84} INFO - Retrieving connection 'pg_baza'
[2026-04-04T16:34:53.428+0000] {sql.py:511} INFO - Running statement: 
                SELECT COUNT(*)
                FROM credit_applications
                WHERE application_date = '2026-04-04'
            , parameters: None
[2026-04-04T16:34:53.430+0000] {sql.py:520} INFO - Rows affected: 1
[2026-04-04T16:35:23.448+0000] {base.py:84} INFO - Retrieving connection 'pg_baza'
[2026-04-04T16:35:23.448+0000] {sql.py:102} INFO - Poking: 
                SELECT COUNT(*)
                FROM credit_applications
                WHERE application_date = '2026-04-04'
             (with parameters None)
[2026-04-04T16:35:23.465+0000] {base.py:84} INFO - Retrieving connection 'pg_baza'
[2026-04-04T16:35:23.479+0000] {sql.py:511} INFO - Running statement: 
                SELECT COUNT(*)
                FROM credit_applications
                WHERE application_date = '2026-04-04'
            , parameters: None
[2026-04-04T16:35:23.482+0000] {sql.py:520} INFO - Rows affected: 1
[2026-04-04T16:35:53.500+0000] {base.py:84} INFO - Retrieving connection 'pg_baza'
[2026-04-04T16:35:53.501+0000] {sql.py:102} INFO - Poking: 
                SELECT COUNT(*)
                FROM credit_applications
                WHERE application_date = '2026-04-04'
             (with parameters None)
[2026-04-04T16:35:53.514+0000] {base.py:84} INFO - Retrieving connection 'pg_baza'
[2026-04-04T16:35:53.524+0000] {sql.py:511} INFO - Running statement: 
                SELECT COUNT(*)
                FROM credit_applications
                WHERE application_date = '2026-04-04'
            , parameters: None
[2026-04-04T16:35:53.525+0000] {sql.py:520} INFO - Rows affected: 1
[2026-04-04T16:35:53.526+0000] {taskinstance.py:302} INFO - Sensor has timed out; run duration of 300.5081557700032 seconds exceeds the specified timeout of 300.0.
[2026-04-04T16:35:53.582+0000] {taskinstance.py:341} INFO - ::group::Post task execution logs
[2026-04-04T16:35:53.583+0000] {taskinstance.py:353} INFO - Marking task as SKIPPED. dag_id=credit_applications_pipeline, task_id=checks.check_yesterday_data, run_id=manual__2026-04-04T16:30:51.272160+00:00, execution_date=20260404T163051, start_date=20260404T163052, end_date=20260404T163553
[2026-04-04T16:35:53.692+0000] {local_task_job_runner.py:266} INFO - Task exited with return code 0
[2026-04-04T16:35:53.747+0000] {taskinstance.py:3901} INFO - 0 downstream tasks scheduled from follow-on schedule check
[2026-04-04T16:35:53.754+0000] {local_task_job_runner.py:245} INFO - ::endgroup::
