[2026-04-04T16:40:30.469+0000] {local_task_job_runner.py:123} INFO - ::group::Pre task execution logs
[2026-04-04T16:40:30.503+0000] {taskinstance.py:2614} INFO - Dependencies all met for dep_context=non-requeueable deps ti=<TaskInstance: credit_applications_pipeline.tg_precheck.check_yesterday_data manual__2026-04-04T16:37:13.182340+00:00 [queued]>
[2026-04-04T16:40:30.520+0000] {taskinstance.py:2614} INFO - Dependencies all met for dep_context=requeueable deps ti=<TaskInstance: credit_applications_pipeline.tg_precheck.check_yesterday_data manual__2026-04-04T16:37:13.182340+00:00 [queued]>
[2026-04-04T16:40:30.522+0000] {taskinstance.py:2867} INFO - Starting attempt 1 of 2
[2026-04-04T16:40:30.553+0000] {taskinstance.py:2890} INFO - Executing <Task(SqlSensor): tg_precheck.check_yesterday_data> on 2026-04-04 16:37:13.182340+00:00
[2026-04-04T16:40:30.569+0000] {standard_task_runner.py:104} INFO - Running: ['***', 'tasks', 'run', 'credit_applications_pipeline', 'tg_precheck.check_yesterday_data', 'manual__2026-04-04T16:37:13.182340+00:00', '--job-id', '45', '--raw', '--subdir', 'DAGS_FOLDER/final_***.py', '--cfg-path', '/tmp/tmpc7y1yb_v']
[2026-04-04T16:40:30.573+0000] {standard_task_runner.py:105} INFO - Job 45: Subtask tg_precheck.check_yesterday_data
[2026-04-04T16:40:30.579+0000] {logging_mixin.py:190} WARNING - /home/***/.local/lib/python3.12/site-packages/***/task/task_runner/standard_task_runner.py:70 DeprecationWarning: This process (pid=22590) is multi-threaded, use of fork() may lead to deadlocks in the child.
[2026-04-04T16:40:30.580+0000] {standard_task_runner.py:72} INFO - Started process 22591 to run task
[2026-04-04T16:40:30.650+0000] {task_command.py:467} INFO - Running <TaskInstance: credit_applications_pipeline.tg_precheck.check_yesterday_data manual__2026-04-04T16:37:13.182340+00:00 [running]> on host da731042e3a5
[2026-04-04T16:40:30.788+0000] {taskinstance.py:3134} INFO - Exporting env vars: AIRFLOW_CTX_DAG_OWNER='***' AIRFLOW_CTX_DAG_ID='credit_applications_pipeline' AIRFLOW_CTX_TASK_ID='tg_precheck.check_yesterday_data' AIRFLOW_CTX_EXECUTION_DATE='2026-04-04T16:37:13.182340+00:00' AIRFLOW_CTX_TRY_NUMBER='1' AIRFLOW_CTX_DAG_RUN_ID='manual__2026-04-04T16:37:13.182340+00:00'
[2026-04-04T16:40:30.789+0000] {taskinstance.py:732} INFO - ::endgroup::
[2026-04-04T16:40:30.828+0000] {base.py:84} INFO - Retrieving connection 'pg_baza'
[2026-04-04T16:40:30.832+0000] {sql.py:102} INFO - Poking: 
                SELECT COUNT(*)
                FROM credit_applications
                WHERE application_date = '2026-04-04'
             (with parameters None)
[2026-04-04T16:40:30.849+0000] {base.py:84} INFO - Retrieving connection 'pg_baza'
[2026-04-04T16:40:30.857+0000] {sql.py:511} INFO - Running statement: 
                SELECT COUNT(*)
                FROM credit_applications
                WHERE application_date = '2026-04-04'
            , parameters: None
[2026-04-04T16:40:30.859+0000] {sql.py:520} INFO - Rows affected: 1
[2026-04-04T16:40:30.866+0000] {logging_mixin.py:190} WARNING - /home/***/.local/lib/python3.12/site-packages/***/providers/common/sql/hooks/sql.py:470 DeprecationWarning: Import of fetch_all_handler from the '***.providers.common.sql.hooks' module is deprecated and will
be removed in the future. Please import it from '***.providers.common.sql.hooks.handlers'.
[2026-04-04T16:40:30.869+0000] {logging_mixin.py:190} WARNING - /home/***/.local/lib/python3.12/site-packages/***/providers/common/sql/hooks/sql.py:471 DeprecationWarning: Import of return_single_query_results from the '***.providers.common.sql.hooks' module is deprecated and will
be removed in the future. Please import it from '***.providers.common.sql.hooks.handlers'.
[2026-04-04T16:40:30.871+0000] {logging_mixin.py:190} WARNING - /home/***/.local/lib/python3.12/site-packages/***/providers/common/sql/hooks/sql.py:486 DeprecationWarning: Import of return_single_query_results from the '***.providers.common.sql.hooks' module is deprecated and will
be removed in the future. Please import it from '***.providers.common.sql.hooks.handlers'.
[2026-04-04T16:41:00.887+0000] {base.py:84} INFO - Retrieving connection 'pg_baza'
[2026-04-04T16:41:00.888+0000] {sql.py:102} INFO - Poking: 
                SELECT COUNT(*)
                FROM credit_applications
                WHERE application_date = '2026-04-04'
             (with parameters None)
[2026-04-04T16:41:00.905+0000] {base.py:84} INFO - Retrieving connection 'pg_baza'
[2026-04-04T16:41:00.918+0000] {sql.py:511} INFO - Running statement: 
                SELECT COUNT(*)
                FROM credit_applications
                WHERE application_date = '2026-04-04'
            , parameters: None
[2026-04-04T16:41:00.920+0000] {sql.py:520} INFO - Rows affected: 1
[2026-04-04T16:41:30.937+0000] {base.py:84} INFO - Retrieving connection 'pg_baza'
[2026-04-04T16:41:30.937+0000] {sql.py:102} INFO - Poking: 
                SELECT COUNT(*)
                FROM credit_applications
                WHERE application_date = '2026-04-04'
             (with parameters None)
[2026-04-04T16:41:30.951+0000] {base.py:84} INFO - Retrieving connection 'pg_baza'
[2026-04-04T16:41:30.964+0000] {sql.py:511} INFO - Running statement: 
                SELECT COUNT(*)
                FROM credit_applications
                WHERE application_date = '2026-04-04'
            , parameters: None
[2026-04-04T16:41:30.967+0000] {sql.py:520} INFO - Rows affected: 1
[2026-04-04T16:42:00.983+0000] {base.py:84} INFO - Retrieving connection 'pg_baza'
[2026-04-04T16:42:00.984+0000] {sql.py:102} INFO - Poking: 
                SELECT COUNT(*)
                FROM credit_applications
                WHERE application_date = '2026-04-04'
             (with parameters None)
[2026-04-04T16:42:00.998+0000] {base.py:84} INFO - Retrieving connection 'pg_baza'
[2026-04-04T16:42:01.008+0000] {sql.py:511} INFO - Running statement: 
                SELECT COUNT(*)
                FROM credit_applications
                WHERE application_date = '2026-04-04'
            , parameters: None
[2026-04-04T16:42:01.010+0000] {sql.py:520} INFO - Rows affected: 1
[2026-04-04T16:42:31.029+0000] {base.py:84} INFO - Retrieving connection 'pg_baza'
[2026-04-04T16:42:31.029+0000] {sql.py:102} INFO - Poking: 
                SELECT COUNT(*)
                FROM credit_applications
                WHERE application_date = '2026-04-04'
             (with parameters None)
[2026-04-04T16:42:31.046+0000] {base.py:84} INFO - Retrieving connection 'pg_baza'
[2026-04-04T16:42:31.058+0000] {sql.py:511} INFO - Running statement: 
                SELECT COUNT(*)
                FROM credit_applications
                WHERE application_date = '2026-04-04'
            , parameters: None
[2026-04-04T16:42:31.061+0000] {sql.py:520} INFO - Rows affected: 1
[2026-04-04T16:43:01.079+0000] {base.py:84} INFO - Retrieving connection 'pg_baza'
[2026-04-04T16:43:01.080+0000] {sql.py:102} INFO - Poking: 
                SELECT COUNT(*)
                FROM credit_applications
                WHERE application_date = '2026-04-04'
             (with parameters None)
[2026-04-04T16:43:01.100+0000] {base.py:84} INFO - Retrieving connection 'pg_baza'
[2026-04-04T16:43:01.116+0000] {sql.py:511} INFO - Running statement: 
                SELECT COUNT(*)
                FROM credit_applications
                WHERE application_date = '2026-04-04'
            , parameters: None
[2026-04-04T16:43:01.119+0000] {sql.py:520} INFO - Rows affected: 1
[2026-04-04T16:43:31.139+0000] {base.py:84} INFO - Retrieving connection 'pg_baza'
[2026-04-04T16:43:31.140+0000] {sql.py:102} INFO - Poking: 
                SELECT COUNT(*)
                FROM credit_applications
                WHERE application_date = '2026-04-04'
             (with parameters None)
[2026-04-04T16:43:31.158+0000] {base.py:84} INFO - Retrieving connection 'pg_baza'
[2026-04-04T16:43:31.170+0000] {sql.py:511} INFO - Running statement: 
                SELECT COUNT(*)
                FROM credit_applications
                WHERE application_date = '2026-04-04'
            , parameters: None
[2026-04-04T16:43:31.173+0000] {sql.py:520} INFO - Rows affected: 1
[2026-04-04T16:44:01.186+0000] {base.py:84} INFO - Retrieving connection 'pg_baza'
[2026-04-04T16:44:01.187+0000] {sql.py:102} INFO - Poking: 
                SELECT COUNT(*)
                FROM credit_applications
                WHERE application_date = '2026-04-04'
             (with parameters None)
[2026-04-04T16:44:01.200+0000] {base.py:84} INFO - Retrieving connection 'pg_baza'
[2026-04-04T16:44:01.210+0000] {sql.py:511} INFO - Running statement: 
                SELECT COUNT(*)
                FROM credit_applications
                WHERE application_date = '2026-04-04'
            , parameters: None
[2026-04-04T16:44:01.212+0000] {sql.py:520} INFO - Rows affected: 1
[2026-04-04T16:44:31.231+0000] {base.py:84} INFO - Retrieving connection 'pg_baza'
[2026-04-04T16:44:31.232+0000] {sql.py:102} INFO - Poking: 
                SELECT COUNT(*)
                FROM credit_applications
                WHERE application_date = '2026-04-04'
             (with parameters None)
[2026-04-04T16:44:31.252+0000] {base.py:84} INFO - Retrieving connection 'pg_baza'
[2026-04-04T16:44:31.268+0000] {sql.py:511} INFO - Running statement: 
                SELECT COUNT(*)
                FROM credit_applications
                WHERE application_date = '2026-04-04'
            , parameters: None
[2026-04-04T16:44:31.270+0000] {sql.py:520} INFO - Rows affected: 1
[2026-04-04T16:45:01.289+0000] {base.py:84} INFO - Retrieving connection 'pg_baza'
[2026-04-04T16:45:01.289+0000] {sql.py:102} INFO - Poking: 
                SELECT COUNT(*)
                FROM credit_applications
                WHERE application_date = '2026-04-04'
             (with parameters None)
[2026-04-04T16:45:01.305+0000] {base.py:84} INFO - Retrieving connection 'pg_baza'
[2026-04-04T16:45:01.320+0000] {sql.py:511} INFO - Running statement: 
                SELECT COUNT(*)
                FROM credit_applications
                WHERE application_date = '2026-04-04'
            , parameters: None
[2026-04-04T16:45:01.323+0000] {sql.py:520} INFO - Rows affected: 1
[2026-04-04T16:45:31.341+0000] {base.py:84} INFO - Retrieving connection 'pg_baza'
[2026-04-04T16:45:31.342+0000] {sql.py:102} INFO - Poking: 
                SELECT COUNT(*)
                FROM credit_applications
                WHERE application_date = '2026-04-04'
             (with parameters None)
[2026-04-04T16:45:31.358+0000] {base.py:84} INFO - Retrieving connection 'pg_baza'
[2026-04-04T16:45:31.372+0000] {sql.py:511} INFO - Running statement: 
                SELECT COUNT(*)
                FROM credit_applications
                WHERE application_date = '2026-04-04'
            , parameters: None
[2026-04-04T16:45:31.375+0000] {sql.py:520} INFO - Rows affected: 1
[2026-04-04T16:45:31.376+0000] {taskinstance.py:302} INFO - Sensor has timed out; run duration of 300.56270603699886 seconds exceeds the specified timeout of 300.0.
[2026-04-04T16:45:31.427+0000] {taskinstance.py:341} INFO - ::group::Post task execution logs
[2026-04-04T16:45:31.427+0000] {taskinstance.py:353} INFO - Marking task as SKIPPED. dag_id=credit_applications_pipeline, task_id=tg_precheck.check_yesterday_data, run_id=manual__2026-04-04T16:37:13.182340+00:00, execution_date=20260404T163713, start_date=20260404T164030, end_date=20260404T164531
[2026-04-04T16:45:31.523+0000] {local_task_job_runner.py:266} INFO - Task exited with return code 0
[2026-04-04T16:45:31.586+0000] {taskinstance.py:3901} INFO - 0 downstream tasks scheduled from follow-on schedule check
[2026-04-04T16:45:31.604+0000] {local_task_job_runner.py:245} INFO - ::endgroup::
