[2026-03-15T08:09:08.289+0000] {processor.py:186} INFO - Started process (PID=742) to work on /opt/airflow/dags/imports.py
[2026-03-15T08:09:08.290+0000] {processor.py:914} INFO - Processing file /opt/airflow/dags/imports.py for tasks to queue
[2026-03-15T08:09:08.293+0000] {logging_mixin.py:190} INFO - [2026-03-15T08:09:08.293+0000] {dagbag.py:588} INFO - Filling up the DagBag from /opt/airflow/dags/imports.py
[2026-03-15T08:09:08.297+0000] {processor.py:927} WARNING - No viable dags retrieved from /opt/airflow/dags/imports.py
[2026-03-15T08:09:08.319+0000] {processor.py:208} INFO - Processing /opt/airflow/dags/imports.py took 0.038 seconds
[2026-03-15T08:09:38.750+0000] {processor.py:186} INFO - Started process (PID=768) to work on /opt/airflow/dags/imports.py
[2026-03-15T08:09:38.751+0000] {processor.py:914} INFO - Processing file /opt/airflow/dags/imports.py for tasks to queue
[2026-03-15T08:09:38.754+0000] {logging_mixin.py:190} INFO - [2026-03-15T08:09:38.753+0000] {dagbag.py:588} INFO - Filling up the DagBag from /opt/airflow/dags/imports.py
[2026-03-15T08:09:38.760+0000] {processor.py:927} WARNING - No viable dags retrieved from /opt/airflow/dags/imports.py
[2026-03-15T08:09:38.790+0000] {processor.py:208} INFO - Processing /opt/airflow/dags/imports.py took 0.049 seconds
[2026-03-15T08:10:09.108+0000] {processor.py:186} INFO - Started process (PID=794) to work on /opt/airflow/dags/imports.py
[2026-03-15T08:10:09.108+0000] {processor.py:914} INFO - Processing file /opt/airflow/dags/imports.py for tasks to queue
[2026-03-15T08:10:09.111+0000] {logging_mixin.py:190} INFO - [2026-03-15T08:10:09.110+0000] {dagbag.py:588} INFO - Filling up the DagBag from /opt/airflow/dags/imports.py
[2026-03-15T08:10:09.114+0000] {processor.py:927} WARNING - No viable dags retrieved from /opt/airflow/dags/imports.py
[2026-03-15T08:10:09.133+0000] {processor.py:208} INFO - Processing /opt/airflow/dags/imports.py took 0.032 seconds
[2026-03-15T08:10:39.544+0000] {processor.py:186} INFO - Started process (PID=815) to work on /opt/airflow/dags/imports.py
[2026-03-15T08:10:39.546+0000] {processor.py:914} INFO - Processing file /opt/airflow/dags/imports.py for tasks to queue
[2026-03-15T08:10:39.549+0000] {logging_mixin.py:190} INFO - [2026-03-15T08:10:39.548+0000] {dagbag.py:588} INFO - Filling up the DagBag from /opt/airflow/dags/imports.py
[2026-03-15T08:10:39.554+0000] {processor.py:927} WARNING - No viable dags retrieved from /opt/airflow/dags/imports.py
[2026-03-15T08:10:39.577+0000] {processor.py:208} INFO - Processing /opt/airflow/dags/imports.py took 0.040 seconds
[2026-03-15T08:11:09.904+0000] {processor.py:186} INFO - Started process (PID=831) to work on /opt/airflow/dags/imports.py
[2026-03-15T08:11:09.905+0000] {processor.py:914} INFO - Processing file /opt/airflow/dags/imports.py for tasks to queue
[2026-03-15T08:11:09.907+0000] {logging_mixin.py:190} INFO - [2026-03-15T08:11:09.907+0000] {dagbag.py:588} INFO - Filling up the DagBag from /opt/airflow/dags/imports.py
[2026-03-15T08:11:09.911+0000] {processor.py:927} WARNING - No viable dags retrieved from /opt/airflow/dags/imports.py
[2026-03-15T08:11:09.937+0000] {processor.py:208} INFO - Processing /opt/airflow/dags/imports.py took 0.040 seconds
[2026-03-15T08:11:40.264+0000] {processor.py:186} INFO - Started process (PID=847) to work on /opt/airflow/dags/imports.py
[2026-03-15T08:11:40.265+0000] {processor.py:914} INFO - Processing file /opt/airflow/dags/imports.py for tasks to queue
[2026-03-15T08:11:40.268+0000] {logging_mixin.py:190} INFO - [2026-03-15T08:11:40.268+0000] {dagbag.py:588} INFO - Filling up the DagBag from /opt/airflow/dags/imports.py
[2026-03-15T08:11:40.273+0000] {processor.py:927} WARNING - No viable dags retrieved from /opt/airflow/dags/imports.py
[2026-03-15T08:11:40.294+0000] {processor.py:208} INFO - Processing /opt/airflow/dags/imports.py took 0.039 seconds
[2026-03-15T08:12:10.684+0000] {processor.py:186} INFO - Started process (PID=863) to work on /opt/airflow/dags/imports.py
[2026-03-15T08:12:10.685+0000] {processor.py:914} INFO - Processing file /opt/airflow/dags/imports.py for tasks to queue
[2026-03-15T08:12:10.688+0000] {logging_mixin.py:190} INFO - [2026-03-15T08:12:10.687+0000] {dagbag.py:588} INFO - Filling up the DagBag from /opt/airflow/dags/imports.py
[2026-03-15T08:12:10.692+0000] {processor.py:927} WARNING - No viable dags retrieved from /opt/airflow/dags/imports.py
[2026-03-15T08:12:10.714+0000] {processor.py:208} INFO - Processing /opt/airflow/dags/imports.py took 0.038 seconds
