[2026-04-04T16:49:34.907+0000] {local_task_job_runner.py:123} INFO - ::group::Pre task execution logs
[2026-04-04T16:49:34.942+0000] {taskinstance.py:2614} INFO - Dependencies all met for dep_context=non-requeueable deps ti=<TaskInstance: credit_applications_pipeline.tg_precheck.check_blacklist_file scheduled__2026-04-03T00:00:00+00:00 [queued]>
[2026-04-04T16:49:34.958+0000] {taskinstance.py:2614} INFO - Dependencies all met for dep_context=requeueable deps ti=<TaskInstance: credit_applications_pipeline.tg_precheck.check_blacklist_file scheduled__2026-04-03T00:00:00+00:00 [queued]>
[2026-04-04T16:49:34.958+0000] {taskinstance.py:2867} INFO - Starting attempt 1 of 2
[2026-04-04T16:49:34.973+0000] {taskinstance.py:2890} INFO - Executing <Task(FileSensor): tg_precheck.check_blacklist_file> on 2026-04-03 00:00:00+00:00
[2026-04-04T16:49:34.989+0000] {logging_mixin.py:190} WARNING - /home/***/.local/lib/python3.12/site-packages/***/task/task_runner/standard_task_runner.py:70 DeprecationWarning: This process (pid=24034) is multi-threaded, use of fork() may lead to deadlocks in the child.
[2026-04-04T16:49:34.991+0000] {standard_task_runner.py:72} INFO - Started process 24036 to run task
[2026-04-04T16:49:34.991+0000] {standard_task_runner.py:104} INFO - Running: ['***', 'tasks', 'run', 'credit_applications_pipeline', 'tg_precheck.check_blacklist_file', 'scheduled__2026-04-03T00:00:00+00:00', '--job-id', '54', '--raw', '--subdir', 'DAGS_FOLDER/final_***.py', '--cfg-path', '/tmp/tmp_6finc7y']
[2026-04-04T16:49:34.996+0000] {standard_task_runner.py:105} INFO - Job 54: Subtask tg_precheck.check_blacklist_file
[2026-04-04T16:49:35.071+0000] {task_command.py:467} INFO - Running <TaskInstance: credit_applications_pipeline.tg_precheck.check_blacklist_file scheduled__2026-04-03T00:00:00+00:00 [running]> on host da731042e3a5
[2026-04-04T16:49:35.175+0000] {taskinstance.py:3134} INFO - Exporting env vars: AIRFLOW_CTX_DAG_OWNER='***' AIRFLOW_CTX_DAG_ID='credit_applications_pipeline' AIRFLOW_CTX_TASK_ID='tg_precheck.check_blacklist_file' AIRFLOW_CTX_EXECUTION_DATE='2026-04-03T00:00:00+00:00' AIRFLOW_CTX_TRY_NUMBER='1' AIRFLOW_CTX_DAG_RUN_ID='scheduled__2026-04-03T00:00:00+00:00'
[2026-04-04T16:49:35.176+0000] {taskinstance.py:732} INFO - ::endgroup::
[2026-04-04T16:49:35.193+0000] {baseoperator.py:423} WARNING - FileSensor.execute cannot be called outside TaskInstance!
[2026-04-04T16:49:35.207+0000] {base.py:84} INFO - Retrieving connection 'fs_default'
[2026-04-04T16:49:35.208+0000] {filesystem.py:109} INFO - Poking for file /opt/***/files/blacklist_customers.xlsx
[2026-04-04T16:49:35.208+0000] {filesystem.py:113} INFO - Found File /opt/***/files/blacklist_customers.xlsx last modified: 20260404155509
[2026-04-04T16:49:35.208+0000] {base.py:339} INFO - Success criteria met. Exiting.
[2026-04-04T16:49:35.208+0000] {filesystem.py:109} INFO - Poking for file /opt/***/files/blacklist_customers.xlsx
[2026-04-04T16:49:35.209+0000] {filesystem.py:113} INFO - Found File /opt/***/files/blacklist_customers.xlsx last modified: 20260404155509
[2026-04-04T16:49:35.222+0000] {taskinstance.py:341} INFO - ::group::Post task execution logs
[2026-04-04T16:49:35.222+0000] {taskinstance.py:353} INFO - Marking task as SUCCESS. dag_id=credit_applications_pipeline, task_id=tg_precheck.check_blacklist_file, run_id=scheduled__2026-04-03T00:00:00+00:00, execution_date=20260403T000000, start_date=20260404T164934, end_date=20260404T164935
[2026-04-04T16:49:35.285+0000] {local_task_job_runner.py:266} INFO - Task exited with return code 0
[2026-04-04T16:49:35.338+0000] {taskinstance.py:3901} INFO - 1 downstream tasks scheduled from follow-on schedule check
[2026-04-04T16:49:35.340+0000] {local_task_job_runner.py:245} INFO - ::endgroup::
[2026-04-04T16:51:23.613+0000] {local_task_job_runner.py:123} INFO - ::group::Pre task execution logs
[2026-04-04T16:51:23.646+0000] {taskinstance.py:2614} INFO - Dependencies all met for dep_context=non-requeueable deps ti=<TaskInstance: credit_applications_pipeline.tg_precheck.check_blacklist_file scheduled__2026-04-03T00:00:00+00:00 [queued]>
[2026-04-04T16:51:23.659+0000] {taskinstance.py:2614} INFO - Dependencies all met for dep_context=requeueable deps ti=<TaskInstance: credit_applications_pipeline.tg_precheck.check_blacklist_file scheduled__2026-04-03T00:00:00+00:00 [queued]>
[2026-04-04T16:51:23.659+0000] {taskinstance.py:2867} INFO - Starting attempt 1 of 2
[2026-04-04T16:51:23.674+0000] {taskinstance.py:2890} INFO - Executing <Task(FileSensor): tg_precheck.check_blacklist_file> on 2026-04-03 00:00:00+00:00
[2026-04-04T16:51:23.690+0000] {logging_mixin.py:190} WARNING - /home/***/.local/lib/python3.12/site-packages/***/task/task_runner/standard_task_runner.py:70 DeprecationWarning: This process (pid=24331) is multi-threaded, use of fork() may lead to deadlocks in the child.
[2026-04-04T16:51:23.691+0000] {standard_task_runner.py:72} INFO - Started process 24333 to run task
[2026-04-04T16:51:23.690+0000] {standard_task_runner.py:104} INFO - Running: ['***', 'tasks', 'run', 'credit_applications_pipeline', 'tg_precheck.check_blacklist_file', 'scheduled__2026-04-03T00:00:00+00:00', '--job-id', '58', '--raw', '--subdir', 'DAGS_FOLDER/final_***.py', '--cfg-path', '/tmp/tmp4fs_4dnl']
[2026-04-04T16:51:23.692+0000] {standard_task_runner.py:105} INFO - Job 58: Subtask tg_precheck.check_blacklist_file
[2026-04-04T16:51:23.765+0000] {task_command.py:467} INFO - Running <TaskInstance: credit_applications_pipeline.tg_precheck.check_blacklist_file scheduled__2026-04-03T00:00:00+00:00 [running]> on host da731042e3a5
[2026-04-04T16:51:23.896+0000] {taskinstance.py:3134} INFO - Exporting env vars: AIRFLOW_CTX_DAG_OWNER='***' AIRFLOW_CTX_DAG_ID='credit_applications_pipeline' AIRFLOW_CTX_TASK_ID='tg_precheck.check_blacklist_file' AIRFLOW_CTX_EXECUTION_DATE='2026-04-03T00:00:00+00:00' AIRFLOW_CTX_TRY_NUMBER='1' AIRFLOW_CTX_DAG_RUN_ID='scheduled__2026-04-03T00:00:00+00:00'
[2026-04-04T16:51:23.897+0000] {taskinstance.py:732} INFO - ::endgroup::
[2026-04-04T16:51:23.925+0000] {baseoperator.py:423} WARNING - FileSensor.execute cannot be called outside TaskInstance!
[2026-04-04T16:51:23.942+0000] {base.py:84} INFO - Retrieving connection 'fs_default'
[2026-04-04T16:51:23.942+0000] {filesystem.py:109} INFO - Poking for file /opt/***/files/blacklist_customers.xlsx
[2026-04-04T16:51:23.943+0000] {filesystem.py:113} INFO - Found File /opt/***/files/blacklist_customers.xlsx last modified: 20260404155509
[2026-04-04T16:51:23.943+0000] {base.py:339} INFO - Success criteria met. Exiting.
[2026-04-04T16:51:23.944+0000] {filesystem.py:109} INFO - Poking for file /opt/***/files/blacklist_customers.xlsx
[2026-04-04T16:51:23.944+0000] {filesystem.py:113} INFO - Found File /opt/***/files/blacklist_customers.xlsx last modified: 20260404155509
[2026-04-04T16:51:23.960+0000] {taskinstance.py:341} INFO - ::group::Post task execution logs
[2026-04-04T16:51:23.961+0000] {taskinstance.py:353} INFO - Marking task as SUCCESS. dag_id=credit_applications_pipeline, task_id=tg_precheck.check_blacklist_file, run_id=scheduled__2026-04-03T00:00:00+00:00, execution_date=20260403T000000, start_date=20260404T165123, end_date=20260404T165123
[2026-04-04T16:51:24.027+0000] {local_task_job_runner.py:266} INFO - Task exited with return code 0
[2026-04-04T16:51:24.076+0000] {taskinstance.py:3901} INFO - 1 downstream tasks scheduled from follow-on schedule check
[2026-04-04T16:51:24.078+0000] {local_task_job_runner.py:245} INFO - ::endgroup::
[2026-04-04T16:55:12.090+0000] {local_task_job_runner.py:123} INFO - ::group::Pre task execution logs
[2026-04-04T16:55:12.142+0000] {taskinstance.py:2614} INFO - Dependencies all met for dep_context=non-requeueable deps ti=<TaskInstance: credit_applications_pipeline.tg_precheck.check_blacklist_file scheduled__2026-04-03T00:00:00+00:00 [queued]>
[2026-04-04T16:55:12.166+0000] {taskinstance.py:2614} INFO - Dependencies all met for dep_context=requeueable deps ti=<TaskInstance: credit_applications_pipeline.tg_precheck.check_blacklist_file scheduled__2026-04-03T00:00:00+00:00 [queued]>
[2026-04-04T16:55:12.167+0000] {taskinstance.py:2867} INFO - Starting attempt 1 of 2
[2026-04-04T16:55:12.191+0000] {taskinstance.py:2890} INFO - Executing <Task(FileSensor): tg_precheck.check_blacklist_file> on 2026-04-03 00:00:00+00:00
[2026-04-04T16:55:12.210+0000] {logging_mixin.py:190} WARNING - /home/***/.local/lib/python3.12/site-packages/***/task/task_runner/standard_task_runner.py:70 DeprecationWarning: This process (pid=25089) is multi-threaded, use of fork() may lead to deadlocks in the child.
[2026-04-04T16:55:12.212+0000] {standard_task_runner.py:72} INFO - Started process 25093 to run task
[2026-04-04T16:55:12.210+0000] {standard_task_runner.py:104} INFO - Running: ['***', 'tasks', 'run', 'credit_applications_pipeline', 'tg_precheck.check_blacklist_file', 'scheduled__2026-04-03T00:00:00+00:00', '--job-id', '64', '--raw', '--subdir', 'DAGS_FOLDER/final_***.py', '--cfg-path', '/tmp/tmp8kfswt4a']
[2026-04-04T16:55:12.214+0000] {standard_task_runner.py:105} INFO - Job 64: Subtask tg_precheck.check_blacklist_file
[2026-04-04T16:55:12.299+0000] {task_command.py:467} INFO - Running <TaskInstance: credit_applications_pipeline.tg_precheck.check_blacklist_file scheduled__2026-04-03T00:00:00+00:00 [running]> on host da731042e3a5
[2026-04-04T16:55:12.435+0000] {taskinstance.py:3134} INFO - Exporting env vars: AIRFLOW_CTX_DAG_OWNER='***' AIRFLOW_CTX_DAG_ID='credit_applications_pipeline' AIRFLOW_CTX_TASK_ID='tg_precheck.check_blacklist_file' AIRFLOW_CTX_EXECUTION_DATE='2026-04-03T00:00:00+00:00' AIRFLOW_CTX_TRY_NUMBER='1' AIRFLOW_CTX_DAG_RUN_ID='scheduled__2026-04-03T00:00:00+00:00'
[2026-04-04T16:55:12.436+0000] {taskinstance.py:732} INFO - ::endgroup::
[2026-04-04T16:55:12.465+0000] {baseoperator.py:423} WARNING - FileSensor.execute cannot be called outside TaskInstance!
[2026-04-04T16:55:12.482+0000] {base.py:84} INFO - Retrieving connection 'fs_default'
[2026-04-04T16:55:12.483+0000] {filesystem.py:109} INFO - Poking for file /opt/***/files/blacklist_customers.xlsx
[2026-04-04T16:55:12.483+0000] {filesystem.py:113} INFO - Found File /opt/***/files/blacklist_customers.xlsx last modified: 20260404155509
[2026-04-04T16:55:12.484+0000] {base.py:339} INFO - Success criteria met. Exiting.
[2026-04-04T16:55:12.484+0000] {filesystem.py:109} INFO - Poking for file /opt/***/files/blacklist_customers.xlsx
[2026-04-04T16:55:12.485+0000] {filesystem.py:113} INFO - Found File /opt/***/files/blacklist_customers.xlsx last modified: 20260404155509
[2026-04-04T16:55:12.504+0000] {taskinstance.py:341} INFO - ::group::Post task execution logs
[2026-04-04T16:55:12.506+0000] {taskinstance.py:353} INFO - Marking task as SUCCESS. dag_id=credit_applications_pipeline, task_id=tg_precheck.check_blacklist_file, run_id=scheduled__2026-04-03T00:00:00+00:00, execution_date=20260403T000000, start_date=20260404T165512, end_date=20260404T165512
[2026-04-04T16:55:12.588+0000] {local_task_job_runner.py:266} INFO - Task exited with return code 0
[2026-04-04T16:55:12.638+0000] {taskinstance.py:3901} INFO - 1 downstream tasks scheduled from follow-on schedule check
[2026-04-04T16:55:12.640+0000] {local_task_job_runner.py:245} INFO - ::endgroup::
