[2026-04-11T11:17:54.656+0000] {local_task_job_runner.py:123} INFO - ::group::Pre task execution logs
[2026-04-11T11:17:54.693+0000] {taskinstance.py:2614} INFO - Dependencies all met for dep_context=non-requeueable deps ti=<TaskInstance: credit_applications_pipeline.tg_ingestion_processing.spark_ingest scheduled__2026-04-10T00:00:00+00:00 [queued]>
[2026-04-11T11:17:54.708+0000] {taskinstance.py:2614} INFO - Dependencies all met for dep_context=requeueable deps ti=<TaskInstance: credit_applications_pipeline.tg_ingestion_processing.spark_ingest scheduled__2026-04-10T00:00:00+00:00 [queued]>
[2026-04-11T11:17:54.708+0000] {taskinstance.py:2867} INFO - Starting attempt 2 of 2
[2026-04-11T11:17:54.725+0000] {taskinstance.py:2890} INFO - Executing <Task(BashOperator): tg_ingestion_processing.spark_ingest> on 2026-04-10 00:00:00+00:00
[2026-04-11T11:17:54.743+0000] {logging_mixin.py:190} WARNING - /home/***/.local/lib/python3.12/site-packages/***/task/task_runner/standard_task_runner.py:70 DeprecationWarning: This process (pid=35262) is multi-threaded, use of fork() may lead to deadlocks in the child.
[2026-04-11T11:17:54.742+0000] {standard_task_runner.py:104} INFO - Running: ['***', 'tasks', 'run', 'credit_applications_pipeline', 'tg_ingestion_processing.spark_ingest', 'scheduled__2026-04-10T00:00:00+00:00', '--job-id', '101', '--raw', '--subdir', 'DAGS_FOLDER/final_***.py', '--cfg-path', '/tmp/tmpqux_ho0d']
[2026-04-11T11:17:54.744+0000] {standard_task_runner.py:105} INFO - Job 101: Subtask tg_ingestion_processing.spark_ingest
[2026-04-11T11:17:54.744+0000] {standard_task_runner.py:72} INFO - Started process 35263 to run task
[2026-04-11T11:17:54.813+0000] {task_command.py:467} INFO - Running <TaskInstance: credit_applications_pipeline.tg_ingestion_processing.spark_ingest scheduled__2026-04-10T00:00:00+00:00 [running]> on host da731042e3a5
[2026-04-11T11:17:54.984+0000] {taskinstance.py:3134} INFO - Exporting env vars: AIRFLOW_CTX_DAG_OWNER='***' AIRFLOW_CTX_DAG_ID='credit_applications_pipeline' AIRFLOW_CTX_TASK_ID='tg_ingestion_processing.spark_ingest' AIRFLOW_CTX_EXECUTION_DATE='2026-04-10T00:00:00+00:00' AIRFLOW_CTX_TRY_NUMBER='2' AIRFLOW_CTX_DAG_RUN_ID='scheduled__2026-04-10T00:00:00+00:00'
[2026-04-11T11:17:54.985+0000] {taskinstance.py:732} INFO - ::endgroup::
[2026-04-11T11:17:55.001+0000] {subprocess.py:78} INFO - Tmp dir root location: /tmp
[2026-04-11T11:17:55.002+0000] {subprocess.py:88} INFO - Running command: ['/usr/bin/bash', '-c', "spark-submit --jars /opt/spark/jars/postgresql-42.7.3.jar,/opt/spark/jars/hadoop-aws-3.3.4.jar,/opt/spark/jars/aws-java-sdk-bundle-1.12.262.jar,/opt/spark/jars/delta-spark_2.12-3.2.0.jar,/opt/spark/jars/delta-storage-3.2.0.jar,/opt/spark/jars/antlr4-runtime-4.9.3.jar /opt/***/files/final_spark.py --pg-table credit_applications --pg-date 2026-04-10 --pg-host postgres-db --pg-port 5432 --pg-db mydb --pg-user nurgun --pg-password '***' --blacklist-path /opt/***/files/blacklist_customers.xlsx --output-path s3a://bronze/reports"]
[2026-04-11T11:17:55.025+0000] {subprocess.py:99} INFO - Output:
[2026-04-11T11:17:55.091+0000] {subprocess.py:106} INFO - /home/***/.local/lib/python3.12/site-packages/pyspark/bin/load-spark-env.sh: line 68: ps: command not found
[2026-04-11T11:17:57.191+0000] {subprocess.py:106} INFO - 26/04/11 11:17:57 WARN NativeCodeLoader: Unable to load native-hadoop library for your platform... using builtin-java classes where applicable
[2026-04-11T11:17:58.964+0000] {subprocess.py:106} INFO - usage: final_spark.py [-h] [--pg-table PG_TABLE] --pg-date PG_DATE
[2026-04-11T11:17:58.965+0000] {subprocess.py:106} INFO -                       --blacklist-path BLACKLIST_PATH --output-path
[2026-04-11T11:17:58.966+0000] {subprocess.py:106} INFO -                       OUTPUT_PATH
[2026-04-11T11:17:58.966+0000] {subprocess.py:106} INFO - final_spark.py: error: unrecognized arguments: --pg-host postgres-db --pg-port 5432 --pg-db mydb --pg-user nurgun --pg-password ***
[2026-04-11T11:17:59.102+0000] {subprocess.py:106} INFO - 26/04/11 11:17:59 INFO ShutdownHookManager: Shutdown hook called
[2026-04-11T11:17:59.103+0000] {subprocess.py:106} INFO - 26/04/11 11:17:59 INFO ShutdownHookManager: Deleting directory /tmp/spark-8250468c-b97b-4618-a0e8-fbe143da0a4b
[2026-04-11T11:17:59.148+0000] {subprocess.py:110} INFO - Command exited with return code 2
[2026-04-11T11:17:59.167+0000] {taskinstance.py:3313} ERROR - Task failed with exception
Traceback (most recent call last):
  File "/home/airflow/.local/lib/python3.12/site-packages/airflow/models/taskinstance.py", line 768, in _execute_task
    result = _execute_callable(context=context, **execute_callable_kwargs)
             ^^^^^^^^^^^^^^^^^^^^^^^^^^^^^^^^^^^^^^^^^^^^^^^^^^^^^^^^^^^^^
  File "/home/airflow/.local/lib/python3.12/site-packages/airflow/models/taskinstance.py", line 734, in _execute_callable
    return ExecutionCallableRunner(
           ^^^^^^^^^^^^^^^^^^^^^^^^
  File "/home/airflow/.local/lib/python3.12/site-packages/airflow/utils/operator_helpers.py", line 252, in run
    return self.func(*args, **kwargs)
           ^^^^^^^^^^^^^^^^^^^^^^^^^^
  File "/home/airflow/.local/lib/python3.12/site-packages/airflow/models/baseoperator.py", line 424, in wrapper
    return func(self, *args, **kwargs)
           ^^^^^^^^^^^^^^^^^^^^^^^^^^^
  File "/home/airflow/.local/lib/python3.12/site-packages/airflow/operators/bash.py", line 276, in execute
    raise AirflowException(
airflow.exceptions.AirflowException: Bash command failed. The command returned a non-zero exit code 2.
[2026-04-11T11:17:59.172+0000] {taskinstance.py:1226} INFO - Marking task as FAILED. dag_id=credit_applications_pipeline, task_id=tg_ingestion_processing.spark_ingest, run_id=scheduled__2026-04-10T00:00:00+00:00, execution_date=20260410T000000, start_date=20260411T111754, end_date=20260411T111759
[2026-04-11T11:17:59.226+0000] {taskinstance.py:341} INFO - ::group::Post task execution logs
[2026-04-11T11:17:59.227+0000] {standard_task_runner.py:124} ERROR - Failed to execute job 101 for task tg_ingestion_processing.spark_ingest (Bash command failed. The command returned a non-zero exit code 2.; 35263)
Traceback (most recent call last):
  File "/home/airflow/.local/lib/python3.12/site-packages/airflow/task/task_runner/standard_task_runner.py", line 117, in _start_by_fork
    ret = args.func(args, dag=self.dag)
          ^^^^^^^^^^^^^^^^^^^^^^^^^^^^^
  File "/home/airflow/.local/lib/python3.12/site-packages/airflow/cli/cli_config.py", line 49, in command
    return func(*args, **kwargs)
           ^^^^^^^^^^^^^^^^^^^^^
  File "/home/airflow/.local/lib/python3.12/site-packages/airflow/utils/cli.py", line 116, in wrapper
    return f(*args, **kwargs)
           ^^^^^^^^^^^^^^^^^^
  File "/home/airflow/.local/lib/python3.12/site-packages/airflow/cli/commands/task_command.py", line 483, in task_run
    task_return_code = _run_task_by_selected_method(args, _dag, ti)
                       ^^^^^^^^^^^^^^^^^^^^^^^^^^^^^^^^^^^^^^^^^^^^
  File "/home/airflow/.local/lib/python3.12/site-packages/airflow/cli/commands/task_command.py", line 256, in _run_task_by_selected_method
    return _run_raw_task(args, ti)
           ^^^^^^^^^^^^^^^^^^^^^^^
  File "/home/airflow/.local/lib/python3.12/site-packages/airflow/cli/commands/task_command.py", line 341, in _run_raw_task
    return ti._run_raw_task(
           ^^^^^^^^^^^^^^^^^
  File "/home/airflow/.local/lib/python3.12/site-packages/airflow/utils/session.py", line 97, in wrapper
    return func(*args, session=session, **kwargs)
           ^^^^^^^^^^^^^^^^^^^^^^^^^^^^^^^^^^^^^^
  File "/home/airflow/.local/lib/python3.12/site-packages/airflow/models/taskinstance.py", line 3006, in _run_raw_task
    return _run_raw_task(
           ^^^^^^^^^^^^^^
  File "/home/airflow/.local/lib/python3.12/site-packages/airflow/models/taskinstance.py", line 274, in _run_raw_task
    TaskInstance._execute_task_with_callbacks(
  File "/home/airflow/.local/lib/python3.12/site-packages/airflow/models/taskinstance.py", line 3161, in _execute_task_with_callbacks
    result = self._execute_task(context, task_orig)
             ^^^^^^^^^^^^^^^^^^^^^^^^^^^^^^^^^^^^^^
  File "/home/airflow/.local/lib/python3.12/site-packages/airflow/models/taskinstance.py", line 3185, in _execute_task
    return _execute_task(self, context, task_orig)
           ^^^^^^^^^^^^^^^^^^^^^^^^^^^^^^^^^^^^^^^
  File "/home/airflow/.local/lib/python3.12/site-packages/airflow/models/taskinstance.py", line 768, in _execute_task
    result = _execute_callable(context=context, **execute_callable_kwargs)
             ^^^^^^^^^^^^^^^^^^^^^^^^^^^^^^^^^^^^^^^^^^^^^^^^^^^^^^^^^^^^^
  File "/home/airflow/.local/lib/python3.12/site-packages/airflow/models/taskinstance.py", line 734, in _execute_callable
    return ExecutionCallableRunner(
           ^^^^^^^^^^^^^^^^^^^^^^^^
  File "/home/airflow/.local/lib/python3.12/site-packages/airflow/utils/operator_helpers.py", line 252, in run
    return self.func(*args, **kwargs)
           ^^^^^^^^^^^^^^^^^^^^^^^^^^
  File "/home/airflow/.local/lib/python3.12/site-packages/airflow/models/baseoperator.py", line 424, in wrapper
    return func(self, *args, **kwargs)
           ^^^^^^^^^^^^^^^^^^^^^^^^^^^
  File "/home/airflow/.local/lib/python3.12/site-packages/airflow/operators/bash.py", line 276, in execute
    raise AirflowException(
airflow.exceptions.AirflowException: Bash command failed. The command returned a non-zero exit code 2.
[2026-04-11T11:17:59.252+0000] {local_task_job_runner.py:266} INFO - Task exited with return code 1
[2026-04-11T11:17:59.286+0000] {taskinstance.py:3901} INFO - 0 downstream tasks scheduled from follow-on schedule check
[2026-04-11T11:17:59.290+0000] {local_task_job_runner.py:245} INFO - ::endgroup::
