[2026-04-08T04:07:30.135+0000] {local_task_job_runner.py:123} INFO - ::group::Pre task execution logs
[2026-04-08T04:07:30.186+0000] {taskinstance.py:2614} INFO - Dependencies all met for dep_context=non-requeueable deps ti=<TaskInstance: credit_applications_pipeline.tg_precheck.check_blacklist_file scheduled__2026-04-07T00:00:00+00:00 [queued]>
[2026-04-08T04:07:30.209+0000] {taskinstance.py:2614} INFO - Dependencies all met for dep_context=requeueable deps ti=<TaskInstance: credit_applications_pipeline.tg_precheck.check_blacklist_file scheduled__2026-04-07T00:00:00+00:00 [queued]>
[2026-04-08T04:07:30.210+0000] {taskinstance.py:2867} INFO - Starting attempt 1 of 2
[2026-04-08T04:07:30.246+0000] {taskinstance.py:2890} INFO - Executing <Task(FileSensor): tg_precheck.check_blacklist_file> on 2026-04-07 00:00:00+00:00
[2026-04-08T04:07:30.267+0000] {standard_task_runner.py:104} INFO - Running: ['***', 'tasks', 'run', 'credit_applications_pipeline', 'tg_precheck.check_blacklist_file', 'scheduled__2026-04-07T00:00:00+00:00', '--job-id', '80', '--raw', '--subdir', 'DAGS_FOLDER/final_***.py', '--cfg-path', '/tmp/tmpatfvcj27']
[2026-04-08T04:07:30.272+0000] {standard_task_runner.py:105} INFO - Job 80: Subtask tg_precheck.check_blacklist_file
[2026-04-08T04:07:30.277+0000] {logging_mixin.py:190} WARNING - /home/***/.local/lib/python3.12/site-packages/***/task/task_runner/standard_task_runner.py:70 DeprecationWarning: This process (pid=19934) is multi-threaded, use of fork() may lead to deadlocks in the child.
[2026-04-08T04:07:30.278+0000] {standard_task_runner.py:72} INFO - Started process 19952 to run task
[2026-04-08T04:07:30.371+0000] {task_command.py:467} INFO - Running <TaskInstance: credit_applications_pipeline.tg_precheck.check_blacklist_file scheduled__2026-04-07T00:00:00+00:00 [running]> on host da731042e3a5
[2026-04-08T04:07:30.552+0000] {taskinstance.py:3134} INFO - Exporting env vars: AIRFLOW_CTX_DAG_OWNER='***' AIRFLOW_CTX_DAG_ID='credit_applications_pipeline' AIRFLOW_CTX_TASK_ID='tg_precheck.check_blacklist_file' AIRFLOW_CTX_EXECUTION_DATE='2026-04-07T00:00:00+00:00' AIRFLOW_CTX_TRY_NUMBER='1' AIRFLOW_CTX_DAG_RUN_ID='scheduled__2026-04-07T00:00:00+00:00'
[2026-04-08T04:07:30.553+0000] {taskinstance.py:732} INFO - ::endgroup::
[2026-04-08T04:07:30.586+0000] {baseoperator.py:423} WARNING - FileSensor.execute cannot be called outside TaskInstance!
[2026-04-08T04:07:30.609+0000] {base.py:84} INFO - Retrieving connection 'fs_default'
[2026-04-08T04:07:30.610+0000] {filesystem.py:109} INFO - Poking for file /opt/***/files/blacklist_customers.xlsx
[2026-04-08T04:07:30.611+0000] {filesystem.py:113} INFO - Found File /opt/***/files/blacklist_customers.xlsx last modified: 20260404155509
[2026-04-08T04:07:30.612+0000] {base.py:339} INFO - Success criteria met. Exiting.
[2026-04-08T04:07:30.612+0000] {filesystem.py:109} INFO - Poking for file /opt/***/files/blacklist_customers.xlsx
[2026-04-08T04:07:30.613+0000] {filesystem.py:113} INFO - Found File /opt/***/files/blacklist_customers.xlsx last modified: 20260404155509
[2026-04-08T04:07:30.637+0000] {taskinstance.py:341} INFO - ::group::Post task execution logs
[2026-04-08T04:07:30.637+0000] {taskinstance.py:353} INFO - Marking task as SUCCESS. dag_id=credit_applications_pipeline, task_id=tg_precheck.check_blacklist_file, run_id=scheduled__2026-04-07T00:00:00+00:00, execution_date=20260407T000000, start_date=20260408T040730, end_date=20260408T040730
[2026-04-08T04:07:30.736+0000] {local_task_job_runner.py:266} INFO - Task exited with return code 0
[2026-04-08T04:07:30.803+0000] {taskinstance.py:3901} INFO - 0 downstream tasks scheduled from follow-on schedule check
[2026-04-08T04:07:30.806+0000] {local_task_job_runner.py:245} INFO - ::endgroup::
