[2026-03-14T16:52:25.966+0000] {local_task_job_runner.py:123} INFO - ::group::Pre task execution logs
[2026-03-14T16:52:25.997+0000] {taskinstance.py:2614} INFO - Dependencies all met for dep_context=non-requeueable deps ti=<TaskInstance: matrix_minio.branch_yesterday manual__2026-03-14T16:52:23.479495+00:00 [queued]>
[2026-03-14T16:52:26.009+0000] {taskinstance.py:2614} INFO - Dependencies all met for dep_context=requeueable deps ti=<TaskInstance: matrix_minio.branch_yesterday manual__2026-03-14T16:52:23.479495+00:00 [queued]>
[2026-03-14T16:52:26.010+0000] {taskinstance.py:2867} INFO - Starting attempt 1 of 2
[2026-03-14T16:52:26.027+0000] {taskinstance.py:2890} INFO - Executing <Task(BranchPythonOperator): branch_yesterday> on 2026-03-14 16:52:23.479495+00:00
[2026-03-14T16:52:26.042+0000] {logging_mixin.py:190} WARNING - /home/***/.local/lib/python3.12/site-packages/***/task/task_runner/standard_task_runner.py:70 DeprecationWarning: This process (pid=2997) is multi-threaded, use of fork() may lead to deadlocks in the child.
[2026-03-14T16:52:26.043+0000] {standard_task_runner.py:72} INFO - Started process 2998 to run task
[2026-03-14T16:52:26.041+0000] {standard_task_runner.py:104} INFO - Running: ['***', 'tasks', 'run', 'matrix_minio', 'branch_yesterday', 'manual__2026-03-14T16:52:23.479495+00:00', '--job-id', '15', '--raw', '--subdir', 'DAGS_FOLDER/dag.py', '--cfg-path', '/tmp/tmpwki79pit']
[2026-03-14T16:52:26.045+0000] {standard_task_runner.py:105} INFO - Job 15: Subtask branch_yesterday
[2026-03-14T16:52:26.109+0000] {task_command.py:467} INFO - Running <TaskInstance: matrix_minio.branch_yesterday manual__2026-03-14T16:52:23.479495+00:00 [running]> on host e073b635a9aa
[2026-03-14T16:52:26.226+0000] {taskinstance.py:3134} INFO - Exporting env vars: AIRFLOW_CTX_DAG_OWNER='***' AIRFLOW_CTX_DAG_ID='matrix_minio' AIRFLOW_CTX_TASK_ID='branch_yesterday' AIRFLOW_CTX_EXECUTION_DATE='2026-03-14T16:52:23.479495+00:00' AIRFLOW_CTX_TRY_NUMBER='1' AIRFLOW_CTX_DAG_RUN_ID='manual__2026-03-14T16:52:23.479495+00:00'
[2026-03-14T16:52:26.227+0000] {taskinstance.py:732} INFO - ::endgroup::
[2026-03-14T16:52:26.242+0000] {baseoperator.py:423} WARNING - BranchPythonOperator.execute cannot be called outside TaskInstance!
[2026-03-14T16:52:26.261+0000] {python.py:240} INFO - Done. Returned value was: fail_no_data
[2026-03-14T16:52:26.261+0000] {branch.py:38} INFO - Branch into fail_no_data
[2026-03-14T16:52:26.261+0000] {skipmixin.py:233} INFO - Following branch ('fail_no_data',)
[2026-03-14T16:52:26.282+0000] {skipmixin.py:281} INFO - Skipping tasks [('check_row_count_task', -1)]
[2026-03-14T16:52:26.322+0000] {taskinstance.py:341} INFO - ::group::Post task execution logs
[2026-03-14T16:52:26.322+0000] {taskinstance.py:353} INFO - Marking task as SUCCESS. dag_id=matrix_minio, task_id=branch_yesterday, run_id=manual__2026-03-14T16:52:23.479495+00:00, execution_date=20260314T165223, start_date=20260314T165225, end_date=20260314T165226
[2026-03-14T16:52:26.379+0000] {local_task_job_runner.py:266} INFO - Task exited with return code 0
[2026-03-14T16:52:26.445+0000] {taskinstance.py:3901} INFO - 1 downstream tasks scheduled from follow-on schedule check
[2026-03-14T16:52:26.450+0000] {local_task_job_runner.py:245} INFO - ::endgroup::
