[2026-04-10T05:37:05.906+0000] {local_task_job_runner.py:123} INFO - ::group::Pre task execution logs
[2026-04-10T05:37:05.960+0000] {taskinstance.py:2614} INFO - Dependencies all met for dep_context=non-requeueable deps ti=<TaskInstance: credit_applications_pipeline.tg_precheck.check_yesterday_data scheduled__2026-04-08T00:00:00+00:00 [queued]>
[2026-04-10T05:37:05.994+0000] {taskinstance.py:2614} INFO - Dependencies all met for dep_context=requeueable deps ti=<TaskInstance: credit_applications_pipeline.tg_precheck.check_yesterday_data scheduled__2026-04-08T00:00:00+00:00 [queued]>
[2026-04-10T05:37:05.996+0000] {taskinstance.py:2867} INFO - Starting attempt 1 of 2
[2026-04-10T05:37:06.030+0000] {taskinstance.py:2890} INFO - Executing <Task(SqlSensor): tg_precheck.check_yesterday_data> on 2026-04-08 00:00:00+00:00
[2026-04-10T05:37:06.054+0000] {standard_task_runner.py:104} INFO - Running: ['***', 'tasks', 'run', 'credit_applications_pipeline', 'tg_precheck.check_yesterday_data', 'scheduled__2026-04-08T00:00:00+00:00', '--job-id', '83', '--raw', '--subdir', 'DAGS_FOLDER/final_***.py', '--cfg-path', '/tmp/tmp1omi1ner']
[2026-04-10T05:37:06.058+0000] {standard_task_runner.py:105} INFO - Job 83: Subtask tg_precheck.check_yesterday_data
[2026-04-10T05:37:06.078+0000] {logging_mixin.py:190} WARNING - /home/***/.local/lib/python3.12/site-packages/***/task/task_runner/standard_task_runner.py:70 DeprecationWarning: This process (pid=205) is multi-threaded, use of fork() may lead to deadlocks in the child.
[2026-04-10T05:37:06.079+0000] {standard_task_runner.py:72} INFO - Started process 221 to run task
[2026-04-10T05:37:06.212+0000] {task_command.py:467} INFO - Running <TaskInstance: credit_applications_pipeline.tg_precheck.check_yesterday_data scheduled__2026-04-08T00:00:00+00:00 [running]> on host da731042e3a5
[2026-04-10T05:37:06.593+0000] {taskinstance.py:3134} INFO - Exporting env vars: AIRFLOW_CTX_DAG_OWNER='***' AIRFLOW_CTX_DAG_ID='credit_applications_pipeline' AIRFLOW_CTX_TASK_ID='tg_precheck.check_yesterday_data' AIRFLOW_CTX_EXECUTION_DATE='2026-04-08T00:00:00+00:00' AIRFLOW_CTX_TRY_NUMBER='1' AIRFLOW_CTX_DAG_RUN_ID='scheduled__2026-04-08T00:00:00+00:00'
[2026-04-10T05:37:06.594+0000] {taskinstance.py:732} INFO - ::endgroup::
[2026-04-10T05:37:06.697+0000] {base.py:84} INFO - Retrieving connection 'pg_baza'
[2026-04-10T05:37:06.720+0000] {sql.py:102} INFO - Poking: 
                SELECT COUNT(*)
                FROM credit_applications
                WHERE application_date = '2026-04-08'
             (with parameters None)
[2026-04-10T05:37:06.752+0000] {base.py:84} INFO - Retrieving connection 'pg_baza'
[2026-04-10T05:37:06.769+0000] {sql.py:511} INFO - Running statement: 
                SELECT COUNT(*)
                FROM credit_applications
                WHERE application_date = '2026-04-08'
            , parameters: None
[2026-04-10T05:37:06.776+0000] {sql.py:520} INFO - Rows affected: 1
[2026-04-10T05:37:06.794+0000] {logging_mixin.py:190} WARNING - /home/***/.local/lib/python3.12/site-packages/***/providers/common/sql/hooks/sql.py:470 DeprecationWarning: Import of fetch_all_handler from the '***.providers.common.sql.hooks' module is deprecated and will
be removed in the future. Please import it from '***.providers.common.sql.hooks.handlers'.
[2026-04-10T05:37:06.798+0000] {logging_mixin.py:190} WARNING - /home/***/.local/lib/python3.12/site-packages/***/providers/common/sql/hooks/sql.py:471 DeprecationWarning: Import of return_single_query_results from the '***.providers.common.sql.hooks' module is deprecated and will
be removed in the future. Please import it from '***.providers.common.sql.hooks.handlers'.
[2026-04-10T05:37:06.805+0000] {logging_mixin.py:190} WARNING - /home/***/.local/lib/python3.12/site-packages/***/providers/common/sql/hooks/sql.py:486 DeprecationWarning: Import of return_single_query_results from the '***.providers.common.sql.hooks' module is deprecated and will
be removed in the future. Please import it from '***.providers.common.sql.hooks.handlers'.
[2026-04-10T05:37:36.822+0000] {base.py:84} INFO - Retrieving connection 'pg_baza'
[2026-04-10T05:37:36.823+0000] {sql.py:102} INFO - Poking: 
                SELECT COUNT(*)
                FROM credit_applications
                WHERE application_date = '2026-04-08'
             (with parameters None)
[2026-04-10T05:37:36.839+0000] {base.py:84} INFO - Retrieving connection 'pg_baza'
[2026-04-10T05:37:36.851+0000] {sql.py:511} INFO - Running statement: 
                SELECT COUNT(*)
                FROM credit_applications
                WHERE application_date = '2026-04-08'
            , parameters: None
[2026-04-10T05:37:36.854+0000] {sql.py:520} INFO - Rows affected: 1
[2026-04-10T05:38:06.873+0000] {base.py:84} INFO - Retrieving connection 'pg_baza'
[2026-04-10T05:38:06.874+0000] {sql.py:102} INFO - Poking: 
                SELECT COUNT(*)
                FROM credit_applications
                WHERE application_date = '2026-04-08'
             (with parameters None)
[2026-04-10T05:38:06.890+0000] {base.py:84} INFO - Retrieving connection 'pg_baza'
[2026-04-10T05:38:06.898+0000] {sql.py:511} INFO - Running statement: 
                SELECT COUNT(*)
                FROM credit_applications
                WHERE application_date = '2026-04-08'
            , parameters: None
[2026-04-10T05:38:06.900+0000] {sql.py:520} INFO - Rows affected: 1
[2026-04-10T05:38:36.915+0000] {base.py:84} INFO - Retrieving connection 'pg_baza'
[2026-04-10T05:38:36.915+0000] {sql.py:102} INFO - Poking: 
                SELECT COUNT(*)
                FROM credit_applications
                WHERE application_date = '2026-04-08'
             (with parameters None)
[2026-04-10T05:38:36.930+0000] {base.py:84} INFO - Retrieving connection 'pg_baza'
[2026-04-10T05:38:36.941+0000] {sql.py:511} INFO - Running statement: 
                SELECT COUNT(*)
                FROM credit_applications
                WHERE application_date = '2026-04-08'
            , parameters: None
[2026-04-10T05:38:36.943+0000] {sql.py:520} INFO - Rows affected: 1
[2026-04-10T05:39:06.958+0000] {base.py:84} INFO - Retrieving connection 'pg_baza'
[2026-04-10T05:39:06.959+0000] {sql.py:102} INFO - Poking: 
                SELECT COUNT(*)
                FROM credit_applications
                WHERE application_date = '2026-04-08'
             (with parameters None)
[2026-04-10T05:39:06.976+0000] {base.py:84} INFO - Retrieving connection 'pg_baza'
[2026-04-10T05:39:06.987+0000] {sql.py:511} INFO - Running statement: 
                SELECT COUNT(*)
                FROM credit_applications
                WHERE application_date = '2026-04-08'
            , parameters: None
[2026-04-10T05:39:06.989+0000] {sql.py:520} INFO - Rows affected: 1
[2026-04-10T05:39:37.000+0000] {base.py:84} INFO - Retrieving connection 'pg_baza'
[2026-04-10T05:39:37.001+0000] {sql.py:102} INFO - Poking: 
                SELECT COUNT(*)
                FROM credit_applications
                WHERE application_date = '2026-04-08'
             (with parameters None)
[2026-04-10T05:39:37.012+0000] {base.py:84} INFO - Retrieving connection 'pg_baza'
[2026-04-10T05:39:37.020+0000] {sql.py:511} INFO - Running statement: 
                SELECT COUNT(*)
                FROM credit_applications
                WHERE application_date = '2026-04-08'
            , parameters: None
[2026-04-10T05:39:37.021+0000] {sql.py:520} INFO - Rows affected: 1
[2026-04-10T05:40:07.039+0000] {base.py:84} INFO - Retrieving connection 'pg_baza'
[2026-04-10T05:40:07.040+0000] {sql.py:102} INFO - Poking: 
                SELECT COUNT(*)
                FROM credit_applications
                WHERE application_date = '2026-04-08'
             (with parameters None)
[2026-04-10T05:40:07.055+0000] {base.py:84} INFO - Retrieving connection 'pg_baza'
[2026-04-10T05:40:07.065+0000] {sql.py:511} INFO - Running statement: 
                SELECT COUNT(*)
                FROM credit_applications
                WHERE application_date = '2026-04-08'
            , parameters: None
[2026-04-10T05:40:07.067+0000] {sql.py:520} INFO - Rows affected: 1
[2026-04-10T05:40:37.080+0000] {base.py:84} INFO - Retrieving connection 'pg_baza'
[2026-04-10T05:40:37.081+0000] {sql.py:102} INFO - Poking: 
                SELECT COUNT(*)
                FROM credit_applications
                WHERE application_date = '2026-04-08'
             (with parameters None)
[2026-04-10T05:40:37.094+0000] {base.py:84} INFO - Retrieving connection 'pg_baza'
[2026-04-10T05:40:37.102+0000] {sql.py:511} INFO - Running statement: 
                SELECT COUNT(*)
                FROM credit_applications
                WHERE application_date = '2026-04-08'
            , parameters: None
[2026-04-10T05:40:37.104+0000] {sql.py:520} INFO - Rows affected: 1
[2026-04-10T05:41:07.118+0000] {base.py:84} INFO - Retrieving connection 'pg_baza'
[2026-04-10T05:41:07.119+0000] {sql.py:102} INFO - Poking: 
                SELECT COUNT(*)
                FROM credit_applications
                WHERE application_date = '2026-04-08'
             (with parameters None)
[2026-04-10T05:41:07.132+0000] {base.py:84} INFO - Retrieving connection 'pg_baza'
[2026-04-10T05:41:07.141+0000] {sql.py:511} INFO - Running statement: 
                SELECT COUNT(*)
                FROM credit_applications
                WHERE application_date = '2026-04-08'
            , parameters: None
[2026-04-10T05:41:07.143+0000] {sql.py:520} INFO - Rows affected: 1
[2026-04-10T05:41:37.160+0000] {base.py:84} INFO - Retrieving connection 'pg_baza'
[2026-04-10T05:41:37.161+0000] {sql.py:102} INFO - Poking: 
                SELECT COUNT(*)
                FROM credit_applications
                WHERE application_date = '2026-04-08'
             (with parameters None)
[2026-04-10T05:41:37.179+0000] {base.py:84} INFO - Retrieving connection 'pg_baza'
[2026-04-10T05:41:37.192+0000] {sql.py:511} INFO - Running statement: 
                SELECT COUNT(*)
                FROM credit_applications
                WHERE application_date = '2026-04-08'
            , parameters: None
[2026-04-10T05:41:37.195+0000] {sql.py:520} INFO - Rows affected: 1
[2026-04-10T05:42:07.208+0000] {base.py:84} INFO - Retrieving connection 'pg_baza'
[2026-04-10T05:42:07.209+0000] {sql.py:102} INFO - Poking: 
                SELECT COUNT(*)
                FROM credit_applications
                WHERE application_date = '2026-04-08'
             (with parameters None)
[2026-04-10T05:42:07.221+0000] {base.py:84} INFO - Retrieving connection 'pg_baza'
[2026-04-10T05:42:07.230+0000] {sql.py:511} INFO - Running statement: 
                SELECT COUNT(*)
                FROM credit_applications
                WHERE application_date = '2026-04-08'
            , parameters: None
[2026-04-10T05:42:07.232+0000] {sql.py:520} INFO - Rows affected: 1
[2026-04-10T05:42:07.233+0000] {taskinstance.py:302} INFO - Sensor has timed out; run duration of 300.574112449 seconds exceeds the specified timeout of 300.0.
[2026-04-10T05:42:07.282+0000] {taskinstance.py:341} INFO - ::group::Post task execution logs
[2026-04-10T05:42:07.282+0000] {taskinstance.py:353} INFO - Marking task as SKIPPED. dag_id=credit_applications_pipeline, task_id=tg_precheck.check_yesterday_data, run_id=scheduled__2026-04-08T00:00:00+00:00, execution_date=20260408T000000, start_date=20260410T053705, end_date=20260410T054207
[2026-04-10T05:42:07.354+0000] {local_task_job_runner.py:266} INFO - Task exited with return code 0
[2026-04-10T05:42:07.398+0000] {taskinstance.py:3901} INFO - 1 downstream tasks scheduled from follow-on schedule check
[2026-04-10T05:42:07.399+0000] {local_task_job_runner.py:245} INFO - ::endgroup::
