[2026-03-14T16:04:59.790+0000] {local_task_job_runner.py:123} INFO - ::group::Pre task execution logs
[2026-03-14T16:04:59.840+0000] {taskinstance.py:2614} INFO - Dependencies all met for dep_context=non-requeueable deps ti=<TaskInstance: matrix_minio.row_count manual__2026-03-14T16:04:36.806932+00:00 [queued]>
[2026-03-14T16:04:59.862+0000] {taskinstance.py:2614} INFO - Dependencies all met for dep_context=requeueable deps ti=<TaskInstance: matrix_minio.row_count manual__2026-03-14T16:04:36.806932+00:00 [queued]>
[2026-03-14T16:04:59.863+0000] {taskinstance.py:2867} INFO - Starting attempt 1 of 2
[2026-03-14T16:04:59.890+0000] {taskinstance.py:2890} INFO - Executing <Task(SqlSensor): row_count> on 2026-03-14 16:04:36.806932+00:00
[2026-03-14T16:04:59.907+0000] {standard_task_runner.py:104} INFO - Running: ['***', 'tasks', 'run', 'matrix_minio', 'row_count', 'manual__2026-03-14T16:04:36.806932+00:00', '--job-id', '3', '--raw', '--subdir', 'DAGS_FOLDER/dag.py', '--cfg-path', '/tmp/tmp6vj32_9j']
[2026-03-14T16:04:59.911+0000] {standard_task_runner.py:105} INFO - Job 3: Subtask row_count
[2026-03-14T16:04:59.914+0000] {logging_mixin.py:190} WARNING - /home/***/.local/lib/python3.12/site-packages/***/task/task_runner/standard_task_runner.py:70 DeprecationWarning: This process (pid=986) is multi-threaded, use of fork() may lead to deadlocks in the child.
[2026-03-14T16:04:59.915+0000] {standard_task_runner.py:72} INFO - Started process 987 to run task
[2026-03-14T16:04:59.995+0000] {task_command.py:467} INFO - Running <TaskInstance: matrix_minio.row_count manual__2026-03-14T16:04:36.806932+00:00 [running]> on host e073b635a9aa
[2026-03-14T16:05:00.196+0000] {taskinstance.py:3134} INFO - Exporting env vars: AIRFLOW_CTX_DAG_OWNER='***' AIRFLOW_CTX_DAG_ID='matrix_minio' AIRFLOW_CTX_TASK_ID='row_count' AIRFLOW_CTX_EXECUTION_DATE='2026-03-14T16:04:36.806932+00:00' AIRFLOW_CTX_TRY_NUMBER='1' AIRFLOW_CTX_DAG_RUN_ID='manual__2026-03-14T16:04:36.806932+00:00'
[2026-03-14T16:05:00.198+0000] {taskinstance.py:732} INFO - ::endgroup::
[2026-03-14T16:05:00.287+0000] {base.py:84} INFO - Retrieving connection 'pg_connection'
[2026-03-14T16:05:00.301+0000] {sql.py:102} INFO - Poking: select count(*) from transactions (with parameters None)
[2026-03-14T16:05:00.315+0000] {base.py:84} INFO - Retrieving connection 'pg_connection'
[2026-03-14T16:05:00.325+0000] {sql.py:511} INFO - Running statement: select count(*) from transactions, parameters: None
[2026-03-14T16:05:00.327+0000] {sql.py:520} INFO - Rows affected: 1
[2026-03-14T16:05:00.336+0000] {logging_mixin.py:190} WARNING - /home/***/.local/lib/python3.12/site-packages/***/providers/common/sql/hooks/sql.py:470 DeprecationWarning: Import of fetch_all_handler from the '***.providers.common.sql.hooks' module is deprecated and will
be removed in the future. Please import it from '***.providers.common.sql.hooks.handlers'.
[2026-03-14T16:05:00.341+0000] {logging_mixin.py:190} WARNING - /home/***/.local/lib/python3.12/site-packages/***/providers/common/sql/hooks/sql.py:471 DeprecationWarning: Import of return_single_query_results from the '***.providers.common.sql.hooks' module is deprecated and will
be removed in the future. Please import it from '***.providers.common.sql.hooks.handlers'.
[2026-03-14T16:05:00.343+0000] {logging_mixin.py:190} WARNING - /home/***/.local/lib/python3.12/site-packages/***/providers/common/sql/hooks/sql.py:486 DeprecationWarning: Import of return_single_query_results from the '***.providers.common.sql.hooks' module is deprecated and will
be removed in the future. Please import it from '***.providers.common.sql.hooks.handlers'.
[2026-03-14T16:05:00.344+0000] {base.py:339} INFO - Success criteria met. Exiting.
[2026-03-14T16:05:00.364+0000] {taskinstance.py:341} INFO - ::group::Post task execution logs
[2026-03-14T16:05:00.365+0000] {taskinstance.py:353} INFO - Marking task as SUCCESS. dag_id=matrix_minio, task_id=row_count, run_id=manual__2026-03-14T16:04:36.806932+00:00, execution_date=20260314T160436, start_date=20260314T160459, end_date=20260314T160500
[2026-03-14T16:05:00.453+0000] {local_task_job_runner.py:266} INFO - Task exited with return code 0
[2026-03-14T16:05:00.530+0000] {taskinstance.py:3901} INFO - 1 downstream tasks scheduled from follow-on schedule check
[2026-03-14T16:05:00.542+0000] {local_task_job_runner.py:245} INFO - ::endgroup::
