[2026-03-14T16:20:44.342+0000] {local_task_job_runner.py:123} INFO - ::group::Pre task execution logs
[2026-03-14T16:20:44.373+0000] {taskinstance.py:2614} INFO - Dependencies all met for dep_context=non-requeueable deps ti=<TaskInstance: matrix_minio.yesterday_check manual__2026-03-14T16:20:27.598115+00:00 [queued]>
[2026-03-14T16:20:44.386+0000] {taskinstance.py:2614} INFO - Dependencies all met for dep_context=requeueable deps ti=<TaskInstance: matrix_minio.yesterday_check manual__2026-03-14T16:20:27.598115+00:00 [queued]>
[2026-03-14T16:20:44.386+0000] {taskinstance.py:2867} INFO - Starting attempt 1 of 2
[2026-03-14T16:20:44.403+0000] {taskinstance.py:2890} INFO - Executing <Task(SqlSensor): yesterday_check> on 2026-03-14 16:20:27.598115+00:00
[2026-03-14T16:20:44.416+0000] {standard_task_runner.py:104} INFO - Running: ['***', 'tasks', 'run', 'matrix_minio', 'yesterday_check', 'manual__2026-03-14T16:20:27.598115+00:00', '--job-id', '5', '--raw', '--subdir', 'DAGS_FOLDER/dag.py', '--cfg-path', '/tmp/tmpoz2alo1i']
[2026-03-14T16:20:44.419+0000] {standard_task_runner.py:105} INFO - Job 5: Subtask yesterday_check
[2026-03-14T16:20:44.420+0000] {logging_mixin.py:190} WARNING - /home/***/.local/lib/python3.12/site-packages/***/task/task_runner/standard_task_runner.py:70 DeprecationWarning: This process (pid=1531) is multi-threaded, use of fork() may lead to deadlocks in the child.
[2026-03-14T16:20:44.421+0000] {standard_task_runner.py:72} INFO - Started process 1532 to run task
[2026-03-14T16:20:44.490+0000] {task_command.py:467} INFO - Running <TaskInstance: matrix_minio.yesterday_check manual__2026-03-14T16:20:27.598115+00:00 [running]> on host e073b635a9aa
[2026-03-14T16:20:44.617+0000] {taskinstance.py:3134} INFO - Exporting env vars: AIRFLOW_CTX_DAG_OWNER='***' AIRFLOW_CTX_DAG_ID='matrix_minio' AIRFLOW_CTX_TASK_ID='yesterday_check' AIRFLOW_CTX_EXECUTION_DATE='2026-03-14T16:20:27.598115+00:00' AIRFLOW_CTX_TRY_NUMBER='1' AIRFLOW_CTX_DAG_RUN_ID='manual__2026-03-14T16:20:27.598115+00:00'
[2026-03-14T16:20:44.618+0000] {taskinstance.py:732} INFO - ::endgroup::
[2026-03-14T16:20:44.658+0000] {base.py:84} INFO - Retrieving connection 'pg_connection'
[2026-03-14T16:20:44.661+0000] {sql.py:102} INFO - Poking: select case when max(transaction_date) = current_date - interval '1 day' then 1 else 0 end as is_yesterdays_data from transactions (with parameters None)
[2026-03-14T16:20:44.672+0000] {base.py:84} INFO - Retrieving connection 'pg_connection'
[2026-03-14T16:20:44.680+0000] {sql.py:511} INFO - Running statement: select case when max(transaction_date) = current_date - interval '1 day' then 1 else 0 end as is_yesterdays_data from transactions, parameters: None
[2026-03-14T16:20:44.682+0000] {sql.py:520} INFO - Rows affected: 1
[2026-03-14T16:20:44.688+0000] {logging_mixin.py:190} WARNING - /home/***/.local/lib/python3.12/site-packages/***/providers/common/sql/hooks/sql.py:470 DeprecationWarning: Import of fetch_all_handler from the '***.providers.common.sql.hooks' module is deprecated and will
be removed in the future. Please import it from '***.providers.common.sql.hooks.handlers'.
[2026-03-14T16:20:44.690+0000] {logging_mixin.py:190} WARNING - /home/***/.local/lib/python3.12/site-packages/***/providers/common/sql/hooks/sql.py:471 DeprecationWarning: Import of return_single_query_results from the '***.providers.common.sql.hooks' module is deprecated and will
be removed in the future. Please import it from '***.providers.common.sql.hooks.handlers'.
[2026-03-14T16:20:44.692+0000] {logging_mixin.py:190} WARNING - /home/***/.local/lib/python3.12/site-packages/***/providers/common/sql/hooks/sql.py:486 DeprecationWarning: Import of return_single_query_results from the '***.providers.common.sql.hooks' module is deprecated and will
be removed in the future. Please import it from '***.providers.common.sql.hooks.handlers'.
[2026-03-14T16:20:54.706+0000] {base.py:84} INFO - Retrieving connection 'pg_connection'
[2026-03-14T16:20:54.707+0000] {sql.py:102} INFO - Poking: select case when max(transaction_date) = current_date - interval '1 day' then 1 else 0 end as is_yesterdays_data from transactions (with parameters None)
[2026-03-14T16:20:54.719+0000] {base.py:84} INFO - Retrieving connection 'pg_connection'
[2026-03-14T16:20:54.728+0000] {sql.py:511} INFO - Running statement: select case when max(transaction_date) = current_date - interval '1 day' then 1 else 0 end as is_yesterdays_data from transactions, parameters: None
[2026-03-14T16:20:54.729+0000] {sql.py:520} INFO - Rows affected: 1
[2026-03-14T16:21:04.744+0000] {base.py:84} INFO - Retrieving connection 'pg_connection'
[2026-03-14T16:21:04.745+0000] {sql.py:102} INFO - Poking: select case when max(transaction_date) = current_date - interval '1 day' then 1 else 0 end as is_yesterdays_data from transactions (with parameters None)
[2026-03-14T16:21:04.757+0000] {base.py:84} INFO - Retrieving connection 'pg_connection'
[2026-03-14T16:21:04.766+0000] {sql.py:511} INFO - Running statement: select case when max(transaction_date) = current_date - interval '1 day' then 1 else 0 end as is_yesterdays_data from transactions, parameters: None
[2026-03-14T16:21:04.768+0000] {sql.py:520} INFO - Rows affected: 1
[2026-03-14T16:21:04.769+0000] {taskinstance.py:3313} ERROR - Task failed with exception
Traceback (most recent call last):
  File "/home/airflow/.local/lib/python3.12/site-packages/airflow/models/taskinstance.py", line 768, in _execute_task
    result = _execute_callable(context=context, **execute_callable_kwargs)
             ^^^^^^^^^^^^^^^^^^^^^^^^^^^^^^^^^^^^^^^^^^^^^^^^^^^^^^^^^^^^^
  File "/home/airflow/.local/lib/python3.12/site-packages/airflow/models/taskinstance.py", line 734, in _execute_callable
    return ExecutionCallableRunner(
           ^^^^^^^^^^^^^^^^^^^^^^^^
  File "/home/airflow/.local/lib/python3.12/site-packages/airflow/utils/operator_helpers.py", line 252, in run
    return self.func(*args, **kwargs)
           ^^^^^^^^^^^^^^^^^^^^^^^^^^
  File "/home/airflow/.local/lib/python3.12/site-packages/airflow/models/baseoperator.py", line 424, in wrapper
    return func(self, *args, **kwargs)
           ^^^^^^^^^^^^^^^^^^^^^^^^^^^
  File "/home/airflow/.local/lib/python3.12/site-packages/airflow/sensors/base.py", line 326, in execute
    raise AirflowSensorTimeout(message)
airflow.exceptions.AirflowSensorTimeout: Sensor has timed out; run duration of 20.129763668999658 seconds exceeds the specified timeout of 20.0.
[2026-03-14T16:21:04.786+0000] {taskinstance.py:1226} INFO - Immediate failure requested. Marking task as FAILED. dag_id=matrix_minio, task_id=yesterday_check, run_id=manual__2026-03-14T16:20:27.598115+00:00, execution_date=20260314T162027, start_date=20260314T162044, end_date=20260314T162104
[2026-03-14T16:21:04.837+0000] {taskinstance.py:341} INFO - ::group::Post task execution logs
[2026-03-14T16:21:04.838+0000] {standard_task_runner.py:124} ERROR - Failed to execute job 5 for task yesterday_check (Sensor has timed out; run duration of 20.129763668999658 seconds exceeds the specified timeout of 20.0.; 1532)
Traceback (most recent call last):
  File "/home/airflow/.local/lib/python3.12/site-packages/airflow/task/task_runner/standard_task_runner.py", line 117, in _start_by_fork
    ret = args.func(args, dag=self.dag)
          ^^^^^^^^^^^^^^^^^^^^^^^^^^^^^
  File "/home/airflow/.local/lib/python3.12/site-packages/airflow/cli/cli_config.py", line 49, in command
    return func(*args, **kwargs)
           ^^^^^^^^^^^^^^^^^^^^^
  File "/home/airflow/.local/lib/python3.12/site-packages/airflow/utils/cli.py", line 116, in wrapper
    return f(*args, **kwargs)
           ^^^^^^^^^^^^^^^^^^
  File "/home/airflow/.local/lib/python3.12/site-packages/airflow/cli/commands/task_command.py", line 483, in task_run
    task_return_code = _run_task_by_selected_method(args, _dag, ti)
                       ^^^^^^^^^^^^^^^^^^^^^^^^^^^^^^^^^^^^^^^^^^^^
  File "/home/airflow/.local/lib/python3.12/site-packages/airflow/cli/commands/task_command.py", line 256, in _run_task_by_selected_method
    return _run_raw_task(args, ti)
           ^^^^^^^^^^^^^^^^^^^^^^^
  File "/home/airflow/.local/lib/python3.12/site-packages/airflow/cli/commands/task_command.py", line 341, in _run_raw_task
    return ti._run_raw_task(
           ^^^^^^^^^^^^^^^^^
  File "/home/airflow/.local/lib/python3.12/site-packages/airflow/utils/session.py", line 97, in wrapper
    return func(*args, session=session, **kwargs)
           ^^^^^^^^^^^^^^^^^^^^^^^^^^^^^^^^^^^^^^
  File "/home/airflow/.local/lib/python3.12/site-packages/airflow/models/taskinstance.py", line 3006, in _run_raw_task
    return _run_raw_task(
           ^^^^^^^^^^^^^^
  File "/home/airflow/.local/lib/python3.12/site-packages/airflow/models/taskinstance.py", line 274, in _run_raw_task
    TaskInstance._execute_task_with_callbacks(
  File "/home/airflow/.local/lib/python3.12/site-packages/airflow/models/taskinstance.py", line 3161, in _execute_task_with_callbacks
    result = self._execute_task(context, task_orig)
             ^^^^^^^^^^^^^^^^^^^^^^^^^^^^^^^^^^^^^^
  File "/home/airflow/.local/lib/python3.12/site-packages/airflow/models/taskinstance.py", line 3185, in _execute_task
    return _execute_task(self, context, task_orig)
           ^^^^^^^^^^^^^^^^^^^^^^^^^^^^^^^^^^^^^^^
  File "/home/airflow/.local/lib/python3.12/site-packages/airflow/models/taskinstance.py", line 768, in _execute_task
    result = _execute_callable(context=context, **execute_callable_kwargs)
             ^^^^^^^^^^^^^^^^^^^^^^^^^^^^^^^^^^^^^^^^^^^^^^^^^^^^^^^^^^^^^
  File "/home/airflow/.local/lib/python3.12/site-packages/airflow/models/taskinstance.py", line 734, in _execute_callable
    return ExecutionCallableRunner(
           ^^^^^^^^^^^^^^^^^^^^^^^^
  File "/home/airflow/.local/lib/python3.12/site-packages/airflow/utils/operator_helpers.py", line 252, in run
    return self.func(*args, **kwargs)
           ^^^^^^^^^^^^^^^^^^^^^^^^^^
  File "/home/airflow/.local/lib/python3.12/site-packages/airflow/models/baseoperator.py", line 424, in wrapper
    return func(self, *args, **kwargs)
           ^^^^^^^^^^^^^^^^^^^^^^^^^^^
  File "/home/airflow/.local/lib/python3.12/site-packages/airflow/sensors/base.py", line 326, in execute
    raise AirflowSensorTimeout(message)
airflow.exceptions.AirflowSensorTimeout: Sensor has timed out; run duration of 20.129763668999658 seconds exceeds the specified timeout of 20.0.
[2026-03-14T16:21:04.900+0000] {local_task_job_runner.py:266} INFO - Task exited with return code 1
[2026-03-14T16:21:04.954+0000] {taskinstance.py:3901} INFO - 0 downstream tasks scheduled from follow-on schedule check
[2026-03-14T16:21:04.969+0000] {local_task_job_runner.py:245} INFO - ::endgroup::
