[2026-03-24T17:00:36.667+0000] {processor.py:186} INFO - Started process (PID=29806) to work on /opt/airflow/dags/airflow_utils.py
[2026-03-24T17:00:36.669+0000] {processor.py:914} INFO - Processing file /opt/airflow/dags/airflow_utils.py for tasks to queue
[2026-03-24T17:00:36.672+0000] {logging_mixin.py:190} INFO - [2026-03-24T17:00:36.672+0000] {dagbag.py:588} INFO - Filling up the DagBag from /opt/airflow/dags/airflow_utils.py
[2026-03-24T17:00:36.678+0000] {processor.py:927} WARNING - No viable dags retrieved from /opt/airflow/dags/airflow_utils.py
[2026-03-24T17:00:36.705+0000] {processor.py:208} INFO - Processing /opt/airflow/dags/airflow_utils.py took 0.050 seconds
[2026-03-24T17:01:07.807+0000] {processor.py:186} INFO - Started process (PID=29849) to work on /opt/airflow/dags/airflow_utils.py
[2026-03-24T17:01:07.808+0000] {processor.py:914} INFO - Processing file /opt/airflow/dags/airflow_utils.py for tasks to queue
[2026-03-24T17:01:07.814+0000] {logging_mixin.py:190} INFO - [2026-03-24T17:01:07.813+0000] {dagbag.py:588} INFO - Filling up the DagBag from /opt/airflow/dags/airflow_utils.py
[2026-03-24T17:01:07.822+0000] {processor.py:927} WARNING - No viable dags retrieved from /opt/airflow/dags/airflow_utils.py
[2026-03-24T17:01:07.854+0000] {processor.py:208} INFO - Processing /opt/airflow/dags/airflow_utils.py took 0.062 seconds
[2026-03-24T17:01:38.893+0000] {processor.py:186} INFO - Started process (PID=29890) to work on /opt/airflow/dags/airflow_utils.py
[2026-03-24T17:01:38.895+0000] {processor.py:914} INFO - Processing file /opt/airflow/dags/airflow_utils.py for tasks to queue
[2026-03-24T17:01:38.899+0000] {logging_mixin.py:190} INFO - [2026-03-24T17:01:38.898+0000] {dagbag.py:588} INFO - Filling up the DagBag from /opt/airflow/dags/airflow_utils.py
[2026-03-24T17:01:38.904+0000] {processor.py:927} WARNING - No viable dags retrieved from /opt/airflow/dags/airflow_utils.py
[2026-03-24T17:01:38.930+0000] {processor.py:208} INFO - Processing /opt/airflow/dags/airflow_utils.py took 0.048 seconds
[2026-03-24T17:02:09.877+0000] {processor.py:186} INFO - Started process (PID=29930) to work on /opt/airflow/dags/airflow_utils.py
[2026-03-24T17:02:09.879+0000] {processor.py:914} INFO - Processing file /opt/airflow/dags/airflow_utils.py for tasks to queue
[2026-03-24T17:02:09.883+0000] {logging_mixin.py:190} INFO - [2026-03-24T17:02:09.882+0000] {dagbag.py:588} INFO - Filling up the DagBag from /opt/airflow/dags/airflow_utils.py
[2026-03-24T17:02:09.889+0000] {processor.py:927} WARNING - No viable dags retrieved from /opt/airflow/dags/airflow_utils.py
[2026-03-24T17:02:09.914+0000] {processor.py:208} INFO - Processing /opt/airflow/dags/airflow_utils.py took 0.049 seconds
[2026-03-24T17:02:40.847+0000] {processor.py:186} INFO - Started process (PID=29971) to work on /opt/airflow/dags/airflow_utils.py
[2026-03-24T17:02:40.849+0000] {processor.py:914} INFO - Processing file /opt/airflow/dags/airflow_utils.py for tasks to queue
[2026-03-24T17:02:40.854+0000] {logging_mixin.py:190} INFO - [2026-03-24T17:02:40.854+0000] {dagbag.py:588} INFO - Filling up the DagBag from /opt/airflow/dags/airflow_utils.py
[2026-03-24T17:02:40.861+0000] {processor.py:927} WARNING - No viable dags retrieved from /opt/airflow/dags/airflow_utils.py
[2026-03-24T17:02:40.889+0000] {processor.py:208} INFO - Processing /opt/airflow/dags/airflow_utils.py took 0.053 seconds
[2026-03-24T17:03:11.778+0000] {processor.py:186} INFO - Started process (PID=30012) to work on /opt/airflow/dags/airflow_utils.py
[2026-03-24T17:03:11.780+0000] {processor.py:914} INFO - Processing file /opt/airflow/dags/airflow_utils.py for tasks to queue
[2026-03-24T17:03:11.783+0000] {logging_mixin.py:190} INFO - [2026-03-24T17:03:11.783+0000] {dagbag.py:588} INFO - Filling up the DagBag from /opt/airflow/dags/airflow_utils.py
[2026-03-24T17:03:11.789+0000] {processor.py:927} WARNING - No viable dags retrieved from /opt/airflow/dags/airflow_utils.py
[2026-03-24T17:03:11.814+0000] {processor.py:208} INFO - Processing /opt/airflow/dags/airflow_utils.py took 0.046 seconds
[2026-03-24T17:03:42.790+0000] {processor.py:186} INFO - Started process (PID=30053) to work on /opt/airflow/dags/airflow_utils.py
[2026-03-24T17:03:42.792+0000] {processor.py:914} INFO - Processing file /opt/airflow/dags/airflow_utils.py for tasks to queue
[2026-03-24T17:03:42.797+0000] {logging_mixin.py:190} INFO - [2026-03-24T17:03:42.796+0000] {dagbag.py:588} INFO - Filling up the DagBag from /opt/airflow/dags/airflow_utils.py
[2026-03-24T17:03:42.805+0000] {processor.py:927} WARNING - No viable dags retrieved from /opt/airflow/dags/airflow_utils.py
[2026-03-24T17:03:42.838+0000] {processor.py:208} INFO - Processing /opt/airflow/dags/airflow_utils.py took 0.059 seconds
[2026-03-24T17:04:13.724+0000] {processor.py:186} INFO - Started process (PID=30094) to work on /opt/airflow/dags/airflow_utils.py
[2026-03-24T17:04:13.725+0000] {processor.py:914} INFO - Processing file /opt/airflow/dags/airflow_utils.py for tasks to queue
[2026-03-24T17:04:13.729+0000] {logging_mixin.py:190} INFO - [2026-03-24T17:04:13.728+0000] {dagbag.py:588} INFO - Filling up the DagBag from /opt/airflow/dags/airflow_utils.py
[2026-03-24T17:04:13.734+0000] {processor.py:927} WARNING - No viable dags retrieved from /opt/airflow/dags/airflow_utils.py
[2026-03-24T17:04:13.755+0000] {processor.py:208} INFO - Processing /opt/airflow/dags/airflow_utils.py took 0.040 seconds
[2026-03-24T17:04:44.503+0000] {processor.py:186} INFO - Started process (PID=30135) to work on /opt/airflow/dags/airflow_utils.py
[2026-03-24T17:04:44.505+0000] {processor.py:914} INFO - Processing file /opt/airflow/dags/airflow_utils.py for tasks to queue
[2026-03-24T17:04:44.508+0000] {logging_mixin.py:190} INFO - [2026-03-24T17:04:44.507+0000] {dagbag.py:588} INFO - Filling up the DagBag from /opt/airflow/dags/airflow_utils.py
[2026-03-24T17:04:44.513+0000] {processor.py:927} WARNING - No viable dags retrieved from /opt/airflow/dags/airflow_utils.py
[2026-03-24T17:04:44.537+0000] {processor.py:208} INFO - Processing /opt/airflow/dags/airflow_utils.py took 0.043 seconds
[2026-03-24T17:05:15.252+0000] {processor.py:186} INFO - Started process (PID=30176) to work on /opt/airflow/dags/airflow_utils.py
[2026-03-24T17:05:15.253+0000] {processor.py:914} INFO - Processing file /opt/airflow/dags/airflow_utils.py for tasks to queue
[2026-03-24T17:05:15.256+0000] {logging_mixin.py:190} INFO - [2026-03-24T17:05:15.255+0000] {dagbag.py:588} INFO - Filling up the DagBag from /opt/airflow/dags/airflow_utils.py
[2026-03-24T17:05:15.260+0000] {processor.py:927} WARNING - No viable dags retrieved from /opt/airflow/dags/airflow_utils.py
[2026-03-24T17:05:15.281+0000] {processor.py:208} INFO - Processing /opt/airflow/dags/airflow_utils.py took 0.037 seconds
[2026-03-24T17:05:46.016+0000] {processor.py:186} INFO - Started process (PID=30217) to work on /opt/airflow/dags/airflow_utils.py
[2026-03-24T17:05:46.018+0000] {processor.py:914} INFO - Processing file /opt/airflow/dags/airflow_utils.py for tasks to queue
[2026-03-24T17:05:46.020+0000] {logging_mixin.py:190} INFO - [2026-03-24T17:05:46.020+0000] {dagbag.py:588} INFO - Filling up the DagBag from /opt/airflow/dags/airflow_utils.py
[2026-03-24T17:05:46.025+0000] {processor.py:927} WARNING - No viable dags retrieved from /opt/airflow/dags/airflow_utils.py
[2026-03-24T17:05:46.044+0000] {processor.py:208} INFO - Processing /opt/airflow/dags/airflow_utils.py took 0.037 seconds
[2026-03-24T17:06:16.803+0000] {processor.py:186} INFO - Started process (PID=30258) to work on /opt/airflow/dags/airflow_utils.py
[2026-03-24T17:06:16.804+0000] {processor.py:914} INFO - Processing file /opt/airflow/dags/airflow_utils.py for tasks to queue
[2026-03-24T17:06:16.807+0000] {logging_mixin.py:190} INFO - [2026-03-24T17:06:16.807+0000] {dagbag.py:588} INFO - Filling up the DagBag from /opt/airflow/dags/airflow_utils.py
[2026-03-24T17:06:16.811+0000] {processor.py:927} WARNING - No viable dags retrieved from /opt/airflow/dags/airflow_utils.py
[2026-03-24T17:06:16.833+0000] {processor.py:208} INFO - Processing /opt/airflow/dags/airflow_utils.py took 0.037 seconds
[2026-03-24T17:06:47.449+0000] {processor.py:186} INFO - Started process (PID=30299) to work on /opt/airflow/dags/airflow_utils.py
[2026-03-24T17:06:47.450+0000] {processor.py:914} INFO - Processing file /opt/airflow/dags/airflow_utils.py for tasks to queue
[2026-03-24T17:06:47.454+0000] {logging_mixin.py:190} INFO - [2026-03-24T17:06:47.453+0000] {dagbag.py:588} INFO - Filling up the DagBag from /opt/airflow/dags/airflow_utils.py
[2026-03-24T17:06:47.460+0000] {processor.py:927} WARNING - No viable dags retrieved from /opt/airflow/dags/airflow_utils.py
[2026-03-24T17:06:47.484+0000] {processor.py:208} INFO - Processing /opt/airflow/dags/airflow_utils.py took 0.045 seconds
[2026-03-24T17:07:18.195+0000] {processor.py:186} INFO - Started process (PID=30340) to work on /opt/airflow/dags/airflow_utils.py
[2026-03-24T17:07:18.196+0000] {processor.py:914} INFO - Processing file /opt/airflow/dags/airflow_utils.py for tasks to queue
[2026-03-24T17:07:18.199+0000] {logging_mixin.py:190} INFO - [2026-03-24T17:07:18.198+0000] {dagbag.py:588} INFO - Filling up the DagBag from /opt/airflow/dags/airflow_utils.py
[2026-03-24T17:07:18.203+0000] {processor.py:927} WARNING - No viable dags retrieved from /opt/airflow/dags/airflow_utils.py
[2026-03-24T17:07:18.225+0000] {processor.py:208} INFO - Processing /opt/airflow/dags/airflow_utils.py took 0.038 seconds
[2026-03-24T17:07:48.841+0000] {processor.py:186} INFO - Started process (PID=30381) to work on /opt/airflow/dags/airflow_utils.py
[2026-03-24T17:07:48.842+0000] {processor.py:914} INFO - Processing file /opt/airflow/dags/airflow_utils.py for tasks to queue
[2026-03-24T17:07:48.845+0000] {logging_mixin.py:190} INFO - [2026-03-24T17:07:48.845+0000] {dagbag.py:588} INFO - Filling up the DagBag from /opt/airflow/dags/airflow_utils.py
[2026-03-24T17:07:48.850+0000] {processor.py:927} WARNING - No viable dags retrieved from /opt/airflow/dags/airflow_utils.py
[2026-03-24T17:07:48.869+0000] {processor.py:208} INFO - Processing /opt/airflow/dags/airflow_utils.py took 0.039 seconds
[2026-03-24T17:08:19.593+0000] {processor.py:186} INFO - Started process (PID=30422) to work on /opt/airflow/dags/airflow_utils.py
[2026-03-24T17:08:19.594+0000] {processor.py:914} INFO - Processing file /opt/airflow/dags/airflow_utils.py for tasks to queue
[2026-03-24T17:08:19.597+0000] {logging_mixin.py:190} INFO - [2026-03-24T17:08:19.596+0000] {dagbag.py:588} INFO - Filling up the DagBag from /opt/airflow/dags/airflow_utils.py
[2026-03-24T17:08:19.602+0000] {processor.py:927} WARNING - No viable dags retrieved from /opt/airflow/dags/airflow_utils.py
[2026-03-24T17:08:19.626+0000] {processor.py:208} INFO - Processing /opt/airflow/dags/airflow_utils.py took 0.042 seconds
[2026-03-24T17:08:50.350+0000] {processor.py:186} INFO - Started process (PID=30470) to work on /opt/airflow/dags/airflow_utils.py
[2026-03-24T17:08:50.351+0000] {processor.py:914} INFO - Processing file /opt/airflow/dags/airflow_utils.py for tasks to queue
[2026-03-24T17:08:50.354+0000] {logging_mixin.py:190} INFO - [2026-03-24T17:08:50.353+0000] {dagbag.py:588} INFO - Filling up the DagBag from /opt/airflow/dags/airflow_utils.py
[2026-03-24T17:08:50.358+0000] {processor.py:927} WARNING - No viable dags retrieved from /opt/airflow/dags/airflow_utils.py
[2026-03-24T17:08:50.380+0000] {processor.py:208} INFO - Processing /opt/airflow/dags/airflow_utils.py took 0.038 seconds
[2026-03-24T17:09:21.129+0000] {processor.py:186} INFO - Started process (PID=30511) to work on /opt/airflow/dags/airflow_utils.py
[2026-03-24T17:09:21.130+0000] {processor.py:914} INFO - Processing file /opt/airflow/dags/airflow_utils.py for tasks to queue
[2026-03-24T17:09:21.133+0000] {logging_mixin.py:190} INFO - [2026-03-24T17:09:21.133+0000] {dagbag.py:588} INFO - Filling up the DagBag from /opt/airflow/dags/airflow_utils.py
[2026-03-24T17:09:21.138+0000] {processor.py:927} WARNING - No viable dags retrieved from /opt/airflow/dags/airflow_utils.py
[2026-03-24T17:09:21.159+0000] {processor.py:208} INFO - Processing /opt/airflow/dags/airflow_utils.py took 0.038 seconds
[2026-03-24T17:09:51.911+0000] {processor.py:186} INFO - Started process (PID=30552) to work on /opt/airflow/dags/airflow_utils.py
[2026-03-24T17:09:51.912+0000] {processor.py:914} INFO - Processing file /opt/airflow/dags/airflow_utils.py for tasks to queue
[2026-03-24T17:09:51.914+0000] {logging_mixin.py:190} INFO - [2026-03-24T17:09:51.914+0000] {dagbag.py:588} INFO - Filling up the DagBag from /opt/airflow/dags/airflow_utils.py
[2026-03-24T17:09:51.918+0000] {processor.py:927} WARNING - No viable dags retrieved from /opt/airflow/dags/airflow_utils.py
[2026-03-24T17:09:51.940+0000] {processor.py:208} INFO - Processing /opt/airflow/dags/airflow_utils.py took 0.038 seconds
[2026-03-24T17:10:22.729+0000] {processor.py:186} INFO - Started process (PID=30593) to work on /opt/airflow/dags/airflow_utils.py
[2026-03-24T17:10:22.730+0000] {processor.py:914} INFO - Processing file /opt/airflow/dags/airflow_utils.py for tasks to queue
[2026-03-24T17:10:22.733+0000] {logging_mixin.py:190} INFO - [2026-03-24T17:10:22.733+0000] {dagbag.py:588} INFO - Filling up the DagBag from /opt/airflow/dags/airflow_utils.py
[2026-03-24T17:10:22.738+0000] {processor.py:927} WARNING - No viable dags retrieved from /opt/airflow/dags/airflow_utils.py
[2026-03-24T17:10:22.756+0000] {processor.py:208} INFO - Processing /opt/airflow/dags/airflow_utils.py took 0.036 seconds
[2026-03-24T17:10:53.530+0000] {processor.py:186} INFO - Started process (PID=30634) to work on /opt/airflow/dags/airflow_utils.py
[2026-03-24T17:10:53.531+0000] {processor.py:914} INFO - Processing file /opt/airflow/dags/airflow_utils.py for tasks to queue
[2026-03-24T17:10:53.533+0000] {logging_mixin.py:190} INFO - [2026-03-24T17:10:53.533+0000] {dagbag.py:588} INFO - Filling up the DagBag from /opt/airflow/dags/airflow_utils.py
[2026-03-24T17:10:53.538+0000] {processor.py:927} WARNING - No viable dags retrieved from /opt/airflow/dags/airflow_utils.py
[2026-03-24T17:10:53.556+0000] {processor.py:208} INFO - Processing /opt/airflow/dags/airflow_utils.py took 0.035 seconds
[2026-03-24T17:11:24.281+0000] {processor.py:186} INFO - Started process (PID=30675) to work on /opt/airflow/dags/airflow_utils.py
[2026-03-24T17:11:24.282+0000] {processor.py:914} INFO - Processing file /opt/airflow/dags/airflow_utils.py for tasks to queue
[2026-03-24T17:11:24.285+0000] {logging_mixin.py:190} INFO - [2026-03-24T17:11:24.284+0000] {dagbag.py:588} INFO - Filling up the DagBag from /opt/airflow/dags/airflow_utils.py
[2026-03-24T17:11:24.289+0000] {processor.py:927} WARNING - No viable dags retrieved from /opt/airflow/dags/airflow_utils.py
[2026-03-24T17:11:24.308+0000] {processor.py:208} INFO - Processing /opt/airflow/dags/airflow_utils.py took 0.035 seconds
[2026-03-24T17:11:55.026+0000] {processor.py:186} INFO - Started process (PID=30716) to work on /opt/airflow/dags/airflow_utils.py
[2026-03-24T17:11:55.027+0000] {processor.py:914} INFO - Processing file /opt/airflow/dags/airflow_utils.py for tasks to queue
[2026-03-24T17:11:55.030+0000] {logging_mixin.py:190} INFO - [2026-03-24T17:11:55.030+0000] {dagbag.py:588} INFO - Filling up the DagBag from /opt/airflow/dags/airflow_utils.py
[2026-03-24T17:11:55.035+0000] {processor.py:927} WARNING - No viable dags retrieved from /opt/airflow/dags/airflow_utils.py
[2026-03-24T17:11:55.057+0000] {processor.py:208} INFO - Processing /opt/airflow/dags/airflow_utils.py took 0.038 seconds
[2026-03-24T17:12:25.847+0000] {processor.py:186} INFO - Started process (PID=30757) to work on /opt/airflow/dags/airflow_utils.py
[2026-03-24T17:12:25.848+0000] {processor.py:914} INFO - Processing file /opt/airflow/dags/airflow_utils.py for tasks to queue
[2026-03-24T17:12:25.851+0000] {logging_mixin.py:190} INFO - [2026-03-24T17:12:25.851+0000] {dagbag.py:588} INFO - Filling up the DagBag from /opt/airflow/dags/airflow_utils.py
[2026-03-24T17:12:25.856+0000] {processor.py:927} WARNING - No viable dags retrieved from /opt/airflow/dags/airflow_utils.py
[2026-03-24T17:12:25.881+0000] {processor.py:208} INFO - Processing /opt/airflow/dags/airflow_utils.py took 0.042 seconds
[2026-03-24T17:12:56.658+0000] {processor.py:186} INFO - Started process (PID=30798) to work on /opt/airflow/dags/airflow_utils.py
[2026-03-24T17:12:56.659+0000] {processor.py:914} INFO - Processing file /opt/airflow/dags/airflow_utils.py for tasks to queue
[2026-03-24T17:12:56.662+0000] {logging_mixin.py:190} INFO - [2026-03-24T17:12:56.662+0000] {dagbag.py:588} INFO - Filling up the DagBag from /opt/airflow/dags/airflow_utils.py
[2026-03-24T17:12:56.667+0000] {processor.py:927} WARNING - No viable dags retrieved from /opt/airflow/dags/airflow_utils.py
[2026-03-24T17:12:56.690+0000] {processor.py:208} INFO - Processing /opt/airflow/dags/airflow_utils.py took 0.040 seconds
[2026-03-24T17:13:27.451+0000] {processor.py:186} INFO - Started process (PID=30839) to work on /opt/airflow/dags/airflow_utils.py
[2026-03-24T17:13:27.452+0000] {processor.py:914} INFO - Processing file /opt/airflow/dags/airflow_utils.py for tasks to queue
[2026-03-24T17:13:27.456+0000] {logging_mixin.py:190} INFO - [2026-03-24T17:13:27.455+0000] {dagbag.py:588} INFO - Filling up the DagBag from /opt/airflow/dags/airflow_utils.py
[2026-03-24T17:13:27.460+0000] {processor.py:927} WARNING - No viable dags retrieved from /opt/airflow/dags/airflow_utils.py
[2026-03-24T17:13:27.482+0000] {processor.py:208} INFO - Processing /opt/airflow/dags/airflow_utils.py took 0.040 seconds
[2026-03-24T17:13:58.247+0000] {processor.py:186} INFO - Started process (PID=30880) to work on /opt/airflow/dags/airflow_utils.py
[2026-03-24T17:13:58.248+0000] {processor.py:914} INFO - Processing file /opt/airflow/dags/airflow_utils.py for tasks to queue
[2026-03-24T17:13:58.251+0000] {logging_mixin.py:190} INFO - [2026-03-24T17:13:58.250+0000] {dagbag.py:588} INFO - Filling up the DagBag from /opt/airflow/dags/airflow_utils.py
[2026-03-24T17:13:58.255+0000] {processor.py:927} WARNING - No viable dags retrieved from /opt/airflow/dags/airflow_utils.py
[2026-03-24T17:13:58.279+0000] {processor.py:208} INFO - Processing /opt/airflow/dags/airflow_utils.py took 0.040 seconds
[2026-03-24T17:14:29.012+0000] {processor.py:186} INFO - Started process (PID=30921) to work on /opt/airflow/dags/airflow_utils.py
[2026-03-24T17:14:29.013+0000] {processor.py:914} INFO - Processing file /opt/airflow/dags/airflow_utils.py for tasks to queue
[2026-03-24T17:14:29.017+0000] {logging_mixin.py:190} INFO - [2026-03-24T17:14:29.016+0000] {dagbag.py:588} INFO - Filling up the DagBag from /opt/airflow/dags/airflow_utils.py
[2026-03-24T17:14:29.021+0000] {processor.py:927} WARNING - No viable dags retrieved from /opt/airflow/dags/airflow_utils.py
[2026-03-24T17:14:29.043+0000] {processor.py:208} INFO - Processing /opt/airflow/dags/airflow_utils.py took 0.043 seconds
[2026-03-24T17:14:59.780+0000] {processor.py:186} INFO - Started process (PID=30962) to work on /opt/airflow/dags/airflow_utils.py
[2026-03-24T17:14:59.782+0000] {processor.py:914} INFO - Processing file /opt/airflow/dags/airflow_utils.py for tasks to queue
[2026-03-24T17:14:59.785+0000] {logging_mixin.py:190} INFO - [2026-03-24T17:14:59.784+0000] {dagbag.py:588} INFO - Filling up the DagBag from /opt/airflow/dags/airflow_utils.py
[2026-03-24T17:14:59.790+0000] {processor.py:927} WARNING - No viable dags retrieved from /opt/airflow/dags/airflow_utils.py
[2026-03-24T17:14:59.811+0000] {processor.py:208} INFO - Processing /opt/airflow/dags/airflow_utils.py took 0.041 seconds
[2026-03-24T17:15:30.537+0000] {processor.py:186} INFO - Started process (PID=31003) to work on /opt/airflow/dags/airflow_utils.py
[2026-03-24T17:15:30.538+0000] {processor.py:914} INFO - Processing file /opt/airflow/dags/airflow_utils.py for tasks to queue
[2026-03-24T17:15:30.541+0000] {logging_mixin.py:190} INFO - [2026-03-24T17:15:30.541+0000] {dagbag.py:588} INFO - Filling up the DagBag from /opt/airflow/dags/airflow_utils.py
[2026-03-24T17:15:30.545+0000] {processor.py:927} WARNING - No viable dags retrieved from /opt/airflow/dags/airflow_utils.py
[2026-03-24T17:15:30.565+0000] {processor.py:208} INFO - Processing /opt/airflow/dags/airflow_utils.py took 0.036 seconds
[2026-03-24T17:16:01.293+0000] {processor.py:186} INFO - Started process (PID=31045) to work on /opt/airflow/dags/airflow_utils.py
[2026-03-24T17:16:01.294+0000] {processor.py:914} INFO - Processing file /opt/airflow/dags/airflow_utils.py for tasks to queue
[2026-03-24T17:16:01.297+0000] {logging_mixin.py:190} INFO - [2026-03-24T17:16:01.297+0000] {dagbag.py:588} INFO - Filling up the DagBag from /opt/airflow/dags/airflow_utils.py
[2026-03-24T17:16:01.303+0000] {processor.py:927} WARNING - No viable dags retrieved from /opt/airflow/dags/airflow_utils.py
[2026-03-24T17:16:01.323+0000] {processor.py:208} INFO - Processing /opt/airflow/dags/airflow_utils.py took 0.042 seconds
[2026-03-24T17:16:32.043+0000] {processor.py:186} INFO - Started process (PID=31086) to work on /opt/airflow/dags/airflow_utils.py
[2026-03-24T17:16:32.044+0000] {processor.py:914} INFO - Processing file /opt/airflow/dags/airflow_utils.py for tasks to queue
[2026-03-24T17:16:32.046+0000] {logging_mixin.py:190} INFO - [2026-03-24T17:16:32.046+0000] {dagbag.py:588} INFO - Filling up the DagBag from /opt/airflow/dags/airflow_utils.py
[2026-03-24T17:16:32.050+0000] {processor.py:927} WARNING - No viable dags retrieved from /opt/airflow/dags/airflow_utils.py
[2026-03-24T17:16:32.074+0000] {processor.py:208} INFO - Processing /opt/airflow/dags/airflow_utils.py took 0.039 seconds
[2026-03-24T17:17:02.837+0000] {processor.py:186} INFO - Started process (PID=31127) to work on /opt/airflow/dags/airflow_utils.py
[2026-03-24T17:17:02.838+0000] {processor.py:914} INFO - Processing file /opt/airflow/dags/airflow_utils.py for tasks to queue
[2026-03-24T17:17:02.840+0000] {logging_mixin.py:190} INFO - [2026-03-24T17:17:02.840+0000] {dagbag.py:588} INFO - Filling up the DagBag from /opt/airflow/dags/airflow_utils.py
[2026-03-24T17:17:02.845+0000] {processor.py:927} WARNING - No viable dags retrieved from /opt/airflow/dags/airflow_utils.py
[2026-03-24T17:17:02.868+0000] {processor.py:208} INFO - Processing /opt/airflow/dags/airflow_utils.py took 0.043 seconds
[2026-03-24T17:17:33.591+0000] {processor.py:186} INFO - Started process (PID=31168) to work on /opt/airflow/dags/airflow_utils.py
[2026-03-24T17:17:33.593+0000] {processor.py:914} INFO - Processing file /opt/airflow/dags/airflow_utils.py for tasks to queue
[2026-03-24T17:17:33.598+0000] {logging_mixin.py:190} INFO - [2026-03-24T17:17:33.597+0000] {dagbag.py:588} INFO - Filling up the DagBag from /opt/airflow/dags/airflow_utils.py
[2026-03-24T17:17:33.602+0000] {processor.py:927} WARNING - No viable dags retrieved from /opt/airflow/dags/airflow_utils.py
[2026-03-24T17:17:33.627+0000] {processor.py:208} INFO - Processing /opt/airflow/dags/airflow_utils.py took 0.046 seconds
[2026-03-24T17:18:04.379+0000] {processor.py:186} INFO - Started process (PID=31209) to work on /opt/airflow/dags/airflow_utils.py
[2026-03-24T17:18:04.380+0000] {processor.py:914} INFO - Processing file /opt/airflow/dags/airflow_utils.py for tasks to queue
[2026-03-24T17:18:04.383+0000] {logging_mixin.py:190} INFO - [2026-03-24T17:18:04.383+0000] {dagbag.py:588} INFO - Filling up the DagBag from /opt/airflow/dags/airflow_utils.py
[2026-03-24T17:18:04.387+0000] {processor.py:927} WARNING - No viable dags retrieved from /opt/airflow/dags/airflow_utils.py
[2026-03-24T17:18:04.407+0000] {processor.py:208} INFO - Processing /opt/airflow/dags/airflow_utils.py took 0.036 seconds
[2026-03-24T17:18:35.412+0000] {processor.py:186} INFO - Started process (PID=31250) to work on /opt/airflow/dags/airflow_utils.py
[2026-03-24T17:18:35.413+0000] {processor.py:914} INFO - Processing file /opt/airflow/dags/airflow_utils.py for tasks to queue
[2026-03-24T17:18:35.416+0000] {logging_mixin.py:190} INFO - [2026-03-24T17:18:35.415+0000] {dagbag.py:588} INFO - Filling up the DagBag from /opt/airflow/dags/airflow_utils.py
[2026-03-24T17:18:35.420+0000] {processor.py:927} WARNING - No viable dags retrieved from /opt/airflow/dags/airflow_utils.py
[2026-03-24T17:18:35.440+0000] {processor.py:208} INFO - Processing /opt/airflow/dags/airflow_utils.py took 0.036 seconds
[2026-03-24T17:19:06.185+0000] {processor.py:186} INFO - Started process (PID=31291) to work on /opt/airflow/dags/airflow_utils.py
[2026-03-24T17:19:06.186+0000] {processor.py:914} INFO - Processing file /opt/airflow/dags/airflow_utils.py for tasks to queue
[2026-03-24T17:19:06.189+0000] {logging_mixin.py:190} INFO - [2026-03-24T17:19:06.189+0000] {dagbag.py:588} INFO - Filling up the DagBag from /opt/airflow/dags/airflow_utils.py
[2026-03-24T17:19:06.195+0000] {processor.py:927} WARNING - No viable dags retrieved from /opt/airflow/dags/airflow_utils.py
[2026-03-24T17:19:06.220+0000] {processor.py:208} INFO - Processing /opt/airflow/dags/airflow_utils.py took 0.045 seconds
[2026-03-24T17:19:36.958+0000] {processor.py:186} INFO - Started process (PID=31332) to work on /opt/airflow/dags/airflow_utils.py
[2026-03-24T17:19:36.959+0000] {processor.py:914} INFO - Processing file /opt/airflow/dags/airflow_utils.py for tasks to queue
[2026-03-24T17:19:36.962+0000] {logging_mixin.py:190} INFO - [2026-03-24T17:19:36.961+0000] {dagbag.py:588} INFO - Filling up the DagBag from /opt/airflow/dags/airflow_utils.py
[2026-03-24T17:19:36.965+0000] {processor.py:927} WARNING - No viable dags retrieved from /opt/airflow/dags/airflow_utils.py
[2026-03-24T17:19:36.987+0000] {processor.py:208} INFO - Processing /opt/airflow/dags/airflow_utils.py took 0.035 seconds
[2026-03-24T17:20:07.746+0000] {processor.py:186} INFO - Started process (PID=31373) to work on /opt/airflow/dags/airflow_utils.py
[2026-03-24T17:20:07.747+0000] {processor.py:914} INFO - Processing file /opt/airflow/dags/airflow_utils.py for tasks to queue
[2026-03-24T17:20:07.749+0000] {logging_mixin.py:190} INFO - [2026-03-24T17:20:07.749+0000] {dagbag.py:588} INFO - Filling up the DagBag from /opt/airflow/dags/airflow_utils.py
[2026-03-24T17:20:07.754+0000] {processor.py:927} WARNING - No viable dags retrieved from /opt/airflow/dags/airflow_utils.py
[2026-03-24T17:20:07.773+0000] {processor.py:208} INFO - Processing /opt/airflow/dags/airflow_utils.py took 0.035 seconds
[2026-03-24T17:20:38.534+0000] {processor.py:186} INFO - Started process (PID=31414) to work on /opt/airflow/dags/airflow_utils.py
[2026-03-24T17:20:38.536+0000] {processor.py:914} INFO - Processing file /opt/airflow/dags/airflow_utils.py for tasks to queue
[2026-03-24T17:20:38.539+0000] {logging_mixin.py:190} INFO - [2026-03-24T17:20:38.539+0000] {dagbag.py:588} INFO - Filling up the DagBag from /opt/airflow/dags/airflow_utils.py
[2026-03-24T17:20:38.545+0000] {processor.py:927} WARNING - No viable dags retrieved from /opt/airflow/dags/airflow_utils.py
[2026-03-24T17:20:38.566+0000] {processor.py:208} INFO - Processing /opt/airflow/dags/airflow_utils.py took 0.043 seconds
[2026-03-24T17:21:09.303+0000] {processor.py:186} INFO - Started process (PID=31455) to work on /opt/airflow/dags/airflow_utils.py
[2026-03-24T17:21:09.304+0000] {processor.py:914} INFO - Processing file /opt/airflow/dags/airflow_utils.py for tasks to queue
[2026-03-24T17:21:09.308+0000] {logging_mixin.py:190} INFO - [2026-03-24T17:21:09.307+0000] {dagbag.py:588} INFO - Filling up the DagBag from /opt/airflow/dags/airflow_utils.py
[2026-03-24T17:21:09.312+0000] {processor.py:927} WARNING - No viable dags retrieved from /opt/airflow/dags/airflow_utils.py
[2026-03-24T17:21:09.333+0000] {processor.py:208} INFO - Processing /opt/airflow/dags/airflow_utils.py took 0.042 seconds
[2026-03-24T17:21:40.064+0000] {processor.py:186} INFO - Started process (PID=31496) to work on /opt/airflow/dags/airflow_utils.py
[2026-03-24T17:21:40.065+0000] {processor.py:914} INFO - Processing file /opt/airflow/dags/airflow_utils.py for tasks to queue
[2026-03-24T17:21:40.067+0000] {logging_mixin.py:190} INFO - [2026-03-24T17:21:40.067+0000] {dagbag.py:588} INFO - Filling up the DagBag from /opt/airflow/dags/airflow_utils.py
[2026-03-24T17:21:40.071+0000] {processor.py:927} WARNING - No viable dags retrieved from /opt/airflow/dags/airflow_utils.py
[2026-03-24T17:21:40.092+0000] {processor.py:208} INFO - Processing /opt/airflow/dags/airflow_utils.py took 0.036 seconds
[2026-03-24T17:22:10.836+0000] {processor.py:186} INFO - Started process (PID=31537) to work on /opt/airflow/dags/airflow_utils.py
[2026-03-24T17:22:10.837+0000] {processor.py:914} INFO - Processing file /opt/airflow/dags/airflow_utils.py for tasks to queue
[2026-03-24T17:22:10.840+0000] {logging_mixin.py:190} INFO - [2026-03-24T17:22:10.840+0000] {dagbag.py:588} INFO - Filling up the DagBag from /opt/airflow/dags/airflow_utils.py
[2026-03-24T17:22:10.846+0000] {processor.py:927} WARNING - No viable dags retrieved from /opt/airflow/dags/airflow_utils.py
[2026-03-24T17:22:10.866+0000] {processor.py:208} INFO - Processing /opt/airflow/dags/airflow_utils.py took 0.039 seconds
[2026-03-24T17:22:41.616+0000] {processor.py:186} INFO - Started process (PID=31578) to work on /opt/airflow/dags/airflow_utils.py
[2026-03-24T17:22:41.617+0000] {processor.py:914} INFO - Processing file /opt/airflow/dags/airflow_utils.py for tasks to queue
[2026-03-24T17:22:41.621+0000] {logging_mixin.py:190} INFO - [2026-03-24T17:22:41.620+0000] {dagbag.py:588} INFO - Filling up the DagBag from /opt/airflow/dags/airflow_utils.py
[2026-03-24T17:22:41.626+0000] {processor.py:927} WARNING - No viable dags retrieved from /opt/airflow/dags/airflow_utils.py
[2026-03-24T17:22:41.647+0000] {processor.py:208} INFO - Processing /opt/airflow/dags/airflow_utils.py took 0.039 seconds
[2026-03-24T17:23:12.395+0000] {processor.py:186} INFO - Started process (PID=31619) to work on /opt/airflow/dags/airflow_utils.py
[2026-03-24T17:23:12.397+0000] {processor.py:914} INFO - Processing file /opt/airflow/dags/airflow_utils.py for tasks to queue
[2026-03-24T17:23:12.400+0000] {logging_mixin.py:190} INFO - [2026-03-24T17:23:12.400+0000] {dagbag.py:588} INFO - Filling up the DagBag from /opt/airflow/dags/airflow_utils.py
[2026-03-24T17:23:12.407+0000] {processor.py:927} WARNING - No viable dags retrieved from /opt/airflow/dags/airflow_utils.py
[2026-03-24T17:23:12.433+0000] {processor.py:208} INFO - Processing /opt/airflow/dags/airflow_utils.py took 0.047 seconds
[2026-03-24T17:23:43.210+0000] {processor.py:186} INFO - Started process (PID=31660) to work on /opt/airflow/dags/airflow_utils.py
[2026-03-24T17:23:43.211+0000] {processor.py:914} INFO - Processing file /opt/airflow/dags/airflow_utils.py for tasks to queue
[2026-03-24T17:23:43.213+0000] {logging_mixin.py:190} INFO - [2026-03-24T17:23:43.213+0000] {dagbag.py:588} INFO - Filling up the DagBag from /opt/airflow/dags/airflow_utils.py
[2026-03-24T17:23:43.217+0000] {processor.py:927} WARNING - No viable dags retrieved from /opt/airflow/dags/airflow_utils.py
[2026-03-24T17:23:43.245+0000] {processor.py:208} INFO - Processing /opt/airflow/dags/airflow_utils.py took 0.043 seconds
[2026-03-24T17:24:14.012+0000] {processor.py:186} INFO - Started process (PID=31701) to work on /opt/airflow/dags/airflow_utils.py
[2026-03-24T17:24:14.014+0000] {processor.py:914} INFO - Processing file /opt/airflow/dags/airflow_utils.py for tasks to queue
[2026-03-24T17:24:14.017+0000] {logging_mixin.py:190} INFO - [2026-03-24T17:24:14.017+0000] {dagbag.py:588} INFO - Filling up the DagBag from /opt/airflow/dags/airflow_utils.py
[2026-03-24T17:24:14.021+0000] {processor.py:927} WARNING - No viable dags retrieved from /opt/airflow/dags/airflow_utils.py
[2026-03-24T17:24:14.043+0000] {processor.py:208} INFO - Processing /opt/airflow/dags/airflow_utils.py took 0.038 seconds
[2026-03-24T17:24:44.829+0000] {processor.py:186} INFO - Started process (PID=31742) to work on /opt/airflow/dags/airflow_utils.py
[2026-03-24T17:24:44.830+0000] {processor.py:914} INFO - Processing file /opt/airflow/dags/airflow_utils.py for tasks to queue
[2026-03-24T17:24:44.834+0000] {logging_mixin.py:190} INFO - [2026-03-24T17:24:44.833+0000] {dagbag.py:588} INFO - Filling up the DagBag from /opt/airflow/dags/airflow_utils.py
[2026-03-24T17:24:44.839+0000] {processor.py:927} WARNING - No viable dags retrieved from /opt/airflow/dags/airflow_utils.py
[2026-03-24T17:24:44.860+0000] {processor.py:208} INFO - Processing /opt/airflow/dags/airflow_utils.py took 0.041 seconds
[2026-03-24T17:25:15.605+0000] {processor.py:186} INFO - Started process (PID=31785) to work on /opt/airflow/dags/airflow_utils.py
[2026-03-24T17:25:15.607+0000] {processor.py:914} INFO - Processing file /opt/airflow/dags/airflow_utils.py for tasks to queue
[2026-03-24T17:25:15.610+0000] {logging_mixin.py:190} INFO - [2026-03-24T17:25:15.610+0000] {dagbag.py:588} INFO - Filling up the DagBag from /opt/airflow/dags/airflow_utils.py
[2026-03-24T17:25:15.615+0000] {processor.py:927} WARNING - No viable dags retrieved from /opt/airflow/dags/airflow_utils.py
[2026-03-24T17:25:15.637+0000] {processor.py:208} INFO - Processing /opt/airflow/dags/airflow_utils.py took 0.041 seconds
[2026-03-24T17:25:46.380+0000] {processor.py:186} INFO - Started process (PID=31824) to work on /opt/airflow/dags/airflow_utils.py
[2026-03-24T17:25:46.381+0000] {processor.py:914} INFO - Processing file /opt/airflow/dags/airflow_utils.py for tasks to queue
[2026-03-24T17:25:46.384+0000] {logging_mixin.py:190} INFO - [2026-03-24T17:25:46.384+0000] {dagbag.py:588} INFO - Filling up the DagBag from /opt/airflow/dags/airflow_utils.py
[2026-03-24T17:25:46.388+0000] {processor.py:927} WARNING - No viable dags retrieved from /opt/airflow/dags/airflow_utils.py
[2026-03-24T17:25:46.408+0000] {processor.py:208} INFO - Processing /opt/airflow/dags/airflow_utils.py took 0.036 seconds
[2026-03-24T17:26:17.179+0000] {processor.py:186} INFO - Started process (PID=31865) to work on /opt/airflow/dags/airflow_utils.py
[2026-03-24T17:26:17.180+0000] {processor.py:914} INFO - Processing file /opt/airflow/dags/airflow_utils.py for tasks to queue
[2026-03-24T17:26:17.183+0000] {logging_mixin.py:190} INFO - [2026-03-24T17:26:17.182+0000] {dagbag.py:588} INFO - Filling up the DagBag from /opt/airflow/dags/airflow_utils.py
[2026-03-24T17:26:17.188+0000] {processor.py:927} WARNING - No viable dags retrieved from /opt/airflow/dags/airflow_utils.py
[2026-03-24T17:26:17.212+0000] {processor.py:208} INFO - Processing /opt/airflow/dags/airflow_utils.py took 0.042 seconds
[2026-03-24T17:26:47.943+0000] {processor.py:186} INFO - Started process (PID=31906) to work on /opt/airflow/dags/airflow_utils.py
[2026-03-24T17:26:47.944+0000] {processor.py:914} INFO - Processing file /opt/airflow/dags/airflow_utils.py for tasks to queue
[2026-03-24T17:26:47.947+0000] {logging_mixin.py:190} INFO - [2026-03-24T17:26:47.946+0000] {dagbag.py:588} INFO - Filling up the DagBag from /opt/airflow/dags/airflow_utils.py
[2026-03-24T17:26:47.951+0000] {processor.py:927} WARNING - No viable dags retrieved from /opt/airflow/dags/airflow_utils.py
[2026-03-24T17:26:47.973+0000] {processor.py:208} INFO - Processing /opt/airflow/dags/airflow_utils.py took 0.038 seconds
[2026-03-24T17:27:18.698+0000] {processor.py:186} INFO - Started process (PID=31947) to work on /opt/airflow/dags/airflow_utils.py
[2026-03-24T17:27:18.699+0000] {processor.py:914} INFO - Processing file /opt/airflow/dags/airflow_utils.py for tasks to queue
[2026-03-24T17:27:18.702+0000] {logging_mixin.py:190} INFO - [2026-03-24T17:27:18.702+0000] {dagbag.py:588} INFO - Filling up the DagBag from /opt/airflow/dags/airflow_utils.py
[2026-03-24T17:27:18.708+0000] {processor.py:927} WARNING - No viable dags retrieved from /opt/airflow/dags/airflow_utils.py
[2026-03-24T17:27:18.727+0000] {processor.py:208} INFO - Processing /opt/airflow/dags/airflow_utils.py took 0.037 seconds
[2026-03-24T17:27:49.484+0000] {processor.py:186} INFO - Started process (PID=31988) to work on /opt/airflow/dags/airflow_utils.py
[2026-03-24T17:27:49.485+0000] {processor.py:914} INFO - Processing file /opt/airflow/dags/airflow_utils.py for tasks to queue
[2026-03-24T17:27:49.488+0000] {logging_mixin.py:190} INFO - [2026-03-24T17:27:49.487+0000] {dagbag.py:588} INFO - Filling up the DagBag from /opt/airflow/dags/airflow_utils.py
[2026-03-24T17:27:49.493+0000] {processor.py:927} WARNING - No viable dags retrieved from /opt/airflow/dags/airflow_utils.py
[2026-03-24T17:27:49.514+0000] {processor.py:208} INFO - Processing /opt/airflow/dags/airflow_utils.py took 0.039 seconds
[2026-03-24T17:28:20.287+0000] {processor.py:186} INFO - Started process (PID=32029) to work on /opt/airflow/dags/airflow_utils.py
[2026-03-24T17:28:20.289+0000] {processor.py:914} INFO - Processing file /opt/airflow/dags/airflow_utils.py for tasks to queue
[2026-03-24T17:28:20.292+0000] {logging_mixin.py:190} INFO - [2026-03-24T17:28:20.291+0000] {dagbag.py:588} INFO - Filling up the DagBag from /opt/airflow/dags/airflow_utils.py
[2026-03-24T17:28:20.296+0000] {processor.py:927} WARNING - No viable dags retrieved from /opt/airflow/dags/airflow_utils.py
[2026-03-24T17:28:20.316+0000] {processor.py:208} INFO - Processing /opt/airflow/dags/airflow_utils.py took 0.038 seconds
[2026-03-24T17:28:51.036+0000] {processor.py:186} INFO - Started process (PID=32070) to work on /opt/airflow/dags/airflow_utils.py
[2026-03-24T17:28:51.037+0000] {processor.py:914} INFO - Processing file /opt/airflow/dags/airflow_utils.py for tasks to queue
[2026-03-24T17:28:51.040+0000] {logging_mixin.py:190} INFO - [2026-03-24T17:28:51.039+0000] {dagbag.py:588} INFO - Filling up the DagBag from /opt/airflow/dags/airflow_utils.py
[2026-03-24T17:28:51.044+0000] {processor.py:927} WARNING - No viable dags retrieved from /opt/airflow/dags/airflow_utils.py
[2026-03-24T17:28:51.066+0000] {processor.py:208} INFO - Processing /opt/airflow/dags/airflow_utils.py took 0.037 seconds
[2026-03-24T17:29:21.810+0000] {processor.py:186} INFO - Started process (PID=32111) to work on /opt/airflow/dags/airflow_utils.py
[2026-03-24T17:29:21.811+0000] {processor.py:914} INFO - Processing file /opt/airflow/dags/airflow_utils.py for tasks to queue
[2026-03-24T17:29:21.814+0000] {logging_mixin.py:190} INFO - [2026-03-24T17:29:21.814+0000] {dagbag.py:588} INFO - Filling up the DagBag from /opt/airflow/dags/airflow_utils.py
[2026-03-24T17:29:21.820+0000] {processor.py:927} WARNING - No viable dags retrieved from /opt/airflow/dags/airflow_utils.py
[2026-03-24T17:29:21.847+0000] {processor.py:208} INFO - Processing /opt/airflow/dags/airflow_utils.py took 0.046 seconds
[2026-03-24T17:29:52.619+0000] {processor.py:186} INFO - Started process (PID=32152) to work on /opt/airflow/dags/airflow_utils.py
[2026-03-24T17:29:52.620+0000] {processor.py:914} INFO - Processing file /opt/airflow/dags/airflow_utils.py for tasks to queue
[2026-03-24T17:29:52.623+0000] {logging_mixin.py:190} INFO - [2026-03-24T17:29:52.622+0000] {dagbag.py:588} INFO - Filling up the DagBag from /opt/airflow/dags/airflow_utils.py
[2026-03-24T17:29:52.628+0000] {processor.py:927} WARNING - No viable dags retrieved from /opt/airflow/dags/airflow_utils.py
[2026-03-24T17:29:52.650+0000] {processor.py:208} INFO - Processing /opt/airflow/dags/airflow_utils.py took 0.040 seconds
[2026-03-24T17:30:23.273+0000] {processor.py:186} INFO - Started process (PID=32199) to work on /opt/airflow/dags/airflow_utils.py
[2026-03-24T17:30:23.274+0000] {processor.py:914} INFO - Processing file /opt/airflow/dags/airflow_utils.py for tasks to queue
[2026-03-24T17:30:23.277+0000] {logging_mixin.py:190} INFO - [2026-03-24T17:30:23.276+0000] {dagbag.py:588} INFO - Filling up the DagBag from /opt/airflow/dags/airflow_utils.py
[2026-03-24T17:30:23.281+0000] {processor.py:927} WARNING - No viable dags retrieved from /opt/airflow/dags/airflow_utils.py
[2026-03-24T17:30:23.301+0000] {processor.py:208} INFO - Processing /opt/airflow/dags/airflow_utils.py took 0.035 seconds
[2026-03-24T17:30:54.047+0000] {processor.py:186} INFO - Started process (PID=32240) to work on /opt/airflow/dags/airflow_utils.py
[2026-03-24T17:30:54.048+0000] {processor.py:914} INFO - Processing file /opt/airflow/dags/airflow_utils.py for tasks to queue
[2026-03-24T17:30:54.051+0000] {logging_mixin.py:190} INFO - [2026-03-24T17:30:54.050+0000] {dagbag.py:588} INFO - Filling up the DagBag from /opt/airflow/dags/airflow_utils.py
[2026-03-24T17:30:54.055+0000] {processor.py:927} WARNING - No viable dags retrieved from /opt/airflow/dags/airflow_utils.py
[2026-03-24T17:30:54.073+0000] {processor.py:208} INFO - Processing /opt/airflow/dags/airflow_utils.py took 0.035 seconds
[2026-03-24T17:31:24.825+0000] {processor.py:186} INFO - Started process (PID=32281) to work on /opt/airflow/dags/airflow_utils.py
[2026-03-24T17:31:24.826+0000] {processor.py:914} INFO - Processing file /opt/airflow/dags/airflow_utils.py for tasks to queue
[2026-03-24T17:31:24.829+0000] {logging_mixin.py:190} INFO - [2026-03-24T17:31:24.828+0000] {dagbag.py:588} INFO - Filling up the DagBag from /opt/airflow/dags/airflow_utils.py
[2026-03-24T17:31:24.833+0000] {processor.py:927} WARNING - No viable dags retrieved from /opt/airflow/dags/airflow_utils.py
[2026-03-24T17:31:24.855+0000] {processor.py:208} INFO - Processing /opt/airflow/dags/airflow_utils.py took 0.038 seconds
[2026-03-24T17:31:55.557+0000] {processor.py:186} INFO - Started process (PID=32324) to work on /opt/airflow/dags/airflow_utils.py
[2026-03-24T17:31:55.558+0000] {processor.py:914} INFO - Processing file /opt/airflow/dags/airflow_utils.py for tasks to queue
[2026-03-24T17:31:55.561+0000] {logging_mixin.py:190} INFO - [2026-03-24T17:31:55.560+0000] {dagbag.py:588} INFO - Filling up the DagBag from /opt/airflow/dags/airflow_utils.py
[2026-03-24T17:31:55.564+0000] {processor.py:927} WARNING - No viable dags retrieved from /opt/airflow/dags/airflow_utils.py
[2026-03-24T17:31:55.583+0000] {processor.py:208} INFO - Processing /opt/airflow/dags/airflow_utils.py took 0.033 seconds
[2026-03-24T17:32:26.291+0000] {processor.py:186} INFO - Started process (PID=32363) to work on /opt/airflow/dags/airflow_utils.py
[2026-03-24T17:32:26.292+0000] {processor.py:914} INFO - Processing file /opt/airflow/dags/airflow_utils.py for tasks to queue
[2026-03-24T17:32:26.294+0000] {logging_mixin.py:190} INFO - [2026-03-24T17:32:26.294+0000] {dagbag.py:588} INFO - Filling up the DagBag from /opt/airflow/dags/airflow_utils.py
[2026-03-24T17:32:26.298+0000] {processor.py:927} WARNING - No viable dags retrieved from /opt/airflow/dags/airflow_utils.py
[2026-03-24T17:32:26.315+0000] {processor.py:208} INFO - Processing /opt/airflow/dags/airflow_utils.py took 0.031 seconds
[2026-03-24T17:32:56.921+0000] {processor.py:186} INFO - Started process (PID=32404) to work on /opt/airflow/dags/airflow_utils.py
[2026-03-24T17:32:56.922+0000] {processor.py:914} INFO - Processing file /opt/airflow/dags/airflow_utils.py for tasks to queue
[2026-03-24T17:32:56.925+0000] {logging_mixin.py:190} INFO - [2026-03-24T17:32:56.925+0000] {dagbag.py:588} INFO - Filling up the DagBag from /opt/airflow/dags/airflow_utils.py
[2026-03-24T17:32:56.929+0000] {processor.py:927} WARNING - No viable dags retrieved from /opt/airflow/dags/airflow_utils.py
[2026-03-24T17:32:56.950+0000] {processor.py:208} INFO - Processing /opt/airflow/dags/airflow_utils.py took 0.037 seconds
[2026-03-24T17:33:27.693+0000] {processor.py:186} INFO - Started process (PID=32445) to work on /opt/airflow/dags/airflow_utils.py
[2026-03-24T17:33:27.694+0000] {processor.py:914} INFO - Processing file /opt/airflow/dags/airflow_utils.py for tasks to queue
[2026-03-24T17:33:27.697+0000] {logging_mixin.py:190} INFO - [2026-03-24T17:33:27.696+0000] {dagbag.py:588} INFO - Filling up the DagBag from /opt/airflow/dags/airflow_utils.py
[2026-03-24T17:33:27.700+0000] {processor.py:927} WARNING - No viable dags retrieved from /opt/airflow/dags/airflow_utils.py
[2026-03-24T17:33:27.716+0000] {processor.py:208} INFO - Processing /opt/airflow/dags/airflow_utils.py took 0.033 seconds
[2026-03-24T17:33:58.464+0000] {processor.py:186} INFO - Started process (PID=32488) to work on /opt/airflow/dags/airflow_utils.py
[2026-03-24T17:33:58.465+0000] {processor.py:914} INFO - Processing file /opt/airflow/dags/airflow_utils.py for tasks to queue
[2026-03-24T17:33:58.468+0000] {logging_mixin.py:190} INFO - [2026-03-24T17:33:58.467+0000] {dagbag.py:588} INFO - Filling up the DagBag from /opt/airflow/dags/airflow_utils.py
[2026-03-24T17:33:58.472+0000] {processor.py:927} WARNING - No viable dags retrieved from /opt/airflow/dags/airflow_utils.py
[2026-03-24T17:33:58.488+0000] {processor.py:208} INFO - Processing /opt/airflow/dags/airflow_utils.py took 0.037 seconds
[2026-03-24T17:34:29.103+0000] {processor.py:186} INFO - Started process (PID=32527) to work on /opt/airflow/dags/airflow_utils.py
[2026-03-24T17:34:29.104+0000] {processor.py:914} INFO - Processing file /opt/airflow/dags/airflow_utils.py for tasks to queue
[2026-03-24T17:34:29.107+0000] {logging_mixin.py:190} INFO - [2026-03-24T17:34:29.106+0000] {dagbag.py:588} INFO - Filling up the DagBag from /opt/airflow/dags/airflow_utils.py
[2026-03-24T17:34:29.110+0000] {processor.py:927} WARNING - No viable dags retrieved from /opt/airflow/dags/airflow_utils.py
[2026-03-24T17:34:29.129+0000] {processor.py:208} INFO - Processing /opt/airflow/dags/airflow_utils.py took 0.033 seconds
[2026-03-24T17:34:59.848+0000] {processor.py:186} INFO - Started process (PID=32568) to work on /opt/airflow/dags/airflow_utils.py
[2026-03-24T17:34:59.849+0000] {processor.py:914} INFO - Processing file /opt/airflow/dags/airflow_utils.py for tasks to queue
[2026-03-24T17:34:59.852+0000] {logging_mixin.py:190} INFO - [2026-03-24T17:34:59.852+0000] {dagbag.py:588} INFO - Filling up the DagBag from /opt/airflow/dags/airflow_utils.py
[2026-03-24T17:34:59.856+0000] {processor.py:927} WARNING - No viable dags retrieved from /opt/airflow/dags/airflow_utils.py
[2026-03-24T17:34:59.875+0000] {processor.py:208} INFO - Processing /opt/airflow/dags/airflow_utils.py took 0.034 seconds
[2026-03-24T17:35:30.604+0000] {processor.py:186} INFO - Started process (PID=32609) to work on /opt/airflow/dags/airflow_utils.py
[2026-03-24T17:35:30.605+0000] {processor.py:914} INFO - Processing file /opt/airflow/dags/airflow_utils.py for tasks to queue
[2026-03-24T17:35:30.608+0000] {logging_mixin.py:190} INFO - [2026-03-24T17:35:30.607+0000] {dagbag.py:588} INFO - Filling up the DagBag from /opt/airflow/dags/airflow_utils.py
[2026-03-24T17:35:30.612+0000] {processor.py:927} WARNING - No viable dags retrieved from /opt/airflow/dags/airflow_utils.py
[2026-03-24T17:35:30.632+0000] {processor.py:208} INFO - Processing /opt/airflow/dags/airflow_utils.py took 0.040 seconds
[2026-03-24T17:36:01.372+0000] {processor.py:186} INFO - Started process (PID=32650) to work on /opt/airflow/dags/airflow_utils.py
[2026-03-24T17:36:01.373+0000] {processor.py:914} INFO - Processing file /opt/airflow/dags/airflow_utils.py for tasks to queue
[2026-03-24T17:36:01.376+0000] {logging_mixin.py:190} INFO - [2026-03-24T17:36:01.375+0000] {dagbag.py:588} INFO - Filling up the DagBag from /opt/airflow/dags/airflow_utils.py
[2026-03-24T17:36:01.380+0000] {processor.py:927} WARNING - No viable dags retrieved from /opt/airflow/dags/airflow_utils.py
[2026-03-24T17:36:01.404+0000] {processor.py:208} INFO - Processing /opt/airflow/dags/airflow_utils.py took 0.040 seconds
[2026-03-24T17:36:32.136+0000] {processor.py:186} INFO - Started process (PID=32692) to work on /opt/airflow/dags/airflow_utils.py
[2026-03-24T17:36:32.137+0000] {processor.py:914} INFO - Processing file /opt/airflow/dags/airflow_utils.py for tasks to queue
[2026-03-24T17:36:32.140+0000] {logging_mixin.py:190} INFO - [2026-03-24T17:36:32.140+0000] {dagbag.py:588} INFO - Filling up the DagBag from /opt/airflow/dags/airflow_utils.py
[2026-03-24T17:36:32.144+0000] {processor.py:927} WARNING - No viable dags retrieved from /opt/airflow/dags/airflow_utils.py
[2026-03-24T17:36:32.167+0000] {processor.py:208} INFO - Processing /opt/airflow/dags/airflow_utils.py took 0.039 seconds
[2026-03-24T17:37:02.875+0000] {processor.py:186} INFO - Started process (PID=32732) to work on /opt/airflow/dags/airflow_utils.py
[2026-03-24T17:37:02.876+0000] {processor.py:914} INFO - Processing file /opt/airflow/dags/airflow_utils.py for tasks to queue
[2026-03-24T17:37:02.880+0000] {logging_mixin.py:190} INFO - [2026-03-24T17:37:02.879+0000] {dagbag.py:588} INFO - Filling up the DagBag from /opt/airflow/dags/airflow_utils.py
[2026-03-24T17:37:02.883+0000] {processor.py:927} WARNING - No viable dags retrieved from /opt/airflow/dags/airflow_utils.py
[2026-03-24T17:37:02.903+0000] {processor.py:208} INFO - Processing /opt/airflow/dags/airflow_utils.py took 0.035 seconds
[2026-03-24T17:37:33.664+0000] {processor.py:186} INFO - Started process (PID=32773) to work on /opt/airflow/dags/airflow_utils.py
[2026-03-24T17:37:33.665+0000] {processor.py:914} INFO - Processing file /opt/airflow/dags/airflow_utils.py for tasks to queue
[2026-03-24T17:37:33.669+0000] {logging_mixin.py:190} INFO - [2026-03-24T17:37:33.668+0000] {dagbag.py:588} INFO - Filling up the DagBag from /opt/airflow/dags/airflow_utils.py
[2026-03-24T17:37:33.673+0000] {processor.py:927} WARNING - No viable dags retrieved from /opt/airflow/dags/airflow_utils.py
[2026-03-24T17:37:33.699+0000] {processor.py:208} INFO - Processing /opt/airflow/dags/airflow_utils.py took 0.044 seconds
[2026-03-24T17:38:04.453+0000] {processor.py:186} INFO - Started process (PID=32814) to work on /opt/airflow/dags/airflow_utils.py
[2026-03-24T17:38:04.454+0000] {processor.py:914} INFO - Processing file /opt/airflow/dags/airflow_utils.py for tasks to queue
[2026-03-24T17:38:04.456+0000] {logging_mixin.py:190} INFO - [2026-03-24T17:38:04.456+0000] {dagbag.py:588} INFO - Filling up the DagBag from /opt/airflow/dags/airflow_utils.py
[2026-03-24T17:38:04.460+0000] {processor.py:927} WARNING - No viable dags retrieved from /opt/airflow/dags/airflow_utils.py
[2026-03-24T17:38:04.479+0000] {processor.py:208} INFO - Processing /opt/airflow/dags/airflow_utils.py took 0.033 seconds
[2026-03-24T17:38:35.227+0000] {processor.py:186} INFO - Started process (PID=32855) to work on /opt/airflow/dags/airflow_utils.py
[2026-03-24T17:38:35.228+0000] {processor.py:914} INFO - Processing file /opt/airflow/dags/airflow_utils.py for tasks to queue
[2026-03-24T17:38:35.231+0000] {logging_mixin.py:190} INFO - [2026-03-24T17:38:35.230+0000] {dagbag.py:588} INFO - Filling up the DagBag from /opt/airflow/dags/airflow_utils.py
[2026-03-24T17:38:35.236+0000] {processor.py:927} WARNING - No viable dags retrieved from /opt/airflow/dags/airflow_utils.py
[2026-03-24T17:38:35.257+0000] {processor.py:208} INFO - Processing /opt/airflow/dags/airflow_utils.py took 0.038 seconds
[2026-03-24T17:39:05.867+0000] {processor.py:186} INFO - Started process (PID=32896) to work on /opt/airflow/dags/airflow_utils.py
[2026-03-24T17:39:05.868+0000] {processor.py:914} INFO - Processing file /opt/airflow/dags/airflow_utils.py for tasks to queue
[2026-03-24T17:39:05.871+0000] {logging_mixin.py:190} INFO - [2026-03-24T17:39:05.871+0000] {dagbag.py:588} INFO - Filling up the DagBag from /opt/airflow/dags/airflow_utils.py
[2026-03-24T17:39:05.876+0000] {processor.py:927} WARNING - No viable dags retrieved from /opt/airflow/dags/airflow_utils.py
[2026-03-24T17:39:05.901+0000] {processor.py:208} INFO - Processing /opt/airflow/dags/airflow_utils.py took 0.044 seconds
[2026-03-24T17:39:36.635+0000] {processor.py:186} INFO - Started process (PID=32937) to work on /opt/airflow/dags/airflow_utils.py
[2026-03-24T17:39:36.636+0000] {processor.py:914} INFO - Processing file /opt/airflow/dags/airflow_utils.py for tasks to queue
[2026-03-24T17:39:36.639+0000] {logging_mixin.py:190} INFO - [2026-03-24T17:39:36.639+0000] {dagbag.py:588} INFO - Filling up the DagBag from /opt/airflow/dags/airflow_utils.py
[2026-03-24T17:39:36.643+0000] {processor.py:927} WARNING - No viable dags retrieved from /opt/airflow/dags/airflow_utils.py
[2026-03-24T17:39:36.666+0000] {processor.py:208} INFO - Processing /opt/airflow/dags/airflow_utils.py took 0.039 seconds
[2026-03-24T17:40:07.467+0000] {processor.py:186} INFO - Started process (PID=32978) to work on /opt/airflow/dags/airflow_utils.py
[2026-03-24T17:40:07.468+0000] {processor.py:914} INFO - Processing file /opt/airflow/dags/airflow_utils.py for tasks to queue
[2026-03-24T17:40:07.471+0000] {logging_mixin.py:190} INFO - [2026-03-24T17:40:07.471+0000] {dagbag.py:588} INFO - Filling up the DagBag from /opt/airflow/dags/airflow_utils.py
[2026-03-24T17:40:07.476+0000] {processor.py:927} WARNING - No viable dags retrieved from /opt/airflow/dags/airflow_utils.py
[2026-03-24T17:40:07.496+0000] {processor.py:208} INFO - Processing /opt/airflow/dags/airflow_utils.py took 0.038 seconds
[2026-03-24T17:40:38.192+0000] {processor.py:186} INFO - Started process (PID=33019) to work on /opt/airflow/dags/airflow_utils.py
[2026-03-24T17:40:38.193+0000] {processor.py:914} INFO - Processing file /opt/airflow/dags/airflow_utils.py for tasks to queue
[2026-03-24T17:40:38.196+0000] {logging_mixin.py:190} INFO - [2026-03-24T17:40:38.196+0000] {dagbag.py:588} INFO - Filling up the DagBag from /opt/airflow/dags/airflow_utils.py
[2026-03-24T17:40:38.200+0000] {processor.py:927} WARNING - No viable dags retrieved from /opt/airflow/dags/airflow_utils.py
[2026-03-24T17:40:38.217+0000] {processor.py:208} INFO - Processing /opt/airflow/dags/airflow_utils.py took 0.033 seconds
[2026-03-24T17:41:08.821+0000] {processor.py:186} INFO - Started process (PID=33060) to work on /opt/airflow/dags/airflow_utils.py
[2026-03-24T17:41:08.822+0000] {processor.py:914} INFO - Processing file /opt/airflow/dags/airflow_utils.py for tasks to queue
[2026-03-24T17:41:08.825+0000] {logging_mixin.py:190} INFO - [2026-03-24T17:41:08.824+0000] {dagbag.py:588} INFO - Filling up the DagBag from /opt/airflow/dags/airflow_utils.py
[2026-03-24T17:41:08.828+0000] {processor.py:927} WARNING - No viable dags retrieved from /opt/airflow/dags/airflow_utils.py
[2026-03-24T17:41:08.848+0000] {processor.py:208} INFO - Processing /opt/airflow/dags/airflow_utils.py took 0.035 seconds
[2026-03-24T17:41:39.571+0000] {processor.py:186} INFO - Started process (PID=33103) to work on /opt/airflow/dags/airflow_utils.py
[2026-03-24T17:41:39.572+0000] {processor.py:914} INFO - Processing file /opt/airflow/dags/airflow_utils.py for tasks to queue
[2026-03-24T17:41:39.574+0000] {logging_mixin.py:190} INFO - [2026-03-24T17:41:39.574+0000] {dagbag.py:588} INFO - Filling up the DagBag from /opt/airflow/dags/airflow_utils.py
[2026-03-24T17:41:39.578+0000] {processor.py:927} WARNING - No viable dags retrieved from /opt/airflow/dags/airflow_utils.py
[2026-03-24T17:41:39.596+0000] {processor.py:208} INFO - Processing /opt/airflow/dags/airflow_utils.py took 0.032 seconds
[2026-03-24T17:42:10.374+0000] {processor.py:186} INFO - Started process (PID=33142) to work on /opt/airflow/dags/airflow_utils.py
[2026-03-24T17:42:10.375+0000] {processor.py:914} INFO - Processing file /opt/airflow/dags/airflow_utils.py for tasks to queue
[2026-03-24T17:42:10.378+0000] {logging_mixin.py:190} INFO - [2026-03-24T17:42:10.377+0000] {dagbag.py:588} INFO - Filling up the DagBag from /opt/airflow/dags/airflow_utils.py
[2026-03-24T17:42:10.382+0000] {processor.py:927} WARNING - No viable dags retrieved from /opt/airflow/dags/airflow_utils.py
[2026-03-24T17:42:10.403+0000] {processor.py:208} INFO - Processing /opt/airflow/dags/airflow_utils.py took 0.037 seconds
[2026-03-24T17:42:41.111+0000] {processor.py:186} INFO - Started process (PID=33183) to work on /opt/airflow/dags/airflow_utils.py
[2026-03-24T17:42:41.112+0000] {processor.py:914} INFO - Processing file /opt/airflow/dags/airflow_utils.py for tasks to queue
[2026-03-24T17:42:41.116+0000] {logging_mixin.py:190} INFO - [2026-03-24T17:42:41.115+0000] {dagbag.py:588} INFO - Filling up the DagBag from /opt/airflow/dags/airflow_utils.py
[2026-03-24T17:42:41.120+0000] {processor.py:927} WARNING - No viable dags retrieved from /opt/airflow/dags/airflow_utils.py
[2026-03-24T17:42:41.141+0000] {processor.py:208} INFO - Processing /opt/airflow/dags/airflow_utils.py took 0.037 seconds
[2026-03-24T17:43:12.022+0000] {processor.py:186} INFO - Started process (PID=33226) to work on /opt/airflow/dags/airflow_utils.py
[2026-03-24T17:43:12.023+0000] {processor.py:914} INFO - Processing file /opt/airflow/dags/airflow_utils.py for tasks to queue
[2026-03-24T17:43:12.026+0000] {logging_mixin.py:190} INFO - [2026-03-24T17:43:12.026+0000] {dagbag.py:588} INFO - Filling up the DagBag from /opt/airflow/dags/airflow_utils.py
[2026-03-24T17:43:12.030+0000] {processor.py:927} WARNING - No viable dags retrieved from /opt/airflow/dags/airflow_utils.py
[2026-03-24T17:43:12.050+0000] {processor.py:208} INFO - Processing /opt/airflow/dags/airflow_utils.py took 0.037 seconds
[2026-03-24T17:43:42.962+0000] {processor.py:186} INFO - Started process (PID=33265) to work on /opt/airflow/dags/airflow_utils.py
[2026-03-24T17:43:42.963+0000] {processor.py:914} INFO - Processing file /opt/airflow/dags/airflow_utils.py for tasks to queue
[2026-03-24T17:43:42.966+0000] {logging_mixin.py:190} INFO - [2026-03-24T17:43:42.966+0000] {dagbag.py:588} INFO - Filling up the DagBag from /opt/airflow/dags/airflow_utils.py
[2026-03-24T17:43:42.970+0000] {processor.py:927} WARNING - No viable dags retrieved from /opt/airflow/dags/airflow_utils.py
[2026-03-24T17:43:42.993+0000] {processor.py:208} INFO - Processing /opt/airflow/dags/airflow_utils.py took 0.038 seconds
[2026-03-24T17:44:13.786+0000] {processor.py:186} INFO - Started process (PID=33306) to work on /opt/airflow/dags/airflow_utils.py
[2026-03-24T17:44:13.787+0000] {processor.py:914} INFO - Processing file /opt/airflow/dags/airflow_utils.py for tasks to queue
[2026-03-24T17:44:13.790+0000] {logging_mixin.py:190} INFO - [2026-03-24T17:44:13.790+0000] {dagbag.py:588} INFO - Filling up the DagBag from /opt/airflow/dags/airflow_utils.py
[2026-03-24T17:44:13.795+0000] {processor.py:927} WARNING - No viable dags retrieved from /opt/airflow/dags/airflow_utils.py
[2026-03-24T17:44:13.822+0000] {processor.py:208} INFO - Processing /opt/airflow/dags/airflow_utils.py took 0.045 seconds
[2026-03-24T17:44:44.720+0000] {processor.py:186} INFO - Started process (PID=33349) to work on /opt/airflow/dags/airflow_utils.py
[2026-03-24T17:44:44.721+0000] {processor.py:914} INFO - Processing file /opt/airflow/dags/airflow_utils.py for tasks to queue
[2026-03-24T17:44:44.723+0000] {logging_mixin.py:190} INFO - [2026-03-24T17:44:44.723+0000] {dagbag.py:588} INFO - Filling up the DagBag from /opt/airflow/dags/airflow_utils.py
[2026-03-24T17:44:44.727+0000] {processor.py:927} WARNING - No viable dags retrieved from /opt/airflow/dags/airflow_utils.py
[2026-03-24T17:44:44.748+0000] {processor.py:208} INFO - Processing /opt/airflow/dags/airflow_utils.py took 0.037 seconds
[2026-03-24T17:45:15.694+0000] {processor.py:186} INFO - Started process (PID=33388) to work on /opt/airflow/dags/airflow_utils.py
[2026-03-24T17:45:15.695+0000] {processor.py:914} INFO - Processing file /opt/airflow/dags/airflow_utils.py for tasks to queue
[2026-03-24T17:45:15.698+0000] {logging_mixin.py:190} INFO - [2026-03-24T17:45:15.698+0000] {dagbag.py:588} INFO - Filling up the DagBag from /opt/airflow/dags/airflow_utils.py
[2026-03-24T17:45:15.703+0000] {processor.py:927} WARNING - No viable dags retrieved from /opt/airflow/dags/airflow_utils.py
[2026-03-24T17:45:15.723+0000] {processor.py:208} INFO - Processing /opt/airflow/dags/airflow_utils.py took 0.036 seconds
[2026-03-24T17:45:46.478+0000] {processor.py:186} INFO - Started process (PID=33429) to work on /opt/airflow/dags/airflow_utils.py
[2026-03-24T17:45:46.480+0000] {processor.py:914} INFO - Processing file /opt/airflow/dags/airflow_utils.py for tasks to queue
[2026-03-24T17:45:46.483+0000] {logging_mixin.py:190} INFO - [2026-03-24T17:45:46.482+0000] {dagbag.py:588} INFO - Filling up the DagBag from /opt/airflow/dags/airflow_utils.py
[2026-03-24T17:45:46.488+0000] {processor.py:927} WARNING - No viable dags retrieved from /opt/airflow/dags/airflow_utils.py
[2026-03-24T17:45:46.512+0000] {processor.py:208} INFO - Processing /opt/airflow/dags/airflow_utils.py took 0.043 seconds
[2026-03-24T17:46:17.455+0000] {processor.py:186} INFO - Started process (PID=33472) to work on /opt/airflow/dags/airflow_utils.py
[2026-03-24T17:46:17.456+0000] {processor.py:914} INFO - Processing file /opt/airflow/dags/airflow_utils.py for tasks to queue
[2026-03-24T17:46:17.459+0000] {logging_mixin.py:190} INFO - [2026-03-24T17:46:17.459+0000] {dagbag.py:588} INFO - Filling up the DagBag from /opt/airflow/dags/airflow_utils.py
[2026-03-24T17:46:17.465+0000] {processor.py:927} WARNING - No viable dags retrieved from /opt/airflow/dags/airflow_utils.py
[2026-03-24T17:46:17.484+0000] {processor.py:208} INFO - Processing /opt/airflow/dags/airflow_utils.py took 0.039 seconds
[2026-03-24T17:46:48.471+0000] {processor.py:186} INFO - Started process (PID=33511) to work on /opt/airflow/dags/airflow_utils.py
[2026-03-24T17:46:48.473+0000] {processor.py:914} INFO - Processing file /opt/airflow/dags/airflow_utils.py for tasks to queue
[2026-03-24T17:46:48.475+0000] {logging_mixin.py:190} INFO - [2026-03-24T17:46:48.475+0000] {dagbag.py:588} INFO - Filling up the DagBag from /opt/airflow/dags/airflow_utils.py
[2026-03-24T17:46:48.479+0000] {processor.py:927} WARNING - No viable dags retrieved from /opt/airflow/dags/airflow_utils.py
[2026-03-24T17:46:48.500+0000] {processor.py:208} INFO - Processing /opt/airflow/dags/airflow_utils.py took 0.037 seconds
[2026-03-24T17:47:19.250+0000] {processor.py:186} INFO - Started process (PID=33552) to work on /opt/airflow/dags/airflow_utils.py
[2026-03-24T17:47:19.251+0000] {processor.py:914} INFO - Processing file /opt/airflow/dags/airflow_utils.py for tasks to queue
[2026-03-24T17:47:19.254+0000] {logging_mixin.py:190} INFO - [2026-03-24T17:47:19.254+0000] {dagbag.py:588} INFO - Filling up the DagBag from /opt/airflow/dags/airflow_utils.py
[2026-03-24T17:47:19.258+0000] {processor.py:927} WARNING - No viable dags retrieved from /opt/airflow/dags/airflow_utils.py
[2026-03-24T17:47:19.277+0000] {processor.py:208} INFO - Processing /opt/airflow/dags/airflow_utils.py took 0.035 seconds
[2026-03-24T17:47:50.103+0000] {processor.py:186} INFO - Started process (PID=33595) to work on /opt/airflow/dags/airflow_utils.py
[2026-03-24T17:47:50.104+0000] {processor.py:914} INFO - Processing file /opt/airflow/dags/airflow_utils.py for tasks to queue
[2026-03-24T17:47:50.107+0000] {logging_mixin.py:190} INFO - [2026-03-24T17:47:50.106+0000] {dagbag.py:588} INFO - Filling up the DagBag from /opt/airflow/dags/airflow_utils.py
[2026-03-24T17:47:50.111+0000] {processor.py:927} WARNING - No viable dags retrieved from /opt/airflow/dags/airflow_utils.py
[2026-03-24T17:47:50.129+0000] {processor.py:208} INFO - Processing /opt/airflow/dags/airflow_utils.py took 0.034 seconds
[2026-03-24T17:48:21.126+0000] {processor.py:186} INFO - Started process (PID=33636) to work on /opt/airflow/dags/airflow_utils.py
[2026-03-24T17:48:21.127+0000] {processor.py:914} INFO - Processing file /opt/airflow/dags/airflow_utils.py for tasks to queue
[2026-03-24T17:48:21.130+0000] {logging_mixin.py:190} INFO - [2026-03-24T17:48:21.129+0000] {dagbag.py:588} INFO - Filling up the DagBag from /opt/airflow/dags/airflow_utils.py
[2026-03-24T17:48:21.133+0000] {processor.py:927} WARNING - No viable dags retrieved from /opt/airflow/dags/airflow_utils.py
[2026-03-24T17:48:21.152+0000] {processor.py:208} INFO - Processing /opt/airflow/dags/airflow_utils.py took 0.036 seconds
[2026-03-24T17:48:51.913+0000] {processor.py:186} INFO - Started process (PID=33675) to work on /opt/airflow/dags/airflow_utils.py
[2026-03-24T17:48:51.915+0000] {processor.py:914} INFO - Processing file /opt/airflow/dags/airflow_utils.py for tasks to queue
[2026-03-24T17:48:51.918+0000] {logging_mixin.py:190} INFO - [2026-03-24T17:48:51.918+0000] {dagbag.py:588} INFO - Filling up the DagBag from /opt/airflow/dags/airflow_utils.py
[2026-03-24T17:48:51.922+0000] {processor.py:927} WARNING - No viable dags retrieved from /opt/airflow/dags/airflow_utils.py
[2026-03-24T17:48:51.940+0000] {processor.py:208} INFO - Processing /opt/airflow/dags/airflow_utils.py took 0.035 seconds
[2026-03-24T17:49:22.679+0000] {processor.py:186} INFO - Started process (PID=33716) to work on /opt/airflow/dags/airflow_utils.py
[2026-03-24T17:49:22.680+0000] {processor.py:914} INFO - Processing file /opt/airflow/dags/airflow_utils.py for tasks to queue
[2026-03-24T17:49:22.683+0000] {logging_mixin.py:190} INFO - [2026-03-24T17:49:22.683+0000] {dagbag.py:588} INFO - Filling up the DagBag from /opt/airflow/dags/airflow_utils.py
[2026-03-24T17:49:22.687+0000] {processor.py:927} WARNING - No viable dags retrieved from /opt/airflow/dags/airflow_utils.py
[2026-03-24T17:49:22.710+0000] {processor.py:208} INFO - Processing /opt/airflow/dags/airflow_utils.py took 0.039 seconds
[2026-03-24T17:49:53.434+0000] {processor.py:186} INFO - Started process (PID=33757) to work on /opt/airflow/dags/airflow_utils.py
[2026-03-24T17:49:53.435+0000] {processor.py:914} INFO - Processing file /opt/airflow/dags/airflow_utils.py for tasks to queue
[2026-03-24T17:49:53.439+0000] {logging_mixin.py:190} INFO - [2026-03-24T17:49:53.439+0000] {dagbag.py:588} INFO - Filling up the DagBag from /opt/airflow/dags/airflow_utils.py
[2026-03-24T17:49:53.443+0000] {processor.py:927} WARNING - No viable dags retrieved from /opt/airflow/dags/airflow_utils.py
[2026-03-24T17:49:53.463+0000] {processor.py:208} INFO - Processing /opt/airflow/dags/airflow_utils.py took 0.037 seconds
[2026-03-24T17:50:24.249+0000] {processor.py:186} INFO - Started process (PID=33798) to work on /opt/airflow/dags/airflow_utils.py
[2026-03-24T17:50:24.250+0000] {processor.py:914} INFO - Processing file /opt/airflow/dags/airflow_utils.py for tasks to queue
[2026-03-24T17:50:24.253+0000] {logging_mixin.py:190} INFO - [2026-03-24T17:50:24.253+0000] {dagbag.py:588} INFO - Filling up the DagBag from /opt/airflow/dags/airflow_utils.py
[2026-03-24T17:50:24.259+0000] {processor.py:927} WARNING - No viable dags retrieved from /opt/airflow/dags/airflow_utils.py
[2026-03-24T17:50:24.277+0000] {processor.py:208} INFO - Processing /opt/airflow/dags/airflow_utils.py took 0.036 seconds
[2026-03-24T17:50:55.050+0000] {processor.py:186} INFO - Started process (PID=33839) to work on /opt/airflow/dags/airflow_utils.py
[2026-03-24T17:50:55.052+0000] {processor.py:914} INFO - Processing file /opt/airflow/dags/airflow_utils.py for tasks to queue
[2026-03-24T17:50:55.058+0000] {logging_mixin.py:190} INFO - [2026-03-24T17:50:55.057+0000] {dagbag.py:588} INFO - Filling up the DagBag from /opt/airflow/dags/airflow_utils.py
[2026-03-24T17:50:55.065+0000] {processor.py:927} WARNING - No viable dags retrieved from /opt/airflow/dags/airflow_utils.py
[2026-03-24T17:50:55.087+0000] {processor.py:208} INFO - Processing /opt/airflow/dags/airflow_utils.py took 0.051 seconds
[2026-03-24T17:51:25.831+0000] {processor.py:186} INFO - Started process (PID=33886) to work on /opt/airflow/dags/airflow_utils.py
[2026-03-24T17:51:25.832+0000] {processor.py:914} INFO - Processing file /opt/airflow/dags/airflow_utils.py for tasks to queue
[2026-03-24T17:51:25.835+0000] {logging_mixin.py:190} INFO - [2026-03-24T17:51:25.835+0000] {dagbag.py:588} INFO - Filling up the DagBag from /opt/airflow/dags/airflow_utils.py
[2026-03-24T17:51:25.840+0000] {processor.py:927} WARNING - No viable dags retrieved from /opt/airflow/dags/airflow_utils.py
[2026-03-24T17:51:25.857+0000] {processor.py:208} INFO - Processing /opt/airflow/dags/airflow_utils.py took 0.036 seconds
[2026-03-24T17:51:56.594+0000] {processor.py:186} INFO - Started process (PID=33927) to work on /opt/airflow/dags/airflow_utils.py
[2026-03-24T17:51:56.595+0000] {processor.py:914} INFO - Processing file /opt/airflow/dags/airflow_utils.py for tasks to queue
[2026-03-24T17:51:56.598+0000] {logging_mixin.py:190} INFO - [2026-03-24T17:51:56.597+0000] {dagbag.py:588} INFO - Filling up the DagBag from /opt/airflow/dags/airflow_utils.py
[2026-03-24T17:51:56.602+0000] {processor.py:927} WARNING - No viable dags retrieved from /opt/airflow/dags/airflow_utils.py
[2026-03-24T17:51:56.622+0000] {processor.py:208} INFO - Processing /opt/airflow/dags/airflow_utils.py took 0.037 seconds
[2026-03-24T17:52:27.366+0000] {processor.py:186} INFO - Started process (PID=33970) to work on /opt/airflow/dags/airflow_utils.py
[2026-03-24T17:52:27.367+0000] {processor.py:914} INFO - Processing file /opt/airflow/dags/airflow_utils.py for tasks to queue
[2026-03-24T17:52:27.370+0000] {logging_mixin.py:190} INFO - [2026-03-24T17:52:27.370+0000] {dagbag.py:588} INFO - Filling up the DagBag from /opt/airflow/dags/airflow_utils.py
[2026-03-24T17:52:27.374+0000] {processor.py:927} WARNING - No viable dags retrieved from /opt/airflow/dags/airflow_utils.py
[2026-03-24T17:52:27.397+0000] {processor.py:208} INFO - Processing /opt/airflow/dags/airflow_utils.py took 0.039 seconds
[2026-03-24T17:52:58.121+0000] {processor.py:186} INFO - Started process (PID=34009) to work on /opt/airflow/dags/airflow_utils.py
[2026-03-24T17:52:58.122+0000] {processor.py:914} INFO - Processing file /opt/airflow/dags/airflow_utils.py for tasks to queue
[2026-03-24T17:52:58.126+0000] {logging_mixin.py:190} INFO - [2026-03-24T17:52:58.126+0000] {dagbag.py:588} INFO - Filling up the DagBag from /opt/airflow/dags/airflow_utils.py
[2026-03-24T17:52:58.130+0000] {processor.py:927} WARNING - No viable dags retrieved from /opt/airflow/dags/airflow_utils.py
[2026-03-24T17:52:58.149+0000] {processor.py:208} INFO - Processing /opt/airflow/dags/airflow_utils.py took 0.036 seconds
[2026-03-24T17:53:28.876+0000] {processor.py:186} INFO - Started process (PID=34050) to work on /opt/airflow/dags/airflow_utils.py
[2026-03-24T17:53:28.877+0000] {processor.py:914} INFO - Processing file /opt/airflow/dags/airflow_utils.py for tasks to queue
[2026-03-24T17:53:28.880+0000] {logging_mixin.py:190} INFO - [2026-03-24T17:53:28.879+0000] {dagbag.py:588} INFO - Filling up the DagBag from /opt/airflow/dags/airflow_utils.py
[2026-03-24T17:53:28.884+0000] {processor.py:927} WARNING - No viable dags retrieved from /opt/airflow/dags/airflow_utils.py
[2026-03-24T17:53:28.903+0000] {processor.py:208} INFO - Processing /opt/airflow/dags/airflow_utils.py took 0.034 seconds
[2026-03-24T17:53:59.647+0000] {processor.py:186} INFO - Started process (PID=34093) to work on /opt/airflow/dags/airflow_utils.py
[2026-03-24T17:53:59.648+0000] {processor.py:914} INFO - Processing file /opt/airflow/dags/airflow_utils.py for tasks to queue
[2026-03-24T17:53:59.650+0000] {logging_mixin.py:190} INFO - [2026-03-24T17:53:59.649+0000] {dagbag.py:588} INFO - Filling up the DagBag from /opt/airflow/dags/airflow_utils.py
[2026-03-24T17:53:59.654+0000] {processor.py:927} WARNING - No viable dags retrieved from /opt/airflow/dags/airflow_utils.py
[2026-03-24T17:53:59.672+0000] {processor.py:208} INFO - Processing /opt/airflow/dags/airflow_utils.py took 0.033 seconds
[2026-03-24T17:54:30.403+0000] {processor.py:186} INFO - Started process (PID=34132) to work on /opt/airflow/dags/airflow_utils.py
[2026-03-24T17:54:30.404+0000] {processor.py:914} INFO - Processing file /opt/airflow/dags/airflow_utils.py for tasks to queue
[2026-03-24T17:54:30.408+0000] {logging_mixin.py:190} INFO - [2026-03-24T17:54:30.408+0000] {dagbag.py:588} INFO - Filling up the DagBag from /opt/airflow/dags/airflow_utils.py
[2026-03-24T17:54:30.412+0000] {processor.py:927} WARNING - No viable dags retrieved from /opt/airflow/dags/airflow_utils.py
[2026-03-24T17:54:30.431+0000] {processor.py:208} INFO - Processing /opt/airflow/dags/airflow_utils.py took 0.036 seconds
[2026-03-24T17:55:01.145+0000] {processor.py:186} INFO - Started process (PID=34173) to work on /opt/airflow/dags/airflow_utils.py
[2026-03-24T17:55:01.146+0000] {processor.py:914} INFO - Processing file /opt/airflow/dags/airflow_utils.py for tasks to queue
[2026-03-24T17:55:01.150+0000] {logging_mixin.py:190} INFO - [2026-03-24T17:55:01.149+0000] {dagbag.py:588} INFO - Filling up the DagBag from /opt/airflow/dags/airflow_utils.py
[2026-03-24T17:55:01.154+0000] {processor.py:927} WARNING - No viable dags retrieved from /opt/airflow/dags/airflow_utils.py
[2026-03-24T17:55:01.175+0000] {processor.py:208} INFO - Processing /opt/airflow/dags/airflow_utils.py took 0.040 seconds
[2026-03-24T17:55:31.964+0000] {processor.py:186} INFO - Started process (PID=34214) to work on /opt/airflow/dags/airflow_utils.py
[2026-03-24T17:55:31.965+0000] {processor.py:914} INFO - Processing file /opt/airflow/dags/airflow_utils.py for tasks to queue
[2026-03-24T17:55:31.968+0000] {logging_mixin.py:190} INFO - [2026-03-24T17:55:31.967+0000] {dagbag.py:588} INFO - Filling up the DagBag from /opt/airflow/dags/airflow_utils.py
[2026-03-24T17:55:31.972+0000] {processor.py:927} WARNING - No viable dags retrieved from /opt/airflow/dags/airflow_utils.py
[2026-03-24T17:55:31.994+0000] {processor.py:208} INFO - Processing /opt/airflow/dags/airflow_utils.py took 0.038 seconds
[2026-03-24T17:56:02.632+0000] {processor.py:186} INFO - Started process (PID=34255) to work on /opt/airflow/dags/airflow_utils.py
[2026-03-24T17:56:02.633+0000] {processor.py:914} INFO - Processing file /opt/airflow/dags/airflow_utils.py for tasks to queue
[2026-03-24T17:56:02.637+0000] {logging_mixin.py:190} INFO - [2026-03-24T17:56:02.637+0000] {dagbag.py:588} INFO - Filling up the DagBag from /opt/airflow/dags/airflow_utils.py
[2026-03-24T17:56:02.645+0000] {processor.py:927} WARNING - No viable dags retrieved from /opt/airflow/dags/airflow_utils.py
[2026-03-24T17:56:02.664+0000] {processor.py:208} INFO - Processing /opt/airflow/dags/airflow_utils.py took 0.042 seconds
[2026-03-24T17:56:33.425+0000] {processor.py:186} INFO - Started process (PID=34296) to work on /opt/airflow/dags/airflow_utils.py
[2026-03-24T17:56:33.426+0000] {processor.py:914} INFO - Processing file /opt/airflow/dags/airflow_utils.py for tasks to queue
[2026-03-24T17:56:33.429+0000] {logging_mixin.py:190} INFO - [2026-03-24T17:56:33.429+0000] {dagbag.py:588} INFO - Filling up the DagBag from /opt/airflow/dags/airflow_utils.py
[2026-03-24T17:56:33.434+0000] {processor.py:927} WARNING - No viable dags retrieved from /opt/airflow/dags/airflow_utils.py
[2026-03-24T17:56:33.454+0000] {processor.py:208} INFO - Processing /opt/airflow/dags/airflow_utils.py took 0.037 seconds
[2026-03-24T17:57:04.064+0000] {processor.py:186} INFO - Started process (PID=34337) to work on /opt/airflow/dags/airflow_utils.py
[2026-03-24T17:57:04.065+0000] {processor.py:914} INFO - Processing file /opt/airflow/dags/airflow_utils.py for tasks to queue
[2026-03-24T17:57:04.069+0000] {logging_mixin.py:190} INFO - [2026-03-24T17:57:04.068+0000] {dagbag.py:588} INFO - Filling up the DagBag from /opt/airflow/dags/airflow_utils.py
[2026-03-24T17:57:04.074+0000] {processor.py:927} WARNING - No viable dags retrieved from /opt/airflow/dags/airflow_utils.py
[2026-03-24T17:57:04.095+0000] {processor.py:208} INFO - Processing /opt/airflow/dags/airflow_utils.py took 0.041 seconds
[2026-03-24T17:57:34.846+0000] {processor.py:186} INFO - Started process (PID=34378) to work on /opt/airflow/dags/airflow_utils.py
[2026-03-24T17:57:34.848+0000] {processor.py:914} INFO - Processing file /opt/airflow/dags/airflow_utils.py for tasks to queue
[2026-03-24T17:57:34.851+0000] {logging_mixin.py:190} INFO - [2026-03-24T17:57:34.850+0000] {dagbag.py:588} INFO - Filling up the DagBag from /opt/airflow/dags/airflow_utils.py
[2026-03-24T17:57:34.855+0000] {processor.py:927} WARNING - No viable dags retrieved from /opt/airflow/dags/airflow_utils.py
[2026-03-24T17:57:34.877+0000] {processor.py:208} INFO - Processing /opt/airflow/dags/airflow_utils.py took 0.039 seconds
[2026-03-24T17:58:05.602+0000] {processor.py:186} INFO - Started process (PID=34419) to work on /opt/airflow/dags/airflow_utils.py
[2026-03-24T17:58:05.604+0000] {processor.py:914} INFO - Processing file /opt/airflow/dags/airflow_utils.py for tasks to queue
[2026-03-24T17:58:05.606+0000] {logging_mixin.py:190} INFO - [2026-03-24T17:58:05.606+0000] {dagbag.py:588} INFO - Filling up the DagBag from /opt/airflow/dags/airflow_utils.py
[2026-03-24T17:58:05.611+0000] {processor.py:927} WARNING - No viable dags retrieved from /opt/airflow/dags/airflow_utils.py
[2026-03-24T17:58:05.634+0000] {processor.py:208} INFO - Processing /opt/airflow/dags/airflow_utils.py took 0.040 seconds
[2026-03-24T17:58:36.397+0000] {processor.py:186} INFO - Started process (PID=34460) to work on /opt/airflow/dags/airflow_utils.py
[2026-03-24T17:58:36.399+0000] {processor.py:914} INFO - Processing file /opt/airflow/dags/airflow_utils.py for tasks to queue
[2026-03-24T17:58:36.402+0000] {logging_mixin.py:190} INFO - [2026-03-24T17:58:36.401+0000] {dagbag.py:588} INFO - Filling up the DagBag from /opt/airflow/dags/airflow_utils.py
[2026-03-24T17:58:36.408+0000] {processor.py:927} WARNING - No viable dags retrieved from /opt/airflow/dags/airflow_utils.py
[2026-03-24T17:58:36.428+0000] {processor.py:208} INFO - Processing /opt/airflow/dags/airflow_utils.py took 0.038 seconds
[2026-03-24T17:59:07.191+0000] {processor.py:186} INFO - Started process (PID=34501) to work on /opt/airflow/dags/airflow_utils.py
[2026-03-24T17:59:07.192+0000] {processor.py:914} INFO - Processing file /opt/airflow/dags/airflow_utils.py for tasks to queue
[2026-03-24T17:59:07.195+0000] {logging_mixin.py:190} INFO - [2026-03-24T17:59:07.195+0000] {dagbag.py:588} INFO - Filling up the DagBag from /opt/airflow/dags/airflow_utils.py
[2026-03-24T17:59:07.200+0000] {processor.py:927} WARNING - No viable dags retrieved from /opt/airflow/dags/airflow_utils.py
[2026-03-24T17:59:07.218+0000] {processor.py:208} INFO - Processing /opt/airflow/dags/airflow_utils.py took 0.036 seconds
[2026-03-24T17:59:37.793+0000] {processor.py:186} INFO - Started process (PID=34543) to work on /opt/airflow/dags/airflow_utils.py
[2026-03-24T17:59:37.794+0000] {processor.py:914} INFO - Processing file /opt/airflow/dags/airflow_utils.py for tasks to queue
[2026-03-24T17:59:37.796+0000] {logging_mixin.py:190} INFO - [2026-03-24T17:59:37.796+0000] {dagbag.py:588} INFO - Filling up the DagBag from /opt/airflow/dags/airflow_utils.py
[2026-03-24T17:59:37.801+0000] {processor.py:927} WARNING - No viable dags retrieved from /opt/airflow/dags/airflow_utils.py
[2026-03-24T17:59:37.824+0000] {processor.py:208} INFO - Processing /opt/airflow/dags/airflow_utils.py took 0.039 seconds
[2026-03-24T18:00:08.615+0000] {processor.py:186} INFO - Started process (PID=34584) to work on /opt/airflow/dags/airflow_utils.py
[2026-03-24T18:00:08.616+0000] {processor.py:914} INFO - Processing file /opt/airflow/dags/airflow_utils.py for tasks to queue
[2026-03-24T18:00:08.619+0000] {logging_mixin.py:190} INFO - [2026-03-24T18:00:08.619+0000] {dagbag.py:588} INFO - Filling up the DagBag from /opt/airflow/dags/airflow_utils.py
[2026-03-24T18:00:08.624+0000] {processor.py:927} WARNING - No viable dags retrieved from /opt/airflow/dags/airflow_utils.py
[2026-03-24T18:00:08.645+0000] {processor.py:208} INFO - Processing /opt/airflow/dags/airflow_utils.py took 0.040 seconds
[2026-03-24T18:00:39.310+0000] {processor.py:186} INFO - Started process (PID=34625) to work on /opt/airflow/dags/airflow_utils.py
[2026-03-24T18:00:39.311+0000] {processor.py:914} INFO - Processing file /opt/airflow/dags/airflow_utils.py for tasks to queue
[2026-03-24T18:00:39.315+0000] {logging_mixin.py:190} INFO - [2026-03-24T18:00:39.314+0000] {dagbag.py:588} INFO - Filling up the DagBag from /opt/airflow/dags/airflow_utils.py
[2026-03-24T18:00:39.320+0000] {processor.py:927} WARNING - No viable dags retrieved from /opt/airflow/dags/airflow_utils.py
[2026-03-24T18:00:39.344+0000] {processor.py:208} INFO - Processing /opt/airflow/dags/airflow_utils.py took 0.045 seconds
[2026-03-24T18:01:10.109+0000] {processor.py:186} INFO - Started process (PID=34666) to work on /opt/airflow/dags/airflow_utils.py
[2026-03-24T18:01:10.110+0000] {processor.py:914} INFO - Processing file /opt/airflow/dags/airflow_utils.py for tasks to queue
[2026-03-24T18:01:10.113+0000] {logging_mixin.py:190} INFO - [2026-03-24T18:01:10.112+0000] {dagbag.py:588} INFO - Filling up the DagBag from /opt/airflow/dags/airflow_utils.py
[2026-03-24T18:01:10.117+0000] {processor.py:927} WARNING - No viable dags retrieved from /opt/airflow/dags/airflow_utils.py
[2026-03-24T18:01:10.141+0000] {processor.py:208} INFO - Processing /opt/airflow/dags/airflow_utils.py took 0.042 seconds
[2026-03-24T18:01:40.930+0000] {processor.py:186} INFO - Started process (PID=34707) to work on /opt/airflow/dags/airflow_utils.py
[2026-03-24T18:01:40.932+0000] {processor.py:914} INFO - Processing file /opt/airflow/dags/airflow_utils.py for tasks to queue
[2026-03-24T18:01:40.936+0000] {logging_mixin.py:190} INFO - [2026-03-24T18:01:40.935+0000] {dagbag.py:588} INFO - Filling up the DagBag from /opt/airflow/dags/airflow_utils.py
[2026-03-24T18:01:40.941+0000] {processor.py:927} WARNING - No viable dags retrieved from /opt/airflow/dags/airflow_utils.py
[2026-03-24T18:01:40.960+0000] {processor.py:208} INFO - Processing /opt/airflow/dags/airflow_utils.py took 0.038 seconds
[2026-03-24T18:02:11.718+0000] {processor.py:186} INFO - Started process (PID=34748) to work on /opt/airflow/dags/airflow_utils.py
[2026-03-24T18:02:11.720+0000] {processor.py:914} INFO - Processing file /opt/airflow/dags/airflow_utils.py for tasks to queue
[2026-03-24T18:02:11.723+0000] {logging_mixin.py:190} INFO - [2026-03-24T18:02:11.722+0000] {dagbag.py:588} INFO - Filling up the DagBag from /opt/airflow/dags/airflow_utils.py
[2026-03-24T18:02:11.729+0000] {processor.py:927} WARNING - No viable dags retrieved from /opt/airflow/dags/airflow_utils.py
[2026-03-24T18:02:11.747+0000] {processor.py:208} INFO - Processing /opt/airflow/dags/airflow_utils.py took 0.038 seconds
[2026-03-24T18:02:42.515+0000] {processor.py:186} INFO - Started process (PID=34790) to work on /opt/airflow/dags/airflow_utils.py
[2026-03-24T18:02:42.516+0000] {processor.py:914} INFO - Processing file /opt/airflow/dags/airflow_utils.py for tasks to queue
[2026-03-24T18:02:42.519+0000] {logging_mixin.py:190} INFO - [2026-03-24T18:02:42.518+0000] {dagbag.py:588} INFO - Filling up the DagBag from /opt/airflow/dags/airflow_utils.py
[2026-03-24T18:02:42.523+0000] {processor.py:927} WARNING - No viable dags retrieved from /opt/airflow/dags/airflow_utils.py
[2026-03-24T18:02:42.544+0000] {processor.py:208} INFO - Processing /opt/airflow/dags/airflow_utils.py took 0.038 seconds
[2026-03-24T18:03:13.293+0000] {processor.py:186} INFO - Started process (PID=34830) to work on /opt/airflow/dags/airflow_utils.py
[2026-03-24T18:03:13.294+0000] {processor.py:914} INFO - Processing file /opt/airflow/dags/airflow_utils.py for tasks to queue
[2026-03-24T18:03:13.297+0000] {logging_mixin.py:190} INFO - [2026-03-24T18:03:13.297+0000] {dagbag.py:588} INFO - Filling up the DagBag from /opt/airflow/dags/airflow_utils.py
[2026-03-24T18:03:13.303+0000] {processor.py:927} WARNING - No viable dags retrieved from /opt/airflow/dags/airflow_utils.py
[2026-03-24T18:03:13.324+0000] {processor.py:208} INFO - Processing /opt/airflow/dags/airflow_utils.py took 0.041 seconds
[2026-03-24T18:03:44.107+0000] {processor.py:186} INFO - Started process (PID=34871) to work on /opt/airflow/dags/airflow_utils.py
[2026-03-24T18:03:44.108+0000] {processor.py:914} INFO - Processing file /opt/airflow/dags/airflow_utils.py for tasks to queue
[2026-03-24T18:03:44.110+0000] {logging_mixin.py:190} INFO - [2026-03-24T18:03:44.110+0000] {dagbag.py:588} INFO - Filling up the DagBag from /opt/airflow/dags/airflow_utils.py
[2026-03-24T18:03:44.114+0000] {processor.py:927} WARNING - No viable dags retrieved from /opt/airflow/dags/airflow_utils.py
[2026-03-24T18:03:44.132+0000] {processor.py:208} INFO - Processing /opt/airflow/dags/airflow_utils.py took 0.033 seconds
[2026-03-24T18:04:14.754+0000] {processor.py:186} INFO - Started process (PID=34912) to work on /opt/airflow/dags/airflow_utils.py
[2026-03-24T18:04:14.755+0000] {processor.py:914} INFO - Processing file /opt/airflow/dags/airflow_utils.py for tasks to queue
[2026-03-24T18:04:14.757+0000] {logging_mixin.py:190} INFO - [2026-03-24T18:04:14.757+0000] {dagbag.py:588} INFO - Filling up the DagBag from /opt/airflow/dags/airflow_utils.py
[2026-03-24T18:04:14.762+0000] {processor.py:927} WARNING - No viable dags retrieved from /opt/airflow/dags/airflow_utils.py
[2026-03-24T18:04:14.780+0000] {processor.py:208} INFO - Processing /opt/airflow/dags/airflow_utils.py took 0.034 seconds
[2026-03-24T18:04:45.494+0000] {processor.py:186} INFO - Started process (PID=34953) to work on /opt/airflow/dags/airflow_utils.py
[2026-03-24T18:04:45.495+0000] {processor.py:914} INFO - Processing file /opt/airflow/dags/airflow_utils.py for tasks to queue
[2026-03-24T18:04:45.499+0000] {logging_mixin.py:190} INFO - [2026-03-24T18:04:45.498+0000] {dagbag.py:588} INFO - Filling up the DagBag from /opt/airflow/dags/airflow_utils.py
[2026-03-24T18:04:45.503+0000] {processor.py:927} WARNING - No viable dags retrieved from /opt/airflow/dags/airflow_utils.py
[2026-03-24T18:04:45.521+0000] {processor.py:208} INFO - Processing /opt/airflow/dags/airflow_utils.py took 0.033 seconds
[2026-03-24T18:05:16.252+0000] {processor.py:186} INFO - Started process (PID=34994) to work on /opt/airflow/dags/airflow_utils.py
[2026-03-24T18:05:16.253+0000] {processor.py:914} INFO - Processing file /opt/airflow/dags/airflow_utils.py for tasks to queue
[2026-03-24T18:05:16.256+0000] {logging_mixin.py:190} INFO - [2026-03-24T18:05:16.255+0000] {dagbag.py:588} INFO - Filling up the DagBag from /opt/airflow/dags/airflow_utils.py
[2026-03-24T18:05:16.260+0000] {processor.py:927} WARNING - No viable dags retrieved from /opt/airflow/dags/airflow_utils.py
[2026-03-24T18:05:16.281+0000] {processor.py:208} INFO - Processing /opt/airflow/dags/airflow_utils.py took 0.036 seconds
[2026-03-24T18:05:47.038+0000] {processor.py:186} INFO - Started process (PID=35037) to work on /opt/airflow/dags/airflow_utils.py
[2026-03-24T18:05:47.039+0000] {processor.py:914} INFO - Processing file /opt/airflow/dags/airflow_utils.py for tasks to queue
[2026-03-24T18:05:47.041+0000] {logging_mixin.py:190} INFO - [2026-03-24T18:05:47.041+0000] {dagbag.py:588} INFO - Filling up the DagBag from /opt/airflow/dags/airflow_utils.py
[2026-03-24T18:05:47.044+0000] {processor.py:927} WARNING - No viable dags retrieved from /opt/airflow/dags/airflow_utils.py
[2026-03-24T18:05:47.062+0000] {processor.py:208} INFO - Processing /opt/airflow/dags/airflow_utils.py took 0.036 seconds
[2026-03-24T18:06:17.790+0000] {processor.py:186} INFO - Started process (PID=35076) to work on /opt/airflow/dags/airflow_utils.py
[2026-03-24T18:06:17.791+0000] {processor.py:914} INFO - Processing file /opt/airflow/dags/airflow_utils.py for tasks to queue
[2026-03-24T18:06:17.794+0000] {logging_mixin.py:190} INFO - [2026-03-24T18:06:17.794+0000] {dagbag.py:588} INFO - Filling up the DagBag from /opt/airflow/dags/airflow_utils.py
[2026-03-24T18:06:17.798+0000] {processor.py:927} WARNING - No viable dags retrieved from /opt/airflow/dags/airflow_utils.py
[2026-03-24T18:06:17.818+0000] {processor.py:208} INFO - Processing /opt/airflow/dags/airflow_utils.py took 0.036 seconds
[2026-03-24T18:06:48.558+0000] {processor.py:186} INFO - Started process (PID=35117) to work on /opt/airflow/dags/airflow_utils.py
[2026-03-24T18:06:48.559+0000] {processor.py:914} INFO - Processing file /opt/airflow/dags/airflow_utils.py for tasks to queue
[2026-03-24T18:06:48.562+0000] {logging_mixin.py:190} INFO - [2026-03-24T18:06:48.561+0000] {dagbag.py:588} INFO - Filling up the DagBag from /opt/airflow/dags/airflow_utils.py
[2026-03-24T18:06:48.565+0000] {processor.py:927} WARNING - No viable dags retrieved from /opt/airflow/dags/airflow_utils.py
[2026-03-24T18:06:48.584+0000] {processor.py:208} INFO - Processing /opt/airflow/dags/airflow_utils.py took 0.033 seconds
[2026-03-24T18:07:19.298+0000] {processor.py:186} INFO - Started process (PID=35158) to work on /opt/airflow/dags/airflow_utils.py
[2026-03-24T18:07:19.300+0000] {processor.py:914} INFO - Processing file /opt/airflow/dags/airflow_utils.py for tasks to queue
[2026-03-24T18:07:19.304+0000] {logging_mixin.py:190} INFO - [2026-03-24T18:07:19.303+0000] {dagbag.py:588} INFO - Filling up the DagBag from /opt/airflow/dags/airflow_utils.py
[2026-03-24T18:07:19.308+0000] {processor.py:927} WARNING - No viable dags retrieved from /opt/airflow/dags/airflow_utils.py
[2026-03-24T18:07:19.327+0000] {processor.py:208} INFO - Processing /opt/airflow/dags/airflow_utils.py took 0.035 seconds
[2026-03-24T18:07:50.039+0000] {processor.py:186} INFO - Started process (PID=35199) to work on /opt/airflow/dags/airflow_utils.py
[2026-03-24T18:07:50.040+0000] {processor.py:914} INFO - Processing file /opt/airflow/dags/airflow_utils.py for tasks to queue
[2026-03-24T18:07:50.042+0000] {logging_mixin.py:190} INFO - [2026-03-24T18:07:50.042+0000] {dagbag.py:588} INFO - Filling up the DagBag from /opt/airflow/dags/airflow_utils.py
[2026-03-24T18:07:50.046+0000] {processor.py:927} WARNING - No viable dags retrieved from /opt/airflow/dags/airflow_utils.py
[2026-03-24T18:07:50.064+0000] {processor.py:208} INFO - Processing /opt/airflow/dags/airflow_utils.py took 0.031 seconds
[2026-03-24T18:08:20.784+0000] {processor.py:186} INFO - Started process (PID=35240) to work on /opt/airflow/dags/airflow_utils.py
[2026-03-24T18:08:20.785+0000] {processor.py:914} INFO - Processing file /opt/airflow/dags/airflow_utils.py for tasks to queue
[2026-03-24T18:08:20.788+0000] {logging_mixin.py:190} INFO - [2026-03-24T18:08:20.787+0000] {dagbag.py:588} INFO - Filling up the DagBag from /opt/airflow/dags/airflow_utils.py
[2026-03-24T18:08:20.792+0000] {processor.py:927} WARNING - No viable dags retrieved from /opt/airflow/dags/airflow_utils.py
[2026-03-24T18:08:20.816+0000] {processor.py:208} INFO - Processing /opt/airflow/dags/airflow_utils.py took 0.040 seconds
[2026-03-24T18:08:51.578+0000] {processor.py:186} INFO - Started process (PID=35281) to work on /opt/airflow/dags/airflow_utils.py
[2026-03-24T18:08:51.579+0000] {processor.py:914} INFO - Processing file /opt/airflow/dags/airflow_utils.py for tasks to queue
[2026-03-24T18:08:51.582+0000] {logging_mixin.py:190} INFO - [2026-03-24T18:08:51.581+0000] {dagbag.py:588} INFO - Filling up the DagBag from /opt/airflow/dags/airflow_utils.py
[2026-03-24T18:08:51.585+0000] {processor.py:927} WARNING - No viable dags retrieved from /opt/airflow/dags/airflow_utils.py
[2026-03-24T18:08:51.605+0000] {processor.py:208} INFO - Processing /opt/airflow/dags/airflow_utils.py took 0.038 seconds
[2026-03-24T18:09:22.304+0000] {processor.py:186} INFO - Started process (PID=35322) to work on /opt/airflow/dags/airflow_utils.py
[2026-03-24T18:09:22.305+0000] {processor.py:914} INFO - Processing file /opt/airflow/dags/airflow_utils.py for tasks to queue
[2026-03-24T18:09:22.308+0000] {logging_mixin.py:190} INFO - [2026-03-24T18:09:22.307+0000] {dagbag.py:588} INFO - Filling up the DagBag from /opt/airflow/dags/airflow_utils.py
[2026-03-24T18:09:22.311+0000] {processor.py:927} WARNING - No viable dags retrieved from /opt/airflow/dags/airflow_utils.py
[2026-03-24T18:09:22.332+0000] {processor.py:208} INFO - Processing /opt/airflow/dags/airflow_utils.py took 0.034 seconds
[2026-03-24T18:09:53.090+0000] {processor.py:186} INFO - Started process (PID=35363) to work on /opt/airflow/dags/airflow_utils.py
[2026-03-24T18:09:53.091+0000] {processor.py:914} INFO - Processing file /opt/airflow/dags/airflow_utils.py for tasks to queue
[2026-03-24T18:09:53.094+0000] {logging_mixin.py:190} INFO - [2026-03-24T18:09:53.094+0000] {dagbag.py:588} INFO - Filling up the DagBag from /opt/airflow/dags/airflow_utils.py
[2026-03-24T18:09:53.098+0000] {processor.py:927} WARNING - No viable dags retrieved from /opt/airflow/dags/airflow_utils.py
[2026-03-24T18:09:53.118+0000] {processor.py:208} INFO - Processing /opt/airflow/dags/airflow_utils.py took 0.034 seconds
[2026-03-24T18:10:23.846+0000] {processor.py:186} INFO - Started process (PID=35404) to work on /opt/airflow/dags/airflow_utils.py
[2026-03-24T18:10:23.847+0000] {processor.py:914} INFO - Processing file /opt/airflow/dags/airflow_utils.py for tasks to queue
[2026-03-24T18:10:23.851+0000] {logging_mixin.py:190} INFO - [2026-03-24T18:10:23.851+0000] {dagbag.py:588} INFO - Filling up the DagBag from /opt/airflow/dags/airflow_utils.py
[2026-03-24T18:10:23.855+0000] {processor.py:927} WARNING - No viable dags retrieved from /opt/airflow/dags/airflow_utils.py
[2026-03-24T18:10:23.875+0000] {processor.py:208} INFO - Processing /opt/airflow/dags/airflow_utils.py took 0.036 seconds
[2026-03-24T18:10:54.590+0000] {processor.py:186} INFO - Started process (PID=35445) to work on /opt/airflow/dags/airflow_utils.py
[2026-03-24T18:10:54.591+0000] {processor.py:914} INFO - Processing file /opt/airflow/dags/airflow_utils.py for tasks to queue
[2026-03-24T18:10:54.594+0000] {logging_mixin.py:190} INFO - [2026-03-24T18:10:54.594+0000] {dagbag.py:588} INFO - Filling up the DagBag from /opt/airflow/dags/airflow_utils.py
[2026-03-24T18:10:54.598+0000] {processor.py:927} WARNING - No viable dags retrieved from /opt/airflow/dags/airflow_utils.py
[2026-03-24T18:10:54.619+0000] {processor.py:208} INFO - Processing /opt/airflow/dags/airflow_utils.py took 0.035 seconds
[2026-03-24T18:11:25.343+0000] {processor.py:186} INFO - Started process (PID=35486) to work on /opt/airflow/dags/airflow_utils.py
[2026-03-24T18:11:25.344+0000] {processor.py:914} INFO - Processing file /opt/airflow/dags/airflow_utils.py for tasks to queue
[2026-03-24T18:11:25.346+0000] {logging_mixin.py:190} INFO - [2026-03-24T18:11:25.346+0000] {dagbag.py:588} INFO - Filling up the DagBag from /opt/airflow/dags/airflow_utils.py
[2026-03-24T18:11:25.350+0000] {processor.py:927} WARNING - No viable dags retrieved from /opt/airflow/dags/airflow_utils.py
[2026-03-24T18:11:25.370+0000] {processor.py:208} INFO - Processing /opt/airflow/dags/airflow_utils.py took 0.036 seconds
[2026-03-24T21:29:59.612+0000] {processor.py:186} INFO - Started process (PID=35527) to work on /opt/airflow/dags/airflow_utils.py
[2026-03-24T21:29:59.613+0000] {processor.py:914} INFO - Processing file /opt/airflow/dags/airflow_utils.py for tasks to queue
[2026-03-24T21:29:59.618+0000] {logging_mixin.py:190} INFO - [2026-03-24T21:29:59.616+0000] {dagbag.py:588} INFO - Filling up the DagBag from /opt/airflow/dags/airflow_utils.py
[2026-03-24T21:29:59.623+0000] {processor.py:927} WARNING - No viable dags retrieved from /opt/airflow/dags/airflow_utils.py
[2026-03-24T21:29:59.649+0000] {processor.py:208} INFO - Processing /opt/airflow/dags/airflow_utils.py took 0.047 seconds
