[2026-04-07T14:49:36.482+0000] {local_task_job_runner.py:123} INFO - ::group::Pre task execution logs
[2026-04-07T14:49:36.540+0000] {taskinstance.py:2614} INFO - Dependencies all met for dep_context=non-requeueable deps ti=<TaskInstance: credit_applications_pipeline.tg_precheck.check_blacklist_file scheduled__2026-04-06T00:00:00+00:00 [queued]>
[2026-04-07T14:49:36.563+0000] {taskinstance.py:2614} INFO - Dependencies all met for dep_context=requeueable deps ti=<TaskInstance: credit_applications_pipeline.tg_precheck.check_blacklist_file scheduled__2026-04-06T00:00:00+00:00 [queued]>
[2026-04-07T14:49:36.563+0000] {taskinstance.py:2867} INFO - Starting attempt 1 of 2
[2026-04-07T14:49:36.590+0000] {taskinstance.py:2890} INFO - Executing <Task(FileSensor): tg_precheck.check_blacklist_file> on 2026-04-06 00:00:00+00:00
[2026-04-07T14:49:36.609+0000] {standard_task_runner.py:104} INFO - Running: ['***', 'tasks', 'run', 'credit_applications_pipeline', 'tg_precheck.check_blacklist_file', 'scheduled__2026-04-06T00:00:00+00:00', '--job-id', '71', '--raw', '--subdir', 'DAGS_FOLDER/final_***.py', '--cfg-path', '/tmp/tmpz0prcuql']
[2026-04-07T14:49:36.613+0000] {standard_task_runner.py:105} INFO - Job 71: Subtask tg_precheck.check_blacklist_file
[2026-04-07T14:49:36.617+0000] {logging_mixin.py:190} WARNING - /home/***/.local/lib/python3.12/site-packages/***/task/task_runner/standard_task_runner.py:70 DeprecationWarning: This process (pid=258) is multi-threaded, use of fork() may lead to deadlocks in the child.
[2026-04-07T14:49:36.618+0000] {standard_task_runner.py:72} INFO - Started process 266 to run task
[2026-04-07T14:49:36.719+0000] {task_command.py:467} INFO - Running <TaskInstance: credit_applications_pipeline.tg_precheck.check_blacklist_file scheduled__2026-04-06T00:00:00+00:00 [running]> on host da731042e3a5
[2026-04-07T14:49:36.933+0000] {taskinstance.py:3134} INFO - Exporting env vars: AIRFLOW_CTX_DAG_OWNER='***' AIRFLOW_CTX_DAG_ID='credit_applications_pipeline' AIRFLOW_CTX_TASK_ID='tg_precheck.check_blacklist_file' AIRFLOW_CTX_EXECUTION_DATE='2026-04-06T00:00:00+00:00' AIRFLOW_CTX_TRY_NUMBER='1' AIRFLOW_CTX_DAG_RUN_ID='scheduled__2026-04-06T00:00:00+00:00'
[2026-04-07T14:49:36.934+0000] {taskinstance.py:732} INFO - ::endgroup::
[2026-04-07T14:49:36.984+0000] {baseoperator.py:423} WARNING - FileSensor.execute cannot be called outside TaskInstance!
[2026-04-07T14:49:37.007+0000] {base.py:84} INFO - Retrieving connection 'fs_default'
[2026-04-07T14:49:37.008+0000] {filesystem.py:109} INFO - Poking for file /opt/***/files/blacklist_customers.xlsx
[2026-04-07T14:49:37.009+0000] {filesystem.py:113} INFO - Found File /opt/***/files/blacklist_customers.xlsx last modified: 20260404155509
[2026-04-07T14:49:37.009+0000] {base.py:339} INFO - Success criteria met. Exiting.
[2026-04-07T14:49:37.014+0000] {filesystem.py:109} INFO - Poking for file /opt/***/files/blacklist_customers.xlsx
[2026-04-07T14:49:37.015+0000] {filesystem.py:113} INFO - Found File /opt/***/files/blacklist_customers.xlsx last modified: 20260404155509
[2026-04-07T14:49:37.042+0000] {taskinstance.py:341} INFO - ::group::Post task execution logs
[2026-04-07T14:49:37.043+0000] {taskinstance.py:353} INFO - Marking task as SUCCESS. dag_id=credit_applications_pipeline, task_id=tg_precheck.check_blacklist_file, run_id=scheduled__2026-04-06T00:00:00+00:00, execution_date=20260406T000000, start_date=20260407T144936, end_date=20260407T144937
[2026-04-07T14:49:37.118+0000] {local_task_job_runner.py:266} INFO - Task exited with return code 0
[2026-04-07T14:49:37.166+0000] {taskinstance.py:3901} INFO - 0 downstream tasks scheduled from follow-on schedule check
[2026-04-07T14:49:37.168+0000] {local_task_job_runner.py:245} INFO - ::endgroup::
