[2026-04-10T05:42:07.819+0000] {local_task_job_runner.py:123} INFO - ::group::Pre task execution logs
[2026-04-10T05:42:07.862+0000] {taskinstance.py:2614} INFO - Dependencies all met for dep_context=non-requeueable deps ti=<TaskInstance: credit_applications_pipeline.tg_ingestion_processing.send_to_minio scheduled__2026-04-09T00:00:00+00:00 [queued]>
[2026-04-10T05:42:07.882+0000] {taskinstance.py:2614} INFO - Dependencies all met for dep_context=requeueable deps ti=<TaskInstance: credit_applications_pipeline.tg_ingestion_processing.send_to_minio scheduled__2026-04-09T00:00:00+00:00 [queued]>
[2026-04-10T05:42:07.884+0000] {taskinstance.py:2867} INFO - Starting attempt 1 of 2
[2026-04-10T05:42:07.912+0000] {taskinstance.py:2890} INFO - Executing <Task(BashOperator): tg_ingestion_processing.send_to_minio> on 2026-04-09 00:00:00+00:00
[2026-04-10T05:42:07.930+0000] {standard_task_runner.py:104} INFO - Running: ['***', 'tasks', 'run', 'credit_applications_pipeline', 'tg_ingestion_processing.send_to_minio', 'scheduled__2026-04-09T00:00:00+00:00', '--job-id', '87', '--raw', '--subdir', 'DAGS_FOLDER/final_***.py', '--cfg-path', '/tmp/tmpo1g9yk3c']
[2026-04-10T05:42:07.933+0000] {standard_task_runner.py:105} INFO - Job 87: Subtask tg_ingestion_processing.send_to_minio
[2026-04-10T05:42:07.939+0000] {logging_mixin.py:190} WARNING - /home/***/.local/lib/python3.12/site-packages/***/task/task_runner/standard_task_runner.py:70 DeprecationWarning: This process (pid=917) is multi-threaded, use of fork() may lead to deadlocks in the child.
[2026-04-10T05:42:07.940+0000] {standard_task_runner.py:72} INFO - Started process 919 to run task
[2026-04-10T05:42:08.046+0000] {task_command.py:467} INFO - Running <TaskInstance: credit_applications_pipeline.tg_ingestion_processing.send_to_minio scheduled__2026-04-09T00:00:00+00:00 [running]> on host da731042e3a5
[2026-04-10T05:42:08.225+0000] {taskinstance.py:3134} INFO - Exporting env vars: AIRFLOW_CTX_DAG_OWNER='***' AIRFLOW_CTX_DAG_ID='credit_applications_pipeline' AIRFLOW_CTX_TASK_ID='tg_ingestion_processing.send_to_minio' AIRFLOW_CTX_EXECUTION_DATE='2026-04-09T00:00:00+00:00' AIRFLOW_CTX_TRY_NUMBER='1' AIRFLOW_CTX_DAG_RUN_ID='scheduled__2026-04-09T00:00:00+00:00'
[2026-04-10T05:42:08.226+0000] {taskinstance.py:732} INFO - ::endgroup::
[2026-04-10T05:42:08.268+0000] {subprocess.py:78} INFO - Tmp dir root location: /tmp
[2026-04-10T05:42:08.269+0000] {subprocess.py:88} INFO - Running command: ['/usr/bin/bash', '-c', 'mc cp /opt/***/files/blacklist_customers.xlsx myminio/bronze/blacklist_customers.xlsx']
[2026-04-10T05:42:08.307+0000] {subprocess.py:99} INFO - Output:
[2026-04-10T05:42:08.487+0000] {subprocess.py:106} INFO - `/opt/***/files/blacklist_customers.xlsx` -> `myminio/bronze/blacklist_customers.xlsx`
[2026-04-10T05:42:08.535+0000] {subprocess.py:106} INFO - ┌──────────┬─────────────┬──────────┬─────────────┐
[2026-04-10T05:42:08.535+0000] {subprocess.py:106} INFO - │ Total    │ Transferred │ Duration │ Speed       │
[2026-04-10T05:42:08.536+0000] {subprocess.py:106} INFO - │ 4.97 KiB │ 4.97 KiB    │ 00m00s   │ 79.29 KiB/s │
[2026-04-10T05:42:08.536+0000] {subprocess.py:106} INFO - └──────────┴─────────────┴──────────┴─────────────┘
[2026-04-10T05:42:08.539+0000] {subprocess.py:110} INFO - Command exited with return code 0
[2026-04-10T05:42:08.583+0000] {taskinstance.py:341} INFO - ::group::Post task execution logs
[2026-04-10T05:42:08.584+0000] {taskinstance.py:353} INFO - Marking task as SUCCESS. dag_id=credit_applications_pipeline, task_id=tg_ingestion_processing.send_to_minio, run_id=scheduled__2026-04-09T00:00:00+00:00, execution_date=20260409T000000, start_date=20260410T054207, end_date=20260410T054208
[2026-04-10T05:42:08.681+0000] {local_task_job_runner.py:266} INFO - Task exited with return code 0
[2026-04-10T05:42:08.734+0000] {taskinstance.py:3901} INFO - 1 downstream tasks scheduled from follow-on schedule check
[2026-04-10T05:42:08.736+0000] {local_task_job_runner.py:245} INFO - ::endgroup::
