[2026-04-04T16:34:04.828+0000] {local_task_job_runner.py:123} INFO - ::group::Pre task execution logs
[2026-04-04T16:34:04.866+0000] {taskinstance.py:2614} INFO - Dependencies all met for dep_context=non-requeueable deps ti=<TaskInstance: credit_applications_pipeline.checks.check_yesterday_data manual__2026-04-04T16:34:03.076857+00:00 [queued]>
[2026-04-04T16:34:04.882+0000] {taskinstance.py:2614} INFO - Dependencies all met for dep_context=requeueable deps ti=<TaskInstance: credit_applications_pipeline.checks.check_yesterday_data manual__2026-04-04T16:34:03.076857+00:00 [queued]>
[2026-04-04T16:34:04.883+0000] {taskinstance.py:2867} INFO - Starting attempt 1 of 2
[2026-04-04T16:34:04.904+0000] {taskinstance.py:2890} INFO - Executing <Task(SqlSensor): checks.check_yesterday_data> on 2026-04-04 16:34:03.076857+00:00
[2026-04-04T16:34:04.920+0000] {standard_task_runner.py:104} INFO - Running: ['***', 'tasks', 'run', 'credit_applications_pipeline', 'checks.check_yesterday_data', 'manual__2026-04-04T16:34:03.076857+00:00', '--job-id', '39', '--raw', '--subdir', 'DAGS_FOLDER/final_***.py', '--cfg-path', '/tmp/tmpbb1cw28x']
[2026-04-04T16:34:04.923+0000] {standard_task_runner.py:105} INFO - Job 39: Subtask checks.check_yesterday_data
[2026-04-04T16:34:04.929+0000] {logging_mixin.py:190} WARNING - /home/***/.local/lib/python3.12/site-packages/***/task/task_runner/standard_task_runner.py:70 DeprecationWarning: This process (pid=21589) is multi-threaded, use of fork() may lead to deadlocks in the child.
[2026-04-04T16:34:04.929+0000] {standard_task_runner.py:72} INFO - Started process 21590 to run task
[2026-04-04T16:34:05.001+0000] {task_command.py:467} INFO - Running <TaskInstance: credit_applications_pipeline.checks.check_yesterday_data manual__2026-04-04T16:34:03.076857+00:00 [running]> on host da731042e3a5
[2026-04-04T16:34:05.140+0000] {taskinstance.py:3134} INFO - Exporting env vars: AIRFLOW_CTX_DAG_OWNER='***' AIRFLOW_CTX_DAG_ID='credit_applications_pipeline' AIRFLOW_CTX_TASK_ID='checks.check_yesterday_data' AIRFLOW_CTX_EXECUTION_DATE='2026-04-04T16:34:03.076857+00:00' AIRFLOW_CTX_TRY_NUMBER='1' AIRFLOW_CTX_DAG_RUN_ID='manual__2026-04-04T16:34:03.076857+00:00'
[2026-04-04T16:34:05.141+0000] {taskinstance.py:732} INFO - ::endgroup::
[2026-04-04T16:34:05.181+0000] {base.py:84} INFO - Retrieving connection 'pg_baza'
[2026-04-04T16:34:05.185+0000] {sql.py:102} INFO - Poking: 
                SELECT COUNT(*)
                FROM credit_applications
                WHERE application_date = '2026-04-04'
             (with parameters None)
[2026-04-04T16:34:05.202+0000] {base.py:84} INFO - Retrieving connection 'pg_baza'
[2026-04-04T16:34:05.211+0000] {sql.py:511} INFO - Running statement: 
                SELECT COUNT(*)
                FROM credit_applications
                WHERE application_date = '2026-04-04'
            , parameters: None
[2026-04-04T16:34:05.213+0000] {sql.py:520} INFO - Rows affected: 1
[2026-04-04T16:34:05.221+0000] {logging_mixin.py:190} WARNING - /home/***/.local/lib/python3.12/site-packages/***/providers/common/sql/hooks/sql.py:470 DeprecationWarning: Import of fetch_all_handler from the '***.providers.common.sql.hooks' module is deprecated and will
be removed in the future. Please import it from '***.providers.common.sql.hooks.handlers'.
[2026-04-04T16:34:05.224+0000] {logging_mixin.py:190} WARNING - /home/***/.local/lib/python3.12/site-packages/***/providers/common/sql/hooks/sql.py:471 DeprecationWarning: Import of return_single_query_results from the '***.providers.common.sql.hooks' module is deprecated and will
be removed in the future. Please import it from '***.providers.common.sql.hooks.handlers'.
[2026-04-04T16:34:05.227+0000] {logging_mixin.py:190} WARNING - /home/***/.local/lib/python3.12/site-packages/***/providers/common/sql/hooks/sql.py:486 DeprecationWarning: Import of return_single_query_results from the '***.providers.common.sql.hooks' module is deprecated and will
be removed in the future. Please import it from '***.providers.common.sql.hooks.handlers'.
[2026-04-04T16:34:35.245+0000] {base.py:84} INFO - Retrieving connection 'pg_baza'
[2026-04-04T16:34:35.246+0000] {sql.py:102} INFO - Poking: 
                SELECT COUNT(*)
                FROM credit_applications
                WHERE application_date = '2026-04-04'
             (with parameters None)
[2026-04-04T16:34:35.259+0000] {base.py:84} INFO - Retrieving connection 'pg_baza'
[2026-04-04T16:34:35.269+0000] {sql.py:511} INFO - Running statement: 
                SELECT COUNT(*)
                FROM credit_applications
                WHERE application_date = '2026-04-04'
            , parameters: None
[2026-04-04T16:34:35.271+0000] {sql.py:520} INFO - Rows affected: 1
[2026-04-04T16:35:05.284+0000] {base.py:84} INFO - Retrieving connection 'pg_baza'
[2026-04-04T16:35:05.285+0000] {sql.py:102} INFO - Poking: 
                SELECT COUNT(*)
                FROM credit_applications
                WHERE application_date = '2026-04-04'
             (with parameters None)
[2026-04-04T16:35:05.297+0000] {base.py:84} INFO - Retrieving connection 'pg_baza'
[2026-04-04T16:35:05.306+0000] {sql.py:511} INFO - Running statement: 
                SELECT COUNT(*)
                FROM credit_applications
                WHERE application_date = '2026-04-04'
            , parameters: None
[2026-04-04T16:35:05.307+0000] {sql.py:520} INFO - Rows affected: 1
[2026-04-04T16:35:35.324+0000] {base.py:84} INFO - Retrieving connection 'pg_baza'
[2026-04-04T16:35:35.325+0000] {sql.py:102} INFO - Poking: 
                SELECT COUNT(*)
                FROM credit_applications
                WHERE application_date = '2026-04-04'
             (with parameters None)
[2026-04-04T16:35:35.340+0000] {base.py:84} INFO - Retrieving connection 'pg_baza'
[2026-04-04T16:35:35.350+0000] {sql.py:511} INFO - Running statement: 
                SELECT COUNT(*)
                FROM credit_applications
                WHERE application_date = '2026-04-04'
            , parameters: None
[2026-04-04T16:35:35.351+0000] {sql.py:520} INFO - Rows affected: 1
[2026-04-04T16:36:05.364+0000] {base.py:84} INFO - Retrieving connection 'pg_baza'
[2026-04-04T16:36:05.365+0000] {sql.py:102} INFO - Poking: 
                SELECT COUNT(*)
                FROM credit_applications
                WHERE application_date = '2026-04-04'
             (with parameters None)
[2026-04-04T16:36:05.377+0000] {base.py:84} INFO - Retrieving connection 'pg_baza'
[2026-04-04T16:36:05.389+0000] {sql.py:511} INFO - Running statement: 
                SELECT COUNT(*)
                FROM credit_applications
                WHERE application_date = '2026-04-04'
            , parameters: None
[2026-04-04T16:36:05.392+0000] {sql.py:520} INFO - Rows affected: 1
[2026-04-04T16:36:35.410+0000] {base.py:84} INFO - Retrieving connection 'pg_baza'
[2026-04-04T16:36:35.411+0000] {sql.py:102} INFO - Poking: 
                SELECT COUNT(*)
                FROM credit_applications
                WHERE application_date = '2026-04-04'
             (with parameters None)
[2026-04-04T16:36:35.424+0000] {base.py:84} INFO - Retrieving connection 'pg_baza'
[2026-04-04T16:36:35.431+0000] {sql.py:511} INFO - Running statement: 
                SELECT COUNT(*)
                FROM credit_applications
                WHERE application_date = '2026-04-04'
            , parameters: None
[2026-04-04T16:36:35.432+0000] {sql.py:520} INFO - Rows affected: 1
[2026-04-04T16:37:05.452+0000] {base.py:84} INFO - Retrieving connection 'pg_baza'
[2026-04-04T16:37:05.453+0000] {sql.py:102} INFO - Poking: 
                SELECT COUNT(*)
                FROM credit_applications
                WHERE application_date = '2026-04-04'
             (with parameters None)
[2026-04-04T16:37:05.467+0000] {base.py:84} INFO - Retrieving connection 'pg_baza'
[2026-04-04T16:37:05.479+0000] {sql.py:511} INFO - Running statement: 
                SELECT COUNT(*)
                FROM credit_applications
                WHERE application_date = '2026-04-04'
            , parameters: None
[2026-04-04T16:37:05.481+0000] {sql.py:520} INFO - Rows affected: 1
[2026-04-04T16:37:35.494+0000] {base.py:84} INFO - Retrieving connection 'pg_baza'
[2026-04-04T16:37:35.495+0000] {sql.py:102} INFO - Poking: 
                SELECT COUNT(*)
                FROM credit_applications
                WHERE application_date = '2026-04-04'
             (with parameters None)
[2026-04-04T16:37:35.509+0000] {base.py:84} INFO - Retrieving connection 'pg_baza'
[2026-04-04T16:37:35.519+0000] {sql.py:511} INFO - Running statement: 
                SELECT COUNT(*)
                FROM credit_applications
                WHERE application_date = '2026-04-04'
            , parameters: None
[2026-04-04T16:37:35.520+0000] {sql.py:520} INFO - Rows affected: 1
[2026-04-04T16:38:05.535+0000] {base.py:84} INFO - Retrieving connection 'pg_baza'
[2026-04-04T16:38:05.536+0000] {sql.py:102} INFO - Poking: 
                SELECT COUNT(*)
                FROM credit_applications
                WHERE application_date = '2026-04-04'
             (with parameters None)
[2026-04-04T16:38:05.546+0000] {base.py:84} INFO - Retrieving connection 'pg_baza'
[2026-04-04T16:38:05.560+0000] {sql.py:511} INFO - Running statement: 
                SELECT COUNT(*)
                FROM credit_applications
                WHERE application_date = '2026-04-04'
            , parameters: None
[2026-04-04T16:38:05.562+0000] {sql.py:520} INFO - Rows affected: 1
[2026-04-04T16:38:35.579+0000] {base.py:84} INFO - Retrieving connection 'pg_baza'
[2026-04-04T16:38:35.580+0000] {sql.py:102} INFO - Poking: 
                SELECT COUNT(*)
                FROM credit_applications
                WHERE application_date = '2026-04-04'
             (with parameters None)
[2026-04-04T16:38:35.594+0000] {base.py:84} INFO - Retrieving connection 'pg_baza'
[2026-04-04T16:38:35.608+0000] {sql.py:511} INFO - Running statement: 
                SELECT COUNT(*)
                FROM credit_applications
                WHERE application_date = '2026-04-04'
            , parameters: None
[2026-04-04T16:38:35.609+0000] {sql.py:520} INFO - Rows affected: 1
[2026-04-04T16:39:05.621+0000] {base.py:84} INFO - Retrieving connection 'pg_baza'
[2026-04-04T16:39:05.631+0000] {sql.py:102} INFO - Poking: 
                SELECT COUNT(*)
                FROM credit_applications
                WHERE application_date = '2026-04-04'
             (with parameters None)
[2026-04-04T16:39:05.646+0000] {base.py:84} INFO - Retrieving connection 'pg_baza'
[2026-04-04T16:39:05.659+0000] {sql.py:511} INFO - Running statement: 
                SELECT COUNT(*)
                FROM credit_applications
                WHERE application_date = '2026-04-04'
            , parameters: None
[2026-04-04T16:39:05.661+0000] {sql.py:520} INFO - Rows affected: 1
[2026-04-04T16:39:05.662+0000] {taskinstance.py:302} INFO - Sensor has timed out; run duration of 300.49619030100075 seconds exceeds the specified timeout of 300.0.
[2026-04-04T16:39:05.730+0000] {taskinstance.py:341} INFO - ::group::Post task execution logs
[2026-04-04T16:39:05.731+0000] {taskinstance.py:353} INFO - Marking task as SKIPPED. dag_id=credit_applications_pipeline, task_id=checks.check_yesterday_data, run_id=manual__2026-04-04T16:34:03.076857+00:00, execution_date=20260404T163403, start_date=20260404T163404, end_date=20260404T163905
[2026-04-04T16:39:05.809+0000] {local_task_job_runner.py:266} INFO - Task exited with return code 0
[2026-04-04T16:39:05.859+0000] {taskinstance.py:3901} INFO - 0 downstream tasks scheduled from follow-on schedule check
[2026-04-04T16:39:05.866+0000] {local_task_job_runner.py:245} INFO - ::endgroup::
