[2026-03-14T16:49:45.489+0000] {local_task_job_runner.py:123} INFO - ::group::Pre task execution logs
[2026-03-14T16:49:45.523+0000] {taskinstance.py:2614} INFO - Dependencies all met for dep_context=non-requeueable deps ti=<TaskInstance: matrix_minio.yesterday_check manual__2026-03-14T16:49:43.918424+00:00 [queued]>
[2026-03-14T16:49:45.537+0000] {taskinstance.py:2614} INFO - Dependencies all met for dep_context=requeueable deps ti=<TaskInstance: matrix_minio.yesterday_check manual__2026-03-14T16:49:43.918424+00:00 [queued]>
[2026-03-14T16:49:45.537+0000] {taskinstance.py:2867} INFO - Starting attempt 1 of 2
[2026-03-14T16:49:45.555+0000] {taskinstance.py:2890} INFO - Executing <Task(PythonOperator): yesterday_check> on 2026-03-14 16:49:43.918424+00:00
[2026-03-14T16:49:45.567+0000] {standard_task_runner.py:104} INFO - Running: ['***', 'tasks', 'run', 'matrix_minio', 'yesterday_check', 'manual__2026-03-14T16:49:43.918424+00:00', '--job-id', '12', '--raw', '--subdir', 'DAGS_FOLDER/dag.py', '--cfg-path', '/tmp/tmp1ielxsnb']
[2026-03-14T16:49:45.570+0000] {standard_task_runner.py:105} INFO - Job 12: Subtask yesterday_check
[2026-03-14T16:49:45.570+0000] {logging_mixin.py:190} WARNING - /home/***/.local/lib/python3.12/site-packages/***/task/task_runner/standard_task_runner.py:70 DeprecationWarning: This process (pid=2904) is multi-threaded, use of fork() may lead to deadlocks in the child.
[2026-03-14T16:49:45.571+0000] {standard_task_runner.py:72} INFO - Started process 2905 to run task
[2026-03-14T16:49:45.634+0000] {task_command.py:467} INFO - Running <TaskInstance: matrix_minio.yesterday_check manual__2026-03-14T16:49:43.918424+00:00 [running]> on host e073b635a9aa
[2026-03-14T16:49:45.742+0000] {taskinstance.py:3134} INFO - Exporting env vars: AIRFLOW_CTX_DAG_OWNER='***' AIRFLOW_CTX_DAG_ID='matrix_minio' AIRFLOW_CTX_TASK_ID='yesterday_check' AIRFLOW_CTX_EXECUTION_DATE='2026-03-14T16:49:43.918424+00:00' AIRFLOW_CTX_TRY_NUMBER='1' AIRFLOW_CTX_DAG_RUN_ID='manual__2026-03-14T16:49:43.918424+00:00'
[2026-03-14T16:49:45.744+0000] {taskinstance.py:732} INFO - ::endgroup::
[2026-03-14T16:49:45.776+0000] {base.py:84} INFO - Retrieving connection 'pg_connection'
[2026-03-14T16:49:45.785+0000] {sql.py:511} INFO - Running statement: 
        SELECT 
            CASE 
                WHEN MAX(transaction_date) = CURRENT_DATE - INTERVAL '1 day'
                THEN 1
                ELSE 0
            END AS is_yesterdays_data
        FROM transactions
    , parameters: None
[2026-03-14T16:49:45.786+0000] {sql.py:520} INFO - Rows affected: 1
[2026-03-14T16:49:45.792+0000] {logging_mixin.py:190} WARNING - /home/***/.local/lib/python3.12/site-packages/***/providers/common/sql/hooks/sql.py:470 DeprecationWarning: Import of fetch_one_handler from the '***.providers.common.sql.hooks' module is deprecated and will
be removed in the future. Please import it from '***.providers.common.sql.hooks.handlers'.
[2026-03-14T16:49:45.794+0000] {logging_mixin.py:190} WARNING - /home/***/.local/lib/python3.12/site-packages/***/providers/common/sql/hooks/sql.py:471 DeprecationWarning: Import of return_single_query_results from the '***.providers.common.sql.hooks' module is deprecated and will
be removed in the future. Please import it from '***.providers.common.sql.hooks.handlers'.
[2026-03-14T16:49:45.796+0000] {logging_mixin.py:190} WARNING - /home/***/.local/lib/python3.12/site-packages/***/providers/common/sql/hooks/sql.py:486 DeprecationWarning: Import of return_single_query_results from the '***.providers.common.sql.hooks' module is deprecated and will
be removed in the future. Please import it from '***.providers.common.sql.hooks.handlers'.
[2026-03-14T16:49:45.796+0000] {logging_mixin.py:190} INFO - Yesterday check result: 0
[2026-03-14T16:49:45.814+0000] {python.py:240} INFO - Done. Returned value was: None
[2026-03-14T16:49:45.828+0000] {taskinstance.py:341} INFO - ::group::Post task execution logs
[2026-03-14T16:49:45.829+0000] {taskinstance.py:353} INFO - Marking task as SUCCESS. dag_id=matrix_minio, task_id=yesterday_check, run_id=manual__2026-03-14T16:49:43.918424+00:00, execution_date=20260314T164943, start_date=20260314T164945, end_date=20260314T164945
[2026-03-14T16:49:45.906+0000] {local_task_job_runner.py:266} INFO - Task exited with return code 0
[2026-03-14T16:49:45.980+0000] {taskinstance.py:3901} INFO - 1 downstream tasks scheduled from follow-on schedule check
[2026-03-14T16:49:45.993+0000] {local_task_job_runner.py:245} INFO - ::endgroup::
