[2026-04-04T16:44:19.092+0000] {local_task_job_runner.py:123} INFO - ::group::Pre task execution logs
[2026-04-04T16:44:19.129+0000] {taskinstance.py:2614} INFO - Dependencies all met for dep_context=non-requeueable deps ti=<TaskInstance: credit_applications_pipeline.tg_precheck.check_yesterday_data manual__2026-04-04T16:44:16.609994+00:00 [queued]>
[2026-04-04T16:44:19.146+0000] {taskinstance.py:2614} INFO - Dependencies all met for dep_context=requeueable deps ti=<TaskInstance: credit_applications_pipeline.tg_precheck.check_yesterday_data manual__2026-04-04T16:44:16.609994+00:00 [queued]>
[2026-04-04T16:44:19.146+0000] {taskinstance.py:2867} INFO - Starting attempt 1 of 2
[2026-04-04T16:44:19.165+0000] {taskinstance.py:2890} INFO - Executing <Task(SqlSensor): tg_precheck.check_yesterday_data> on 2026-04-04 16:44:16.609994+00:00
[2026-04-04T16:44:19.180+0000] {logging_mixin.py:190} WARNING - /home/***/.local/lib/python3.12/site-packages/***/task/task_runner/standard_task_runner.py:70 DeprecationWarning: This process (pid=23211) is multi-threaded, use of fork() may lead to deadlocks in the child.
[2026-04-04T16:44:19.181+0000] {standard_task_runner.py:72} INFO - Started process 23214 to run task
[2026-04-04T16:44:19.180+0000] {standard_task_runner.py:104} INFO - Running: ['***', 'tasks', 'run', 'credit_applications_pipeline', 'tg_precheck.check_yesterday_data', 'manual__2026-04-04T16:44:16.609994+00:00', '--job-id', '49', '--raw', '--subdir', 'DAGS_FOLDER/final_***.py', '--cfg-path', '/tmp/tmphqv1s0td']
[2026-04-04T16:44:19.182+0000] {standard_task_runner.py:105} INFO - Job 49: Subtask tg_precheck.check_yesterday_data
[2026-04-04T16:44:19.247+0000] {task_command.py:467} INFO - Running <TaskInstance: credit_applications_pipeline.tg_precheck.check_yesterday_data manual__2026-04-04T16:44:16.609994+00:00 [running]> on host da731042e3a5
[2026-04-04T16:44:19.373+0000] {taskinstance.py:3134} INFO - Exporting env vars: AIRFLOW_CTX_DAG_OWNER='***' AIRFLOW_CTX_DAG_ID='credit_applications_pipeline' AIRFLOW_CTX_TASK_ID='tg_precheck.check_yesterday_data' AIRFLOW_CTX_EXECUTION_DATE='2026-04-04T16:44:16.609994+00:00' AIRFLOW_CTX_TRY_NUMBER='1' AIRFLOW_CTX_DAG_RUN_ID='manual__2026-04-04T16:44:16.609994+00:00'
[2026-04-04T16:44:19.374+0000] {taskinstance.py:732} INFO - ::endgroup::
[2026-04-04T16:44:19.414+0000] {base.py:84} INFO - Retrieving connection 'pg_baza'
[2026-04-04T16:44:19.419+0000] {sql.py:102} INFO - Poking: 
                SELECT COUNT(*)
                FROM credit_applications
                WHERE application_date = '2026-04-04'
             (with parameters None)
[2026-04-04T16:44:19.432+0000] {base.py:84} INFO - Retrieving connection 'pg_baza'
[2026-04-04T16:44:19.442+0000] {sql.py:511} INFO - Running statement: 
                SELECT COUNT(*)
                FROM credit_applications
                WHERE application_date = '2026-04-04'
            , parameters: None
[2026-04-04T16:44:19.444+0000] {sql.py:520} INFO - Rows affected: 1
[2026-04-04T16:44:19.447+0000] {logging_mixin.py:190} WARNING - /home/***/.local/lib/python3.12/site-packages/***/providers/common/sql/hooks/sql.py:470 DeprecationWarning: Import of fetch_all_handler from the '***.providers.common.sql.hooks' module is deprecated and will
be removed in the future. Please import it from '***.providers.common.sql.hooks.handlers'.
[2026-04-04T16:44:19.449+0000] {logging_mixin.py:190} WARNING - /home/***/.local/lib/python3.12/site-packages/***/providers/common/sql/hooks/sql.py:471 DeprecationWarning: Import of return_single_query_results from the '***.providers.common.sql.hooks' module is deprecated and will
be removed in the future. Please import it from '***.providers.common.sql.hooks.handlers'.
[2026-04-04T16:44:19.451+0000] {logging_mixin.py:190} WARNING - /home/***/.local/lib/python3.12/site-packages/***/providers/common/sql/hooks/sql.py:486 DeprecationWarning: Import of return_single_query_results from the '***.providers.common.sql.hooks' module is deprecated and will
be removed in the future. Please import it from '***.providers.common.sql.hooks.handlers'.
[2026-04-04T16:44:49.469+0000] {base.py:84} INFO - Retrieving connection 'pg_baza'
[2026-04-04T16:44:49.470+0000] {sql.py:102} INFO - Poking: 
                SELECT COUNT(*)
                FROM credit_applications
                WHERE application_date = '2026-04-04'
             (with parameters None)
[2026-04-04T16:44:49.489+0000] {base.py:84} INFO - Retrieving connection 'pg_baza'
[2026-04-04T16:44:49.497+0000] {sql.py:511} INFO - Running statement: 
                SELECT COUNT(*)
                FROM credit_applications
                WHERE application_date = '2026-04-04'
            , parameters: None
[2026-04-04T16:44:49.499+0000] {sql.py:520} INFO - Rows affected: 1
[2026-04-04T16:45:19.512+0000] {base.py:84} INFO - Retrieving connection 'pg_baza'
[2026-04-04T16:45:19.513+0000] {sql.py:102} INFO - Poking: 
                SELECT COUNT(*)
                FROM credit_applications
                WHERE application_date = '2026-04-04'
             (with parameters None)
[2026-04-04T16:45:19.526+0000] {base.py:84} INFO - Retrieving connection 'pg_baza'
[2026-04-04T16:45:19.535+0000] {sql.py:511} INFO - Running statement: 
                SELECT COUNT(*)
                FROM credit_applications
                WHERE application_date = '2026-04-04'
            , parameters: None
[2026-04-04T16:45:19.537+0000] {sql.py:520} INFO - Rows affected: 1
[2026-04-04T16:45:49.549+0000] {base.py:84} INFO - Retrieving connection 'pg_baza'
[2026-04-04T16:45:49.549+0000] {sql.py:102} INFO - Poking: 
                SELECT COUNT(*)
                FROM credit_applications
                WHERE application_date = '2026-04-04'
             (with parameters None)
[2026-04-04T16:45:49.561+0000] {base.py:84} INFO - Retrieving connection 'pg_baza'
[2026-04-04T16:45:49.571+0000] {sql.py:511} INFO - Running statement: 
                SELECT COUNT(*)
                FROM credit_applications
                WHERE application_date = '2026-04-04'
            , parameters: None
[2026-04-04T16:45:49.573+0000] {sql.py:520} INFO - Rows affected: 1
[2026-04-04T16:46:19.588+0000] {base.py:84} INFO - Retrieving connection 'pg_baza'
[2026-04-04T16:46:19.589+0000] {sql.py:102} INFO - Poking: 
                SELECT COUNT(*)
                FROM credit_applications
                WHERE application_date = '2026-04-04'
             (with parameters None)
[2026-04-04T16:46:19.607+0000] {base.py:84} INFO - Retrieving connection 'pg_baza'
[2026-04-04T16:46:19.620+0000] {sql.py:511} INFO - Running statement: 
                SELECT COUNT(*)
                FROM credit_applications
                WHERE application_date = '2026-04-04'
            , parameters: None
[2026-04-04T16:46:19.622+0000] {sql.py:520} INFO - Rows affected: 1
[2026-04-04T16:46:49.642+0000] {base.py:84} INFO - Retrieving connection 'pg_baza'
[2026-04-04T16:46:49.642+0000] {sql.py:102} INFO - Poking: 
                SELECT COUNT(*)
                FROM credit_applications
                WHERE application_date = '2026-04-04'
             (with parameters None)
[2026-04-04T16:46:49.659+0000] {base.py:84} INFO - Retrieving connection 'pg_baza'
[2026-04-04T16:46:49.668+0000] {sql.py:511} INFO - Running statement: 
                SELECT COUNT(*)
                FROM credit_applications
                WHERE application_date = '2026-04-04'
            , parameters: None
[2026-04-04T16:46:49.670+0000] {sql.py:520} INFO - Rows affected: 1
[2026-04-04T16:47:19.681+0000] {base.py:84} INFO - Retrieving connection 'pg_baza'
[2026-04-04T16:47:19.682+0000] {sql.py:102} INFO - Poking: 
                SELECT COUNT(*)
                FROM credit_applications
                WHERE application_date = '2026-04-04'
             (with parameters None)
[2026-04-04T16:47:19.693+0000] {base.py:84} INFO - Retrieving connection 'pg_baza'
[2026-04-04T16:47:19.702+0000] {sql.py:511} INFO - Running statement: 
                SELECT COUNT(*)
                FROM credit_applications
                WHERE application_date = '2026-04-04'
            , parameters: None
[2026-04-04T16:47:19.703+0000] {sql.py:520} INFO - Rows affected: 1
[2026-04-04T16:47:49.720+0000] {base.py:84} INFO - Retrieving connection 'pg_baza'
[2026-04-04T16:47:49.756+0000] {sql.py:102} INFO - Poking: 
                SELECT COUNT(*)
                FROM credit_applications
                WHERE application_date = '2026-04-04'
             (with parameters None)
[2026-04-04T16:47:49.774+0000] {base.py:84} INFO - Retrieving connection 'pg_baza'
[2026-04-04T16:47:49.786+0000] {sql.py:511} INFO - Running statement: 
                SELECT COUNT(*)
                FROM credit_applications
                WHERE application_date = '2026-04-04'
            , parameters: None
[2026-04-04T16:47:49.788+0000] {sql.py:520} INFO - Rows affected: 1
[2026-04-04T16:48:19.801+0000] {base.py:84} INFO - Retrieving connection 'pg_baza'
[2026-04-04T16:48:19.802+0000] {sql.py:102} INFO - Poking: 
                SELECT COUNT(*)
                FROM credit_applications
                WHERE application_date = '2026-04-04'
             (with parameters None)
[2026-04-04T16:48:19.813+0000] {base.py:84} INFO - Retrieving connection 'pg_baza'
[2026-04-04T16:48:19.823+0000] {sql.py:511} INFO - Running statement: 
                SELECT COUNT(*)
                FROM credit_applications
                WHERE application_date = '2026-04-04'
            , parameters: None
[2026-04-04T16:48:19.825+0000] {sql.py:520} INFO - Rows affected: 1
[2026-04-04T16:48:49.844+0000] {base.py:84} INFO - Retrieving connection 'pg_baza'
[2026-04-04T16:48:49.844+0000] {sql.py:102} INFO - Poking: 
                SELECT COUNT(*)
                FROM credit_applications
                WHERE application_date = '2026-04-04'
             (with parameters None)
[2026-04-04T16:48:49.859+0000] {base.py:84} INFO - Retrieving connection 'pg_baza'
[2026-04-04T16:48:49.870+0000] {sql.py:511} INFO - Running statement: 
                SELECT COUNT(*)
                FROM credit_applications
                WHERE application_date = '2026-04-04'
            , parameters: None
[2026-04-04T16:48:49.872+0000] {sql.py:520} INFO - Rows affected: 1
[2026-04-04T16:49:19.887+0000] {base.py:84} INFO - Retrieving connection 'pg_baza'
[2026-04-04T16:49:19.888+0000] {sql.py:102} INFO - Poking: 
                SELECT COUNT(*)
                FROM credit_applications
                WHERE application_date = '2026-04-04'
             (with parameters None)
[2026-04-04T16:49:19.901+0000] {base.py:84} INFO - Retrieving connection 'pg_baza'
[2026-04-04T16:49:19.911+0000] {sql.py:511} INFO - Running statement: 
                SELECT COUNT(*)
                FROM credit_applications
                WHERE application_date = '2026-04-04'
            , parameters: None
[2026-04-04T16:49:19.914+0000] {sql.py:520} INFO - Rows affected: 1
[2026-04-04T16:49:19.915+0000] {taskinstance.py:302} INFO - Sensor has timed out; run duration of 300.5164422650014 seconds exceeds the specified timeout of 300.0.
[2026-04-04T16:49:19.950+0000] {taskinstance.py:341} INFO - ::group::Post task execution logs
[2026-04-04T16:49:19.951+0000] {standard_task_runner.py:124} ERROR - Failed to execute job 49 for task tg_precheck.check_yesterday_data (No row was found when one was required; 23214)
Traceback (most recent call last):
  File "/home/airflow/.local/lib/python3.12/site-packages/airflow/models/taskinstance.py", line 274, in _run_raw_task
    TaskInstance._execute_task_with_callbacks(
  File "/home/airflow/.local/lib/python3.12/site-packages/airflow/models/taskinstance.py", line 3161, in _execute_task_with_callbacks
    result = self._execute_task(context, task_orig)
             ^^^^^^^^^^^^^^^^^^^^^^^^^^^^^^^^^^^^^^
  File "/home/airflow/.local/lib/python3.12/site-packages/airflow/models/taskinstance.py", line 3185, in _execute_task
    return _execute_task(self, context, task_orig)
           ^^^^^^^^^^^^^^^^^^^^^^^^^^^^^^^^^^^^^^^
  File "/home/airflow/.local/lib/python3.12/site-packages/airflow/models/taskinstance.py", line 768, in _execute_task
    result = _execute_callable(context=context, **execute_callable_kwargs)
             ^^^^^^^^^^^^^^^^^^^^^^^^^^^^^^^^^^^^^^^^^^^^^^^^^^^^^^^^^^^^^
  File "/home/airflow/.local/lib/python3.12/site-packages/airflow/models/taskinstance.py", line 734, in _execute_callable
    return ExecutionCallableRunner(
           ^^^^^^^^^^^^^^^^^^^^^^^^
  File "/home/airflow/.local/lib/python3.12/site-packages/airflow/utils/operator_helpers.py", line 252, in run
    return self.func(*args, **kwargs)
           ^^^^^^^^^^^^^^^^^^^^^^^^^^
  File "/home/airflow/.local/lib/python3.12/site-packages/airflow/models/baseoperator.py", line 424, in wrapper
    return func(self, *args, **kwargs)
           ^^^^^^^^^^^^^^^^^^^^^^^^^^^
  File "/home/airflow/.local/lib/python3.12/site-packages/airflow/sensors/base.py", line 324, in execute
    raise AirflowSkipException(message)
airflow.exceptions.AirflowSkipException: Sensor has timed out; run duration of 300.5164422650014 seconds exceeds the specified timeout of 300.0.

During handling of the above exception, another exception occurred:

Traceback (most recent call last):
  File "/home/airflow/.local/lib/python3.12/site-packages/airflow/task/task_runner/standard_task_runner.py", line 117, in _start_by_fork
    ret = args.func(args, dag=self.dag)
          ^^^^^^^^^^^^^^^^^^^^^^^^^^^^^
  File "/home/airflow/.local/lib/python3.12/site-packages/airflow/cli/cli_config.py", line 49, in command
    return func(*args, **kwargs)
           ^^^^^^^^^^^^^^^^^^^^^
  File "/home/airflow/.local/lib/python3.12/site-packages/airflow/utils/cli.py", line 116, in wrapper
    return f(*args, **kwargs)
           ^^^^^^^^^^^^^^^^^^
  File "/home/airflow/.local/lib/python3.12/site-packages/airflow/cli/commands/task_command.py", line 483, in task_run
    task_return_code = _run_task_by_selected_method(args, _dag, ti)
                       ^^^^^^^^^^^^^^^^^^^^^^^^^^^^^^^^^^^^^^^^^^^^
  File "/home/airflow/.local/lib/python3.12/site-packages/airflow/cli/commands/task_command.py", line 256, in _run_task_by_selected_method
    return _run_raw_task(args, ti)
           ^^^^^^^^^^^^^^^^^^^^^^^
  File "/home/airflow/.local/lib/python3.12/site-packages/airflow/cli/commands/task_command.py", line 341, in _run_raw_task
    return ti._run_raw_task(
           ^^^^^^^^^^^^^^^^^
  File "/home/airflow/.local/lib/python3.12/site-packages/airflow/utils/session.py", line 97, in wrapper
    return func(*args, session=session, **kwargs)
           ^^^^^^^^^^^^^^^^^^^^^^^^^^^^^^^^^^^^^^
  File "/home/airflow/.local/lib/python3.12/site-packages/airflow/models/taskinstance.py", line 3006, in _run_raw_task
    return _run_raw_task(
           ^^^^^^^^^^^^^^
  File "/home/airflow/.local/lib/python3.12/site-packages/airflow/models/taskinstance.py", line 307, in _run_raw_task
    TaskInstance.save_to_db(ti=ti, session=session)
  File "/home/airflow/.local/lib/python3.12/site-packages/airflow/api_internal/internal_api_call.py", line 166, in wrapper
    return func(*args, **kwargs)
           ^^^^^^^^^^^^^^^^^^^^^
  File "/home/airflow/.local/lib/python3.12/site-packages/airflow/utils/session.py", line 94, in wrapper
    return func(*args, **kwargs)
           ^^^^^^^^^^^^^^^^^^^^^
  File "/home/airflow/.local/lib/python3.12/site-packages/airflow/models/taskinstance.py", line 3402, in save_to_db
    ti.get_dagrun().refresh_from_db()
  File "/home/airflow/.local/lib/python3.12/site-packages/airflow/utils/session.py", line 97, in wrapper
    return func(*args, session=session, **kwargs)
           ^^^^^^^^^^^^^^^^^^^^^^^^^^^^^^^^^^^^^^
  File "/home/airflow/.local/lib/python3.12/site-packages/airflow/models/dagrun.py", line 361, in refresh_from_db
    ).one()
      ^^^^^
  File "/home/airflow/.local/lib/python3.12/site-packages/sqlalchemy/engine/result.py", line 1522, in one
    return self._only_one_row(
           ^^^^^^^^^^^^^^^^^^^
  File "/home/airflow/.local/lib/python3.12/site-packages/sqlalchemy/engine/result.py", line 562, in _only_one_row
    raise exc.NoResultFound(
sqlalchemy.exc.NoResultFound: No row was found when one was required
[2026-04-04T16:49:19.997+0000] {local_task_job_runner.py:266} INFO - Task exited with return code 1
[2026-04-04T16:49:20.013+0000] {local_task_job_runner.py:245} INFO - ::endgroup::
