[2026-03-15T10:10:57.539+0000] {local_task_job_runner.py:123} INFO - ::group::Pre task execution logs
[2026-03-15T10:10:57.572+0000] {taskinstance.py:2614} INFO - Dependencies all met for dep_context=non-requeueable deps ti=<TaskInstance: send_to_minio.upload_to_minio manual__2026-03-15T10:10:54.929606+00:00 [queued]>
[2026-03-15T10:10:57.585+0000] {taskinstance.py:2614} INFO - Dependencies all met for dep_context=requeueable deps ti=<TaskInstance: send_to_minio.upload_to_minio manual__2026-03-15T10:10:54.929606+00:00 [queued]>
[2026-03-15T10:10:57.585+0000] {taskinstance.py:2867} INFO - Starting attempt 1 of 1
[2026-03-15T10:10:57.602+0000] {taskinstance.py:2890} INFO - Executing <Task(BashOperator): upload_to_minio> on 2026-03-15 10:10:54.929606+00:00
[2026-03-15T10:10:57.616+0000] {logging_mixin.py:190} WARNING - /home/***/.local/lib/python3.12/site-packages/***/task/task_runner/standard_task_runner.py:70 DeprecationWarning: This process (pid=7407) is multi-threaded, use of fork() may lead to deadlocks in the child.
[2026-03-15T10:10:57.617+0000] {standard_task_runner.py:72} INFO - Started process 7408 to run task
[2026-03-15T10:10:57.615+0000] {standard_task_runner.py:104} INFO - Running: ['***', 'tasks', 'run', 'send_to_minio', 'upload_to_minio', 'manual__2026-03-15T10:10:54.929606+00:00', '--job-id', '35', '--raw', '--subdir', 'DAGS_FOLDER/send_to_minio.py', '--cfg-path', '/tmp/tmp_a_fxazp']
[2026-03-15T10:10:57.618+0000] {standard_task_runner.py:105} INFO - Job 35: Subtask upload_to_minio
[2026-03-15T10:10:57.686+0000] {task_command.py:467} INFO - Running <TaskInstance: send_to_minio.upload_to_minio manual__2026-03-15T10:10:54.929606+00:00 [running]> on host e073b635a9aa
[2026-03-15T10:10:57.805+0000] {taskinstance.py:3134} INFO - Exporting env vars: AIRFLOW_CTX_DAG_OWNER='nurgun' AIRFLOW_CTX_DAG_ID='send_to_minio' AIRFLOW_CTX_TASK_ID='upload_to_minio' AIRFLOW_CTX_EXECUTION_DATE='2026-03-15T10:10:54.929606+00:00' AIRFLOW_CTX_TRY_NUMBER='1' AIRFLOW_CTX_DAG_RUN_ID='manual__2026-03-15T10:10:54.929606+00:00'
[2026-03-15T10:10:57.806+0000] {taskinstance.py:732} INFO - ::endgroup::
[2026-03-15T10:10:57.823+0000] {subprocess.py:78} INFO - Tmp dir root location: /tmp
[2026-03-15T10:10:57.824+0000] {subprocess.py:88} INFO - Running command: ['/usr/bin/bash', '-c', 'mc mb -p myminio/git_clone_result || true && mc mirror /opt/***/files/repos myminio/git-clone-result']
[2026-03-15T10:10:57.842+0000] {subprocess.py:99} INFO - Output:
[2026-03-15T10:10:57.884+0000] {subprocess.py:106} INFO - mc: <ERROR> Unable to make bucket `myminio/git_clone_result`. Bucket name contains invalid characters
[2026-03-15T10:10:57.933+0000] {subprocess.py:106} INFO - mc: <ERROR> Failed to perform mirroring The specified bucket does not exist
[2026-03-15T10:10:57.934+0000] {subprocess.py:106} INFO - ┌───────┬─────────────┬──────────┬───────┐
[2026-03-15T10:10:57.934+0000] {subprocess.py:106} INFO - │ Total │ Transferred │ Duration │ Speed │
[2026-03-15T10:10:57.934+0000] {subprocess.py:106} INFO - │ 0 B   │ 0 B         │ 00m00s   │ 0 B/s │
[2026-03-15T10:10:57.935+0000] {subprocess.py:106} INFO - └───────┴─────────────┴──────────┴───────┘
[2026-03-15T10:10:57.941+0000] {subprocess.py:110} INFO - Command exited with return code 1
[2026-03-15T10:10:57.961+0000] {taskinstance.py:3313} ERROR - Task failed with exception
Traceback (most recent call last):
  File "/home/airflow/.local/lib/python3.12/site-packages/airflow/models/taskinstance.py", line 768, in _execute_task
    result = _execute_callable(context=context, **execute_callable_kwargs)
             ^^^^^^^^^^^^^^^^^^^^^^^^^^^^^^^^^^^^^^^^^^^^^^^^^^^^^^^^^^^^^
  File "/home/airflow/.local/lib/python3.12/site-packages/airflow/models/taskinstance.py", line 734, in _execute_callable
    return ExecutionCallableRunner(
           ^^^^^^^^^^^^^^^^^^^^^^^^
  File "/home/airflow/.local/lib/python3.12/site-packages/airflow/utils/operator_helpers.py", line 252, in run
    return self.func(*args, **kwargs)
           ^^^^^^^^^^^^^^^^^^^^^^^^^^
  File "/home/airflow/.local/lib/python3.12/site-packages/airflow/models/baseoperator.py", line 424, in wrapper
    return func(self, *args, **kwargs)
           ^^^^^^^^^^^^^^^^^^^^^^^^^^^
  File "/home/airflow/.local/lib/python3.12/site-packages/airflow/operators/bash.py", line 276, in execute
    raise AirflowException(
airflow.exceptions.AirflowException: Bash command failed. The command returned a non-zero exit code 1.
[2026-03-15T10:10:57.980+0000] {taskinstance.py:1226} INFO - Marking task as FAILED. dag_id=send_to_minio, task_id=upload_to_minio, run_id=manual__2026-03-15T10:10:54.929606+00:00, execution_date=20260315T101054, start_date=20260315T101057, end_date=20260315T101057
[2026-03-15T10:10:58.036+0000] {taskinstance.py:341} INFO - ::group::Post task execution logs
[2026-03-15T10:10:58.037+0000] {standard_task_runner.py:124} ERROR - Failed to execute job 35 for task upload_to_minio (Bash command failed. The command returned a non-zero exit code 1.; 7408)
Traceback (most recent call last):
  File "/home/airflow/.local/lib/python3.12/site-packages/airflow/task/task_runner/standard_task_runner.py", line 117, in _start_by_fork
    ret = args.func(args, dag=self.dag)
          ^^^^^^^^^^^^^^^^^^^^^^^^^^^^^
  File "/home/airflow/.local/lib/python3.12/site-packages/airflow/cli/cli_config.py", line 49, in command
    return func(*args, **kwargs)
           ^^^^^^^^^^^^^^^^^^^^^
  File "/home/airflow/.local/lib/python3.12/site-packages/airflow/utils/cli.py", line 116, in wrapper
    return f(*args, **kwargs)
           ^^^^^^^^^^^^^^^^^^
  File "/home/airflow/.local/lib/python3.12/site-packages/airflow/cli/commands/task_command.py", line 483, in task_run
    task_return_code = _run_task_by_selected_method(args, _dag, ti)
                       ^^^^^^^^^^^^^^^^^^^^^^^^^^^^^^^^^^^^^^^^^^^^
  File "/home/airflow/.local/lib/python3.12/site-packages/airflow/cli/commands/task_command.py", line 256, in _run_task_by_selected_method
    return _run_raw_task(args, ti)
           ^^^^^^^^^^^^^^^^^^^^^^^
  File "/home/airflow/.local/lib/python3.12/site-packages/airflow/cli/commands/task_command.py", line 341, in _run_raw_task
    return ti._run_raw_task(
           ^^^^^^^^^^^^^^^^^
  File "/home/airflow/.local/lib/python3.12/site-packages/airflow/utils/session.py", line 97, in wrapper
    return func(*args, session=session, **kwargs)
           ^^^^^^^^^^^^^^^^^^^^^^^^^^^^^^^^^^^^^^
  File "/home/airflow/.local/lib/python3.12/site-packages/airflow/models/taskinstance.py", line 3006, in _run_raw_task
    return _run_raw_task(
           ^^^^^^^^^^^^^^
  File "/home/airflow/.local/lib/python3.12/site-packages/airflow/models/taskinstance.py", line 274, in _run_raw_task
    TaskInstance._execute_task_with_callbacks(
  File "/home/airflow/.local/lib/python3.12/site-packages/airflow/models/taskinstance.py", line 3161, in _execute_task_with_callbacks
    result = self._execute_task(context, task_orig)
             ^^^^^^^^^^^^^^^^^^^^^^^^^^^^^^^^^^^^^^
  File "/home/airflow/.local/lib/python3.12/site-packages/airflow/models/taskinstance.py", line 3185, in _execute_task
    return _execute_task(self, context, task_orig)
           ^^^^^^^^^^^^^^^^^^^^^^^^^^^^^^^^^^^^^^^
  File "/home/airflow/.local/lib/python3.12/site-packages/airflow/models/taskinstance.py", line 768, in _execute_task
    result = _execute_callable(context=context, **execute_callable_kwargs)
             ^^^^^^^^^^^^^^^^^^^^^^^^^^^^^^^^^^^^^^^^^^^^^^^^^^^^^^^^^^^^^
  File "/home/airflow/.local/lib/python3.12/site-packages/airflow/models/taskinstance.py", line 734, in _execute_callable
    return ExecutionCallableRunner(
           ^^^^^^^^^^^^^^^^^^^^^^^^
  File "/home/airflow/.local/lib/python3.12/site-packages/airflow/utils/operator_helpers.py", line 252, in run
    return self.func(*args, **kwargs)
           ^^^^^^^^^^^^^^^^^^^^^^^^^^
  File "/home/airflow/.local/lib/python3.12/site-packages/airflow/models/baseoperator.py", line 424, in wrapper
    return func(self, *args, **kwargs)
           ^^^^^^^^^^^^^^^^^^^^^^^^^^^
  File "/home/airflow/.local/lib/python3.12/site-packages/airflow/operators/bash.py", line 276, in execute
    raise AirflowException(
airflow.exceptions.AirflowException: Bash command failed. The command returned a non-zero exit code 1.
[2026-03-15T10:10:58.073+0000] {local_task_job_runner.py:266} INFO - Task exited with return code 1
[2026-03-15T10:10:58.110+0000] {taskinstance.py:3901} INFO - 0 downstream tasks scheduled from follow-on schedule check
[2026-03-15T10:10:58.112+0000] {local_task_job_runner.py:245} INFO - ::endgroup::
