[2026-03-19T05:46:46.168+0000] {processor.py:186} INFO - Started process (PID=213) to work on /opt/airflow/dags/airflow_utils.py
[2026-03-19T05:46:46.170+0000] {processor.py:914} INFO - Processing file /opt/airflow/dags/airflow_utils.py for tasks to queue
[2026-03-19T05:46:46.175+0000] {logging_mixin.py:190} INFO - [2026-03-19T05:46:46.174+0000] {dagbag.py:588} INFO - Filling up the DagBag from /opt/airflow/dags/airflow_utils.py
[2026-03-19T05:46:46.181+0000] {processor.py:927} WARNING - No viable dags retrieved from /opt/airflow/dags/airflow_utils.py
[2026-03-19T05:46:46.236+0000] {processor.py:208} INFO - Processing /opt/airflow/dags/airflow_utils.py took 0.080 seconds
[2026-03-19T05:47:16.452+0000] {processor.py:186} INFO - Started process (PID=249) to work on /opt/airflow/dags/airflow_utils.py
[2026-03-19T05:47:16.453+0000] {processor.py:914} INFO - Processing file /opt/airflow/dags/airflow_utils.py for tasks to queue
[2026-03-19T05:47:16.458+0000] {logging_mixin.py:190} INFO - [2026-03-19T05:47:16.457+0000] {dagbag.py:588} INFO - Filling up the DagBag from /opt/airflow/dags/airflow_utils.py
[2026-03-19T05:47:16.465+0000] {processor.py:927} WARNING - No viable dags retrieved from /opt/airflow/dags/airflow_utils.py
[2026-03-19T05:47:16.498+0000] {processor.py:208} INFO - Processing /opt/airflow/dags/airflow_utils.py took 0.058 seconds
[2026-03-19T05:47:46.803+0000] {processor.py:186} INFO - Started process (PID=285) to work on /opt/airflow/dags/airflow_utils.py
[2026-03-19T05:47:46.804+0000] {processor.py:914} INFO - Processing file /opt/airflow/dags/airflow_utils.py for tasks to queue
[2026-03-19T05:47:46.808+0000] {logging_mixin.py:190} INFO - [2026-03-19T05:47:46.807+0000] {dagbag.py:588} INFO - Filling up the DagBag from /opt/airflow/dags/airflow_utils.py
[2026-03-19T05:47:46.813+0000] {processor.py:927} WARNING - No viable dags retrieved from /opt/airflow/dags/airflow_utils.py
[2026-03-19T05:47:46.840+0000] {processor.py:208} INFO - Processing /opt/airflow/dags/airflow_utils.py took 0.049 seconds
[2026-03-19T05:48:17.551+0000] {processor.py:186} INFO - Started process (PID=321) to work on /opt/airflow/dags/airflow_utils.py
[2026-03-19T05:48:17.552+0000] {processor.py:914} INFO - Processing file /opt/airflow/dags/airflow_utils.py for tasks to queue
[2026-03-19T05:48:17.555+0000] {logging_mixin.py:190} INFO - [2026-03-19T05:48:17.555+0000] {dagbag.py:588} INFO - Filling up the DagBag from /opt/airflow/dags/airflow_utils.py
[2026-03-19T05:48:17.560+0000] {processor.py:927} WARNING - No viable dags retrieved from /opt/airflow/dags/airflow_utils.py
[2026-03-19T05:48:17.584+0000] {processor.py:208} INFO - Processing /opt/airflow/dags/airflow_utils.py took 0.046 seconds
[2026-03-19T05:48:48.412+0000] {processor.py:186} INFO - Started process (PID=357) to work on /opt/airflow/dags/airflow_utils.py
[2026-03-19T05:48:48.413+0000] {processor.py:914} INFO - Processing file /opt/airflow/dags/airflow_utils.py for tasks to queue
[2026-03-19T05:48:48.416+0000] {logging_mixin.py:190} INFO - [2026-03-19T05:48:48.416+0000] {dagbag.py:588} INFO - Filling up the DagBag from /opt/airflow/dags/airflow_utils.py
[2026-03-19T05:48:48.422+0000] {processor.py:927} WARNING - No viable dags retrieved from /opt/airflow/dags/airflow_utils.py
[2026-03-19T05:48:48.450+0000] {processor.py:208} INFO - Processing /opt/airflow/dags/airflow_utils.py took 0.047 seconds
[2026-03-19T05:49:19.216+0000] {processor.py:186} INFO - Started process (PID=391) to work on /opt/airflow/dags/airflow_utils.py
[2026-03-19T05:49:19.218+0000] {processor.py:914} INFO - Processing file /opt/airflow/dags/airflow_utils.py for tasks to queue
[2026-03-19T05:49:19.223+0000] {logging_mixin.py:190} INFO - [2026-03-19T05:49:19.222+0000] {dagbag.py:588} INFO - Filling up the DagBag from /opt/airflow/dags/airflow_utils.py
[2026-03-19T05:49:19.231+0000] {processor.py:927} WARNING - No viable dags retrieved from /opt/airflow/dags/airflow_utils.py
[2026-03-19T05:49:19.269+0000] {processor.py:208} INFO - Processing /opt/airflow/dags/airflow_utils.py took 0.068 seconds
[2026-03-19T05:49:49.882+0000] {processor.py:186} INFO - Started process (PID=428) to work on /opt/airflow/dags/airflow_utils.py
[2026-03-19T05:49:49.883+0000] {processor.py:914} INFO - Processing file /opt/airflow/dags/airflow_utils.py for tasks to queue
[2026-03-19T05:49:49.886+0000] {logging_mixin.py:190} INFO - [2026-03-19T05:49:49.886+0000] {dagbag.py:588} INFO - Filling up the DagBag from /opt/airflow/dags/airflow_utils.py
[2026-03-19T05:49:49.891+0000] {processor.py:927} WARNING - No viable dags retrieved from /opt/airflow/dags/airflow_utils.py
[2026-03-19T05:49:49.917+0000] {processor.py:208} INFO - Processing /opt/airflow/dags/airflow_utils.py took 0.044 seconds
[2026-03-19T05:50:20.774+0000] {processor.py:186} INFO - Started process (PID=466) to work on /opt/airflow/dags/airflow_utils.py
[2026-03-19T05:50:20.776+0000] {processor.py:914} INFO - Processing file /opt/airflow/dags/airflow_utils.py for tasks to queue
[2026-03-19T05:50:20.779+0000] {logging_mixin.py:190} INFO - [2026-03-19T05:50:20.778+0000] {dagbag.py:588} INFO - Filling up the DagBag from /opt/airflow/dags/airflow_utils.py
[2026-03-19T05:50:20.784+0000] {processor.py:927} WARNING - No viable dags retrieved from /opt/airflow/dags/airflow_utils.py
[2026-03-19T05:50:20.814+0000] {processor.py:208} INFO - Processing /opt/airflow/dags/airflow_utils.py took 0.053 seconds
[2026-03-19T05:50:51.631+0000] {processor.py:186} INFO - Started process (PID=502) to work on /opt/airflow/dags/airflow_utils.py
[2026-03-19T05:50:51.632+0000] {processor.py:914} INFO - Processing file /opt/airflow/dags/airflow_utils.py for tasks to queue
[2026-03-19T05:50:51.635+0000] {logging_mixin.py:190} INFO - [2026-03-19T05:50:51.635+0000] {dagbag.py:588} INFO - Filling up the DagBag from /opt/airflow/dags/airflow_utils.py
[2026-03-19T05:50:51.640+0000] {processor.py:927} WARNING - No viable dags retrieved from /opt/airflow/dags/airflow_utils.py
[2026-03-19T05:50:51.668+0000] {processor.py:208} INFO - Processing /opt/airflow/dags/airflow_utils.py took 0.045 seconds
[2026-03-19T05:51:22.387+0000] {processor.py:186} INFO - Started process (PID=536) to work on /opt/airflow/dags/airflow_utils.py
[2026-03-19T05:51:22.388+0000] {processor.py:914} INFO - Processing file /opt/airflow/dags/airflow_utils.py for tasks to queue
[2026-03-19T05:51:22.392+0000] {logging_mixin.py:190} INFO - [2026-03-19T05:51:22.391+0000] {dagbag.py:588} INFO - Filling up the DagBag from /opt/airflow/dags/airflow_utils.py
[2026-03-19T05:51:22.397+0000] {processor.py:927} WARNING - No viable dags retrieved from /opt/airflow/dags/airflow_utils.py
[2026-03-19T05:51:22.422+0000] {processor.py:208} INFO - Processing /opt/airflow/dags/airflow_utils.py took 0.046 seconds
[2026-03-19T05:51:53.300+0000] {processor.py:186} INFO - Started process (PID=574) to work on /opt/airflow/dags/airflow_utils.py
[2026-03-19T05:51:53.302+0000] {processor.py:914} INFO - Processing file /opt/airflow/dags/airflow_utils.py for tasks to queue
[2026-03-19T05:51:53.305+0000] {logging_mixin.py:190} INFO - [2026-03-19T05:51:53.304+0000] {dagbag.py:588} INFO - Filling up the DagBag from /opt/airflow/dags/airflow_utils.py
[2026-03-19T05:51:53.310+0000] {processor.py:927} WARNING - No viable dags retrieved from /opt/airflow/dags/airflow_utils.py
[2026-03-19T05:51:53.332+0000] {processor.py:208} INFO - Processing /opt/airflow/dags/airflow_utils.py took 0.045 seconds
[2026-03-19T05:52:24.154+0000] {processor.py:186} INFO - Started process (PID=610) to work on /opt/airflow/dags/airflow_utils.py
[2026-03-19T05:52:24.155+0000] {processor.py:914} INFO - Processing file /opt/airflow/dags/airflow_utils.py for tasks to queue
[2026-03-19T05:52:24.159+0000] {logging_mixin.py:190} INFO - [2026-03-19T05:52:24.158+0000] {dagbag.py:588} INFO - Filling up the DagBag from /opt/airflow/dags/airflow_utils.py
[2026-03-19T05:52:24.163+0000] {processor.py:927} WARNING - No viable dags retrieved from /opt/airflow/dags/airflow_utils.py
[2026-03-19T05:52:24.186+0000] {processor.py:208} INFO - Processing /opt/airflow/dags/airflow_utils.py took 0.046 seconds
[2026-03-19T05:52:55.055+0000] {processor.py:186} INFO - Started process (PID=646) to work on /opt/airflow/dags/airflow_utils.py
[2026-03-19T05:52:55.057+0000] {processor.py:914} INFO - Processing file /opt/airflow/dags/airflow_utils.py for tasks to queue
[2026-03-19T05:52:55.061+0000] {logging_mixin.py:190} INFO - [2026-03-19T05:52:55.061+0000] {dagbag.py:588} INFO - Filling up the DagBag from /opt/airflow/dags/airflow_utils.py
[2026-03-19T05:52:55.068+0000] {processor.py:927} WARNING - No viable dags retrieved from /opt/airflow/dags/airflow_utils.py
[2026-03-19T05:52:55.105+0000] {processor.py:208} INFO - Processing /opt/airflow/dags/airflow_utils.py took 0.063 seconds
[2026-03-19T05:53:25.943+0000] {processor.py:186} INFO - Started process (PID=682) to work on /opt/airflow/dags/airflow_utils.py
[2026-03-19T05:53:25.945+0000] {processor.py:914} INFO - Processing file /opt/airflow/dags/airflow_utils.py for tasks to queue
[2026-03-19T05:53:25.948+0000] {logging_mixin.py:190} INFO - [2026-03-19T05:53:25.947+0000] {dagbag.py:588} INFO - Filling up the DagBag from /opt/airflow/dags/airflow_utils.py
[2026-03-19T05:53:25.953+0000] {processor.py:927} WARNING - No viable dags retrieved from /opt/airflow/dags/airflow_utils.py
[2026-03-19T05:53:25.977+0000] {processor.py:208} INFO - Processing /opt/airflow/dags/airflow_utils.py took 0.046 seconds
[2026-03-19T05:53:56.810+0000] {processor.py:186} INFO - Started process (PID=718) to work on /opt/airflow/dags/airflow_utils.py
[2026-03-19T05:53:56.812+0000] {processor.py:914} INFO - Processing file /opt/airflow/dags/airflow_utils.py for tasks to queue
[2026-03-19T05:53:56.816+0000] {logging_mixin.py:190} INFO - [2026-03-19T05:53:56.815+0000] {dagbag.py:588} INFO - Filling up the DagBag from /opt/airflow/dags/airflow_utils.py
[2026-03-19T05:53:56.822+0000] {processor.py:927} WARNING - No viable dags retrieved from /opt/airflow/dags/airflow_utils.py
[2026-03-19T05:53:56.850+0000] {processor.py:208} INFO - Processing /opt/airflow/dags/airflow_utils.py took 0.050 seconds
[2026-03-19T05:54:27.697+0000] {processor.py:186} INFO - Started process (PID=754) to work on /opt/airflow/dags/airflow_utils.py
[2026-03-19T05:54:27.699+0000] {processor.py:914} INFO - Processing file /opt/airflow/dags/airflow_utils.py for tasks to queue
[2026-03-19T05:54:27.702+0000] {logging_mixin.py:190} INFO - [2026-03-19T05:54:27.702+0000] {dagbag.py:588} INFO - Filling up the DagBag from /opt/airflow/dags/airflow_utils.py
[2026-03-19T05:54:27.707+0000] {processor.py:927} WARNING - No viable dags retrieved from /opt/airflow/dags/airflow_utils.py
[2026-03-19T05:54:27.736+0000] {processor.py:208} INFO - Processing /opt/airflow/dags/airflow_utils.py took 0.051 seconds
[2026-03-19T05:54:58.576+0000] {processor.py:186} INFO - Started process (PID=790) to work on /opt/airflow/dags/airflow_utils.py
[2026-03-19T05:54:58.577+0000] {processor.py:914} INFO - Processing file /opt/airflow/dags/airflow_utils.py for tasks to queue
[2026-03-19T05:54:58.580+0000] {logging_mixin.py:190} INFO - [2026-03-19T05:54:58.580+0000] {dagbag.py:588} INFO - Filling up the DagBag from /opt/airflow/dags/airflow_utils.py
[2026-03-19T05:54:58.585+0000] {processor.py:927} WARNING - No viable dags retrieved from /opt/airflow/dags/airflow_utils.py
[2026-03-19T05:54:58.609+0000] {processor.py:208} INFO - Processing /opt/airflow/dags/airflow_utils.py took 0.045 seconds
[2026-03-19T05:55:29.462+0000] {processor.py:186} INFO - Started process (PID=827) to work on /opt/airflow/dags/airflow_utils.py
[2026-03-19T05:55:29.464+0000] {processor.py:914} INFO - Processing file /opt/airflow/dags/airflow_utils.py for tasks to queue
[2026-03-19T05:55:29.467+0000] {logging_mixin.py:190} INFO - [2026-03-19T05:55:29.467+0000] {dagbag.py:588} INFO - Filling up the DagBag from /opt/airflow/dags/airflow_utils.py
[2026-03-19T05:55:29.473+0000] {processor.py:927} WARNING - No viable dags retrieved from /opt/airflow/dags/airflow_utils.py
[2026-03-19T05:55:29.497+0000] {processor.py:208} INFO - Processing /opt/airflow/dags/airflow_utils.py took 0.047 seconds
[2026-03-19T11:56:26.755+0000] {processor.py:186} INFO - Started process (PID=855) to work on /opt/airflow/dags/airflow_utils.py
[2026-03-19T11:56:26.757+0000] {processor.py:914} INFO - Processing file /opt/airflow/dags/airflow_utils.py for tasks to queue
[2026-03-19T11:56:26.761+0000] {logging_mixin.py:190} INFO - [2026-03-19T11:56:26.760+0000] {dagbag.py:588} INFO - Filling up the DagBag from /opt/airflow/dags/airflow_utils.py
[2026-03-19T11:56:26.768+0000] {processor.py:927} WARNING - No viable dags retrieved from /opt/airflow/dags/airflow_utils.py
[2026-03-19T11:56:26.804+0000] {processor.py:208} INFO - Processing /opt/airflow/dags/airflow_utils.py took 0.064 seconds
[2026-03-19T11:57:04.822+0000] {processor.py:186} INFO - Started process (PID=893) to work on /opt/airflow/dags/airflow_utils.py
[2026-03-19T11:57:04.823+0000] {processor.py:914} INFO - Processing file /opt/airflow/dags/airflow_utils.py for tasks to queue
[2026-03-19T11:57:04.826+0000] {logging_mixin.py:190} INFO - [2026-03-19T11:57:04.826+0000] {dagbag.py:588} INFO - Filling up the DagBag from /opt/airflow/dags/airflow_utils.py
[2026-03-19T11:57:04.831+0000] {processor.py:927} WARNING - No viable dags retrieved from /opt/airflow/dags/airflow_utils.py
[2026-03-19T11:57:04.858+0000] {processor.py:208} INFO - Processing /opt/airflow/dags/airflow_utils.py took 0.047 seconds
[2026-03-19T12:10:07.837+0000] {processor.py:186} INFO - Started process (PID=929) to work on /opt/airflow/dags/airflow_utils.py
[2026-03-19T12:10:07.839+0000] {processor.py:914} INFO - Processing file /opt/airflow/dags/airflow_utils.py for tasks to queue
[2026-03-19T12:10:07.842+0000] {logging_mixin.py:190} INFO - [2026-03-19T12:10:07.842+0000] {dagbag.py:588} INFO - Filling up the DagBag from /opt/airflow/dags/airflow_utils.py
[2026-03-19T12:10:07.848+0000] {processor.py:927} WARNING - No viable dags retrieved from /opt/airflow/dags/airflow_utils.py
[2026-03-19T12:10:07.872+0000] {processor.py:208} INFO - Processing /opt/airflow/dags/airflow_utils.py took 0.044 seconds
[2026-03-19T13:38:15.737+0000] {processor.py:186} INFO - Started process (PID=965) to work on /opt/airflow/dags/airflow_utils.py
[2026-03-19T13:38:15.739+0000] {processor.py:914} INFO - Processing file /opt/airflow/dags/airflow_utils.py for tasks to queue
[2026-03-19T13:38:15.743+0000] {logging_mixin.py:190} INFO - [2026-03-19T13:38:15.742+0000] {dagbag.py:588} INFO - Filling up the DagBag from /opt/airflow/dags/airflow_utils.py
[2026-03-19T13:38:15.747+0000] {processor.py:927} WARNING - No viable dags retrieved from /opt/airflow/dags/airflow_utils.py
[2026-03-19T13:38:15.770+0000] {processor.py:208} INFO - Processing /opt/airflow/dags/airflow_utils.py took 0.042 seconds
[2026-03-19T13:38:46.425+0000] {processor.py:186} INFO - Started process (PID=1001) to work on /opt/airflow/dags/airflow_utils.py
[2026-03-19T13:38:46.426+0000] {processor.py:914} INFO - Processing file /opt/airflow/dags/airflow_utils.py for tasks to queue
[2026-03-19T13:38:46.428+0000] {logging_mixin.py:190} INFO - [2026-03-19T13:38:46.427+0000] {dagbag.py:588} INFO - Filling up the DagBag from /opt/airflow/dags/airflow_utils.py
[2026-03-19T13:38:46.431+0000] {processor.py:927} WARNING - No viable dags retrieved from /opt/airflow/dags/airflow_utils.py
[2026-03-19T13:38:46.450+0000] {processor.py:208} INFO - Processing /opt/airflow/dags/airflow_utils.py took 0.038 seconds
[2026-03-19T13:39:17.116+0000] {processor.py:186} INFO - Started process (PID=1037) to work on /opt/airflow/dags/airflow_utils.py
[2026-03-19T13:39:17.117+0000] {processor.py:914} INFO - Processing file /opt/airflow/dags/airflow_utils.py for tasks to queue
[2026-03-19T13:39:17.120+0000] {logging_mixin.py:190} INFO - [2026-03-19T13:39:17.119+0000] {dagbag.py:588} INFO - Filling up the DagBag from /opt/airflow/dags/airflow_utils.py
[2026-03-19T13:39:17.124+0000] {processor.py:927} WARNING - No viable dags retrieved from /opt/airflow/dags/airflow_utils.py
[2026-03-19T13:39:17.145+0000] {processor.py:208} INFO - Processing /opt/airflow/dags/airflow_utils.py took 0.037 seconds
[2026-03-19T13:39:47.818+0000] {processor.py:186} INFO - Started process (PID=1073) to work on /opt/airflow/dags/airflow_utils.py
[2026-03-19T13:39:47.819+0000] {processor.py:914} INFO - Processing file /opt/airflow/dags/airflow_utils.py for tasks to queue
[2026-03-19T13:39:47.821+0000] {logging_mixin.py:190} INFO - [2026-03-19T13:39:47.821+0000] {dagbag.py:588} INFO - Filling up the DagBag from /opt/airflow/dags/airflow_utils.py
[2026-03-19T13:39:47.826+0000] {processor.py:927} WARNING - No viable dags retrieved from /opt/airflow/dags/airflow_utils.py
[2026-03-19T13:39:47.850+0000] {processor.py:208} INFO - Processing /opt/airflow/dags/airflow_utils.py took 0.040 seconds
[2026-03-19T13:40:18.450+0000] {processor.py:186} INFO - Started process (PID=1107) to work on /opt/airflow/dags/airflow_utils.py
[2026-03-19T13:40:18.451+0000] {processor.py:914} INFO - Processing file /opt/airflow/dags/airflow_utils.py for tasks to queue
[2026-03-19T13:40:18.454+0000] {logging_mixin.py:190} INFO - [2026-03-19T13:40:18.454+0000] {dagbag.py:588} INFO - Filling up the DagBag from /opt/airflow/dags/airflow_utils.py
[2026-03-19T13:40:18.459+0000] {processor.py:927} WARNING - No viable dags retrieved from /opt/airflow/dags/airflow_utils.py
[2026-03-19T13:40:18.484+0000] {processor.py:208} INFO - Processing /opt/airflow/dags/airflow_utils.py took 0.044 seconds
[2026-03-19T13:40:49.289+0000] {processor.py:186} INFO - Started process (PID=1145) to work on /opt/airflow/dags/airflow_utils.py
[2026-03-19T13:40:49.290+0000] {processor.py:914} INFO - Processing file /opt/airflow/dags/airflow_utils.py for tasks to queue
[2026-03-19T13:40:49.294+0000] {logging_mixin.py:190} INFO - [2026-03-19T13:40:49.293+0000] {dagbag.py:588} INFO - Filling up the DagBag from /opt/airflow/dags/airflow_utils.py
[2026-03-19T13:40:49.300+0000] {processor.py:927} WARNING - No viable dags retrieved from /opt/airflow/dags/airflow_utils.py
[2026-03-19T13:40:49.327+0000] {processor.py:208} INFO - Processing /opt/airflow/dags/airflow_utils.py took 0.048 seconds
[2026-03-19T13:41:19.955+0000] {processor.py:186} INFO - Started process (PID=1179) to work on /opt/airflow/dags/airflow_utils.py
[2026-03-19T13:41:19.956+0000] {processor.py:914} INFO - Processing file /opt/airflow/dags/airflow_utils.py for tasks to queue
[2026-03-19T13:41:19.960+0000] {logging_mixin.py:190} INFO - [2026-03-19T13:41:19.959+0000] {dagbag.py:588} INFO - Filling up the DagBag from /opt/airflow/dags/airflow_utils.py
[2026-03-19T13:41:19.964+0000] {processor.py:927} WARNING - No viable dags retrieved from /opt/airflow/dags/airflow_utils.py
[2026-03-19T13:41:19.984+0000] {processor.py:208} INFO - Processing /opt/airflow/dags/airflow_utils.py took 0.037 seconds
[2026-03-19T13:41:50.700+0000] {processor.py:186} INFO - Started process (PID=1217) to work on /opt/airflow/dags/airflow_utils.py
[2026-03-19T13:41:50.701+0000] {processor.py:914} INFO - Processing file /opt/airflow/dags/airflow_utils.py for tasks to queue
[2026-03-19T13:41:50.704+0000] {logging_mixin.py:190} INFO - [2026-03-19T13:41:50.703+0000] {dagbag.py:588} INFO - Filling up the DagBag from /opt/airflow/dags/airflow_utils.py
[2026-03-19T13:41:50.709+0000] {processor.py:927} WARNING - No viable dags retrieved from /opt/airflow/dags/airflow_utils.py
[2026-03-19T13:41:50.730+0000] {processor.py:208} INFO - Processing /opt/airflow/dags/airflow_utils.py took 0.036 seconds
[2026-03-19T13:42:21.404+0000] {processor.py:186} INFO - Started process (PID=1253) to work on /opt/airflow/dags/airflow_utils.py
[2026-03-19T13:42:21.405+0000] {processor.py:914} INFO - Processing file /opt/airflow/dags/airflow_utils.py for tasks to queue
[2026-03-19T13:42:21.407+0000] {logging_mixin.py:190} INFO - [2026-03-19T13:42:21.407+0000] {dagbag.py:588} INFO - Filling up the DagBag from /opt/airflow/dags/airflow_utils.py
[2026-03-19T13:42:21.411+0000] {processor.py:927} WARNING - No viable dags retrieved from /opt/airflow/dags/airflow_utils.py
[2026-03-19T13:42:21.430+0000] {processor.py:208} INFO - Processing /opt/airflow/dags/airflow_utils.py took 0.032 seconds
[2026-03-19T13:42:51.983+0000] {processor.py:186} INFO - Started process (PID=1287) to work on /opt/airflow/dags/airflow_utils.py
[2026-03-19T13:42:51.984+0000] {processor.py:914} INFO - Processing file /opt/airflow/dags/airflow_utils.py for tasks to queue
[2026-03-19T13:42:51.987+0000] {logging_mixin.py:190} INFO - [2026-03-19T13:42:51.986+0000] {dagbag.py:588} INFO - Filling up the DagBag from /opt/airflow/dags/airflow_utils.py
[2026-03-19T13:42:51.991+0000] {processor.py:927} WARNING - No viable dags retrieved from /opt/airflow/dags/airflow_utils.py
[2026-03-19T13:42:52.012+0000] {processor.py:208} INFO - Processing /opt/airflow/dags/airflow_utils.py took 0.036 seconds
[2026-03-19T13:43:22.712+0000] {processor.py:186} INFO - Started process (PID=1325) to work on /opt/airflow/dags/airflow_utils.py
[2026-03-19T13:43:22.713+0000] {processor.py:914} INFO - Processing file /opt/airflow/dags/airflow_utils.py for tasks to queue
[2026-03-19T13:43:22.716+0000] {logging_mixin.py:190} INFO - [2026-03-19T13:43:22.716+0000] {dagbag.py:588} INFO - Filling up the DagBag from /opt/airflow/dags/airflow_utils.py
[2026-03-19T13:43:22.721+0000] {processor.py:927} WARNING - No viable dags retrieved from /opt/airflow/dags/airflow_utils.py
[2026-03-19T13:43:22.744+0000] {processor.py:208} INFO - Processing /opt/airflow/dags/airflow_utils.py took 0.042 seconds
[2026-03-19T15:09:29.796+0000] {processor.py:186} INFO - Started process (PID=219) to work on /opt/airflow/dags/airflow_utils.py
[2026-03-19T15:09:29.797+0000] {processor.py:914} INFO - Processing file /opt/airflow/dags/airflow_utils.py for tasks to queue
[2026-03-19T15:09:29.800+0000] {logging_mixin.py:190} INFO - [2026-03-19T15:09:29.800+0000] {dagbag.py:588} INFO - Filling up the DagBag from /opt/airflow/dags/airflow_utils.py
[2026-03-19T15:09:29.804+0000] {processor.py:927} WARNING - No viable dags retrieved from /opt/airflow/dags/airflow_utils.py
[2026-03-19T15:09:29.823+0000] {processor.py:208} INFO - Processing /opt/airflow/dags/airflow_utils.py took 0.037 seconds
[2026-03-19T15:10:00.511+0000] {processor.py:186} INFO - Started process (PID=255) to work on /opt/airflow/dags/airflow_utils.py
[2026-03-19T15:10:00.512+0000] {processor.py:914} INFO - Processing file /opt/airflow/dags/airflow_utils.py for tasks to queue
[2026-03-19T15:10:00.516+0000] {logging_mixin.py:190} INFO - [2026-03-19T15:10:00.515+0000] {dagbag.py:588} INFO - Filling up the DagBag from /opt/airflow/dags/airflow_utils.py
[2026-03-19T15:10:00.521+0000] {processor.py:927} WARNING - No viable dags retrieved from /opt/airflow/dags/airflow_utils.py
[2026-03-19T15:10:00.546+0000] {processor.py:208} INFO - Processing /opt/airflow/dags/airflow_utils.py took 0.044 seconds
[2026-03-19T15:10:31.213+0000] {processor.py:186} INFO - Started process (PID=291) to work on /opt/airflow/dags/airflow_utils.py
[2026-03-19T15:10:31.214+0000] {processor.py:914} INFO - Processing file /opt/airflow/dags/airflow_utils.py for tasks to queue
[2026-03-19T15:10:31.218+0000] {logging_mixin.py:190} INFO - [2026-03-19T15:10:31.217+0000] {dagbag.py:588} INFO - Filling up the DagBag from /opt/airflow/dags/airflow_utils.py
[2026-03-19T15:10:31.221+0000] {processor.py:927} WARNING - No viable dags retrieved from /opt/airflow/dags/airflow_utils.py
[2026-03-19T15:10:31.239+0000] {processor.py:208} INFO - Processing /opt/airflow/dags/airflow_utils.py took 0.032 seconds
[2026-03-19T15:11:01.875+0000] {processor.py:186} INFO - Started process (PID=327) to work on /opt/airflow/dags/airflow_utils.py
[2026-03-19T15:11:01.876+0000] {processor.py:914} INFO - Processing file /opt/airflow/dags/airflow_utils.py for tasks to queue
[2026-03-19T15:11:01.878+0000] {logging_mixin.py:190} INFO - [2026-03-19T15:11:01.878+0000] {dagbag.py:588} INFO - Filling up the DagBag from /opt/airflow/dags/airflow_utils.py
[2026-03-19T15:11:01.884+0000] {processor.py:927} WARNING - No viable dags retrieved from /opt/airflow/dags/airflow_utils.py
[2026-03-19T15:11:01.903+0000] {processor.py:208} INFO - Processing /opt/airflow/dags/airflow_utils.py took 0.034 seconds
[2026-03-19T15:11:32.561+0000] {processor.py:186} INFO - Started process (PID=363) to work on /opt/airflow/dags/airflow_utils.py
[2026-03-19T15:11:32.563+0000] {processor.py:914} INFO - Processing file /opt/airflow/dags/airflow_utils.py for tasks to queue
[2026-03-19T15:11:32.568+0000] {logging_mixin.py:190} INFO - [2026-03-19T15:11:32.568+0000] {dagbag.py:588} INFO - Filling up the DagBag from /opt/airflow/dags/airflow_utils.py
[2026-03-19T15:11:32.575+0000] {processor.py:927} WARNING - No viable dags retrieved from /opt/airflow/dags/airflow_utils.py
[2026-03-19T15:11:32.598+0000] {processor.py:208} INFO - Processing /opt/airflow/dags/airflow_utils.py took 0.046 seconds
[2026-03-19T15:12:03.285+0000] {processor.py:186} INFO - Started process (PID=399) to work on /opt/airflow/dags/airflow_utils.py
[2026-03-19T15:12:03.286+0000] {processor.py:914} INFO - Processing file /opt/airflow/dags/airflow_utils.py for tasks to queue
[2026-03-19T15:12:03.288+0000] {logging_mixin.py:190} INFO - [2026-03-19T15:12:03.288+0000] {dagbag.py:588} INFO - Filling up the DagBag from /opt/airflow/dags/airflow_utils.py
[2026-03-19T15:12:03.292+0000] {processor.py:927} WARNING - No viable dags retrieved from /opt/airflow/dags/airflow_utils.py
[2026-03-19T15:12:03.313+0000] {processor.py:208} INFO - Processing /opt/airflow/dags/airflow_utils.py took 0.038 seconds
[2026-03-19T15:12:33.952+0000] {processor.py:186} INFO - Started process (PID=435) to work on /opt/airflow/dags/airflow_utils.py
[2026-03-19T15:12:33.953+0000] {processor.py:914} INFO - Processing file /opt/airflow/dags/airflow_utils.py for tasks to queue
[2026-03-19T15:12:33.956+0000] {logging_mixin.py:190} INFO - [2026-03-19T15:12:33.955+0000] {dagbag.py:588} INFO - Filling up the DagBag from /opt/airflow/dags/airflow_utils.py
[2026-03-19T15:12:33.959+0000] {processor.py:927} WARNING - No viable dags retrieved from /opt/airflow/dags/airflow_utils.py
[2026-03-19T15:12:33.980+0000] {processor.py:208} INFO - Processing /opt/airflow/dags/airflow_utils.py took 0.039 seconds
[2026-03-19T15:13:04.672+0000] {processor.py:186} INFO - Started process (PID=471) to work on /opt/airflow/dags/airflow_utils.py
[2026-03-19T15:13:04.672+0000] {processor.py:914} INFO - Processing file /opt/airflow/dags/airflow_utils.py for tasks to queue
[2026-03-19T15:13:04.675+0000] {logging_mixin.py:190} INFO - [2026-03-19T15:13:04.674+0000] {dagbag.py:588} INFO - Filling up the DagBag from /opt/airflow/dags/airflow_utils.py
[2026-03-19T15:13:04.678+0000] {processor.py:927} WARNING - No viable dags retrieved from /opt/airflow/dags/airflow_utils.py
[2026-03-19T15:13:04.695+0000] {processor.py:208} INFO - Processing /opt/airflow/dags/airflow_utils.py took 0.035 seconds
[2026-03-19T15:13:35.356+0000] {processor.py:186} INFO - Started process (PID=507) to work on /opt/airflow/dags/airflow_utils.py
[2026-03-19T15:13:35.357+0000] {processor.py:914} INFO - Processing file /opt/airflow/dags/airflow_utils.py for tasks to queue
[2026-03-19T15:13:35.360+0000] {logging_mixin.py:190} INFO - [2026-03-19T15:13:35.360+0000] {dagbag.py:588} INFO - Filling up the DagBag from /opt/airflow/dags/airflow_utils.py
[2026-03-19T15:13:35.363+0000] {processor.py:927} WARNING - No viable dags retrieved from /opt/airflow/dags/airflow_utils.py
[2026-03-19T15:13:35.382+0000] {processor.py:208} INFO - Processing /opt/airflow/dags/airflow_utils.py took 0.037 seconds
[2026-03-19T15:14:06.054+0000] {processor.py:186} INFO - Started process (PID=543) to work on /opt/airflow/dags/airflow_utils.py
[2026-03-19T15:14:06.055+0000] {processor.py:914} INFO - Processing file /opt/airflow/dags/airflow_utils.py for tasks to queue
[2026-03-19T15:14:06.058+0000] {logging_mixin.py:190} INFO - [2026-03-19T15:14:06.057+0000] {dagbag.py:588} INFO - Filling up the DagBag from /opt/airflow/dags/airflow_utils.py
[2026-03-19T15:14:06.062+0000] {processor.py:927} WARNING - No viable dags retrieved from /opt/airflow/dags/airflow_utils.py
[2026-03-19T15:14:06.082+0000] {processor.py:208} INFO - Processing /opt/airflow/dags/airflow_utils.py took 0.038 seconds
[2026-03-19T15:14:36.747+0000] {processor.py:186} INFO - Started process (PID=579) to work on /opt/airflow/dags/airflow_utils.py
[2026-03-19T15:14:36.747+0000] {processor.py:914} INFO - Processing file /opt/airflow/dags/airflow_utils.py for tasks to queue
[2026-03-19T15:14:36.750+0000] {logging_mixin.py:190} INFO - [2026-03-19T15:14:36.750+0000] {dagbag.py:588} INFO - Filling up the DagBag from /opt/airflow/dags/airflow_utils.py
[2026-03-19T15:14:36.754+0000] {processor.py:927} WARNING - No viable dags retrieved from /opt/airflow/dags/airflow_utils.py
[2026-03-19T15:14:36.780+0000] {processor.py:208} INFO - Processing /opt/airflow/dags/airflow_utils.py took 0.042 seconds
[2026-03-19T15:15:07.471+0000] {processor.py:186} INFO - Started process (PID=615) to work on /opt/airflow/dags/airflow_utils.py
[2026-03-19T15:15:07.472+0000] {processor.py:914} INFO - Processing file /opt/airflow/dags/airflow_utils.py for tasks to queue
[2026-03-19T15:15:07.475+0000] {logging_mixin.py:190} INFO - [2026-03-19T15:15:07.474+0000] {dagbag.py:588} INFO - Filling up the DagBag from /opt/airflow/dags/airflow_utils.py
[2026-03-19T15:15:07.479+0000] {processor.py:927} WARNING - No viable dags retrieved from /opt/airflow/dags/airflow_utils.py
[2026-03-19T15:15:07.500+0000] {processor.py:208} INFO - Processing /opt/airflow/dags/airflow_utils.py took 0.040 seconds
[2026-03-19T15:15:38.166+0000] {processor.py:186} INFO - Started process (PID=651) to work on /opt/airflow/dags/airflow_utils.py
[2026-03-19T15:15:38.167+0000] {processor.py:914} INFO - Processing file /opt/airflow/dags/airflow_utils.py for tasks to queue
[2026-03-19T15:15:38.169+0000] {logging_mixin.py:190} INFO - [2026-03-19T15:15:38.169+0000] {dagbag.py:588} INFO - Filling up the DagBag from /opt/airflow/dags/airflow_utils.py
[2026-03-19T15:15:38.172+0000] {processor.py:927} WARNING - No viable dags retrieved from /opt/airflow/dags/airflow_utils.py
[2026-03-19T15:15:38.190+0000] {processor.py:208} INFO - Processing /opt/airflow/dags/airflow_utils.py took 0.035 seconds
[2026-03-19T15:16:08.878+0000] {processor.py:186} INFO - Started process (PID=687) to work on /opt/airflow/dags/airflow_utils.py
[2026-03-19T15:16:08.879+0000] {processor.py:914} INFO - Processing file /opt/airflow/dags/airflow_utils.py for tasks to queue
[2026-03-19T15:16:08.883+0000] {logging_mixin.py:190} INFO - [2026-03-19T15:16:08.882+0000] {dagbag.py:588} INFO - Filling up the DagBag from /opt/airflow/dags/airflow_utils.py
[2026-03-19T15:16:08.886+0000] {processor.py:927} WARNING - No viable dags retrieved from /opt/airflow/dags/airflow_utils.py
[2026-03-19T15:16:08.905+0000] {processor.py:208} INFO - Processing /opt/airflow/dags/airflow_utils.py took 0.039 seconds
[2026-03-19T15:16:39.557+0000] {processor.py:186} INFO - Started process (PID=723) to work on /opt/airflow/dags/airflow_utils.py
[2026-03-19T15:16:39.558+0000] {processor.py:914} INFO - Processing file /opt/airflow/dags/airflow_utils.py for tasks to queue
[2026-03-19T15:16:39.560+0000] {logging_mixin.py:190} INFO - [2026-03-19T15:16:39.560+0000] {dagbag.py:588} INFO - Filling up the DagBag from /opt/airflow/dags/airflow_utils.py
[2026-03-19T15:16:39.563+0000] {processor.py:927} WARNING - No viable dags retrieved from /opt/airflow/dags/airflow_utils.py
[2026-03-19T15:16:39.583+0000] {processor.py:208} INFO - Processing /opt/airflow/dags/airflow_utils.py took 0.037 seconds
[2026-03-19T15:17:10.184+0000] {processor.py:186} INFO - Started process (PID=756) to work on /opt/airflow/dags/airflow_utils.py
[2026-03-19T15:17:10.185+0000] {processor.py:914} INFO - Processing file /opt/airflow/dags/airflow_utils.py for tasks to queue
[2026-03-19T15:17:10.188+0000] {logging_mixin.py:190} INFO - [2026-03-19T15:17:10.187+0000] {dagbag.py:588} INFO - Filling up the DagBag from /opt/airflow/dags/airflow_utils.py
[2026-03-19T15:17:10.191+0000] {processor.py:927} WARNING - No viable dags retrieved from /opt/airflow/dags/airflow_utils.py
[2026-03-19T15:17:10.210+0000] {processor.py:208} INFO - Processing /opt/airflow/dags/airflow_utils.py took 0.033 seconds
[2026-03-19T15:17:40.903+0000] {processor.py:186} INFO - Started process (PID=794) to work on /opt/airflow/dags/airflow_utils.py
[2026-03-19T15:17:40.904+0000] {processor.py:914} INFO - Processing file /opt/airflow/dags/airflow_utils.py for tasks to queue
[2026-03-19T15:17:40.906+0000] {logging_mixin.py:190} INFO - [2026-03-19T15:17:40.905+0000] {dagbag.py:588} INFO - Filling up the DagBag from /opt/airflow/dags/airflow_utils.py
[2026-03-19T15:17:40.909+0000] {processor.py:927} WARNING - No viable dags retrieved from /opt/airflow/dags/airflow_utils.py
[2026-03-19T15:17:40.930+0000] {processor.py:208} INFO - Processing /opt/airflow/dags/airflow_utils.py took 0.034 seconds
[2026-03-19T15:18:11.599+0000] {processor.py:186} INFO - Started process (PID=831) to work on /opt/airflow/dags/airflow_utils.py
[2026-03-19T15:18:11.600+0000] {processor.py:914} INFO - Processing file /opt/airflow/dags/airflow_utils.py for tasks to queue
[2026-03-19T15:18:11.604+0000] {logging_mixin.py:190} INFO - [2026-03-19T15:18:11.604+0000] {dagbag.py:588} INFO - Filling up the DagBag from /opt/airflow/dags/airflow_utils.py
[2026-03-19T15:18:11.608+0000] {processor.py:927} WARNING - No viable dags retrieved from /opt/airflow/dags/airflow_utils.py
[2026-03-19T15:18:11.627+0000] {processor.py:208} INFO - Processing /opt/airflow/dags/airflow_utils.py took 0.037 seconds
[2026-03-19T15:18:42.295+0000] {processor.py:186} INFO - Started process (PID=867) to work on /opt/airflow/dags/airflow_utils.py
[2026-03-19T15:18:42.296+0000] {processor.py:914} INFO - Processing file /opt/airflow/dags/airflow_utils.py for tasks to queue
[2026-03-19T15:18:42.298+0000] {logging_mixin.py:190} INFO - [2026-03-19T15:18:42.298+0000] {dagbag.py:588} INFO - Filling up the DagBag from /opt/airflow/dags/airflow_utils.py
[2026-03-19T15:18:42.302+0000] {processor.py:927} WARNING - No viable dags retrieved from /opt/airflow/dags/airflow_utils.py
[2026-03-19T15:18:42.323+0000] {processor.py:208} INFO - Processing /opt/airflow/dags/airflow_utils.py took 0.039 seconds
[2026-03-19T15:19:12.997+0000] {processor.py:186} INFO - Started process (PID=903) to work on /opt/airflow/dags/airflow_utils.py
[2026-03-19T15:19:12.998+0000] {processor.py:914} INFO - Processing file /opt/airflow/dags/airflow_utils.py for tasks to queue
[2026-03-19T15:19:13.001+0000] {logging_mixin.py:190} INFO - [2026-03-19T15:19:13.000+0000] {dagbag.py:588} INFO - Filling up the DagBag from /opt/airflow/dags/airflow_utils.py
[2026-03-19T15:19:13.004+0000] {processor.py:927} WARNING - No viable dags retrieved from /opt/airflow/dags/airflow_utils.py
[2026-03-19T15:19:13.021+0000] {processor.py:208} INFO - Processing /opt/airflow/dags/airflow_utils.py took 0.036 seconds
[2026-03-19T15:19:43.714+0000] {processor.py:186} INFO - Started process (PID=939) to work on /opt/airflow/dags/airflow_utils.py
[2026-03-19T15:19:43.715+0000] {processor.py:914} INFO - Processing file /opt/airflow/dags/airflow_utils.py for tasks to queue
[2026-03-19T15:19:43.717+0000] {logging_mixin.py:190} INFO - [2026-03-19T15:19:43.716+0000] {dagbag.py:588} INFO - Filling up the DagBag from /opt/airflow/dags/airflow_utils.py
[2026-03-19T15:19:43.720+0000] {processor.py:927} WARNING - No viable dags retrieved from /opt/airflow/dags/airflow_utils.py
[2026-03-19T15:19:43.741+0000] {processor.py:208} INFO - Processing /opt/airflow/dags/airflow_utils.py took 0.039 seconds
[2026-03-19T15:20:14.407+0000] {processor.py:186} INFO - Started process (PID=975) to work on /opt/airflow/dags/airflow_utils.py
[2026-03-19T15:20:14.409+0000] {processor.py:914} INFO - Processing file /opt/airflow/dags/airflow_utils.py for tasks to queue
[2026-03-19T15:20:14.412+0000] {logging_mixin.py:190} INFO - [2026-03-19T15:20:14.411+0000] {dagbag.py:588} INFO - Filling up the DagBag from /opt/airflow/dags/airflow_utils.py
[2026-03-19T15:20:14.415+0000] {processor.py:927} WARNING - No viable dags retrieved from /opt/airflow/dags/airflow_utils.py
[2026-03-19T15:20:14.434+0000] {processor.py:208} INFO - Processing /opt/airflow/dags/airflow_utils.py took 0.033 seconds
[2026-03-19T15:20:45.129+0000] {processor.py:186} INFO - Started process (PID=1011) to work on /opt/airflow/dags/airflow_utils.py
[2026-03-19T15:20:45.131+0000] {processor.py:914} INFO - Processing file /opt/airflow/dags/airflow_utils.py for tasks to queue
[2026-03-19T15:20:45.133+0000] {logging_mixin.py:190} INFO - [2026-03-19T15:20:45.133+0000] {dagbag.py:588} INFO - Filling up the DagBag from /opt/airflow/dags/airflow_utils.py
[2026-03-19T15:20:45.138+0000] {processor.py:927} WARNING - No viable dags retrieved from /opt/airflow/dags/airflow_utils.py
[2026-03-19T15:20:45.159+0000] {processor.py:208} INFO - Processing /opt/airflow/dags/airflow_utils.py took 0.037 seconds
[2026-03-19T15:21:15.856+0000] {processor.py:186} INFO - Started process (PID=1047) to work on /opt/airflow/dags/airflow_utils.py
[2026-03-19T15:21:15.857+0000] {processor.py:914} INFO - Processing file /opt/airflow/dags/airflow_utils.py for tasks to queue
[2026-03-19T15:21:15.859+0000] {logging_mixin.py:190} INFO - [2026-03-19T15:21:15.859+0000] {dagbag.py:588} INFO - Filling up the DagBag from /opt/airflow/dags/airflow_utils.py
[2026-03-19T15:21:15.863+0000] {processor.py:927} WARNING - No viable dags retrieved from /opt/airflow/dags/airflow_utils.py
[2026-03-19T15:21:15.880+0000] {processor.py:208} INFO - Processing /opt/airflow/dags/airflow_utils.py took 0.034 seconds
[2026-03-19T15:21:46.489+0000] {processor.py:186} INFO - Started process (PID=1081) to work on /opt/airflow/dags/airflow_utils.py
[2026-03-19T15:21:46.490+0000] {processor.py:914} INFO - Processing file /opt/airflow/dags/airflow_utils.py for tasks to queue
[2026-03-19T15:21:46.492+0000] {logging_mixin.py:190} INFO - [2026-03-19T15:21:46.492+0000] {dagbag.py:588} INFO - Filling up the DagBag from /opt/airflow/dags/airflow_utils.py
[2026-03-19T15:21:46.496+0000] {processor.py:927} WARNING - No viable dags retrieved from /opt/airflow/dags/airflow_utils.py
[2026-03-19T15:21:46.516+0000] {processor.py:208} INFO - Processing /opt/airflow/dags/airflow_utils.py took 0.034 seconds
[2026-03-19T15:22:17.257+0000] {processor.py:186} INFO - Started process (PID=1119) to work on /opt/airflow/dags/airflow_utils.py
[2026-03-19T15:22:17.258+0000] {processor.py:914} INFO - Processing file /opt/airflow/dags/airflow_utils.py for tasks to queue
[2026-03-19T15:22:17.261+0000] {logging_mixin.py:190} INFO - [2026-03-19T15:22:17.260+0000] {dagbag.py:588} INFO - Filling up the DagBag from /opt/airflow/dags/airflow_utils.py
[2026-03-19T15:22:17.265+0000] {processor.py:927} WARNING - No viable dags retrieved from /opt/airflow/dags/airflow_utils.py
[2026-03-19T15:22:17.284+0000] {processor.py:208} INFO - Processing /opt/airflow/dags/airflow_utils.py took 0.035 seconds
[2026-03-19T15:22:47.968+0000] {processor.py:186} INFO - Started process (PID=1155) to work on /opt/airflow/dags/airflow_utils.py
[2026-03-19T15:22:47.969+0000] {processor.py:914} INFO - Processing file /opt/airflow/dags/airflow_utils.py for tasks to queue
[2026-03-19T15:22:47.971+0000] {logging_mixin.py:190} INFO - [2026-03-19T15:22:47.971+0000] {dagbag.py:588} INFO - Filling up the DagBag from /opt/airflow/dags/airflow_utils.py
[2026-03-19T15:22:47.974+0000] {processor.py:927} WARNING - No viable dags retrieved from /opt/airflow/dags/airflow_utils.py
[2026-03-19T15:22:47.992+0000] {processor.py:208} INFO - Processing /opt/airflow/dags/airflow_utils.py took 0.029 seconds
[2026-03-19T15:23:18.655+0000] {processor.py:186} INFO - Started process (PID=1191) to work on /opt/airflow/dags/airflow_utils.py
[2026-03-19T15:23:18.656+0000] {processor.py:914} INFO - Processing file /opt/airflow/dags/airflow_utils.py for tasks to queue
[2026-03-19T15:23:18.658+0000] {logging_mixin.py:190} INFO - [2026-03-19T15:23:18.658+0000] {dagbag.py:588} INFO - Filling up the DagBag from /opt/airflow/dags/airflow_utils.py
[2026-03-19T15:23:18.662+0000] {processor.py:927} WARNING - No viable dags retrieved from /opt/airflow/dags/airflow_utils.py
[2026-03-19T15:23:18.686+0000] {processor.py:208} INFO - Processing /opt/airflow/dags/airflow_utils.py took 0.043 seconds
[2026-03-19T15:23:49.335+0000] {processor.py:186} INFO - Started process (PID=1227) to work on /opt/airflow/dags/airflow_utils.py
[2026-03-19T15:23:49.336+0000] {processor.py:914} INFO - Processing file /opt/airflow/dags/airflow_utils.py for tasks to queue
[2026-03-19T15:23:49.339+0000] {logging_mixin.py:190} INFO - [2026-03-19T15:23:49.339+0000] {dagbag.py:588} INFO - Filling up the DagBag from /opt/airflow/dags/airflow_utils.py
[2026-03-19T15:23:49.343+0000] {processor.py:927} WARNING - No viable dags retrieved from /opt/airflow/dags/airflow_utils.py
[2026-03-19T15:23:49.367+0000] {processor.py:208} INFO - Processing /opt/airflow/dags/airflow_utils.py took 0.039 seconds
[2026-03-19T15:24:20.039+0000] {processor.py:186} INFO - Started process (PID=1263) to work on /opt/airflow/dags/airflow_utils.py
[2026-03-19T15:24:20.040+0000] {processor.py:914} INFO - Processing file /opt/airflow/dags/airflow_utils.py for tasks to queue
[2026-03-19T15:24:20.042+0000] {logging_mixin.py:190} INFO - [2026-03-19T15:24:20.042+0000] {dagbag.py:588} INFO - Filling up the DagBag from /opt/airflow/dags/airflow_utils.py
[2026-03-19T15:24:20.045+0000] {processor.py:927} WARNING - No viable dags retrieved from /opt/airflow/dags/airflow_utils.py
[2026-03-19T15:24:20.068+0000] {processor.py:208} INFO - Processing /opt/airflow/dags/airflow_utils.py took 0.037 seconds
[2026-03-19T15:24:50.773+0000] {processor.py:186} INFO - Started process (PID=1299) to work on /opt/airflow/dags/airflow_utils.py
[2026-03-19T15:24:50.774+0000] {processor.py:914} INFO - Processing file /opt/airflow/dags/airflow_utils.py for tasks to queue
[2026-03-19T15:24:50.777+0000] {logging_mixin.py:190} INFO - [2026-03-19T15:24:50.776+0000] {dagbag.py:588} INFO - Filling up the DagBag from /opt/airflow/dags/airflow_utils.py
[2026-03-19T15:24:50.781+0000] {processor.py:927} WARNING - No viable dags retrieved from /opt/airflow/dags/airflow_utils.py
[2026-03-19T15:24:50.801+0000] {processor.py:208} INFO - Processing /opt/airflow/dags/airflow_utils.py took 0.039 seconds
[2026-03-19T15:25:21.465+0000] {processor.py:186} INFO - Started process (PID=1335) to work on /opt/airflow/dags/airflow_utils.py
[2026-03-19T15:25:21.466+0000] {processor.py:914} INFO - Processing file /opt/airflow/dags/airflow_utils.py for tasks to queue
[2026-03-19T15:25:21.468+0000] {logging_mixin.py:190} INFO - [2026-03-19T15:25:21.468+0000] {dagbag.py:588} INFO - Filling up the DagBag from /opt/airflow/dags/airflow_utils.py
[2026-03-19T15:25:21.472+0000] {processor.py:927} WARNING - No viable dags retrieved from /opt/airflow/dags/airflow_utils.py
[2026-03-19T15:25:21.492+0000] {processor.py:208} INFO - Processing /opt/airflow/dags/airflow_utils.py took 0.034 seconds
[2026-03-19T15:25:51.754+0000] {processor.py:186} INFO - Started process (PID=1374) to work on /opt/airflow/dags/airflow_utils.py
[2026-03-19T15:25:51.756+0000] {processor.py:914} INFO - Processing file /opt/airflow/dags/airflow_utils.py for tasks to queue
[2026-03-19T15:25:51.760+0000] {logging_mixin.py:190} INFO - [2026-03-19T15:25:51.759+0000] {dagbag.py:588} INFO - Filling up the DagBag from /opt/airflow/dags/airflow_utils.py
[2026-03-19T15:25:51.764+0000] {processor.py:927} WARNING - No viable dags retrieved from /opt/airflow/dags/airflow_utils.py
[2026-03-19T15:25:51.783+0000] {processor.py:208} INFO - Processing /opt/airflow/dags/airflow_utils.py took 0.037 seconds
[2026-03-19T15:26:22.569+0000] {processor.py:186} INFO - Started process (PID=1417) to work on /opt/airflow/dags/airflow_utils.py
[2026-03-19T15:26:22.570+0000] {processor.py:914} INFO - Processing file /opt/airflow/dags/airflow_utils.py for tasks to queue
[2026-03-19T15:26:22.574+0000] {logging_mixin.py:190} INFO - [2026-03-19T15:26:22.573+0000] {dagbag.py:588} INFO - Filling up the DagBag from /opt/airflow/dags/airflow_utils.py
[2026-03-19T15:26:22.578+0000] {processor.py:927} WARNING - No viable dags retrieved from /opt/airflow/dags/airflow_utils.py
[2026-03-19T15:26:22.598+0000] {processor.py:208} INFO - Processing /opt/airflow/dags/airflow_utils.py took 0.037 seconds
[2026-03-19T15:26:53.261+0000] {processor.py:186} INFO - Started process (PID=1457) to work on /opt/airflow/dags/airflow_utils.py
[2026-03-19T15:26:53.262+0000] {processor.py:914} INFO - Processing file /opt/airflow/dags/airflow_utils.py for tasks to queue
[2026-03-19T15:26:53.265+0000] {logging_mixin.py:190} INFO - [2026-03-19T15:26:53.264+0000] {dagbag.py:588} INFO - Filling up the DagBag from /opt/airflow/dags/airflow_utils.py
[2026-03-19T15:26:53.268+0000] {processor.py:927} WARNING - No viable dags retrieved from /opt/airflow/dags/airflow_utils.py
[2026-03-19T15:26:53.285+0000] {processor.py:208} INFO - Processing /opt/airflow/dags/airflow_utils.py took 0.030 seconds
[2026-03-19T15:27:23.921+0000] {processor.py:186} INFO - Started process (PID=1500) to work on /opt/airflow/dags/airflow_utils.py
[2026-03-19T15:27:23.922+0000] {processor.py:914} INFO - Processing file /opt/airflow/dags/airflow_utils.py for tasks to queue
[2026-03-19T15:27:23.926+0000] {logging_mixin.py:190} INFO - [2026-03-19T15:27:23.925+0000] {dagbag.py:588} INFO - Filling up the DagBag from /opt/airflow/dags/airflow_utils.py
[2026-03-19T15:27:23.929+0000] {processor.py:927} WARNING - No viable dags retrieved from /opt/airflow/dags/airflow_utils.py
[2026-03-19T15:27:23.948+0000] {processor.py:208} INFO - Processing /opt/airflow/dags/airflow_utils.py took 0.038 seconds
[2026-03-19T15:27:54.627+0000] {processor.py:186} INFO - Started process (PID=1541) to work on /opt/airflow/dags/airflow_utils.py
[2026-03-19T15:27:54.628+0000] {processor.py:914} INFO - Processing file /opt/airflow/dags/airflow_utils.py for tasks to queue
[2026-03-19T15:27:54.631+0000] {logging_mixin.py:190} INFO - [2026-03-19T15:27:54.630+0000] {dagbag.py:588} INFO - Filling up the DagBag from /opt/airflow/dags/airflow_utils.py
[2026-03-19T15:27:54.635+0000] {processor.py:927} WARNING - No viable dags retrieved from /opt/airflow/dags/airflow_utils.py
[2026-03-19T15:27:54.651+0000] {processor.py:208} INFO - Processing /opt/airflow/dags/airflow_utils.py took 0.030 seconds
[2026-03-19T15:28:25.326+0000] {processor.py:186} INFO - Started process (PID=1582) to work on /opt/airflow/dags/airflow_utils.py
[2026-03-19T15:28:25.327+0000] {processor.py:914} INFO - Processing file /opt/airflow/dags/airflow_utils.py for tasks to queue
[2026-03-19T15:28:25.330+0000] {logging_mixin.py:190} INFO - [2026-03-19T15:28:25.330+0000] {dagbag.py:588} INFO - Filling up the DagBag from /opt/airflow/dags/airflow_utils.py
[2026-03-19T15:28:25.334+0000] {processor.py:927} WARNING - No viable dags retrieved from /opt/airflow/dags/airflow_utils.py
[2026-03-19T15:28:25.356+0000] {processor.py:208} INFO - Processing /opt/airflow/dags/airflow_utils.py took 0.037 seconds
[2026-03-19T15:28:56.086+0000] {processor.py:186} INFO - Started process (PID=1623) to work on /opt/airflow/dags/airflow_utils.py
[2026-03-19T15:28:56.086+0000] {processor.py:914} INFO - Processing file /opt/airflow/dags/airflow_utils.py for tasks to queue
[2026-03-19T15:28:56.090+0000] {logging_mixin.py:190} INFO - [2026-03-19T15:28:56.089+0000] {dagbag.py:588} INFO - Filling up the DagBag from /opt/airflow/dags/airflow_utils.py
[2026-03-19T15:28:56.093+0000] {processor.py:927} WARNING - No viable dags retrieved from /opt/airflow/dags/airflow_utils.py
[2026-03-19T15:28:56.112+0000] {processor.py:208} INFO - Processing /opt/airflow/dags/airflow_utils.py took 0.033 seconds
[2026-03-19T15:29:26.737+0000] {processor.py:186} INFO - Started process (PID=1662) to work on /opt/airflow/dags/airflow_utils.py
[2026-03-19T15:29:26.738+0000] {processor.py:914} INFO - Processing file /opt/airflow/dags/airflow_utils.py for tasks to queue
[2026-03-19T15:29:26.741+0000] {logging_mixin.py:190} INFO - [2026-03-19T15:29:26.741+0000] {dagbag.py:588} INFO - Filling up the DagBag from /opt/airflow/dags/airflow_utils.py
[2026-03-19T15:29:26.745+0000] {processor.py:927} WARNING - No viable dags retrieved from /opt/airflow/dags/airflow_utils.py
[2026-03-19T15:29:26.765+0000] {processor.py:208} INFO - Processing /opt/airflow/dags/airflow_utils.py took 0.034 seconds
[2026-03-19T15:29:57.539+0000] {processor.py:186} INFO - Started process (PID=1705) to work on /opt/airflow/dags/airflow_utils.py
[2026-03-19T15:29:57.541+0000] {processor.py:914} INFO - Processing file /opt/airflow/dags/airflow_utils.py for tasks to queue
[2026-03-19T15:29:57.544+0000] {logging_mixin.py:190} INFO - [2026-03-19T15:29:57.543+0000] {dagbag.py:588} INFO - Filling up the DagBag from /opt/airflow/dags/airflow_utils.py
[2026-03-19T15:29:57.548+0000] {processor.py:927} WARNING - No viable dags retrieved from /opt/airflow/dags/airflow_utils.py
[2026-03-19T15:29:57.571+0000] {processor.py:208} INFO - Processing /opt/airflow/dags/airflow_utils.py took 0.039 seconds
[2026-03-19T15:30:28.258+0000] {processor.py:186} INFO - Started process (PID=1746) to work on /opt/airflow/dags/airflow_utils.py
[2026-03-19T15:30:28.259+0000] {processor.py:914} INFO - Processing file /opt/airflow/dags/airflow_utils.py for tasks to queue
[2026-03-19T15:30:28.262+0000] {logging_mixin.py:190} INFO - [2026-03-19T15:30:28.262+0000] {dagbag.py:588} INFO - Filling up the DagBag from /opt/airflow/dags/airflow_utils.py
[2026-03-19T15:30:28.265+0000] {processor.py:927} WARNING - No viable dags retrieved from /opt/airflow/dags/airflow_utils.py
[2026-03-19T15:30:28.285+0000] {processor.py:208} INFO - Processing /opt/airflow/dags/airflow_utils.py took 0.040 seconds
[2026-03-19T15:30:59.021+0000] {processor.py:186} INFO - Started process (PID=1787) to work on /opt/airflow/dags/airflow_utils.py
[2026-03-19T15:30:59.022+0000] {processor.py:914} INFO - Processing file /opt/airflow/dags/airflow_utils.py for tasks to queue
[2026-03-19T15:30:59.025+0000] {logging_mixin.py:190} INFO - [2026-03-19T15:30:59.024+0000] {dagbag.py:588} INFO - Filling up the DagBag from /opt/airflow/dags/airflow_utils.py
[2026-03-19T15:30:59.028+0000] {processor.py:927} WARNING - No viable dags retrieved from /opt/airflow/dags/airflow_utils.py
[2026-03-19T15:30:59.046+0000] {processor.py:208} INFO - Processing /opt/airflow/dags/airflow_utils.py took 0.037 seconds
[2026-03-19T15:31:29.747+0000] {processor.py:186} INFO - Started process (PID=1828) to work on /opt/airflow/dags/airflow_utils.py
[2026-03-19T15:31:29.748+0000] {processor.py:914} INFO - Processing file /opt/airflow/dags/airflow_utils.py for tasks to queue
[2026-03-19T15:31:29.751+0000] {logging_mixin.py:190} INFO - [2026-03-19T15:31:29.750+0000] {dagbag.py:588} INFO - Filling up the DagBag from /opt/airflow/dags/airflow_utils.py
[2026-03-19T15:31:29.754+0000] {processor.py:927} WARNING - No viable dags retrieved from /opt/airflow/dags/airflow_utils.py
[2026-03-19T15:31:29.775+0000] {processor.py:208} INFO - Processing /opt/airflow/dags/airflow_utils.py took 0.042 seconds
[2026-03-19T15:32:00.579+0000] {processor.py:186} INFO - Started process (PID=1867) to work on /opt/airflow/dags/airflow_utils.py
[2026-03-19T15:32:00.580+0000] {processor.py:914} INFO - Processing file /opt/airflow/dags/airflow_utils.py for tasks to queue
[2026-03-19T15:32:00.582+0000] {logging_mixin.py:190} INFO - [2026-03-19T15:32:00.582+0000] {dagbag.py:588} INFO - Filling up the DagBag from /opt/airflow/dags/airflow_utils.py
[2026-03-19T15:32:00.586+0000] {processor.py:927} WARNING - No viable dags retrieved from /opt/airflow/dags/airflow_utils.py
[2026-03-19T15:32:00.605+0000] {processor.py:208} INFO - Processing /opt/airflow/dags/airflow_utils.py took 0.034 seconds
[2026-03-19T15:32:31.300+0000] {processor.py:186} INFO - Started process (PID=1908) to work on /opt/airflow/dags/airflow_utils.py
[2026-03-19T15:32:31.301+0000] {processor.py:914} INFO - Processing file /opt/airflow/dags/airflow_utils.py for tasks to queue
[2026-03-19T15:32:31.304+0000] {logging_mixin.py:190} INFO - [2026-03-19T15:32:31.304+0000] {dagbag.py:588} INFO - Filling up the DagBag from /opt/airflow/dags/airflow_utils.py
[2026-03-19T15:32:31.308+0000] {processor.py:927} WARNING - No viable dags retrieved from /opt/airflow/dags/airflow_utils.py
[2026-03-19T15:32:31.328+0000] {processor.py:208} INFO - Processing /opt/airflow/dags/airflow_utils.py took 0.034 seconds
[2026-03-19T15:33:02.126+0000] {processor.py:186} INFO - Started process (PID=1951) to work on /opt/airflow/dags/airflow_utils.py
[2026-03-19T15:33:02.127+0000] {processor.py:914} INFO - Processing file /opt/airflow/dags/airflow_utils.py for tasks to queue
[2026-03-19T15:33:02.130+0000] {logging_mixin.py:190} INFO - [2026-03-19T15:33:02.129+0000] {dagbag.py:588} INFO - Filling up the DagBag from /opt/airflow/dags/airflow_utils.py
[2026-03-19T15:33:02.133+0000] {processor.py:927} WARNING - No viable dags retrieved from /opt/airflow/dags/airflow_utils.py
[2026-03-19T15:33:02.153+0000] {processor.py:208} INFO - Processing /opt/airflow/dags/airflow_utils.py took 0.039 seconds
[2026-03-19T15:33:32.960+0000] {processor.py:186} INFO - Started process (PID=1999) to work on /opt/airflow/dags/airflow_utils.py
[2026-03-19T15:33:32.961+0000] {processor.py:914} INFO - Processing file /opt/airflow/dags/airflow_utils.py for tasks to queue
[2026-03-19T15:33:32.964+0000] {logging_mixin.py:190} INFO - [2026-03-19T15:33:32.964+0000] {dagbag.py:588} INFO - Filling up the DagBag from /opt/airflow/dags/airflow_utils.py
[2026-03-19T15:33:32.968+0000] {processor.py:927} WARNING - No viable dags retrieved from /opt/airflow/dags/airflow_utils.py
[2026-03-19T15:33:32.990+0000] {processor.py:208} INFO - Processing /opt/airflow/dags/airflow_utils.py took 0.037 seconds
[2026-03-19T15:34:03.695+0000] {processor.py:186} INFO - Started process (PID=2040) to work on /opt/airflow/dags/airflow_utils.py
[2026-03-19T15:34:03.695+0000] {processor.py:914} INFO - Processing file /opt/airflow/dags/airflow_utils.py for tasks to queue
[2026-03-19T15:34:03.698+0000] {logging_mixin.py:190} INFO - [2026-03-19T15:34:03.698+0000] {dagbag.py:588} INFO - Filling up the DagBag from /opt/airflow/dags/airflow_utils.py
[2026-03-19T15:34:03.702+0000] {processor.py:927} WARNING - No viable dags retrieved from /opt/airflow/dags/airflow_utils.py
[2026-03-19T15:34:03.720+0000] {processor.py:208} INFO - Processing /opt/airflow/dags/airflow_utils.py took 0.036 seconds
[2026-03-19T15:34:34.403+0000] {processor.py:186} INFO - Started process (PID=2081) to work on /opt/airflow/dags/airflow_utils.py
[2026-03-19T15:34:34.404+0000] {processor.py:914} INFO - Processing file /opt/airflow/dags/airflow_utils.py for tasks to queue
[2026-03-19T15:34:34.407+0000] {logging_mixin.py:190} INFO - [2026-03-19T15:34:34.407+0000] {dagbag.py:588} INFO - Filling up the DagBag from /opt/airflow/dags/airflow_utils.py
[2026-03-19T15:34:34.410+0000] {processor.py:927} WARNING - No viable dags retrieved from /opt/airflow/dags/airflow_utils.py
[2026-03-19T15:34:34.428+0000] {processor.py:208} INFO - Processing /opt/airflow/dags/airflow_utils.py took 0.031 seconds
[2026-03-19T15:35:05.268+0000] {processor.py:186} INFO - Started process (PID=2122) to work on /opt/airflow/dags/airflow_utils.py
[2026-03-19T15:35:05.269+0000] {processor.py:914} INFO - Processing file /opt/airflow/dags/airflow_utils.py for tasks to queue
[2026-03-19T15:35:05.272+0000] {logging_mixin.py:190} INFO - [2026-03-19T15:35:05.271+0000] {dagbag.py:588} INFO - Filling up the DagBag from /opt/airflow/dags/airflow_utils.py
[2026-03-19T15:35:05.275+0000] {processor.py:927} WARNING - No viable dags retrieved from /opt/airflow/dags/airflow_utils.py
[2026-03-19T15:35:05.292+0000] {processor.py:208} INFO - Processing /opt/airflow/dags/airflow_utils.py took 0.036 seconds
[2026-03-19T15:35:35.900+0000] {processor.py:186} INFO - Started process (PID=2161) to work on /opt/airflow/dags/airflow_utils.py
[2026-03-19T15:35:35.901+0000] {processor.py:914} INFO - Processing file /opt/airflow/dags/airflow_utils.py for tasks to queue
[2026-03-19T15:35:35.904+0000] {logging_mixin.py:190} INFO - [2026-03-19T15:35:35.904+0000] {dagbag.py:588} INFO - Filling up the DagBag from /opt/airflow/dags/airflow_utils.py
[2026-03-19T15:35:35.907+0000] {processor.py:927} WARNING - No viable dags retrieved from /opt/airflow/dags/airflow_utils.py
[2026-03-19T15:35:35.924+0000] {processor.py:208} INFO - Processing /opt/airflow/dags/airflow_utils.py took 0.031 seconds
[2026-03-19T15:36:06.714+0000] {processor.py:186} INFO - Started process (PID=2204) to work on /opt/airflow/dags/airflow_utils.py
[2026-03-19T15:36:06.715+0000] {processor.py:914} INFO - Processing file /opt/airflow/dags/airflow_utils.py for tasks to queue
[2026-03-19T15:36:06.718+0000] {logging_mixin.py:190} INFO - [2026-03-19T15:36:06.717+0000] {dagbag.py:588} INFO - Filling up the DagBag from /opt/airflow/dags/airflow_utils.py
[2026-03-19T15:36:06.721+0000] {processor.py:927} WARNING - No viable dags retrieved from /opt/airflow/dags/airflow_utils.py
[2026-03-19T15:36:06.739+0000] {processor.py:208} INFO - Processing /opt/airflow/dags/airflow_utils.py took 0.031 seconds
[2026-03-19T15:36:37.568+0000] {processor.py:186} INFO - Started process (PID=2245) to work on /opt/airflow/dags/airflow_utils.py
[2026-03-19T15:36:37.569+0000] {processor.py:914} INFO - Processing file /opt/airflow/dags/airflow_utils.py for tasks to queue
[2026-03-19T15:36:37.572+0000] {logging_mixin.py:190} INFO - [2026-03-19T15:36:37.572+0000] {dagbag.py:588} INFO - Filling up the DagBag from /opt/airflow/dags/airflow_utils.py
[2026-03-19T15:36:37.577+0000] {processor.py:927} WARNING - No viable dags retrieved from /opt/airflow/dags/airflow_utils.py
[2026-03-19T15:36:37.597+0000] {processor.py:208} INFO - Processing /opt/airflow/dags/airflow_utils.py took 0.036 seconds
[2026-03-19T15:37:08.491+0000] {processor.py:186} INFO - Started process (PID=2286) to work on /opt/airflow/dags/airflow_utils.py
[2026-03-19T15:37:08.491+0000] {processor.py:914} INFO - Processing file /opt/airflow/dags/airflow_utils.py for tasks to queue
[2026-03-19T15:37:08.494+0000] {logging_mixin.py:190} INFO - [2026-03-19T15:37:08.493+0000] {dagbag.py:588} INFO - Filling up the DagBag from /opt/airflow/dags/airflow_utils.py
[2026-03-19T15:37:08.497+0000] {processor.py:927} WARNING - No viable dags retrieved from /opt/airflow/dags/airflow_utils.py
[2026-03-19T15:37:08.518+0000] {processor.py:208} INFO - Processing /opt/airflow/dags/airflow_utils.py took 0.034 seconds
[2026-03-19T15:37:39.228+0000] {processor.py:186} INFO - Started process (PID=2327) to work on /opt/airflow/dags/airflow_utils.py
[2026-03-19T15:37:39.229+0000] {processor.py:914} INFO - Processing file /opt/airflow/dags/airflow_utils.py for tasks to queue
[2026-03-19T15:37:39.232+0000] {logging_mixin.py:190} INFO - [2026-03-19T15:37:39.231+0000] {dagbag.py:588} INFO - Filling up the DagBag from /opt/airflow/dags/airflow_utils.py
[2026-03-19T15:37:39.235+0000] {processor.py:927} WARNING - No viable dags retrieved from /opt/airflow/dags/airflow_utils.py
[2026-03-19T15:37:39.255+0000] {processor.py:208} INFO - Processing /opt/airflow/dags/airflow_utils.py took 0.035 seconds
[2026-03-19T15:38:10.002+0000] {processor.py:186} INFO - Started process (PID=2368) to work on /opt/airflow/dags/airflow_utils.py
[2026-03-19T15:38:10.003+0000] {processor.py:914} INFO - Processing file /opt/airflow/dags/airflow_utils.py for tasks to queue
[2026-03-19T15:38:10.005+0000] {logging_mixin.py:190} INFO - [2026-03-19T15:38:10.005+0000] {dagbag.py:588} INFO - Filling up the DagBag from /opt/airflow/dags/airflow_utils.py
[2026-03-19T15:38:10.009+0000] {processor.py:927} WARNING - No viable dags retrieved from /opt/airflow/dags/airflow_utils.py
[2026-03-19T15:38:10.028+0000] {processor.py:208} INFO - Processing /opt/airflow/dags/airflow_utils.py took 0.034 seconds
[2026-03-19T15:38:40.723+0000] {processor.py:186} INFO - Started process (PID=2408) to work on /opt/airflow/dags/airflow_utils.py
[2026-03-19T15:38:40.724+0000] {processor.py:914} INFO - Processing file /opt/airflow/dags/airflow_utils.py for tasks to queue
[2026-03-19T15:38:40.727+0000] {logging_mixin.py:190} INFO - [2026-03-19T15:38:40.727+0000] {dagbag.py:588} INFO - Filling up the DagBag from /opt/airflow/dags/airflow_utils.py
[2026-03-19T15:38:40.731+0000] {processor.py:927} WARNING - No viable dags retrieved from /opt/airflow/dags/airflow_utils.py
[2026-03-19T15:38:40.750+0000] {processor.py:208} INFO - Processing /opt/airflow/dags/airflow_utils.py took 0.033 seconds
[2026-03-19T15:39:11.498+0000] {processor.py:186} INFO - Started process (PID=2451) to work on /opt/airflow/dags/airflow_utils.py
[2026-03-19T15:39:11.500+0000] {processor.py:914} INFO - Processing file /opt/airflow/dags/airflow_utils.py for tasks to queue
[2026-03-19T15:39:11.502+0000] {logging_mixin.py:190} INFO - [2026-03-19T15:39:11.502+0000] {dagbag.py:588} INFO - Filling up the DagBag from /opt/airflow/dags/airflow_utils.py
[2026-03-19T15:39:11.506+0000] {processor.py:927} WARNING - No viable dags retrieved from /opt/airflow/dags/airflow_utils.py
[2026-03-19T15:39:11.524+0000] {processor.py:208} INFO - Processing /opt/airflow/dags/airflow_utils.py took 0.037 seconds
[2026-03-19T15:39:42.323+0000] {processor.py:186} INFO - Started process (PID=2497) to work on /opt/airflow/dags/airflow_utils.py
[2026-03-19T15:39:42.324+0000] {processor.py:914} INFO - Processing file /opt/airflow/dags/airflow_utils.py for tasks to queue
[2026-03-19T15:39:42.327+0000] {logging_mixin.py:190} INFO - [2026-03-19T15:39:42.326+0000] {dagbag.py:588} INFO - Filling up the DagBag from /opt/airflow/dags/airflow_utils.py
[2026-03-19T15:39:42.332+0000] {processor.py:927} WARNING - No viable dags retrieved from /opt/airflow/dags/airflow_utils.py
[2026-03-19T15:39:42.355+0000] {processor.py:208} INFO - Processing /opt/airflow/dags/airflow_utils.py took 0.041 seconds
[2026-03-19T15:40:13.088+0000] {processor.py:186} INFO - Started process (PID=2538) to work on /opt/airflow/dags/airflow_utils.py
[2026-03-19T15:40:13.089+0000] {processor.py:914} INFO - Processing file /opt/airflow/dags/airflow_utils.py for tasks to queue
[2026-03-19T15:40:13.091+0000] {logging_mixin.py:190} INFO - [2026-03-19T15:40:13.090+0000] {dagbag.py:588} INFO - Filling up the DagBag from /opt/airflow/dags/airflow_utils.py
[2026-03-19T15:40:13.094+0000] {processor.py:927} WARNING - No viable dags retrieved from /opt/airflow/dags/airflow_utils.py
[2026-03-19T15:40:13.114+0000] {processor.py:208} INFO - Processing /opt/airflow/dags/airflow_utils.py took 0.039 seconds
[2026-03-19T15:40:43.827+0000] {processor.py:186} INFO - Started process (PID=2580) to work on /opt/airflow/dags/airflow_utils.py
[2026-03-19T15:40:43.828+0000] {processor.py:914} INFO - Processing file /opt/airflow/dags/airflow_utils.py for tasks to queue
[2026-03-19T15:40:43.830+0000] {logging_mixin.py:190} INFO - [2026-03-19T15:40:43.829+0000] {dagbag.py:588} INFO - Filling up the DagBag from /opt/airflow/dags/airflow_utils.py
[2026-03-19T15:40:43.833+0000] {processor.py:927} WARNING - No viable dags retrieved from /opt/airflow/dags/airflow_utils.py
[2026-03-19T15:40:43.856+0000] {processor.py:208} INFO - Processing /opt/airflow/dags/airflow_utils.py took 0.039 seconds
[2026-03-19T15:41:14.565+0000] {processor.py:186} INFO - Started process (PID=2621) to work on /opt/airflow/dags/airflow_utils.py
[2026-03-19T15:41:14.565+0000] {processor.py:914} INFO - Processing file /opt/airflow/dags/airflow_utils.py for tasks to queue
[2026-03-19T15:41:14.568+0000] {logging_mixin.py:190} INFO - [2026-03-19T15:41:14.567+0000] {dagbag.py:588} INFO - Filling up the DagBag from /opt/airflow/dags/airflow_utils.py
[2026-03-19T15:41:14.571+0000] {processor.py:927} WARNING - No viable dags retrieved from /opt/airflow/dags/airflow_utils.py
[2026-03-19T15:41:14.593+0000] {processor.py:208} INFO - Processing /opt/airflow/dags/airflow_utils.py took 0.039 seconds
[2026-03-19T15:41:45.252+0000] {processor.py:186} INFO - Started process (PID=2660) to work on /opt/airflow/dags/airflow_utils.py
[2026-03-19T15:41:45.253+0000] {processor.py:914} INFO - Processing file /opt/airflow/dags/airflow_utils.py for tasks to queue
[2026-03-19T15:41:45.257+0000] {logging_mixin.py:190} INFO - [2026-03-19T15:41:45.256+0000] {dagbag.py:588} INFO - Filling up the DagBag from /opt/airflow/dags/airflow_utils.py
[2026-03-19T15:41:45.261+0000] {processor.py:927} WARNING - No viable dags retrieved from /opt/airflow/dags/airflow_utils.py
[2026-03-19T15:41:45.279+0000] {processor.py:208} INFO - Processing /opt/airflow/dags/airflow_utils.py took 0.034 seconds
[2026-03-19T15:42:15.933+0000] {processor.py:186} INFO - Started process (PID=2701) to work on /opt/airflow/dags/airflow_utils.py
[2026-03-19T15:42:15.934+0000] {processor.py:914} INFO - Processing file /opt/airflow/dags/airflow_utils.py for tasks to queue
[2026-03-19T15:42:15.936+0000] {logging_mixin.py:190} INFO - [2026-03-19T15:42:15.936+0000] {dagbag.py:588} INFO - Filling up the DagBag from /opt/airflow/dags/airflow_utils.py
[2026-03-19T15:42:15.940+0000] {processor.py:927} WARNING - No viable dags retrieved from /opt/airflow/dags/airflow_utils.py
[2026-03-19T15:42:15.960+0000] {processor.py:208} INFO - Processing /opt/airflow/dags/airflow_utils.py took 0.035 seconds
[2026-03-19T15:42:46.678+0000] {processor.py:186} INFO - Started process (PID=2744) to work on /opt/airflow/dags/airflow_utils.py
[2026-03-19T15:42:46.679+0000] {processor.py:914} INFO - Processing file /opt/airflow/dags/airflow_utils.py for tasks to queue
[2026-03-19T15:42:46.681+0000] {logging_mixin.py:190} INFO - [2026-03-19T15:42:46.681+0000] {dagbag.py:588} INFO - Filling up the DagBag from /opt/airflow/dags/airflow_utils.py
[2026-03-19T15:42:46.685+0000] {processor.py:927} WARNING - No viable dags retrieved from /opt/airflow/dags/airflow_utils.py
[2026-03-19T15:42:46.706+0000] {processor.py:208} INFO - Processing /opt/airflow/dags/airflow_utils.py took 0.040 seconds
[2026-03-19T15:43:17.402+0000] {processor.py:186} INFO - Started process (PID=2785) to work on /opt/airflow/dags/airflow_utils.py
[2026-03-19T15:43:17.403+0000] {processor.py:914} INFO - Processing file /opt/airflow/dags/airflow_utils.py for tasks to queue
[2026-03-19T15:43:17.405+0000] {logging_mixin.py:190} INFO - [2026-03-19T15:43:17.405+0000] {dagbag.py:588} INFO - Filling up the DagBag from /opt/airflow/dags/airflow_utils.py
[2026-03-19T15:43:17.408+0000] {processor.py:927} WARNING - No viable dags retrieved from /opt/airflow/dags/airflow_utils.py
[2026-03-19T15:43:17.430+0000] {processor.py:208} INFO - Processing /opt/airflow/dags/airflow_utils.py took 0.039 seconds
[2026-03-19T15:43:48.134+0000] {processor.py:186} INFO - Started process (PID=2826) to work on /opt/airflow/dags/airflow_utils.py
[2026-03-19T15:43:48.134+0000] {processor.py:914} INFO - Processing file /opt/airflow/dags/airflow_utils.py for tasks to queue
[2026-03-19T15:43:48.137+0000] {logging_mixin.py:190} INFO - [2026-03-19T15:43:48.136+0000] {dagbag.py:588} INFO - Filling up the DagBag from /opt/airflow/dags/airflow_utils.py
[2026-03-19T15:43:48.140+0000] {processor.py:927} WARNING - No viable dags retrieved from /opt/airflow/dags/airflow_utils.py
[2026-03-19T15:43:48.159+0000] {processor.py:208} INFO - Processing /opt/airflow/dags/airflow_utils.py took 0.036 seconds
[2026-03-19T15:44:18.880+0000] {processor.py:186} INFO - Started process (PID=2867) to work on /opt/airflow/dags/airflow_utils.py
[2026-03-19T15:44:18.881+0000] {processor.py:914} INFO - Processing file /opt/airflow/dags/airflow_utils.py for tasks to queue
[2026-03-19T15:44:18.883+0000] {logging_mixin.py:190} INFO - [2026-03-19T15:44:18.882+0000] {dagbag.py:588} INFO - Filling up the DagBag from /opt/airflow/dags/airflow_utils.py
[2026-03-19T15:44:18.886+0000] {processor.py:927} WARNING - No viable dags retrieved from /opt/airflow/dags/airflow_utils.py
[2026-03-19T15:44:18.907+0000] {processor.py:208} INFO - Processing /opt/airflow/dags/airflow_utils.py took 0.039 seconds
[2026-03-19T15:44:49.627+0000] {processor.py:186} INFO - Started process (PID=2908) to work on /opt/airflow/dags/airflow_utils.py
[2026-03-19T15:44:49.629+0000] {processor.py:914} INFO - Processing file /opt/airflow/dags/airflow_utils.py for tasks to queue
[2026-03-19T15:44:49.634+0000] {logging_mixin.py:190} INFO - [2026-03-19T15:44:49.634+0000] {dagbag.py:588} INFO - Filling up the DagBag from /opt/airflow/dags/airflow_utils.py
[2026-03-19T15:44:49.638+0000] {processor.py:927} WARNING - No viable dags retrieved from /opt/airflow/dags/airflow_utils.py
[2026-03-19T15:44:49.659+0000] {processor.py:208} INFO - Processing /opt/airflow/dags/airflow_utils.py took 0.039 seconds
[2026-03-19T15:45:20.307+0000] {processor.py:186} INFO - Started process (PID=2947) to work on /opt/airflow/dags/airflow_utils.py
[2026-03-19T15:45:20.308+0000] {processor.py:914} INFO - Processing file /opt/airflow/dags/airflow_utils.py for tasks to queue
[2026-03-19T15:45:20.310+0000] {logging_mixin.py:190} INFO - [2026-03-19T15:45:20.310+0000] {dagbag.py:588} INFO - Filling up the DagBag from /opt/airflow/dags/airflow_utils.py
[2026-03-19T15:45:20.314+0000] {processor.py:927} WARNING - No viable dags retrieved from /opt/airflow/dags/airflow_utils.py
[2026-03-19T15:45:20.332+0000] {processor.py:208} INFO - Processing /opt/airflow/dags/airflow_utils.py took 0.032 seconds
[2026-03-19T15:45:51.034+0000] {processor.py:186} INFO - Started process (PID=2990) to work on /opt/airflow/dags/airflow_utils.py
[2026-03-19T15:45:51.036+0000] {processor.py:914} INFO - Processing file /opt/airflow/dags/airflow_utils.py for tasks to queue
[2026-03-19T15:45:51.038+0000] {logging_mixin.py:190} INFO - [2026-03-19T15:45:51.037+0000] {dagbag.py:588} INFO - Filling up the DagBag from /opt/airflow/dags/airflow_utils.py
[2026-03-19T15:45:51.042+0000] {processor.py:927} WARNING - No viable dags retrieved from /opt/airflow/dags/airflow_utils.py
[2026-03-19T15:45:51.062+0000] {processor.py:208} INFO - Processing /opt/airflow/dags/airflow_utils.py took 0.035 seconds
[2026-03-19T15:46:21.794+0000] {processor.py:186} INFO - Started process (PID=3031) to work on /opt/airflow/dags/airflow_utils.py
[2026-03-19T15:46:21.795+0000] {processor.py:914} INFO - Processing file /opt/airflow/dags/airflow_utils.py for tasks to queue
[2026-03-19T15:46:21.797+0000] {logging_mixin.py:190} INFO - [2026-03-19T15:46:21.797+0000] {dagbag.py:588} INFO - Filling up the DagBag from /opt/airflow/dags/airflow_utils.py
[2026-03-19T15:46:21.800+0000] {processor.py:927} WARNING - No viable dags retrieved from /opt/airflow/dags/airflow_utils.py
[2026-03-19T15:46:21.821+0000] {processor.py:208} INFO - Processing /opt/airflow/dags/airflow_utils.py took 0.038 seconds
[2026-03-19T15:46:52.534+0000] {processor.py:186} INFO - Started process (PID=3072) to work on /opt/airflow/dags/airflow_utils.py
[2026-03-19T15:46:52.535+0000] {processor.py:914} INFO - Processing file /opt/airflow/dags/airflow_utils.py for tasks to queue
[2026-03-19T15:46:52.537+0000] {logging_mixin.py:190} INFO - [2026-03-19T15:46:52.537+0000] {dagbag.py:588} INFO - Filling up the DagBag from /opt/airflow/dags/airflow_utils.py
[2026-03-19T15:46:52.541+0000] {processor.py:927} WARNING - No viable dags retrieved from /opt/airflow/dags/airflow_utils.py
[2026-03-19T15:46:52.558+0000] {processor.py:208} INFO - Processing /opt/airflow/dags/airflow_utils.py took 0.035 seconds
[2026-03-19T15:47:23.267+0000] {processor.py:186} INFO - Started process (PID=3113) to work on /opt/airflow/dags/airflow_utils.py
[2026-03-19T15:47:23.268+0000] {processor.py:914} INFO - Processing file /opt/airflow/dags/airflow_utils.py for tasks to queue
[2026-03-19T15:47:23.271+0000] {logging_mixin.py:190} INFO - [2026-03-19T15:47:23.271+0000] {dagbag.py:588} INFO - Filling up the DagBag from /opt/airflow/dags/airflow_utils.py
[2026-03-19T15:47:23.276+0000] {processor.py:927} WARNING - No viable dags retrieved from /opt/airflow/dags/airflow_utils.py
[2026-03-19T15:47:23.300+0000] {processor.py:208} INFO - Processing /opt/airflow/dags/airflow_utils.py took 0.043 seconds
[2026-03-19T15:47:53.930+0000] {processor.py:186} INFO - Started process (PID=3152) to work on /opt/airflow/dags/airflow_utils.py
[2026-03-19T15:47:53.931+0000] {processor.py:914} INFO - Processing file /opt/airflow/dags/airflow_utils.py for tasks to queue
[2026-03-19T15:47:53.934+0000] {logging_mixin.py:190} INFO - [2026-03-19T15:47:53.933+0000] {dagbag.py:588} INFO - Filling up the DagBag from /opt/airflow/dags/airflow_utils.py
[2026-03-19T15:47:53.937+0000] {processor.py:927} WARNING - No viable dags retrieved from /opt/airflow/dags/airflow_utils.py
[2026-03-19T15:47:53.955+0000] {processor.py:208} INFO - Processing /opt/airflow/dags/airflow_utils.py took 0.031 seconds
[2026-03-19T15:48:24.707+0000] {processor.py:186} INFO - Started process (PID=3195) to work on /opt/airflow/dags/airflow_utils.py
[2026-03-19T15:48:24.709+0000] {processor.py:914} INFO - Processing file /opt/airflow/dags/airflow_utils.py for tasks to queue
[2026-03-19T15:48:24.711+0000] {logging_mixin.py:190} INFO - [2026-03-19T15:48:24.711+0000] {dagbag.py:588} INFO - Filling up the DagBag from /opt/airflow/dags/airflow_utils.py
[2026-03-19T15:48:24.715+0000] {processor.py:927} WARNING - No viable dags retrieved from /opt/airflow/dags/airflow_utils.py
[2026-03-19T15:48:24.737+0000] {processor.py:208} INFO - Processing /opt/airflow/dags/airflow_utils.py took 0.037 seconds
[2026-03-19T15:48:55.362+0000] {processor.py:186} INFO - Started process (PID=3234) to work on /opt/airflow/dags/airflow_utils.py
[2026-03-19T15:48:55.363+0000] {processor.py:914} INFO - Processing file /opt/airflow/dags/airflow_utils.py for tasks to queue
[2026-03-19T15:48:55.366+0000] {logging_mixin.py:190} INFO - [2026-03-19T15:48:55.365+0000] {dagbag.py:588} INFO - Filling up the DagBag from /opt/airflow/dags/airflow_utils.py
[2026-03-19T15:48:55.370+0000] {processor.py:927} WARNING - No viable dags retrieved from /opt/airflow/dags/airflow_utils.py
[2026-03-19T15:48:55.389+0000] {processor.py:208} INFO - Processing /opt/airflow/dags/airflow_utils.py took 0.036 seconds
[2026-03-19T15:49:26.032+0000] {processor.py:186} INFO - Started process (PID=3275) to work on /opt/airflow/dags/airflow_utils.py
[2026-03-19T15:49:26.033+0000] {processor.py:914} INFO - Processing file /opt/airflow/dags/airflow_utils.py for tasks to queue
[2026-03-19T15:49:26.036+0000] {logging_mixin.py:190} INFO - [2026-03-19T15:49:26.035+0000] {dagbag.py:588} INFO - Filling up the DagBag from /opt/airflow/dags/airflow_utils.py
[2026-03-19T15:49:26.039+0000] {processor.py:927} WARNING - No viable dags retrieved from /opt/airflow/dags/airflow_utils.py
[2026-03-19T15:49:26.058+0000] {processor.py:208} INFO - Processing /opt/airflow/dags/airflow_utils.py took 0.033 seconds
[2026-03-19T15:49:56.761+0000] {processor.py:186} INFO - Started process (PID=3318) to work on /opt/airflow/dags/airflow_utils.py
[2026-03-19T15:49:56.763+0000] {processor.py:914} INFO - Processing file /opt/airflow/dags/airflow_utils.py for tasks to queue
[2026-03-19T15:49:56.765+0000] {logging_mixin.py:190} INFO - [2026-03-19T15:49:56.764+0000] {dagbag.py:588} INFO - Filling up the DagBag from /opt/airflow/dags/airflow_utils.py
[2026-03-19T15:49:56.768+0000] {processor.py:927} WARNING - No viable dags retrieved from /opt/airflow/dags/airflow_utils.py
[2026-03-19T15:49:56.788+0000] {processor.py:208} INFO - Processing /opt/airflow/dags/airflow_utils.py took 0.033 seconds
[2026-03-19T15:50:27.504+0000] {processor.py:186} INFO - Started process (PID=3359) to work on /opt/airflow/dags/airflow_utils.py
[2026-03-19T15:50:27.505+0000] {processor.py:914} INFO - Processing file /opt/airflow/dags/airflow_utils.py for tasks to queue
[2026-03-19T15:50:27.507+0000] {logging_mixin.py:190} INFO - [2026-03-19T15:50:27.507+0000] {dagbag.py:588} INFO - Filling up the DagBag from /opt/airflow/dags/airflow_utils.py
[2026-03-19T15:50:27.510+0000] {processor.py:927} WARNING - No viable dags retrieved from /opt/airflow/dags/airflow_utils.py
[2026-03-19T15:50:27.530+0000] {processor.py:208} INFO - Processing /opt/airflow/dags/airflow_utils.py took 0.032 seconds
[2026-03-19T15:50:58.152+0000] {processor.py:186} INFO - Started process (PID=3398) to work on /opt/airflow/dags/airflow_utils.py
[2026-03-19T15:50:58.153+0000] {processor.py:914} INFO - Processing file /opt/airflow/dags/airflow_utils.py for tasks to queue
[2026-03-19T15:50:58.156+0000] {logging_mixin.py:190} INFO - [2026-03-19T15:50:58.156+0000] {dagbag.py:588} INFO - Filling up the DagBag from /opt/airflow/dags/airflow_utils.py
[2026-03-19T15:50:58.160+0000] {processor.py:927} WARNING - No viable dags retrieved from /opt/airflow/dags/airflow_utils.py
[2026-03-19T15:50:58.178+0000] {processor.py:208} INFO - Processing /opt/airflow/dags/airflow_utils.py took 0.037 seconds
[2026-03-19T15:51:28.947+0000] {processor.py:186} INFO - Started process (PID=3441) to work on /opt/airflow/dags/airflow_utils.py
[2026-03-19T15:51:28.949+0000] {processor.py:914} INFO - Processing file /opt/airflow/dags/airflow_utils.py for tasks to queue
[2026-03-19T15:51:28.952+0000] {logging_mixin.py:190} INFO - [2026-03-19T15:51:28.951+0000] {dagbag.py:588} INFO - Filling up the DagBag from /opt/airflow/dags/airflow_utils.py
[2026-03-19T15:51:28.958+0000] {processor.py:927} WARNING - No viable dags retrieved from /opt/airflow/dags/airflow_utils.py
[2026-03-19T15:51:28.981+0000] {processor.py:208} INFO - Processing /opt/airflow/dags/airflow_utils.py took 0.042 seconds
[2026-03-19T15:51:59.700+0000] {processor.py:186} INFO - Started process (PID=3482) to work on /opt/airflow/dags/airflow_utils.py
[2026-03-19T15:51:59.701+0000] {processor.py:914} INFO - Processing file /opt/airflow/dags/airflow_utils.py for tasks to queue
[2026-03-19T15:51:59.704+0000] {logging_mixin.py:190} INFO - [2026-03-19T15:51:59.703+0000] {dagbag.py:588} INFO - Filling up the DagBag from /opt/airflow/dags/airflow_utils.py
[2026-03-19T15:51:59.708+0000] {processor.py:927} WARNING - No viable dags retrieved from /opt/airflow/dags/airflow_utils.py
[2026-03-19T15:51:59.730+0000] {processor.py:208} INFO - Processing /opt/airflow/dags/airflow_utils.py took 0.038 seconds
[2026-03-19T15:52:30.442+0000] {processor.py:186} INFO - Started process (PID=3523) to work on /opt/airflow/dags/airflow_utils.py
[2026-03-19T15:52:30.443+0000] {processor.py:914} INFO - Processing file /opt/airflow/dags/airflow_utils.py for tasks to queue
[2026-03-19T15:52:30.446+0000] {logging_mixin.py:190} INFO - [2026-03-19T15:52:30.445+0000] {dagbag.py:588} INFO - Filling up the DagBag from /opt/airflow/dags/airflow_utils.py
[2026-03-19T15:52:30.451+0000] {processor.py:927} WARNING - No viable dags retrieved from /opt/airflow/dags/airflow_utils.py
[2026-03-19T15:52:30.472+0000] {processor.py:208} INFO - Processing /opt/airflow/dags/airflow_utils.py took 0.037 seconds
[2026-03-19T15:53:01.152+0000] {processor.py:186} INFO - Started process (PID=3564) to work on /opt/airflow/dags/airflow_utils.py
[2026-03-19T15:53:01.153+0000] {processor.py:914} INFO - Processing file /opt/airflow/dags/airflow_utils.py for tasks to queue
[2026-03-19T15:53:01.155+0000] {logging_mixin.py:190} INFO - [2026-03-19T15:53:01.155+0000] {dagbag.py:588} INFO - Filling up the DagBag from /opt/airflow/dags/airflow_utils.py
[2026-03-19T15:53:01.159+0000] {processor.py:927} WARNING - No viable dags retrieved from /opt/airflow/dags/airflow_utils.py
[2026-03-19T15:53:01.178+0000] {processor.py:208} INFO - Processing /opt/airflow/dags/airflow_utils.py took 0.033 seconds
[2026-03-19T15:53:31.879+0000] {processor.py:186} INFO - Started process (PID=3605) to work on /opt/airflow/dags/airflow_utils.py
[2026-03-19T15:53:31.880+0000] {processor.py:914} INFO - Processing file /opt/airflow/dags/airflow_utils.py for tasks to queue
[2026-03-19T15:53:31.883+0000] {logging_mixin.py:190} INFO - [2026-03-19T15:53:31.882+0000] {dagbag.py:588} INFO - Filling up the DagBag from /opt/airflow/dags/airflow_utils.py
[2026-03-19T15:53:31.886+0000] {processor.py:927} WARNING - No viable dags retrieved from /opt/airflow/dags/airflow_utils.py
[2026-03-19T15:53:31.906+0000] {processor.py:208} INFO - Processing /opt/airflow/dags/airflow_utils.py took 0.040 seconds
[2026-03-19T15:54:02.664+0000] {processor.py:186} INFO - Started process (PID=3646) to work on /opt/airflow/dags/airflow_utils.py
[2026-03-19T15:54:02.667+0000] {processor.py:914} INFO - Processing file /opt/airflow/dags/airflow_utils.py for tasks to queue
[2026-03-19T15:54:02.670+0000] {logging_mixin.py:190} INFO - [2026-03-19T15:54:02.669+0000] {dagbag.py:588} INFO - Filling up the DagBag from /opt/airflow/dags/airflow_utils.py
[2026-03-19T15:54:02.675+0000] {processor.py:927} WARNING - No viable dags retrieved from /opt/airflow/dags/airflow_utils.py
[2026-03-19T15:54:02.702+0000] {processor.py:208} INFO - Processing /opt/airflow/dags/airflow_utils.py took 0.047 seconds
[2026-03-19T15:54:33.468+0000] {processor.py:186} INFO - Started process (PID=3687) to work on /opt/airflow/dags/airflow_utils.py
[2026-03-19T15:54:33.469+0000] {processor.py:914} INFO - Processing file /opt/airflow/dags/airflow_utils.py for tasks to queue
[2026-03-19T15:54:33.471+0000] {logging_mixin.py:190} INFO - [2026-03-19T15:54:33.471+0000] {dagbag.py:588} INFO - Filling up the DagBag from /opt/airflow/dags/airflow_utils.py
[2026-03-19T15:54:33.475+0000] {processor.py:927} WARNING - No viable dags retrieved from /opt/airflow/dags/airflow_utils.py
[2026-03-19T15:54:33.494+0000] {processor.py:208} INFO - Processing /opt/airflow/dags/airflow_utils.py took 0.039 seconds
[2026-03-19T15:55:04.228+0000] {processor.py:186} INFO - Started process (PID=3728) to work on /opt/airflow/dags/airflow_utils.py
[2026-03-19T15:55:04.229+0000] {processor.py:914} INFO - Processing file /opt/airflow/dags/airflow_utils.py for tasks to queue
[2026-03-19T15:55:04.231+0000] {logging_mixin.py:190} INFO - [2026-03-19T15:55:04.231+0000] {dagbag.py:588} INFO - Filling up the DagBag from /opt/airflow/dags/airflow_utils.py
[2026-03-19T15:55:04.234+0000] {processor.py:927} WARNING - No viable dags retrieved from /opt/airflow/dags/airflow_utils.py
[2026-03-19T15:55:04.253+0000] {processor.py:208} INFO - Processing /opt/airflow/dags/airflow_utils.py took 0.032 seconds
[2026-03-19T15:55:34.986+0000] {processor.py:186} INFO - Started process (PID=3769) to work on /opt/airflow/dags/airflow_utils.py
[2026-03-19T15:55:34.987+0000] {processor.py:914} INFO - Processing file /opt/airflow/dags/airflow_utils.py for tasks to queue
[2026-03-19T15:55:34.990+0000] {logging_mixin.py:190} INFO - [2026-03-19T15:55:34.989+0000] {dagbag.py:588} INFO - Filling up the DagBag from /opt/airflow/dags/airflow_utils.py
[2026-03-19T15:55:34.993+0000] {processor.py:927} WARNING - No viable dags retrieved from /opt/airflow/dags/airflow_utils.py
[2026-03-19T15:55:35.015+0000] {processor.py:208} INFO - Processing /opt/airflow/dags/airflow_utils.py took 0.036 seconds
[2026-03-19T15:56:05.737+0000] {processor.py:186} INFO - Started process (PID=3810) to work on /opt/airflow/dags/airflow_utils.py
[2026-03-19T15:56:05.738+0000] {processor.py:914} INFO - Processing file /opt/airflow/dags/airflow_utils.py for tasks to queue
[2026-03-19T15:56:05.740+0000] {logging_mixin.py:190} INFO - [2026-03-19T15:56:05.740+0000] {dagbag.py:588} INFO - Filling up the DagBag from /opt/airflow/dags/airflow_utils.py
[2026-03-19T15:56:05.744+0000] {processor.py:927} WARNING - No viable dags retrieved from /opt/airflow/dags/airflow_utils.py
[2026-03-19T15:56:05.767+0000] {processor.py:208} INFO - Processing /opt/airflow/dags/airflow_utils.py took 0.037 seconds
[2026-03-19T15:56:36.423+0000] {processor.py:186} INFO - Started process (PID=3855) to work on /opt/airflow/dags/airflow_utils.py
[2026-03-19T15:56:36.424+0000] {processor.py:914} INFO - Processing file /opt/airflow/dags/airflow_utils.py for tasks to queue
[2026-03-19T15:56:36.427+0000] {logging_mixin.py:190} INFO - [2026-03-19T15:56:36.426+0000] {dagbag.py:588} INFO - Filling up the DagBag from /opt/airflow/dags/airflow_utils.py
[2026-03-19T15:56:36.430+0000] {processor.py:927} WARNING - No viable dags retrieved from /opt/airflow/dags/airflow_utils.py
[2026-03-19T15:56:36.449+0000] {processor.py:208} INFO - Processing /opt/airflow/dags/airflow_utils.py took 0.034 seconds
[2026-03-19T15:57:07.170+0000] {processor.py:186} INFO - Started process (PID=3898) to work on /opt/airflow/dags/airflow_utils.py
[2026-03-19T15:57:07.171+0000] {processor.py:914} INFO - Processing file /opt/airflow/dags/airflow_utils.py for tasks to queue
[2026-03-19T15:57:07.175+0000] {logging_mixin.py:190} INFO - [2026-03-19T15:57:07.174+0000] {dagbag.py:588} INFO - Filling up the DagBag from /opt/airflow/dags/airflow_utils.py
[2026-03-19T15:57:07.179+0000] {processor.py:927} WARNING - No viable dags retrieved from /opt/airflow/dags/airflow_utils.py
[2026-03-19T15:57:07.199+0000] {processor.py:208} INFO - Processing /opt/airflow/dags/airflow_utils.py took 0.035 seconds
[2026-03-19T15:57:37.913+0000] {processor.py:186} INFO - Started process (PID=3939) to work on /opt/airflow/dags/airflow_utils.py
[2026-03-19T15:57:37.915+0000] {processor.py:914} INFO - Processing file /opt/airflow/dags/airflow_utils.py for tasks to queue
[2026-03-19T15:57:37.917+0000] {logging_mixin.py:190} INFO - [2026-03-19T15:57:37.917+0000] {dagbag.py:588} INFO - Filling up the DagBag from /opt/airflow/dags/airflow_utils.py
[2026-03-19T15:57:37.921+0000] {processor.py:927} WARNING - No viable dags retrieved from /opt/airflow/dags/airflow_utils.py
[2026-03-19T15:57:37.942+0000] {processor.py:208} INFO - Processing /opt/airflow/dags/airflow_utils.py took 0.035 seconds
[2026-03-19T15:58:08.668+0000] {processor.py:186} INFO - Started process (PID=3980) to work on /opt/airflow/dags/airflow_utils.py
[2026-03-19T15:58:08.669+0000] {processor.py:914} INFO - Processing file /opt/airflow/dags/airflow_utils.py for tasks to queue
[2026-03-19T15:58:08.671+0000] {logging_mixin.py:190} INFO - [2026-03-19T15:58:08.671+0000] {dagbag.py:588} INFO - Filling up the DagBag from /opt/airflow/dags/airflow_utils.py
[2026-03-19T15:58:08.675+0000] {processor.py:927} WARNING - No viable dags retrieved from /opt/airflow/dags/airflow_utils.py
[2026-03-19T15:58:08.691+0000] {processor.py:208} INFO - Processing /opt/airflow/dags/airflow_utils.py took 0.030 seconds
[2026-03-19T15:58:39.337+0000] {processor.py:186} INFO - Started process (PID=4019) to work on /opt/airflow/dags/airflow_utils.py
[2026-03-19T15:58:39.338+0000] {processor.py:914} INFO - Processing file /opt/airflow/dags/airflow_utils.py for tasks to queue
[2026-03-19T15:58:39.342+0000] {logging_mixin.py:190} INFO - [2026-03-19T15:58:39.342+0000] {dagbag.py:588} INFO - Filling up the DagBag from /opt/airflow/dags/airflow_utils.py
[2026-03-19T15:58:39.348+0000] {processor.py:927} WARNING - No viable dags retrieved from /opt/airflow/dags/airflow_utils.py
[2026-03-19T15:58:39.372+0000] {processor.py:208} INFO - Processing /opt/airflow/dags/airflow_utils.py took 0.045 seconds
[2026-03-19T15:59:10.034+0000] {processor.py:186} INFO - Started process (PID=4060) to work on /opt/airflow/dags/airflow_utils.py
[2026-03-19T15:59:10.035+0000] {processor.py:914} INFO - Processing file /opt/airflow/dags/airflow_utils.py for tasks to queue
[2026-03-19T15:59:10.038+0000] {logging_mixin.py:190} INFO - [2026-03-19T15:59:10.038+0000] {dagbag.py:588} INFO - Filling up the DagBag from /opt/airflow/dags/airflow_utils.py
[2026-03-19T15:59:10.042+0000] {processor.py:927} WARNING - No viable dags retrieved from /opt/airflow/dags/airflow_utils.py
[2026-03-19T15:59:10.061+0000] {processor.py:208} INFO - Processing /opt/airflow/dags/airflow_utils.py took 0.034 seconds
[2026-03-19T15:59:40.816+0000] {processor.py:186} INFO - Started process (PID=4103) to work on /opt/airflow/dags/airflow_utils.py
[2026-03-19T15:59:40.817+0000] {processor.py:914} INFO - Processing file /opt/airflow/dags/airflow_utils.py for tasks to queue
[2026-03-19T15:59:40.819+0000] {logging_mixin.py:190} INFO - [2026-03-19T15:59:40.819+0000] {dagbag.py:588} INFO - Filling up the DagBag from /opt/airflow/dags/airflow_utils.py
[2026-03-19T15:59:40.823+0000] {processor.py:927} WARNING - No viable dags retrieved from /opt/airflow/dags/airflow_utils.py
[2026-03-19T15:59:40.842+0000] {processor.py:208} INFO - Processing /opt/airflow/dags/airflow_utils.py took 0.039 seconds
[2026-03-19T16:00:11.568+0000] {processor.py:186} INFO - Started process (PID=4144) to work on /opt/airflow/dags/airflow_utils.py
[2026-03-19T16:00:11.570+0000] {processor.py:914} INFO - Processing file /opt/airflow/dags/airflow_utils.py for tasks to queue
[2026-03-19T16:00:11.574+0000] {logging_mixin.py:190} INFO - [2026-03-19T16:00:11.573+0000] {dagbag.py:588} INFO - Filling up the DagBag from /opt/airflow/dags/airflow_utils.py
[2026-03-19T16:00:11.578+0000] {processor.py:927} WARNING - No viable dags retrieved from /opt/airflow/dags/airflow_utils.py
[2026-03-19T16:00:11.598+0000] {processor.py:208} INFO - Processing /opt/airflow/dags/airflow_utils.py took 0.041 seconds
[2026-03-19T16:00:42.315+0000] {processor.py:186} INFO - Started process (PID=4185) to work on /opt/airflow/dags/airflow_utils.py
[2026-03-19T16:00:42.316+0000] {processor.py:914} INFO - Processing file /opt/airflow/dags/airflow_utils.py for tasks to queue
[2026-03-19T16:00:42.318+0000] {logging_mixin.py:190} INFO - [2026-03-19T16:00:42.318+0000] {dagbag.py:588} INFO - Filling up the DagBag from /opt/airflow/dags/airflow_utils.py
[2026-03-19T16:00:42.322+0000] {processor.py:927} WARNING - No viable dags retrieved from /opt/airflow/dags/airflow_utils.py
[2026-03-19T16:00:42.338+0000] {processor.py:208} INFO - Processing /opt/airflow/dags/airflow_utils.py took 0.030 seconds
[2026-03-19T16:01:13.058+0000] {processor.py:186} INFO - Started process (PID=4226) to work on /opt/airflow/dags/airflow_utils.py
[2026-03-19T16:01:13.059+0000] {processor.py:914} INFO - Processing file /opt/airflow/dags/airflow_utils.py for tasks to queue
[2026-03-19T16:01:13.062+0000] {logging_mixin.py:190} INFO - [2026-03-19T16:01:13.061+0000] {dagbag.py:588} INFO - Filling up the DagBag from /opt/airflow/dags/airflow_utils.py
[2026-03-19T16:01:13.066+0000] {processor.py:927} WARNING - No viable dags retrieved from /opt/airflow/dags/airflow_utils.py
[2026-03-19T16:01:13.085+0000] {processor.py:208} INFO - Processing /opt/airflow/dags/airflow_utils.py took 0.039 seconds
[2026-03-19T16:01:43.786+0000] {processor.py:186} INFO - Started process (PID=4267) to work on /opt/airflow/dags/airflow_utils.py
[2026-03-19T16:01:43.787+0000] {processor.py:914} INFO - Processing file /opt/airflow/dags/airflow_utils.py for tasks to queue
[2026-03-19T16:01:43.789+0000] {logging_mixin.py:190} INFO - [2026-03-19T16:01:43.789+0000] {dagbag.py:588} INFO - Filling up the DagBag from /opt/airflow/dags/airflow_utils.py
[2026-03-19T16:01:43.792+0000] {processor.py:927} WARNING - No viable dags retrieved from /opt/airflow/dags/airflow_utils.py
[2026-03-19T16:01:43.813+0000] {processor.py:208} INFO - Processing /opt/airflow/dags/airflow_utils.py took 0.033 seconds
[2026-03-19T16:02:14.519+0000] {processor.py:186} INFO - Started process (PID=4308) to work on /opt/airflow/dags/airflow_utils.py
[2026-03-19T16:02:14.521+0000] {processor.py:914} INFO - Processing file /opt/airflow/dags/airflow_utils.py for tasks to queue
[2026-03-19T16:02:14.523+0000] {logging_mixin.py:190} INFO - [2026-03-19T16:02:14.523+0000] {dagbag.py:588} INFO - Filling up the DagBag from /opt/airflow/dags/airflow_utils.py
[2026-03-19T16:02:14.527+0000] {processor.py:927} WARNING - No viable dags retrieved from /opt/airflow/dags/airflow_utils.py
[2026-03-19T16:02:14.549+0000] {processor.py:208} INFO - Processing /opt/airflow/dags/airflow_utils.py took 0.038 seconds
[2026-03-19T16:02:45.325+0000] {processor.py:186} INFO - Started process (PID=4349) to work on /opt/airflow/dags/airflow_utils.py
[2026-03-19T16:02:45.326+0000] {processor.py:914} INFO - Processing file /opt/airflow/dags/airflow_utils.py for tasks to queue
[2026-03-19T16:02:45.329+0000] {logging_mixin.py:190} INFO - [2026-03-19T16:02:45.328+0000] {dagbag.py:588} INFO - Filling up the DagBag from /opt/airflow/dags/airflow_utils.py
[2026-03-19T16:02:45.333+0000] {processor.py:927} WARNING - No viable dags retrieved from /opt/airflow/dags/airflow_utils.py
[2026-03-19T16:02:45.354+0000] {processor.py:208} INFO - Processing /opt/airflow/dags/airflow_utils.py took 0.036 seconds
[2026-03-19T16:03:15.985+0000] {processor.py:186} INFO - Started process (PID=4388) to work on /opt/airflow/dags/airflow_utils.py
[2026-03-19T16:03:15.986+0000] {processor.py:914} INFO - Processing file /opt/airflow/dags/airflow_utils.py for tasks to queue
[2026-03-19T16:03:15.989+0000] {logging_mixin.py:190} INFO - [2026-03-19T16:03:15.988+0000] {dagbag.py:588} INFO - Filling up the DagBag from /opt/airflow/dags/airflow_utils.py
[2026-03-19T16:03:15.993+0000] {processor.py:927} WARNING - No viable dags retrieved from /opt/airflow/dags/airflow_utils.py
[2026-03-19T16:03:16.017+0000] {processor.py:208} INFO - Processing /opt/airflow/dags/airflow_utils.py took 0.043 seconds
[2026-03-19T16:03:46.791+0000] {processor.py:186} INFO - Started process (PID=4431) to work on /opt/airflow/dags/airflow_utils.py
[2026-03-19T16:03:46.792+0000] {processor.py:914} INFO - Processing file /opt/airflow/dags/airflow_utils.py for tasks to queue
[2026-03-19T16:03:46.794+0000] {logging_mixin.py:190} INFO - [2026-03-19T16:03:46.794+0000] {dagbag.py:588} INFO - Filling up the DagBag from /opt/airflow/dags/airflow_utils.py
[2026-03-19T16:03:46.798+0000] {processor.py:927} WARNING - No viable dags retrieved from /opt/airflow/dags/airflow_utils.py
[2026-03-19T16:03:46.821+0000] {processor.py:208} INFO - Processing /opt/airflow/dags/airflow_utils.py took 0.044 seconds
[2026-03-19T16:04:17.547+0000] {processor.py:186} INFO - Started process (PID=4472) to work on /opt/airflow/dags/airflow_utils.py
[2026-03-19T16:04:17.548+0000] {processor.py:914} INFO - Processing file /opt/airflow/dags/airflow_utils.py for tasks to queue
[2026-03-19T16:04:17.550+0000] {logging_mixin.py:190} INFO - [2026-03-19T16:04:17.550+0000] {dagbag.py:588} INFO - Filling up the DagBag from /opt/airflow/dags/airflow_utils.py
[2026-03-19T16:04:17.554+0000] {processor.py:927} WARNING - No viable dags retrieved from /opt/airflow/dags/airflow_utils.py
[2026-03-19T16:04:17.574+0000] {processor.py:208} INFO - Processing /opt/airflow/dags/airflow_utils.py took 0.033 seconds
[2026-03-19T16:04:48.312+0000] {processor.py:186} INFO - Started process (PID=4513) to work on /opt/airflow/dags/airflow_utils.py
[2026-03-19T16:04:48.313+0000] {processor.py:914} INFO - Processing file /opt/airflow/dags/airflow_utils.py for tasks to queue
[2026-03-19T16:04:48.316+0000] {logging_mixin.py:190} INFO - [2026-03-19T16:04:48.315+0000] {dagbag.py:588} INFO - Filling up the DagBag from /opt/airflow/dags/airflow_utils.py
[2026-03-19T16:04:48.320+0000] {processor.py:927} WARNING - No viable dags retrieved from /opt/airflow/dags/airflow_utils.py
[2026-03-19T16:04:48.340+0000] {processor.py:208} INFO - Processing /opt/airflow/dags/airflow_utils.py took 0.035 seconds
[2026-03-19T16:05:19.090+0000] {processor.py:186} INFO - Started process (PID=4554) to work on /opt/airflow/dags/airflow_utils.py
[2026-03-19T16:05:19.092+0000] {processor.py:914} INFO - Processing file /opt/airflow/dags/airflow_utils.py for tasks to queue
[2026-03-19T16:05:19.094+0000] {logging_mixin.py:190} INFO - [2026-03-19T16:05:19.094+0000] {dagbag.py:588} INFO - Filling up the DagBag from /opt/airflow/dags/airflow_utils.py
[2026-03-19T16:05:19.098+0000] {processor.py:927} WARNING - No viable dags retrieved from /opt/airflow/dags/airflow_utils.py
[2026-03-19T16:05:19.121+0000] {processor.py:208} INFO - Processing /opt/airflow/dags/airflow_utils.py took 0.042 seconds
[2026-03-19T16:05:49.881+0000] {processor.py:186} INFO - Started process (PID=4595) to work on /opt/airflow/dags/airflow_utils.py
[2026-03-19T16:05:49.882+0000] {processor.py:914} INFO - Processing file /opt/airflow/dags/airflow_utils.py for tasks to queue
[2026-03-19T16:05:49.885+0000] {logging_mixin.py:190} INFO - [2026-03-19T16:05:49.884+0000] {dagbag.py:588} INFO - Filling up the DagBag from /opt/airflow/dags/airflow_utils.py
[2026-03-19T16:05:49.888+0000] {processor.py:927} WARNING - No viable dags retrieved from /opt/airflow/dags/airflow_utils.py
[2026-03-19T16:05:49.907+0000] {processor.py:208} INFO - Processing /opt/airflow/dags/airflow_utils.py took 0.039 seconds
[2026-03-19T16:06:20.627+0000] {processor.py:186} INFO - Started process (PID=4636) to work on /opt/airflow/dags/airflow_utils.py
[2026-03-19T16:06:20.629+0000] {processor.py:914} INFO - Processing file /opt/airflow/dags/airflow_utils.py for tasks to queue
[2026-03-19T16:06:20.633+0000] {logging_mixin.py:190} INFO - [2026-03-19T16:06:20.632+0000] {dagbag.py:588} INFO - Filling up the DagBag from /opt/airflow/dags/airflow_utils.py
[2026-03-19T16:06:20.640+0000] {processor.py:927} WARNING - No viable dags retrieved from /opt/airflow/dags/airflow_utils.py
[2026-03-19T16:06:20.665+0000] {processor.py:208} INFO - Processing /opt/airflow/dags/airflow_utils.py took 0.048 seconds
[2026-03-19T16:06:51.416+0000] {processor.py:186} INFO - Started process (PID=4677) to work on /opt/airflow/dags/airflow_utils.py
[2026-03-19T16:06:51.417+0000] {processor.py:914} INFO - Processing file /opt/airflow/dags/airflow_utils.py for tasks to queue
[2026-03-19T16:06:51.420+0000] {logging_mixin.py:190} INFO - [2026-03-19T16:06:51.419+0000] {dagbag.py:588} INFO - Filling up the DagBag from /opt/airflow/dags/airflow_utils.py
[2026-03-19T16:06:51.425+0000] {processor.py:927} WARNING - No viable dags retrieved from /opt/airflow/dags/airflow_utils.py
[2026-03-19T16:06:51.447+0000] {processor.py:208} INFO - Processing /opt/airflow/dags/airflow_utils.py took 0.039 seconds
