[2026-03-19T15:25:36.837+0000] {processor.py:186} INFO - Started process (PID=1356) to work on /opt/airflow/dags/dagnew.py
[2026-03-19T15:25:36.838+0000] {processor.py:914} INFO - Processing file /opt/airflow/dags/dagnew.py for tasks to queue
[2026-03-19T15:25:36.840+0000] {logging_mixin.py:190} INFO - [2026-03-19T15:25:36.840+0000] {dagbag.py:588} INFO - Filling up the DagBag from /opt/airflow/dags/dagnew.py
[2026-03-19T15:25:36.851+0000] {processor.py:925} INFO - DAG(s) 'practice_dag' retrieved from /opt/airflow/dags/dagnew.py
[2026-03-19T15:25:37.209+0000] {logging_mixin.py:190} INFO - [2026-03-19T15:25:37.208+0000] {override.py:1912} INFO - Created Permission View: can edit on DAG:practice_dag
[2026-03-19T15:25:37.392+0000] {logging_mixin.py:190} INFO - [2026-03-19T15:25:37.391+0000] {override.py:1912} INFO - Created Permission View: can delete on DAG:practice_dag
[2026-03-19T15:25:37.402+0000] {logging_mixin.py:190} INFO - [2026-03-19T15:25:37.401+0000] {override.py:1912} INFO - Created Permission View: can read on DAG:practice_dag
[2026-03-19T15:25:37.413+0000] {logging_mixin.py:190} INFO - [2026-03-19T15:25:37.413+0000] {override.py:1912} INFO - Created Permission View: can delete on DAG Run:practice_dag
[2026-03-19T15:25:37.425+0000] {logging_mixin.py:190} INFO - [2026-03-19T15:25:37.424+0000] {override.py:1912} INFO - Created Permission View: can create on DAG Run:practice_dag
[2026-03-19T15:25:37.434+0000] {logging_mixin.py:190} INFO - [2026-03-19T15:25:37.433+0000] {override.py:1912} INFO - Created Permission View: menu access on DAG Run:practice_dag
[2026-03-19T15:25:37.442+0000] {logging_mixin.py:190} INFO - [2026-03-19T15:25:37.442+0000] {override.py:1912} INFO - Created Permission View: can read on DAG Run:practice_dag
[2026-03-19T15:25:37.443+0000] {logging_mixin.py:190} INFO - [2026-03-19T15:25:37.443+0000] {dag.py:3239} INFO - Sync 1 DAGs
[2026-03-19T15:25:37.459+0000] {logging_mixin.py:190} INFO - [2026-03-19T15:25:37.458+0000] {dag.py:3262} INFO - Creating ORM DAG for practice_dag
[2026-03-19T15:25:37.459+0000] {logging_mixin.py:190} INFO - [2026-03-19T15:25:37.459+0000] {dag.py:4180} INFO - Setting next_dagrun for practice_dag to None, run_after=None
[2026-03-19T15:25:37.480+0000] {processor.py:208} INFO - Processing /opt/airflow/dags/dagnew.py took 0.650 seconds
[2026-03-19T15:26:08.181+0000] {processor.py:186} INFO - Started process (PID=1397) to work on /opt/airflow/dags/dagnew.py
[2026-03-19T15:26:08.182+0000] {processor.py:914} INFO - Processing file /opt/airflow/dags/dagnew.py for tasks to queue
[2026-03-19T15:26:08.184+0000] {logging_mixin.py:190} INFO - [2026-03-19T15:26:08.184+0000] {dagbag.py:588} INFO - Filling up the DagBag from /opt/airflow/dags/dagnew.py
[2026-03-19T15:26:08.193+0000] {processor.py:925} INFO - DAG(s) 'practice_dag' retrieved from /opt/airflow/dags/dagnew.py
[2026-03-19T15:26:08.226+0000] {logging_mixin.py:190} INFO - [2026-03-19T15:26:08.226+0000] {dag.py:3239} INFO - Sync 1 DAGs
[2026-03-19T15:26:08.247+0000] {logging_mixin.py:190} INFO - [2026-03-19T15:26:08.247+0000] {dag.py:4180} INFO - Setting next_dagrun for practice_dag to None, run_after=None
[2026-03-19T15:26:08.272+0000] {processor.py:208} INFO - Processing /opt/airflow/dags/dagnew.py took 0.103 seconds
[2026-03-19T15:26:38.963+0000] {processor.py:186} INFO - Started process (PID=1439) to work on /opt/airflow/dags/dagnew.py
[2026-03-19T15:26:38.964+0000] {processor.py:914} INFO - Processing file /opt/airflow/dags/dagnew.py for tasks to queue
[2026-03-19T15:26:38.966+0000] {logging_mixin.py:190} INFO - [2026-03-19T15:26:38.965+0000] {dagbag.py:588} INFO - Filling up the DagBag from /opt/airflow/dags/dagnew.py
[2026-03-19T15:26:38.974+0000] {processor.py:925} INFO - DAG(s) 'practice_dag' retrieved from /opt/airflow/dags/dagnew.py
[2026-03-19T15:26:39.004+0000] {logging_mixin.py:190} INFO - [2026-03-19T15:26:39.003+0000] {dag.py:3239} INFO - Sync 1 DAGs
[2026-03-19T15:26:39.020+0000] {logging_mixin.py:190} INFO - [2026-03-19T15:26:39.020+0000] {dag.py:4180} INFO - Setting next_dagrun for practice_dag to None, run_after=None
[2026-03-19T15:26:39.050+0000] {processor.py:208} INFO - Processing /opt/airflow/dags/dagnew.py took 0.099 seconds
[2026-03-19T15:27:09.564+0000] {processor.py:186} INFO - Started process (PID=1480) to work on /opt/airflow/dags/dagnew.py
[2026-03-19T15:27:09.574+0000] {processor.py:914} INFO - Processing file /opt/airflow/dags/dagnew.py for tasks to queue
[2026-03-19T15:27:09.577+0000] {logging_mixin.py:190} INFO - [2026-03-19T15:27:09.576+0000] {dagbag.py:588} INFO - Filling up the DagBag from /opt/airflow/dags/dagnew.py
[2026-03-19T15:27:09.587+0000] {processor.py:925} INFO - DAG(s) 'practice_dag' retrieved from /opt/airflow/dags/dagnew.py
[2026-03-19T15:27:09.622+0000] {logging_mixin.py:190} INFO - [2026-03-19T15:27:09.622+0000] {dag.py:3239} INFO - Sync 1 DAGs
[2026-03-19T15:27:09.637+0000] {logging_mixin.py:190} INFO - [2026-03-19T15:27:09.637+0000] {dag.py:4180} INFO - Setting next_dagrun for practice_dag to None, run_after=None
[2026-03-19T15:27:09.659+0000] {processor.py:208} INFO - Processing /opt/airflow/dags/dagnew.py took 0.106 seconds
[2026-03-19T15:27:40.274+0000] {processor.py:186} INFO - Started process (PID=1521) to work on /opt/airflow/dags/dagnew.py
[2026-03-19T15:27:40.283+0000] {processor.py:914} INFO - Processing file /opt/airflow/dags/dagnew.py for tasks to queue
[2026-03-19T15:27:40.286+0000] {logging_mixin.py:190} INFO - [2026-03-19T15:27:40.285+0000] {dagbag.py:588} INFO - Filling up the DagBag from /opt/airflow/dags/dagnew.py
[2026-03-19T15:27:40.295+0000] {processor.py:925} INFO - DAG(s) 'practice_dag' retrieved from /opt/airflow/dags/dagnew.py
[2026-03-19T15:27:40.324+0000] {logging_mixin.py:190} INFO - [2026-03-19T15:27:40.323+0000] {dag.py:3239} INFO - Sync 1 DAGs
[2026-03-19T15:27:40.339+0000] {logging_mixin.py:190} INFO - [2026-03-19T15:27:40.339+0000] {dag.py:4180} INFO - Setting next_dagrun for practice_dag to None, run_after=None
[2026-03-19T15:27:40.359+0000] {processor.py:208} INFO - Processing /opt/airflow/dags/dagnew.py took 0.094 seconds
[2026-03-19T15:28:10.963+0000] {processor.py:186} INFO - Started process (PID=1562) to work on /opt/airflow/dags/dagnew.py
[2026-03-19T15:28:10.964+0000] {processor.py:914} INFO - Processing file /opt/airflow/dags/dagnew.py for tasks to queue
[2026-03-19T15:28:10.966+0000] {logging_mixin.py:190} INFO - [2026-03-19T15:28:10.966+0000] {dagbag.py:588} INFO - Filling up the DagBag from /opt/airflow/dags/dagnew.py
[2026-03-19T15:28:10.975+0000] {processor.py:925} INFO - DAG(s) 'practice_dag' retrieved from /opt/airflow/dags/dagnew.py
[2026-03-19T15:28:11.007+0000] {logging_mixin.py:190} INFO - [2026-03-19T15:28:11.006+0000] {dag.py:3239} INFO - Sync 1 DAGs
[2026-03-19T15:28:11.023+0000] {logging_mixin.py:190} INFO - [2026-03-19T15:28:11.023+0000] {dag.py:4180} INFO - Setting next_dagrun for practice_dag to None, run_after=None
[2026-03-19T15:28:11.188+0000] {processor.py:208} INFO - Processing /opt/airflow/dags/dagnew.py took 0.233 seconds
[2026-03-19T15:28:41.696+0000] {processor.py:186} INFO - Started process (PID=1603) to work on /opt/airflow/dags/dagnew.py
[2026-03-19T15:28:41.706+0000] {processor.py:914} INFO - Processing file /opt/airflow/dags/dagnew.py for tasks to queue
[2026-03-19T15:28:41.708+0000] {logging_mixin.py:190} INFO - [2026-03-19T15:28:41.708+0000] {dagbag.py:588} INFO - Filling up the DagBag from /opt/airflow/dags/dagnew.py
[2026-03-19T15:28:41.717+0000] {processor.py:925} INFO - DAG(s) 'practice_dag' retrieved from /opt/airflow/dags/dagnew.py
[2026-03-19T15:28:41.743+0000] {logging_mixin.py:190} INFO - [2026-03-19T15:28:41.743+0000] {dag.py:3239} INFO - Sync 1 DAGs
[2026-03-19T15:28:41.759+0000] {logging_mixin.py:190} INFO - [2026-03-19T15:28:41.759+0000] {dag.py:4180} INFO - Setting next_dagrun for practice_dag to None, run_after=None
[2026-03-19T15:28:41.779+0000] {processor.py:208} INFO - Processing /opt/airflow/dags/dagnew.py took 0.094 seconds
[2026-03-19T15:29:12.454+0000] {processor.py:186} INFO - Started process (PID=1644) to work on /opt/airflow/dags/dagnew.py
[2026-03-19T15:29:12.454+0000] {processor.py:914} INFO - Processing file /opt/airflow/dags/dagnew.py for tasks to queue
[2026-03-19T15:29:12.457+0000] {logging_mixin.py:190} INFO - [2026-03-19T15:29:12.457+0000] {dagbag.py:588} INFO - Filling up the DagBag from /opt/airflow/dags/dagnew.py
[2026-03-19T15:29:12.468+0000] {processor.py:925} INFO - DAG(s) 'practice_dag' retrieved from /opt/airflow/dags/dagnew.py
[2026-03-19T15:29:12.500+0000] {logging_mixin.py:190} INFO - [2026-03-19T15:29:12.500+0000] {dag.py:3239} INFO - Sync 1 DAGs
[2026-03-19T15:29:12.517+0000] {logging_mixin.py:190} INFO - [2026-03-19T15:29:12.517+0000] {dag.py:4180} INFO - Setting next_dagrun for practice_dag to None, run_after=None
[2026-03-19T15:29:12.540+0000] {processor.py:208} INFO - Processing /opt/airflow/dags/dagnew.py took 0.093 seconds
[2026-03-19T15:29:43.162+0000] {processor.py:186} INFO - Started process (PID=1685) to work on /opt/airflow/dags/dagnew.py
[2026-03-19T15:29:43.163+0000] {processor.py:914} INFO - Processing file /opt/airflow/dags/dagnew.py for tasks to queue
[2026-03-19T15:29:43.165+0000] {logging_mixin.py:190} INFO - [2026-03-19T15:29:43.165+0000] {dagbag.py:588} INFO - Filling up the DagBag from /opt/airflow/dags/dagnew.py
[2026-03-19T15:29:43.174+0000] {processor.py:925} INFO - DAG(s) 'practice_dag' retrieved from /opt/airflow/dags/dagnew.py
[2026-03-19T15:29:43.203+0000] {logging_mixin.py:190} INFO - [2026-03-19T15:29:43.203+0000] {dag.py:3239} INFO - Sync 1 DAGs
[2026-03-19T15:29:43.220+0000] {logging_mixin.py:190} INFO - [2026-03-19T15:29:43.219+0000] {dag.py:4180} INFO - Setting next_dagrun for practice_dag to None, run_after=None
[2026-03-19T15:29:43.377+0000] {processor.py:208} INFO - Processing /opt/airflow/dags/dagnew.py took 0.226 seconds
[2026-03-19T15:30:13.907+0000] {processor.py:186} INFO - Started process (PID=1726) to work on /opt/airflow/dags/dagnew.py
[2026-03-19T15:30:13.908+0000] {processor.py:914} INFO - Processing file /opt/airflow/dags/dagnew.py for tasks to queue
[2026-03-19T15:30:13.910+0000] {logging_mixin.py:190} INFO - [2026-03-19T15:30:13.909+0000] {dagbag.py:588} INFO - Filling up the DagBag from /opt/airflow/dags/dagnew.py
[2026-03-19T15:30:13.918+0000] {processor.py:925} INFO - DAG(s) 'practice_dag' retrieved from /opt/airflow/dags/dagnew.py
[2026-03-19T15:30:13.947+0000] {logging_mixin.py:190} INFO - [2026-03-19T15:30:13.946+0000] {dag.py:3239} INFO - Sync 1 DAGs
[2026-03-19T15:30:13.961+0000] {logging_mixin.py:190} INFO - [2026-03-19T15:30:13.961+0000] {dag.py:4180} INFO - Setting next_dagrun for practice_dag to None, run_after=None
[2026-03-19T15:30:13.982+0000] {processor.py:208} INFO - Processing /opt/airflow/dags/dagnew.py took 0.085 seconds
[2026-03-19T15:30:44.613+0000] {processor.py:186} INFO - Started process (PID=1767) to work on /opt/airflow/dags/dagnew.py
[2026-03-19T15:30:44.623+0000] {processor.py:914} INFO - Processing file /opt/airflow/dags/dagnew.py for tasks to queue
[2026-03-19T15:30:44.626+0000] {logging_mixin.py:190} INFO - [2026-03-19T15:30:44.625+0000] {dagbag.py:588} INFO - Filling up the DagBag from /opt/airflow/dags/dagnew.py
[2026-03-19T15:30:44.635+0000] {processor.py:925} INFO - DAG(s) 'practice_dag' retrieved from /opt/airflow/dags/dagnew.py
[2026-03-19T15:30:44.669+0000] {logging_mixin.py:190} INFO - [2026-03-19T15:30:44.669+0000] {dag.py:3239} INFO - Sync 1 DAGs
[2026-03-19T15:30:44.688+0000] {logging_mixin.py:190} INFO - [2026-03-19T15:30:44.687+0000] {dag.py:4180} INFO - Setting next_dagrun for practice_dag to None, run_after=None
[2026-03-19T15:30:44.710+0000] {processor.py:208} INFO - Processing /opt/airflow/dags/dagnew.py took 0.107 seconds
[2026-03-19T15:31:15.356+0000] {processor.py:186} INFO - Started process (PID=1808) to work on /opt/airflow/dags/dagnew.py
[2026-03-19T15:31:15.357+0000] {processor.py:914} INFO - Processing file /opt/airflow/dags/dagnew.py for tasks to queue
[2026-03-19T15:31:15.359+0000] {logging_mixin.py:190} INFO - [2026-03-19T15:31:15.359+0000] {dagbag.py:588} INFO - Filling up the DagBag from /opt/airflow/dags/dagnew.py
[2026-03-19T15:31:15.368+0000] {processor.py:925} INFO - DAG(s) 'practice_dag' retrieved from /opt/airflow/dags/dagnew.py
[2026-03-19T15:31:15.399+0000] {logging_mixin.py:190} INFO - [2026-03-19T15:31:15.398+0000] {dag.py:3239} INFO - Sync 1 DAGs
[2026-03-19T15:31:15.415+0000] {logging_mixin.py:190} INFO - [2026-03-19T15:31:15.415+0000] {dag.py:4180} INFO - Setting next_dagrun for practice_dag to None, run_after=None
[2026-03-19T15:31:15.571+0000] {processor.py:208} INFO - Processing /opt/airflow/dags/dagnew.py took 0.225 seconds
[2026-03-19T15:31:46.274+0000] {processor.py:186} INFO - Started process (PID=1849) to work on /opt/airflow/dags/dagnew.py
[2026-03-19T15:31:46.284+0000] {processor.py:914} INFO - Processing file /opt/airflow/dags/dagnew.py for tasks to queue
[2026-03-19T15:31:46.287+0000] {logging_mixin.py:190} INFO - [2026-03-19T15:31:46.286+0000] {dagbag.py:588} INFO - Filling up the DagBag from /opt/airflow/dags/dagnew.py
[2026-03-19T15:31:46.295+0000] {processor.py:925} INFO - DAG(s) 'practice_dag' retrieved from /opt/airflow/dags/dagnew.py
[2026-03-19T15:31:46.324+0000] {logging_mixin.py:190} INFO - [2026-03-19T15:31:46.324+0000] {dag.py:3239} INFO - Sync 1 DAGs
[2026-03-19T15:31:46.339+0000] {logging_mixin.py:190} INFO - [2026-03-19T15:31:46.339+0000] {dag.py:4180} INFO - Setting next_dagrun for practice_dag to None, run_after=None
[2026-03-19T15:31:46.358+0000] {processor.py:208} INFO - Processing /opt/airflow/dags/dagnew.py took 0.096 seconds
[2026-03-19T15:32:16.978+0000] {processor.py:186} INFO - Started process (PID=1890) to work on /opt/airflow/dags/dagnew.py
[2026-03-19T15:32:16.981+0000] {processor.py:914} INFO - Processing file /opt/airflow/dags/dagnew.py for tasks to queue
[2026-03-19T15:32:16.983+0000] {logging_mixin.py:190} INFO - [2026-03-19T15:32:16.983+0000] {dagbag.py:588} INFO - Filling up the DagBag from /opt/airflow/dags/dagnew.py
[2026-03-19T15:32:16.992+0000] {processor.py:925} INFO - DAG(s) 'practice_dag' retrieved from /opt/airflow/dags/dagnew.py
[2026-03-19T15:32:17.021+0000] {logging_mixin.py:190} INFO - [2026-03-19T15:32:17.020+0000] {dag.py:3239} INFO - Sync 1 DAGs
[2026-03-19T15:32:17.036+0000] {logging_mixin.py:190} INFO - [2026-03-19T15:32:17.036+0000] {dag.py:4180} INFO - Setting next_dagrun for practice_dag to None, run_after=None
[2026-03-19T15:32:17.057+0000] {processor.py:208} INFO - Processing /opt/airflow/dags/dagnew.py took 0.085 seconds
[2026-03-19T15:32:47.725+0000] {processor.py:186} INFO - Started process (PID=1931) to work on /opt/airflow/dags/dagnew.py
[2026-03-19T15:32:47.726+0000] {processor.py:914} INFO - Processing file /opt/airflow/dags/dagnew.py for tasks to queue
[2026-03-19T15:32:47.728+0000] {logging_mixin.py:190} INFO - [2026-03-19T15:32:47.728+0000] {dagbag.py:588} INFO - Filling up the DagBag from /opt/airflow/dags/dagnew.py
[2026-03-19T15:32:47.737+0000] {processor.py:925} INFO - DAG(s) 'practice_dag' retrieved from /opt/airflow/dags/dagnew.py
[2026-03-19T15:32:47.766+0000] {logging_mixin.py:190} INFO - [2026-03-19T15:32:47.765+0000] {dag.py:3239} INFO - Sync 1 DAGs
[2026-03-19T15:32:47.782+0000] {logging_mixin.py:190} INFO - [2026-03-19T15:32:47.782+0000] {dag.py:4180} INFO - Setting next_dagrun for practice_dag to None, run_after=None
[2026-03-19T15:32:47.936+0000] {processor.py:208} INFO - Processing /opt/airflow/dags/dagnew.py took 0.222 seconds
[2026-03-19T15:33:18.627+0000] {processor.py:186} INFO - Started process (PID=1972) to work on /opt/airflow/dags/dagnew.py
[2026-03-19T15:33:18.628+0000] {processor.py:914} INFO - Processing file /opt/airflow/dags/dagnew.py for tasks to queue
[2026-03-19T15:33:18.630+0000] {logging_mixin.py:190} INFO - [2026-03-19T15:33:18.630+0000] {dagbag.py:588} INFO - Filling up the DagBag from /opt/airflow/dags/dagnew.py
[2026-03-19T15:33:18.639+0000] {processor.py:925} INFO - DAG(s) 'practice_dag' retrieved from /opt/airflow/dags/dagnew.py
[2026-03-19T15:33:18.670+0000] {logging_mixin.py:190} INFO - [2026-03-19T15:33:18.669+0000] {dag.py:3239} INFO - Sync 1 DAGs
[2026-03-19T15:33:18.688+0000] {logging_mixin.py:190} INFO - [2026-03-19T15:33:18.688+0000] {dag.py:4180} INFO - Setting next_dagrun for practice_dag to None, run_after=None
[2026-03-19T15:33:18.708+0000] {processor.py:208} INFO - Processing /opt/airflow/dags/dagnew.py took 0.093 seconds
[2026-03-19T15:33:49.330+0000] {processor.py:186} INFO - Started process (PID=2014) to work on /opt/airflow/dags/dagnew.py
[2026-03-19T15:33:49.331+0000] {processor.py:914} INFO - Processing file /opt/airflow/dags/dagnew.py for tasks to queue
[2026-03-19T15:33:49.333+0000] {logging_mixin.py:190} INFO - [2026-03-19T15:33:49.333+0000] {dagbag.py:588} INFO - Filling up the DagBag from /opt/airflow/dags/dagnew.py
[2026-03-19T15:33:49.342+0000] {processor.py:925} INFO - DAG(s) 'practice_dag' retrieved from /opt/airflow/dags/dagnew.py
[2026-03-19T15:33:49.370+0000] {logging_mixin.py:190} INFO - [2026-03-19T15:33:49.370+0000] {dag.py:3239} INFO - Sync 1 DAGs
[2026-03-19T15:33:49.386+0000] {logging_mixin.py:190} INFO - [2026-03-19T15:33:49.386+0000] {dag.py:4180} INFO - Setting next_dagrun for practice_dag to None, run_after=None
[2026-03-19T15:33:49.404+0000] {processor.py:208} INFO - Processing /opt/airflow/dags/dagnew.py took 0.087 seconds
[2026-03-19T15:34:20.040+0000] {processor.py:186} INFO - Started process (PID=2055) to work on /opt/airflow/dags/dagnew.py
[2026-03-19T15:34:20.041+0000] {processor.py:914} INFO - Processing file /opt/airflow/dags/dagnew.py for tasks to queue
[2026-03-19T15:34:20.043+0000] {logging_mixin.py:190} INFO - [2026-03-19T15:34:20.043+0000] {dagbag.py:588} INFO - Filling up the DagBag from /opt/airflow/dags/dagnew.py
[2026-03-19T15:34:20.053+0000] {processor.py:925} INFO - DAG(s) 'practice_dag' retrieved from /opt/airflow/dags/dagnew.py
[2026-03-19T15:34:20.081+0000] {logging_mixin.py:190} INFO - [2026-03-19T15:34:20.081+0000] {dag.py:3239} INFO - Sync 1 DAGs
[2026-03-19T15:34:20.098+0000] {logging_mixin.py:190} INFO - [2026-03-19T15:34:20.098+0000] {dag.py:4180} INFO - Setting next_dagrun for practice_dag to None, run_after=None
[2026-03-19T15:34:20.271+0000] {processor.py:208} INFO - Processing /opt/airflow/dags/dagnew.py took 0.244 seconds
[2026-03-19T15:34:50.923+0000] {processor.py:186} INFO - Started process (PID=2096) to work on /opt/airflow/dags/dagnew.py
[2026-03-19T15:34:50.924+0000] {processor.py:914} INFO - Processing file /opt/airflow/dags/dagnew.py for tasks to queue
[2026-03-19T15:34:50.925+0000] {logging_mixin.py:190} INFO - [2026-03-19T15:34:50.925+0000] {dagbag.py:588} INFO - Filling up the DagBag from /opt/airflow/dags/dagnew.py
[2026-03-19T15:34:50.935+0000] {processor.py:925} INFO - DAG(s) 'practice_dag' retrieved from /opt/airflow/dags/dagnew.py
[2026-03-19T15:34:51.105+0000] {logging_mixin.py:190} INFO - [2026-03-19T15:34:51.105+0000] {dag.py:3239} INFO - Sync 1 DAGs
[2026-03-19T15:34:51.119+0000] {logging_mixin.py:190} INFO - [2026-03-19T15:34:51.119+0000] {dag.py:4180} INFO - Setting next_dagrun for practice_dag to None, run_after=None
[2026-03-19T15:34:51.148+0000] {processor.py:208} INFO - Processing /opt/airflow/dags/dagnew.py took 0.237 seconds
[2026-03-19T15:35:21.603+0000] {processor.py:186} INFO - Started process (PID=2137) to work on /opt/airflow/dags/dagnew.py
[2026-03-19T15:35:21.604+0000] {processor.py:914} INFO - Processing file /opt/airflow/dags/dagnew.py for tasks to queue
[2026-03-19T15:35:21.607+0000] {logging_mixin.py:190} INFO - [2026-03-19T15:35:21.606+0000] {dagbag.py:588} INFO - Filling up the DagBag from /opt/airflow/dags/dagnew.py
[2026-03-19T15:35:21.625+0000] {processor.py:925} INFO - DAG(s) 'practice_dag' retrieved from /opt/airflow/dags/dagnew.py
[2026-03-19T15:35:21.666+0000] {logging_mixin.py:190} INFO - [2026-03-19T15:35:21.666+0000] {dag.py:3239} INFO - Sync 1 DAGs
[2026-03-19T15:35:21.691+0000] {logging_mixin.py:190} INFO - [2026-03-19T15:35:21.691+0000] {dag.py:4180} INFO - Setting next_dagrun for practice_dag to None, run_after=None
[2026-03-19T15:35:21.726+0000] {processor.py:208} INFO - Processing /opt/airflow/dags/dagnew.py took 0.133 seconds
[2026-03-19T15:35:52.329+0000] {processor.py:186} INFO - Started process (PID=2178) to work on /opt/airflow/dags/dagnew.py
[2026-03-19T15:35:52.339+0000] {processor.py:914} INFO - Processing file /opt/airflow/dags/dagnew.py for tasks to queue
[2026-03-19T15:35:52.341+0000] {logging_mixin.py:190} INFO - [2026-03-19T15:35:52.341+0000] {dagbag.py:588} INFO - Filling up the DagBag from /opt/airflow/dags/dagnew.py
[2026-03-19T15:35:52.352+0000] {processor.py:925} INFO - DAG(s) 'practice_dag' retrieved from /opt/airflow/dags/dagnew.py
[2026-03-19T15:35:52.385+0000] {logging_mixin.py:190} INFO - [2026-03-19T15:35:52.385+0000] {dag.py:3239} INFO - Sync 1 DAGs
[2026-03-19T15:35:52.402+0000] {logging_mixin.py:190} INFO - [2026-03-19T15:35:52.402+0000] {dag.py:4180} INFO - Setting next_dagrun for practice_dag to None, run_after=None
[2026-03-19T15:35:52.571+0000] {processor.py:208} INFO - Processing /opt/airflow/dags/dagnew.py took 0.248 seconds
[2026-03-19T15:36:23.203+0000] {processor.py:186} INFO - Started process (PID=2219) to work on /opt/airflow/dags/dagnew.py
[2026-03-19T15:36:23.204+0000] {processor.py:914} INFO - Processing file /opt/airflow/dags/dagnew.py for tasks to queue
[2026-03-19T15:36:23.206+0000] {logging_mixin.py:190} INFO - [2026-03-19T15:36:23.205+0000] {dagbag.py:588} INFO - Filling up the DagBag from /opt/airflow/dags/dagnew.py
[2026-03-19T15:36:23.214+0000] {processor.py:925} INFO - DAG(s) 'practice_dag' retrieved from /opt/airflow/dags/dagnew.py
[2026-03-19T15:36:23.390+0000] {logging_mixin.py:190} INFO - [2026-03-19T15:36:23.389+0000] {dag.py:3239} INFO - Sync 1 DAGs
[2026-03-19T15:36:23.404+0000] {logging_mixin.py:190} INFO - [2026-03-19T15:36:23.404+0000] {dag.py:4180} INFO - Setting next_dagrun for practice_dag to None, run_after=None
[2026-03-19T15:36:23.422+0000] {processor.py:208} INFO - Processing /opt/airflow/dags/dagnew.py took 0.231 seconds
[2026-03-19T15:36:54.086+0000] {processor.py:186} INFO - Started process (PID=2260) to work on /opt/airflow/dags/dagnew.py
[2026-03-19T15:36:54.096+0000] {processor.py:914} INFO - Processing file /opt/airflow/dags/dagnew.py for tasks to queue
[2026-03-19T15:36:54.101+0000] {logging_mixin.py:190} INFO - [2026-03-19T15:36:54.099+0000] {dagbag.py:588} INFO - Filling up the DagBag from /opt/airflow/dags/dagnew.py
[2026-03-19T15:36:54.112+0000] {processor.py:925} INFO - DAG(s) 'practice_dag' retrieved from /opt/airflow/dags/dagnew.py
[2026-03-19T15:36:54.144+0000] {logging_mixin.py:190} INFO - [2026-03-19T15:36:54.144+0000] {dag.py:3239} INFO - Sync 1 DAGs
[2026-03-19T15:36:54.162+0000] {logging_mixin.py:190} INFO - [2026-03-19T15:36:54.162+0000] {dag.py:4180} INFO - Setting next_dagrun for practice_dag to None, run_after=None
[2026-03-19T15:36:54.185+0000] {processor.py:208} INFO - Processing /opt/airflow/dags/dagnew.py took 0.106 seconds
[2026-03-19T15:37:24.849+0000] {processor.py:186} INFO - Started process (PID=2301) to work on /opt/airflow/dags/dagnew.py
[2026-03-19T15:37:24.849+0000] {processor.py:914} INFO - Processing file /opt/airflow/dags/dagnew.py for tasks to queue
[2026-03-19T15:37:24.851+0000] {logging_mixin.py:190} INFO - [2026-03-19T15:37:24.851+0000] {dagbag.py:588} INFO - Filling up the DagBag from /opt/airflow/dags/dagnew.py
[2026-03-19T15:37:24.860+0000] {processor.py:925} INFO - DAG(s) 'practice_dag' retrieved from /opt/airflow/dags/dagnew.py
[2026-03-19T15:37:24.888+0000] {logging_mixin.py:190} INFO - [2026-03-19T15:37:24.888+0000] {dag.py:3239} INFO - Sync 1 DAGs
[2026-03-19T15:37:24.905+0000] {logging_mixin.py:190} INFO - [2026-03-19T15:37:24.905+0000] {dag.py:4180} INFO - Setting next_dagrun for practice_dag to None, run_after=None
[2026-03-19T15:37:24.924+0000] {processor.py:208} INFO - Processing /opt/airflow/dags/dagnew.py took 0.087 seconds
[2026-03-19T15:37:55.608+0000] {processor.py:186} INFO - Started process (PID=2342) to work on /opt/airflow/dags/dagnew.py
[2026-03-19T15:37:55.618+0000] {processor.py:914} INFO - Processing file /opt/airflow/dags/dagnew.py for tasks to queue
[2026-03-19T15:37:55.620+0000] {logging_mixin.py:190} INFO - [2026-03-19T15:37:55.620+0000] {dagbag.py:588} INFO - Filling up the DagBag from /opt/airflow/dags/dagnew.py
[2026-03-19T15:37:55.629+0000] {processor.py:925} INFO - DAG(s) 'practice_dag' retrieved from /opt/airflow/dags/dagnew.py
[2026-03-19T15:37:55.659+0000] {logging_mixin.py:190} INFO - [2026-03-19T15:37:55.659+0000] {dag.py:3239} INFO - Sync 1 DAGs
[2026-03-19T15:37:55.675+0000] {logging_mixin.py:190} INFO - [2026-03-19T15:37:55.675+0000] {dag.py:4180} INFO - Setting next_dagrun for practice_dag to None, run_after=None
[2026-03-19T15:37:55.693+0000] {processor.py:208} INFO - Processing /opt/airflow/dags/dagnew.py took 0.096 seconds
[2026-03-19T15:38:26.403+0000] {processor.py:186} INFO - Started process (PID=2383) to work on /opt/airflow/dags/dagnew.py
[2026-03-19T15:38:26.404+0000] {processor.py:914} INFO - Processing file /opt/airflow/dags/dagnew.py for tasks to queue
[2026-03-19T15:38:26.405+0000] {logging_mixin.py:190} INFO - [2026-03-19T15:38:26.405+0000] {dagbag.py:588} INFO - Filling up the DagBag from /opt/airflow/dags/dagnew.py
[2026-03-19T15:38:26.414+0000] {processor.py:925} INFO - DAG(s) 'practice_dag' retrieved from /opt/airflow/dags/dagnew.py
[2026-03-19T15:38:26.441+0000] {logging_mixin.py:190} INFO - [2026-03-19T15:38:26.441+0000] {dag.py:3239} INFO - Sync 1 DAGs
[2026-03-19T15:38:26.460+0000] {logging_mixin.py:190} INFO - [2026-03-19T15:38:26.459+0000] {dag.py:4180} INFO - Setting next_dagrun for practice_dag to None, run_after=None
[2026-03-19T15:38:26.483+0000] {processor.py:208} INFO - Processing /opt/airflow/dags/dagnew.py took 0.093 seconds
[2026-03-19T15:38:57.134+0000] {processor.py:186} INFO - Started process (PID=2425) to work on /opt/airflow/dags/dagnew.py
[2026-03-19T15:38:57.143+0000] {processor.py:914} INFO - Processing file /opt/airflow/dags/dagnew.py for tasks to queue
[2026-03-19T15:38:57.146+0000] {logging_mixin.py:190} INFO - [2026-03-19T15:38:57.145+0000] {dagbag.py:588} INFO - Filling up the DagBag from /opt/airflow/dags/dagnew.py
[2026-03-19T15:38:57.154+0000] {processor.py:925} INFO - DAG(s) 'practice_dag' retrieved from /opt/airflow/dags/dagnew.py
[2026-03-19T15:38:57.183+0000] {logging_mixin.py:190} INFO - [2026-03-19T15:38:57.183+0000] {dag.py:3239} INFO - Sync 1 DAGs
[2026-03-19T15:38:57.200+0000] {logging_mixin.py:190} INFO - [2026-03-19T15:38:57.200+0000] {dag.py:4180} INFO - Setting next_dagrun for practice_dag to None, run_after=None
[2026-03-19T15:38:57.222+0000] {processor.py:208} INFO - Processing /opt/airflow/dags/dagnew.py took 0.100 seconds
[2026-03-19T15:39:27.841+0000] {processor.py:186} INFO - Started process (PID=2466) to work on /opt/airflow/dags/dagnew.py
[2026-03-19T15:39:27.842+0000] {processor.py:914} INFO - Processing file /opt/airflow/dags/dagnew.py for tasks to queue
[2026-03-19T15:39:27.844+0000] {logging_mixin.py:190} INFO - [2026-03-19T15:39:27.844+0000] {dagbag.py:588} INFO - Filling up the DagBag from /opt/airflow/dags/dagnew.py
[2026-03-19T15:39:27.854+0000] {processor.py:925} INFO - DAG(s) 'practice_dag' retrieved from /opt/airflow/dags/dagnew.py
[2026-03-19T15:39:27.886+0000] {logging_mixin.py:190} INFO - [2026-03-19T15:39:27.885+0000] {dag.py:3239} INFO - Sync 1 DAGs
[2026-03-19T15:39:27.902+0000] {logging_mixin.py:190} INFO - [2026-03-19T15:39:27.902+0000] {dag.py:4180} INFO - Setting next_dagrun for practice_dag to None, run_after=None
[2026-03-19T15:39:27.924+0000] {processor.py:208} INFO - Processing /opt/airflow/dags/dagnew.py took 0.095 seconds
[2026-03-19T15:39:58.592+0000] {processor.py:186} INFO - Started process (PID=2507) to work on /opt/airflow/dags/dagnew.py
[2026-03-19T15:39:58.602+0000] {processor.py:914} INFO - Processing file /opt/airflow/dags/dagnew.py for tasks to queue
[2026-03-19T15:39:58.604+0000] {logging_mixin.py:190} INFO - [2026-03-19T15:39:58.604+0000] {dagbag.py:588} INFO - Filling up the DagBag from /opt/airflow/dags/dagnew.py
[2026-03-19T15:39:58.614+0000] {processor.py:925} INFO - DAG(s) 'practice_dag' retrieved from /opt/airflow/dags/dagnew.py
[2026-03-19T15:39:58.646+0000] {logging_mixin.py:190} INFO - [2026-03-19T15:39:58.646+0000] {dag.py:3239} INFO - Sync 1 DAGs
[2026-03-19T15:39:58.664+0000] {logging_mixin.py:190} INFO - [2026-03-19T15:39:58.663+0000] {dag.py:4180} INFO - Setting next_dagrun for practice_dag to None, run_after=None
[2026-03-19T15:39:58.685+0000] {processor.py:208} INFO - Processing /opt/airflow/dags/dagnew.py took 0.106 seconds
[2026-03-19T15:40:29.356+0000] {processor.py:186} INFO - Started process (PID=2548) to work on /opt/airflow/dags/dagnew.py
[2026-03-19T15:40:29.357+0000] {processor.py:914} INFO - Processing file /opt/airflow/dags/dagnew.py for tasks to queue
[2026-03-19T15:40:29.360+0000] {logging_mixin.py:190} INFO - [2026-03-19T15:40:29.359+0000] {dagbag.py:588} INFO - Filling up the DagBag from /opt/airflow/dags/dagnew.py
[2026-03-19T15:40:29.369+0000] {processor.py:925} INFO - DAG(s) 'practice_dag' retrieved from /opt/airflow/dags/dagnew.py
[2026-03-19T15:40:29.396+0000] {logging_mixin.py:190} INFO - [2026-03-19T15:40:29.395+0000] {dag.py:3239} INFO - Sync 1 DAGs
[2026-03-19T15:40:29.412+0000] {logging_mixin.py:190} INFO - [2026-03-19T15:40:29.411+0000] {dag.py:4180} INFO - Setting next_dagrun for practice_dag to None, run_after=None
[2026-03-19T15:40:29.432+0000] {processor.py:208} INFO - Processing /opt/airflow/dags/dagnew.py took 0.087 seconds
[2026-03-19T15:41:00.086+0000] {processor.py:186} INFO - Started process (PID=2590) to work on /opt/airflow/dags/dagnew.py
[2026-03-19T15:41:00.088+0000] {processor.py:914} INFO - Processing file /opt/airflow/dags/dagnew.py for tasks to queue
[2026-03-19T15:41:00.090+0000] {logging_mixin.py:190} INFO - [2026-03-19T15:41:00.090+0000] {dagbag.py:588} INFO - Filling up the DagBag from /opt/airflow/dags/dagnew.py
[2026-03-19T15:41:00.099+0000] {processor.py:925} INFO - DAG(s) 'practice_dag' retrieved from /opt/airflow/dags/dagnew.py
[2026-03-19T15:41:00.128+0000] {logging_mixin.py:190} INFO - [2026-03-19T15:41:00.128+0000] {dag.py:3239} INFO - Sync 1 DAGs
[2026-03-19T15:41:00.144+0000] {logging_mixin.py:190} INFO - [2026-03-19T15:41:00.143+0000] {dag.py:4180} INFO - Setting next_dagrun for practice_dag to None, run_after=None
[2026-03-19T15:41:00.164+0000] {processor.py:208} INFO - Processing /opt/airflow/dags/dagnew.py took 0.090 seconds
[2026-03-19T15:41:30.843+0000] {processor.py:186} INFO - Started process (PID=2631) to work on /opt/airflow/dags/dagnew.py
[2026-03-19T15:41:30.844+0000] {processor.py:914} INFO - Processing file /opt/airflow/dags/dagnew.py for tasks to queue
[2026-03-19T15:41:30.846+0000] {logging_mixin.py:190} INFO - [2026-03-19T15:41:30.845+0000] {dagbag.py:588} INFO - Filling up the DagBag from /opt/airflow/dags/dagnew.py
[2026-03-19T15:41:30.854+0000] {processor.py:925} INFO - DAG(s) 'practice_dag' retrieved from /opt/airflow/dags/dagnew.py
[2026-03-19T15:41:30.883+0000] {logging_mixin.py:190} INFO - [2026-03-19T15:41:30.883+0000] {dag.py:3239} INFO - Sync 1 DAGs
[2026-03-19T15:41:30.899+0000] {logging_mixin.py:190} INFO - [2026-03-19T15:41:30.899+0000] {dag.py:4180} INFO - Setting next_dagrun for practice_dag to None, run_after=None
[2026-03-19T15:41:30.918+0000] {processor.py:208} INFO - Processing /opt/airflow/dags/dagnew.py took 0.086 seconds
[2026-03-19T15:42:01.548+0000] {processor.py:186} INFO - Started process (PID=2672) to work on /opt/airflow/dags/dagnew.py
[2026-03-19T15:42:01.557+0000] {processor.py:914} INFO - Processing file /opt/airflow/dags/dagnew.py for tasks to queue
[2026-03-19T15:42:01.561+0000] {logging_mixin.py:190} INFO - [2026-03-19T15:42:01.560+0000] {dagbag.py:588} INFO - Filling up the DagBag from /opt/airflow/dags/dagnew.py
[2026-03-19T15:42:01.570+0000] {processor.py:925} INFO - DAG(s) 'practice_dag' retrieved from /opt/airflow/dags/dagnew.py
[2026-03-19T15:42:01.602+0000] {logging_mixin.py:190} INFO - [2026-03-19T15:42:01.601+0000] {dag.py:3239} INFO - Sync 1 DAGs
[2026-03-19T15:42:01.619+0000] {logging_mixin.py:190} INFO - [2026-03-19T15:42:01.619+0000] {dag.py:4180} INFO - Setting next_dagrun for practice_dag to None, run_after=None
[2026-03-19T15:42:01.640+0000] {processor.py:208} INFO - Processing /opt/airflow/dags/dagnew.py took 0.102 seconds
[2026-03-19T15:42:32.220+0000] {processor.py:186} INFO - Started process (PID=2713) to work on /opt/airflow/dags/dagnew.py
[2026-03-19T15:42:32.221+0000] {processor.py:914} INFO - Processing file /opt/airflow/dags/dagnew.py for tasks to queue
[2026-03-19T15:42:32.223+0000] {logging_mixin.py:190} INFO - [2026-03-19T15:42:32.223+0000] {dagbag.py:588} INFO - Filling up the DagBag from /opt/airflow/dags/dagnew.py
[2026-03-19T15:42:32.232+0000] {processor.py:925} INFO - DAG(s) 'practice_dag' retrieved from /opt/airflow/dags/dagnew.py
[2026-03-19T15:42:32.261+0000] {logging_mixin.py:190} INFO - [2026-03-19T15:42:32.260+0000] {dag.py:3239} INFO - Sync 1 DAGs
[2026-03-19T15:42:32.276+0000] {logging_mixin.py:190} INFO - [2026-03-19T15:42:32.276+0000] {dag.py:4180} INFO - Setting next_dagrun for practice_dag to None, run_after=None
[2026-03-19T15:42:32.296+0000] {processor.py:208} INFO - Processing /opt/airflow/dags/dagnew.py took 0.086 seconds
[2026-03-19T15:43:02.943+0000] {processor.py:186} INFO - Started process (PID=2754) to work on /opt/airflow/dags/dagnew.py
[2026-03-19T15:43:02.953+0000] {processor.py:914} INFO - Processing file /opt/airflow/dags/dagnew.py for tasks to queue
[2026-03-19T15:43:02.955+0000] {logging_mixin.py:190} INFO - [2026-03-19T15:43:02.955+0000] {dagbag.py:588} INFO - Filling up the DagBag from /opt/airflow/dags/dagnew.py
[2026-03-19T15:43:02.964+0000] {processor.py:925} INFO - DAG(s) 'practice_dag' retrieved from /opt/airflow/dags/dagnew.py
[2026-03-19T15:43:02.993+0000] {logging_mixin.py:190} INFO - [2026-03-19T15:43:02.993+0000] {dag.py:3239} INFO - Sync 1 DAGs
[2026-03-19T15:43:03.009+0000] {logging_mixin.py:190} INFO - [2026-03-19T15:43:03.009+0000] {dag.py:4180} INFO - Setting next_dagrun for practice_dag to None, run_after=None
[2026-03-19T15:43:03.028+0000] {processor.py:208} INFO - Processing /opt/airflow/dags/dagnew.py took 0.095 seconds
[2026-03-19T15:43:33.665+0000] {processor.py:186} INFO - Started process (PID=2795) to work on /opt/airflow/dags/dagnew.py
[2026-03-19T15:43:33.666+0000] {processor.py:914} INFO - Processing file /opt/airflow/dags/dagnew.py for tasks to queue
[2026-03-19T15:43:33.668+0000] {logging_mixin.py:190} INFO - [2026-03-19T15:43:33.668+0000] {dagbag.py:588} INFO - Filling up the DagBag from /opt/airflow/dags/dagnew.py
[2026-03-19T15:43:33.677+0000] {processor.py:925} INFO - DAG(s) 'practice_dag' retrieved from /opt/airflow/dags/dagnew.py
[2026-03-19T15:43:33.703+0000] {logging_mixin.py:190} INFO - [2026-03-19T15:43:33.702+0000] {dag.py:3239} INFO - Sync 1 DAGs
[2026-03-19T15:43:33.720+0000] {logging_mixin.py:190} INFO - [2026-03-19T15:43:33.719+0000] {dag.py:4180} INFO - Setting next_dagrun for practice_dag to None, run_after=None
[2026-03-19T15:43:33.738+0000] {processor.py:208} INFO - Processing /opt/airflow/dags/dagnew.py took 0.085 seconds
[2026-03-19T15:44:04.396+0000] {processor.py:186} INFO - Started process (PID=2836) to work on /opt/airflow/dags/dagnew.py
[2026-03-19T15:44:04.405+0000] {processor.py:914} INFO - Processing file /opt/airflow/dags/dagnew.py for tasks to queue
[2026-03-19T15:44:04.407+0000] {logging_mixin.py:190} INFO - [2026-03-19T15:44:04.407+0000] {dagbag.py:588} INFO - Filling up the DagBag from /opt/airflow/dags/dagnew.py
[2026-03-19T15:44:04.417+0000] {processor.py:925} INFO - DAG(s) 'practice_dag' retrieved from /opt/airflow/dags/dagnew.py
[2026-03-19T15:44:04.447+0000] {logging_mixin.py:190} INFO - [2026-03-19T15:44:04.446+0000] {dag.py:3239} INFO - Sync 1 DAGs
[2026-03-19T15:44:04.464+0000] {logging_mixin.py:190} INFO - [2026-03-19T15:44:04.463+0000] {dag.py:4180} INFO - Setting next_dagrun for practice_dag to None, run_after=None
[2026-03-19T15:44:04.487+0000] {processor.py:208} INFO - Processing /opt/airflow/dags/dagnew.py took 0.098 seconds
[2026-03-19T15:44:35.151+0000] {processor.py:186} INFO - Started process (PID=2883) to work on /opt/airflow/dags/dagnew.py
[2026-03-19T15:44:35.152+0000] {processor.py:914} INFO - Processing file /opt/airflow/dags/dagnew.py for tasks to queue
[2026-03-19T15:44:35.154+0000] {logging_mixin.py:190} INFO - [2026-03-19T15:44:35.153+0000] {dagbag.py:588} INFO - Filling up the DagBag from /opt/airflow/dags/dagnew.py
[2026-03-19T15:44:35.164+0000] {processor.py:925} INFO - DAG(s) 'practice_dag' retrieved from /opt/airflow/dags/dagnew.py
[2026-03-19T15:44:35.193+0000] {logging_mixin.py:190} INFO - [2026-03-19T15:44:35.192+0000] {dag.py:3239} INFO - Sync 1 DAGs
[2026-03-19T15:44:35.209+0000] {logging_mixin.py:190} INFO - [2026-03-19T15:44:35.208+0000] {dag.py:4180} INFO - Setting next_dagrun for practice_dag to None, run_after=None
[2026-03-19T15:44:35.228+0000] {processor.py:208} INFO - Processing /opt/airflow/dags/dagnew.py took 0.090 seconds
[2026-03-19T15:45:05.900+0000] {processor.py:186} INFO - Started process (PID=2924) to work on /opt/airflow/dags/dagnew.py
[2026-03-19T15:45:05.910+0000] {processor.py:914} INFO - Processing file /opt/airflow/dags/dagnew.py for tasks to queue
[2026-03-19T15:45:05.912+0000] {logging_mixin.py:190} INFO - [2026-03-19T15:45:05.912+0000] {dagbag.py:588} INFO - Filling up the DagBag from /opt/airflow/dags/dagnew.py
[2026-03-19T15:45:05.921+0000] {processor.py:925} INFO - DAG(s) 'practice_dag' retrieved from /opt/airflow/dags/dagnew.py
[2026-03-19T15:45:05.952+0000] {logging_mixin.py:190} INFO - [2026-03-19T15:45:05.952+0000] {dag.py:3239} INFO - Sync 1 DAGs
[2026-03-19T15:45:05.969+0000] {logging_mixin.py:190} INFO - [2026-03-19T15:45:05.968+0000] {dag.py:4180} INFO - Setting next_dagrun for practice_dag to None, run_after=None
[2026-03-19T15:45:05.989+0000] {processor.py:208} INFO - Processing /opt/airflow/dags/dagnew.py took 0.101 seconds
[2026-03-19T15:45:36.560+0000] {processor.py:186} INFO - Started process (PID=2965) to work on /opt/airflow/dags/dagnew.py
[2026-03-19T15:45:36.561+0000] {processor.py:914} INFO - Processing file /opt/airflow/dags/dagnew.py for tasks to queue
[2026-03-19T15:45:36.564+0000] {logging_mixin.py:190} INFO - [2026-03-19T15:45:36.563+0000] {dagbag.py:588} INFO - Filling up the DagBag from /opt/airflow/dags/dagnew.py
[2026-03-19T15:45:36.574+0000] {processor.py:925} INFO - DAG(s) 'practice_dag' retrieved from /opt/airflow/dags/dagnew.py
[2026-03-19T15:45:36.607+0000] {logging_mixin.py:190} INFO - [2026-03-19T15:45:36.606+0000] {dag.py:3239} INFO - Sync 1 DAGs
[2026-03-19T15:45:36.623+0000] {logging_mixin.py:190} INFO - [2026-03-19T15:45:36.623+0000] {dag.py:4180} INFO - Setting next_dagrun for practice_dag to None, run_after=None
[2026-03-19T15:45:36.643+0000] {processor.py:208} INFO - Processing /opt/airflow/dags/dagnew.py took 0.090 seconds
[2026-03-19T15:46:07.305+0000] {processor.py:186} INFO - Started process (PID=3006) to work on /opt/airflow/dags/dagnew.py
[2026-03-19T15:46:07.315+0000] {processor.py:914} INFO - Processing file /opt/airflow/dags/dagnew.py for tasks to queue
[2026-03-19T15:46:07.317+0000] {logging_mixin.py:190} INFO - [2026-03-19T15:46:07.317+0000] {dagbag.py:588} INFO - Filling up the DagBag from /opt/airflow/dags/dagnew.py
[2026-03-19T15:46:07.326+0000] {processor.py:925} INFO - DAG(s) 'practice_dag' retrieved from /opt/airflow/dags/dagnew.py
[2026-03-19T15:46:07.363+0000] {logging_mixin.py:190} INFO - [2026-03-19T15:46:07.363+0000] {dag.py:3239} INFO - Sync 1 DAGs
[2026-03-19T15:46:07.380+0000] {logging_mixin.py:190} INFO - [2026-03-19T15:46:07.379+0000] {dag.py:4180} INFO - Setting next_dagrun for practice_dag to None, run_after=None
[2026-03-19T15:46:07.400+0000] {processor.py:208} INFO - Processing /opt/airflow/dags/dagnew.py took 0.105 seconds
[2026-03-19T15:46:38.051+0000] {processor.py:186} INFO - Started process (PID=3047) to work on /opt/airflow/dags/dagnew.py
[2026-03-19T15:46:38.053+0000] {processor.py:914} INFO - Processing file /opt/airflow/dags/dagnew.py for tasks to queue
[2026-03-19T15:46:38.055+0000] {logging_mixin.py:190} INFO - [2026-03-19T15:46:38.055+0000] {dagbag.py:588} INFO - Filling up the DagBag from /opt/airflow/dags/dagnew.py
[2026-03-19T15:46:38.065+0000] {processor.py:925} INFO - DAG(s) 'practice_dag' retrieved from /opt/airflow/dags/dagnew.py
[2026-03-19T15:46:38.099+0000] {logging_mixin.py:190} INFO - [2026-03-19T15:46:38.099+0000] {dag.py:3239} INFO - Sync 1 DAGs
[2026-03-19T15:46:38.117+0000] {logging_mixin.py:190} INFO - [2026-03-19T15:46:38.117+0000] {dag.py:4180} INFO - Setting next_dagrun for practice_dag to None, run_after=None
[2026-03-19T15:46:38.138+0000] {processor.py:208} INFO - Processing /opt/airflow/dags/dagnew.py took 0.093 seconds
[2026-03-19T15:47:08.788+0000] {processor.py:186} INFO - Started process (PID=3088) to work on /opt/airflow/dags/dagnew.py
[2026-03-19T15:47:08.789+0000] {processor.py:914} INFO - Processing file /opt/airflow/dags/dagnew.py for tasks to queue
[2026-03-19T15:47:08.791+0000] {logging_mixin.py:190} INFO - [2026-03-19T15:47:08.791+0000] {dagbag.py:588} INFO - Filling up the DagBag from /opt/airflow/dags/dagnew.py
[2026-03-19T15:47:08.800+0000] {processor.py:925} INFO - DAG(s) 'practice_dag' retrieved from /opt/airflow/dags/dagnew.py
[2026-03-19T15:47:08.829+0000] {logging_mixin.py:190} INFO - [2026-03-19T15:47:08.828+0000] {dag.py:3239} INFO - Sync 1 DAGs
[2026-03-19T15:47:08.844+0000] {logging_mixin.py:190} INFO - [2026-03-19T15:47:08.844+0000] {dag.py:4180} INFO - Setting next_dagrun for practice_dag to None, run_after=None
[2026-03-19T15:47:08.864+0000] {processor.py:208} INFO - Processing /opt/airflow/dags/dagnew.py took 0.088 seconds
[2026-03-19T15:47:39.540+0000] {processor.py:186} INFO - Started process (PID=3129) to work on /opt/airflow/dags/dagnew.py
[2026-03-19T15:47:39.540+0000] {processor.py:914} INFO - Processing file /opt/airflow/dags/dagnew.py for tasks to queue
[2026-03-19T15:47:39.542+0000] {logging_mixin.py:190} INFO - [2026-03-19T15:47:39.542+0000] {dagbag.py:588} INFO - Filling up the DagBag from /opt/airflow/dags/dagnew.py
[2026-03-19T15:47:39.551+0000] {processor.py:925} INFO - DAG(s) 'practice_dag' retrieved from /opt/airflow/dags/dagnew.py
[2026-03-19T15:47:39.581+0000] {logging_mixin.py:190} INFO - [2026-03-19T15:47:39.581+0000] {dag.py:3239} INFO - Sync 1 DAGs
[2026-03-19T15:47:39.599+0000] {logging_mixin.py:190} INFO - [2026-03-19T15:47:39.599+0000] {dag.py:4180} INFO - Setting next_dagrun for practice_dag to None, run_after=None
[2026-03-19T15:47:39.621+0000] {processor.py:208} INFO - Processing /opt/airflow/dags/dagnew.py took 0.092 seconds
[2026-03-19T15:48:10.197+0000] {processor.py:186} INFO - Started process (PID=3170) to work on /opt/airflow/dags/dagnew.py
[2026-03-19T15:48:10.207+0000] {processor.py:914} INFO - Processing file /opt/airflow/dags/dagnew.py for tasks to queue
[2026-03-19T15:48:10.209+0000] {logging_mixin.py:190} INFO - [2026-03-19T15:48:10.208+0000] {dagbag.py:588} INFO - Filling up the DagBag from /opt/airflow/dags/dagnew.py
[2026-03-19T15:48:10.218+0000] {processor.py:925} INFO - DAG(s) 'practice_dag' retrieved from /opt/airflow/dags/dagnew.py
[2026-03-19T15:48:10.254+0000] {logging_mixin.py:190} INFO - [2026-03-19T15:48:10.254+0000] {dag.py:3239} INFO - Sync 1 DAGs
[2026-03-19T15:48:10.278+0000] {logging_mixin.py:190} INFO - [2026-03-19T15:48:10.278+0000] {dag.py:4180} INFO - Setting next_dagrun for practice_dag to None, run_after=None
[2026-03-19T15:48:10.307+0000] {processor.py:208} INFO - Processing /opt/airflow/dags/dagnew.py took 0.122 seconds
[2026-03-19T15:48:40.964+0000] {processor.py:186} INFO - Started process (PID=3211) to work on /opt/airflow/dags/dagnew.py
[2026-03-19T15:48:40.967+0000] {processor.py:914} INFO - Processing file /opt/airflow/dags/dagnew.py for tasks to queue
[2026-03-19T15:48:40.969+0000] {logging_mixin.py:190} INFO - [2026-03-19T15:48:40.969+0000] {dagbag.py:588} INFO - Filling up the DagBag from /opt/airflow/dags/dagnew.py
[2026-03-19T15:48:40.978+0000] {processor.py:925} INFO - DAG(s) 'practice_dag' retrieved from /opt/airflow/dags/dagnew.py
[2026-03-19T15:48:41.005+0000] {logging_mixin.py:190} INFO - [2026-03-19T15:48:41.005+0000] {dag.py:3239} INFO - Sync 1 DAGs
[2026-03-19T15:48:41.020+0000] {logging_mixin.py:190} INFO - [2026-03-19T15:48:41.020+0000] {dag.py:4180} INFO - Setting next_dagrun for practice_dag to None, run_after=None
[2026-03-19T15:48:41.039+0000] {processor.py:208} INFO - Processing /opt/airflow/dags/dagnew.py took 0.081 seconds
[2026-03-19T15:49:11.624+0000] {processor.py:186} INFO - Started process (PID=3252) to work on /opt/airflow/dags/dagnew.py
[2026-03-19T15:49:11.634+0000] {processor.py:914} INFO - Processing file /opt/airflow/dags/dagnew.py for tasks to queue
[2026-03-19T15:49:11.636+0000] {logging_mixin.py:190} INFO - [2026-03-19T15:49:11.635+0000] {dagbag.py:588} INFO - Filling up the DagBag from /opt/airflow/dags/dagnew.py
[2026-03-19T15:49:11.644+0000] {processor.py:925} INFO - DAG(s) 'practice_dag' retrieved from /opt/airflow/dags/dagnew.py
[2026-03-19T15:49:11.673+0000] {logging_mixin.py:190} INFO - [2026-03-19T15:49:11.673+0000] {dag.py:3239} INFO - Sync 1 DAGs
[2026-03-19T15:49:11.689+0000] {logging_mixin.py:190} INFO - [2026-03-19T15:49:11.689+0000] {dag.py:4180} INFO - Setting next_dagrun for practice_dag to None, run_after=None
[2026-03-19T15:49:11.708+0000] {processor.py:208} INFO - Processing /opt/airflow/dags/dagnew.py took 0.095 seconds
[2026-03-19T15:49:42.307+0000] {processor.py:186} INFO - Started process (PID=3293) to work on /opt/airflow/dags/dagnew.py
[2026-03-19T15:49:42.308+0000] {processor.py:914} INFO - Processing file /opt/airflow/dags/dagnew.py for tasks to queue
[2026-03-19T15:49:42.310+0000] {logging_mixin.py:190} INFO - [2026-03-19T15:49:42.310+0000] {dagbag.py:588} INFO - Filling up the DagBag from /opt/airflow/dags/dagnew.py
[2026-03-19T15:49:42.319+0000] {processor.py:925} INFO - DAG(s) 'practice_dag' retrieved from /opt/airflow/dags/dagnew.py
[2026-03-19T15:49:42.347+0000] {logging_mixin.py:190} INFO - [2026-03-19T15:49:42.347+0000] {dag.py:3239} INFO - Sync 1 DAGs
[2026-03-19T15:49:42.364+0000] {logging_mixin.py:190} INFO - [2026-03-19T15:49:42.364+0000] {dag.py:4180} INFO - Setting next_dagrun for practice_dag to None, run_after=None
[2026-03-19T15:49:42.383+0000] {processor.py:208} INFO - Processing /opt/airflow/dags/dagnew.py took 0.082 seconds
[2026-03-19T15:50:13.025+0000] {processor.py:186} INFO - Started process (PID=3334) to work on /opt/airflow/dags/dagnew.py
[2026-03-19T15:50:13.035+0000] {processor.py:914} INFO - Processing file /opt/airflow/dags/dagnew.py for tasks to queue
[2026-03-19T15:50:13.038+0000] {logging_mixin.py:190} INFO - [2026-03-19T15:50:13.038+0000] {dagbag.py:588} INFO - Filling up the DagBag from /opt/airflow/dags/dagnew.py
[2026-03-19T15:50:13.049+0000] {processor.py:925} INFO - DAG(s) 'practice_dag' retrieved from /opt/airflow/dags/dagnew.py
[2026-03-19T15:50:13.084+0000] {logging_mixin.py:190} INFO - [2026-03-19T15:50:13.084+0000] {dag.py:3239} INFO - Sync 1 DAGs
[2026-03-19T15:50:13.099+0000] {logging_mixin.py:190} INFO - [2026-03-19T15:50:13.099+0000] {dag.py:4180} INFO - Setting next_dagrun for practice_dag to None, run_after=None
[2026-03-19T15:50:13.120+0000] {processor.py:208} INFO - Processing /opt/airflow/dags/dagnew.py took 0.102 seconds
[2026-03-19T15:50:43.763+0000] {processor.py:186} INFO - Started process (PID=3375) to work on /opt/airflow/dags/dagnew.py
[2026-03-19T15:50:43.764+0000] {processor.py:914} INFO - Processing file /opt/airflow/dags/dagnew.py for tasks to queue
[2026-03-19T15:50:43.766+0000] {logging_mixin.py:190} INFO - [2026-03-19T15:50:43.766+0000] {dagbag.py:588} INFO - Filling up the DagBag from /opt/airflow/dags/dagnew.py
[2026-03-19T15:50:43.775+0000] {processor.py:925} INFO - DAG(s) 'practice_dag' retrieved from /opt/airflow/dags/dagnew.py
[2026-03-19T15:50:43.806+0000] {logging_mixin.py:190} INFO - [2026-03-19T15:50:43.806+0000] {dag.py:3239} INFO - Sync 1 DAGs
[2026-03-19T15:50:43.822+0000] {logging_mixin.py:190} INFO - [2026-03-19T15:50:43.822+0000] {dag.py:4180} INFO - Setting next_dagrun for practice_dag to None, run_after=None
[2026-03-19T15:50:43.842+0000] {processor.py:208} INFO - Processing /opt/airflow/dags/dagnew.py took 0.091 seconds
[2026-03-19T15:51:14.445+0000] {processor.py:186} INFO - Started process (PID=3416) to work on /opt/airflow/dags/dagnew.py
[2026-03-19T15:51:14.455+0000] {processor.py:914} INFO - Processing file /opt/airflow/dags/dagnew.py for tasks to queue
[2026-03-19T15:51:14.457+0000] {logging_mixin.py:190} INFO - [2026-03-19T15:51:14.457+0000] {dagbag.py:588} INFO - Filling up the DagBag from /opt/airflow/dags/dagnew.py
[2026-03-19T15:51:14.468+0000] {processor.py:925} INFO - DAG(s) 'practice_dag' retrieved from /opt/airflow/dags/dagnew.py
[2026-03-19T15:51:14.500+0000] {logging_mixin.py:190} INFO - [2026-03-19T15:51:14.499+0000] {dag.py:3239} INFO - Sync 1 DAGs
[2026-03-19T15:51:14.518+0000] {logging_mixin.py:190} INFO - [2026-03-19T15:51:14.517+0000] {dag.py:4180} INFO - Setting next_dagrun for practice_dag to None, run_after=None
[2026-03-19T15:51:14.539+0000] {processor.py:208} INFO - Processing /opt/airflow/dags/dagnew.py took 0.103 seconds
[2026-03-19T15:51:45.200+0000] {processor.py:186} INFO - Started process (PID=3457) to work on /opt/airflow/dags/dagnew.py
[2026-03-19T15:51:45.201+0000] {processor.py:914} INFO - Processing file /opt/airflow/dags/dagnew.py for tasks to queue
[2026-03-19T15:51:45.203+0000] {logging_mixin.py:190} INFO - [2026-03-19T15:51:45.203+0000] {dagbag.py:588} INFO - Filling up the DagBag from /opt/airflow/dags/dagnew.py
[2026-03-19T15:51:45.214+0000] {processor.py:925} INFO - DAG(s) 'practice_dag' retrieved from /opt/airflow/dags/dagnew.py
[2026-03-19T15:51:45.253+0000] {logging_mixin.py:190} INFO - [2026-03-19T15:51:45.252+0000] {dag.py:3239} INFO - Sync 1 DAGs
[2026-03-19T15:51:45.273+0000] {logging_mixin.py:190} INFO - [2026-03-19T15:51:45.272+0000] {dag.py:4180} INFO - Setting next_dagrun for practice_dag to None, run_after=None
[2026-03-19T15:51:45.300+0000] {processor.py:208} INFO - Processing /opt/airflow/dags/dagnew.py took 0.108 seconds
[2026-03-19T15:52:15.955+0000] {processor.py:186} INFO - Started process (PID=3498) to work on /opt/airflow/dags/dagnew.py
[2026-03-19T15:52:15.965+0000] {processor.py:914} INFO - Processing file /opt/airflow/dags/dagnew.py for tasks to queue
[2026-03-19T15:52:15.967+0000] {logging_mixin.py:190} INFO - [2026-03-19T15:52:15.967+0000] {dagbag.py:588} INFO - Filling up the DagBag from /opt/airflow/dags/dagnew.py
[2026-03-19T15:52:15.977+0000] {processor.py:925} INFO - DAG(s) 'practice_dag' retrieved from /opt/airflow/dags/dagnew.py
[2026-03-19T15:52:16.011+0000] {logging_mixin.py:190} INFO - [2026-03-19T15:52:16.011+0000] {dag.py:3239} INFO - Sync 1 DAGs
[2026-03-19T15:52:16.030+0000] {logging_mixin.py:190} INFO - [2026-03-19T15:52:16.029+0000] {dag.py:4180} INFO - Setting next_dagrun for practice_dag to None, run_after=None
[2026-03-19T15:52:16.051+0000] {processor.py:208} INFO - Processing /opt/airflow/dags/dagnew.py took 0.106 seconds
[2026-03-19T15:52:46.690+0000] {processor.py:186} INFO - Started process (PID=3539) to work on /opt/airflow/dags/dagnew.py
[2026-03-19T15:52:46.691+0000] {processor.py:914} INFO - Processing file /opt/airflow/dags/dagnew.py for tasks to queue
[2026-03-19T15:52:46.693+0000] {logging_mixin.py:190} INFO - [2026-03-19T15:52:46.693+0000] {dagbag.py:588} INFO - Filling up the DagBag from /opt/airflow/dags/dagnew.py
[2026-03-19T15:52:46.703+0000] {processor.py:925} INFO - DAG(s) 'practice_dag' retrieved from /opt/airflow/dags/dagnew.py
[2026-03-19T15:52:46.733+0000] {logging_mixin.py:190} INFO - [2026-03-19T15:52:46.733+0000] {dag.py:3239} INFO - Sync 1 DAGs
[2026-03-19T15:52:46.753+0000] {logging_mixin.py:190} INFO - [2026-03-19T15:52:46.752+0000] {dag.py:4180} INFO - Setting next_dagrun for practice_dag to None, run_after=None
[2026-03-19T15:52:46.775+0000] {processor.py:208} INFO - Processing /opt/airflow/dags/dagnew.py took 0.094 seconds
[2026-03-19T15:53:17.393+0000] {processor.py:186} INFO - Started process (PID=3580) to work on /opt/airflow/dags/dagnew.py
[2026-03-19T15:53:17.403+0000] {processor.py:914} INFO - Processing file /opt/airflow/dags/dagnew.py for tasks to queue
[2026-03-19T15:53:17.406+0000] {logging_mixin.py:190} INFO - [2026-03-19T15:53:17.405+0000] {dagbag.py:588} INFO - Filling up the DagBag from /opt/airflow/dags/dagnew.py
[2026-03-19T15:53:17.415+0000] {processor.py:925} INFO - DAG(s) 'practice_dag' retrieved from /opt/airflow/dags/dagnew.py
[2026-03-19T15:53:17.444+0000] {logging_mixin.py:190} INFO - [2026-03-19T15:53:17.444+0000] {dag.py:3239} INFO - Sync 1 DAGs
[2026-03-19T15:53:17.463+0000] {logging_mixin.py:190} INFO - [2026-03-19T15:53:17.462+0000] {dag.py:4180} INFO - Setting next_dagrun for practice_dag to None, run_after=None
[2026-03-19T15:53:17.484+0000] {processor.py:208} INFO - Processing /opt/airflow/dags/dagnew.py took 0.101 seconds
[2026-03-19T15:53:48.143+0000] {processor.py:186} INFO - Started process (PID=3621) to work on /opt/airflow/dags/dagnew.py
[2026-03-19T15:53:48.144+0000] {processor.py:914} INFO - Processing file /opt/airflow/dags/dagnew.py for tasks to queue
[2026-03-19T15:53:48.146+0000] {logging_mixin.py:190} INFO - [2026-03-19T15:53:48.146+0000] {dagbag.py:588} INFO - Filling up the DagBag from /opt/airflow/dags/dagnew.py
[2026-03-19T15:53:48.158+0000] {processor.py:925} INFO - DAG(s) 'practice_dag' retrieved from /opt/airflow/dags/dagnew.py
[2026-03-19T15:53:48.190+0000] {logging_mixin.py:190} INFO - [2026-03-19T15:53:48.189+0000] {dag.py:3239} INFO - Sync 1 DAGs
[2026-03-19T15:53:48.209+0000] {logging_mixin.py:190} INFO - [2026-03-19T15:53:48.209+0000] {dag.py:4180} INFO - Setting next_dagrun for practice_dag to None, run_after=None
[2026-03-19T15:53:48.232+0000] {processor.py:208} INFO - Processing /opt/airflow/dags/dagnew.py took 0.098 seconds
[2026-03-19T15:54:18.950+0000] {processor.py:186} INFO - Started process (PID=3662) to work on /opt/airflow/dags/dagnew.py
[2026-03-19T15:54:18.959+0000] {processor.py:914} INFO - Processing file /opt/airflow/dags/dagnew.py for tasks to queue
[2026-03-19T15:54:18.962+0000] {logging_mixin.py:190} INFO - [2026-03-19T15:54:18.962+0000] {dagbag.py:588} INFO - Filling up the DagBag from /opt/airflow/dags/dagnew.py
[2026-03-19T15:54:18.974+0000] {processor.py:925} INFO - DAG(s) 'practice_dag' retrieved from /opt/airflow/dags/dagnew.py
[2026-03-19T15:54:19.015+0000] {logging_mixin.py:190} INFO - [2026-03-19T15:54:19.014+0000] {dag.py:3239} INFO - Sync 1 DAGs
[2026-03-19T15:54:19.037+0000] {logging_mixin.py:190} INFO - [2026-03-19T15:54:19.037+0000] {dag.py:4180} INFO - Setting next_dagrun for practice_dag to None, run_after=None
[2026-03-19T15:54:19.061+0000] {processor.py:208} INFO - Processing /opt/airflow/dags/dagnew.py took 0.123 seconds
[2026-03-19T15:54:49.746+0000] {processor.py:186} INFO - Started process (PID=3703) to work on /opt/airflow/dags/dagnew.py
[2026-03-19T15:54:49.747+0000] {processor.py:914} INFO - Processing file /opt/airflow/dags/dagnew.py for tasks to queue
[2026-03-19T15:54:49.750+0000] {logging_mixin.py:190} INFO - [2026-03-19T15:54:49.749+0000] {dagbag.py:588} INFO - Filling up the DagBag from /opt/airflow/dags/dagnew.py
[2026-03-19T15:54:49.763+0000] {processor.py:925} INFO - DAG(s) 'practice_dag' retrieved from /opt/airflow/dags/dagnew.py
[2026-03-19T15:54:49.799+0000] {logging_mixin.py:190} INFO - [2026-03-19T15:54:49.799+0000] {dag.py:3239} INFO - Sync 1 DAGs
[2026-03-19T15:54:49.819+0000] {logging_mixin.py:190} INFO - [2026-03-19T15:54:49.819+0000] {dag.py:4180} INFO - Setting next_dagrun for practice_dag to None, run_after=None
[2026-03-19T15:54:49.844+0000] {processor.py:208} INFO - Processing /opt/airflow/dags/dagnew.py took 0.109 seconds
[2026-03-19T15:55:20.498+0000] {processor.py:186} INFO - Started process (PID=3744) to work on /opt/airflow/dags/dagnew.py
[2026-03-19T15:55:20.508+0000] {processor.py:914} INFO - Processing file /opt/airflow/dags/dagnew.py for tasks to queue
[2026-03-19T15:55:20.510+0000] {logging_mixin.py:190} INFO - [2026-03-19T15:55:20.510+0000] {dagbag.py:588} INFO - Filling up the DagBag from /opt/airflow/dags/dagnew.py
[2026-03-19T15:55:20.520+0000] {processor.py:925} INFO - DAG(s) 'practice_dag' retrieved from /opt/airflow/dags/dagnew.py
[2026-03-19T15:55:20.552+0000] {logging_mixin.py:190} INFO - [2026-03-19T15:55:20.552+0000] {dag.py:3239} INFO - Sync 1 DAGs
[2026-03-19T15:55:20.568+0000] {logging_mixin.py:190} INFO - [2026-03-19T15:55:20.567+0000] {dag.py:4180} INFO - Setting next_dagrun for practice_dag to None, run_after=None
[2026-03-19T15:55:20.591+0000] {processor.py:208} INFO - Processing /opt/airflow/dags/dagnew.py took 0.105 seconds
[2026-03-19T15:55:51.259+0000] {processor.py:186} INFO - Started process (PID=3785) to work on /opt/airflow/dags/dagnew.py
[2026-03-19T15:55:51.269+0000] {processor.py:914} INFO - Processing file /opt/airflow/dags/dagnew.py for tasks to queue
[2026-03-19T15:55:51.272+0000] {logging_mixin.py:190} INFO - [2026-03-19T15:55:51.271+0000] {dagbag.py:588} INFO - Filling up the DagBag from /opt/airflow/dags/dagnew.py
[2026-03-19T15:55:51.283+0000] {processor.py:925} INFO - DAG(s) 'practice_dag' retrieved from /opt/airflow/dags/dagnew.py
[2026-03-19T15:55:51.316+0000] {logging_mixin.py:190} INFO - [2026-03-19T15:55:51.316+0000] {dag.py:3239} INFO - Sync 1 DAGs
[2026-03-19T15:55:51.335+0000] {logging_mixin.py:190} INFO - [2026-03-19T15:55:51.334+0000] {dag.py:4180} INFO - Setting next_dagrun for practice_dag to None, run_after=None
[2026-03-19T15:55:51.357+0000] {processor.py:208} INFO - Processing /opt/airflow/dags/dagnew.py took 0.104 seconds
[2026-03-19T15:56:22.014+0000] {processor.py:186} INFO - Started process (PID=3826) to work on /opt/airflow/dags/dagnew.py
[2026-03-19T15:56:22.024+0000] {processor.py:914} INFO - Processing file /opt/airflow/dags/dagnew.py for tasks to queue
[2026-03-19T15:56:22.027+0000] {logging_mixin.py:190} INFO - [2026-03-19T15:56:22.027+0000] {dagbag.py:588} INFO - Filling up the DagBag from /opt/airflow/dags/dagnew.py
[2026-03-19T15:56:22.039+0000] {processor.py:925} INFO - DAG(s) 'practice_dag' retrieved from /opt/airflow/dags/dagnew.py
[2026-03-19T15:56:22.075+0000] {logging_mixin.py:190} INFO - [2026-03-19T15:56:22.075+0000] {dag.py:3239} INFO - Sync 1 DAGs
[2026-03-19T15:56:22.095+0000] {logging_mixin.py:190} INFO - [2026-03-19T15:56:22.095+0000] {dag.py:4180} INFO - Setting next_dagrun for practice_dag to None, run_after=None
[2026-03-19T15:56:22.120+0000] {processor.py:208} INFO - Processing /opt/airflow/dags/dagnew.py took 0.114 seconds
[2026-03-19T15:56:52.703+0000] {processor.py:186} INFO - Started process (PID=3867) to work on /opt/airflow/dags/dagnew.py
[2026-03-19T15:56:52.704+0000] {processor.py:914} INFO - Processing file /opt/airflow/dags/dagnew.py for tasks to queue
[2026-03-19T15:56:52.706+0000] {logging_mixin.py:190} INFO - [2026-03-19T15:56:52.706+0000] {dagbag.py:588} INFO - Filling up the DagBag from /opt/airflow/dags/dagnew.py
[2026-03-19T15:56:52.715+0000] {processor.py:925} INFO - DAG(s) 'practice_dag' retrieved from /opt/airflow/dags/dagnew.py
[2026-03-19T15:56:52.745+0000] {logging_mixin.py:190} INFO - [2026-03-19T15:56:52.745+0000] {dag.py:3239} INFO - Sync 1 DAGs
[2026-03-19T15:56:52.763+0000] {logging_mixin.py:190} INFO - [2026-03-19T15:56:52.762+0000] {dag.py:4180} INFO - Setting next_dagrun for practice_dag to None, run_after=None
[2026-03-19T15:56:52.786+0000] {processor.py:208} INFO - Processing /opt/airflow/dags/dagnew.py took 0.094 seconds
[2026-03-19T15:57:23.438+0000] {processor.py:186} INFO - Started process (PID=3908) to work on /opt/airflow/dags/dagnew.py
[2026-03-19T15:57:23.448+0000] {processor.py:914} INFO - Processing file /opt/airflow/dags/dagnew.py for tasks to queue
[2026-03-19T15:57:23.451+0000] {logging_mixin.py:190} INFO - [2026-03-19T15:57:23.450+0000] {dagbag.py:588} INFO - Filling up the DagBag from /opt/airflow/dags/dagnew.py
[2026-03-19T15:57:23.460+0000] {processor.py:925} INFO - DAG(s) 'practice_dag' retrieved from /opt/airflow/dags/dagnew.py
[2026-03-19T15:57:23.488+0000] {logging_mixin.py:190} INFO - [2026-03-19T15:57:23.488+0000] {dag.py:3239} INFO - Sync 1 DAGs
[2026-03-19T15:57:23.504+0000] {logging_mixin.py:190} INFO - [2026-03-19T15:57:23.504+0000] {dag.py:4180} INFO - Setting next_dagrun for practice_dag to None, run_after=None
[2026-03-19T15:57:23.524+0000] {processor.py:208} INFO - Processing /opt/airflow/dags/dagnew.py took 0.092 seconds
[2026-03-19T15:57:54.193+0000] {processor.py:186} INFO - Started process (PID=3949) to work on /opt/airflow/dags/dagnew.py
[2026-03-19T15:57:54.194+0000] {processor.py:914} INFO - Processing file /opt/airflow/dags/dagnew.py for tasks to queue
[2026-03-19T15:57:54.196+0000] {logging_mixin.py:190} INFO - [2026-03-19T15:57:54.195+0000] {dagbag.py:588} INFO - Filling up the DagBag from /opt/airflow/dags/dagnew.py
[2026-03-19T15:57:54.205+0000] {processor.py:925} INFO - DAG(s) 'practice_dag' retrieved from /opt/airflow/dags/dagnew.py
[2026-03-19T15:57:54.236+0000] {logging_mixin.py:190} INFO - [2026-03-19T15:57:54.236+0000] {dag.py:3239} INFO - Sync 1 DAGs
[2026-03-19T15:57:54.252+0000] {logging_mixin.py:190} INFO - [2026-03-19T15:57:54.252+0000] {dag.py:4180} INFO - Setting next_dagrun for practice_dag to None, run_after=None
[2026-03-19T15:57:54.274+0000] {processor.py:208} INFO - Processing /opt/airflow/dags/dagnew.py took 0.092 seconds
[2026-03-19T15:58:24.898+0000] {processor.py:186} INFO - Started process (PID=3990) to work on /opt/airflow/dags/dagnew.py
[2026-03-19T15:58:24.900+0000] {processor.py:914} INFO - Processing file /opt/airflow/dags/dagnew.py for tasks to queue
[2026-03-19T15:58:24.903+0000] {logging_mixin.py:190} INFO - [2026-03-19T15:58:24.903+0000] {dagbag.py:588} INFO - Filling up the DagBag from /opt/airflow/dags/dagnew.py
[2026-03-19T15:58:24.920+0000] {processor.py:925} INFO - DAG(s) 'practice_dag' retrieved from /opt/airflow/dags/dagnew.py
[2026-03-19T15:58:24.961+0000] {logging_mixin.py:190} INFO - [2026-03-19T15:58:24.961+0000] {dag.py:3239} INFO - Sync 1 DAGs
[2026-03-19T15:58:24.988+0000] {logging_mixin.py:190} INFO - [2026-03-19T15:58:24.987+0000] {dag.py:4180} INFO - Setting next_dagrun for practice_dag to None, run_after=None
[2026-03-19T15:58:25.019+0000] {processor.py:208} INFO - Processing /opt/airflow/dags/dagnew.py took 0.131 seconds
[2026-03-19T15:58:55.620+0000] {processor.py:186} INFO - Started process (PID=4031) to work on /opt/airflow/dags/dagnew.py
[2026-03-19T15:58:55.630+0000] {processor.py:914} INFO - Processing file /opt/airflow/dags/dagnew.py for tasks to queue
[2026-03-19T15:58:55.632+0000] {logging_mixin.py:190} INFO - [2026-03-19T15:58:55.632+0000] {dagbag.py:588} INFO - Filling up the DagBag from /opt/airflow/dags/dagnew.py
[2026-03-19T15:58:55.642+0000] {processor.py:925} INFO - DAG(s) 'practice_dag' retrieved from /opt/airflow/dags/dagnew.py
[2026-03-19T15:58:55.674+0000] {logging_mixin.py:190} INFO - [2026-03-19T15:58:55.674+0000] {dag.py:3239} INFO - Sync 1 DAGs
[2026-03-19T15:58:55.695+0000] {logging_mixin.py:190} INFO - [2026-03-19T15:58:55.694+0000] {dag.py:4180} INFO - Setting next_dagrun for practice_dag to None, run_after=None
[2026-03-19T15:58:55.719+0000] {processor.py:208} INFO - Processing /opt/airflow/dags/dagnew.py took 0.108 seconds
[2026-03-19T15:59:26.328+0000] {processor.py:186} INFO - Started process (PID=4072) to work on /opt/airflow/dags/dagnew.py
[2026-03-19T15:59:26.338+0000] {processor.py:914} INFO - Processing file /opt/airflow/dags/dagnew.py for tasks to queue
[2026-03-19T15:59:26.340+0000] {logging_mixin.py:190} INFO - [2026-03-19T15:59:26.340+0000] {dagbag.py:588} INFO - Filling up the DagBag from /opt/airflow/dags/dagnew.py
[2026-03-19T15:59:26.349+0000] {processor.py:925} INFO - DAG(s) 'practice_dag' retrieved from /opt/airflow/dags/dagnew.py
[2026-03-19T15:59:26.382+0000] {logging_mixin.py:190} INFO - [2026-03-19T15:59:26.382+0000] {dag.py:3239} INFO - Sync 1 DAGs
[2026-03-19T15:59:26.398+0000] {logging_mixin.py:190} INFO - [2026-03-19T15:59:26.398+0000] {dag.py:4180} INFO - Setting next_dagrun for practice_dag to None, run_after=None
[2026-03-19T15:59:26.418+0000] {processor.py:208} INFO - Processing /opt/airflow/dags/dagnew.py took 0.103 seconds
[2026-03-19T15:59:57.092+0000] {processor.py:186} INFO - Started process (PID=4113) to work on /opt/airflow/dags/dagnew.py
[2026-03-19T15:59:57.092+0000] {processor.py:914} INFO - Processing file /opt/airflow/dags/dagnew.py for tasks to queue
[2026-03-19T15:59:57.094+0000] {logging_mixin.py:190} INFO - [2026-03-19T15:59:57.094+0000] {dagbag.py:588} INFO - Filling up the DagBag from /opt/airflow/dags/dagnew.py
[2026-03-19T15:59:57.103+0000] {processor.py:925} INFO - DAG(s) 'practice_dag' retrieved from /opt/airflow/dags/dagnew.py
[2026-03-19T15:59:57.132+0000] {logging_mixin.py:190} INFO - [2026-03-19T15:59:57.132+0000] {dag.py:3239} INFO - Sync 1 DAGs
[2026-03-19T15:59:57.148+0000] {logging_mixin.py:190} INFO - [2026-03-19T15:59:57.148+0000] {dag.py:4180} INFO - Setting next_dagrun for practice_dag to None, run_after=None
[2026-03-19T15:59:57.167+0000] {processor.py:208} INFO - Processing /opt/airflow/dags/dagnew.py took 0.087 seconds
[2026-03-19T16:00:27.842+0000] {processor.py:186} INFO - Started process (PID=4154) to work on /opt/airflow/dags/dagnew.py
[2026-03-19T16:00:27.852+0000] {processor.py:914} INFO - Processing file /opt/airflow/dags/dagnew.py for tasks to queue
[2026-03-19T16:00:27.855+0000] {logging_mixin.py:190} INFO - [2026-03-19T16:00:27.854+0000] {dagbag.py:588} INFO - Filling up the DagBag from /opt/airflow/dags/dagnew.py
[2026-03-19T16:00:27.864+0000] {processor.py:925} INFO - DAG(s) 'practice_dag' retrieved from /opt/airflow/dags/dagnew.py
[2026-03-19T16:00:27.893+0000] {logging_mixin.py:190} INFO - [2026-03-19T16:00:27.893+0000] {dag.py:3239} INFO - Sync 1 DAGs
[2026-03-19T16:00:27.910+0000] {logging_mixin.py:190} INFO - [2026-03-19T16:00:27.910+0000] {dag.py:4180} INFO - Setting next_dagrun for practice_dag to None, run_after=None
[2026-03-19T16:00:27.930+0000] {processor.py:208} INFO - Processing /opt/airflow/dags/dagnew.py took 0.099 seconds
[2026-03-19T16:00:58.577+0000] {processor.py:186} INFO - Started process (PID=4195) to work on /opt/airflow/dags/dagnew.py
[2026-03-19T16:00:58.578+0000] {processor.py:914} INFO - Processing file /opt/airflow/dags/dagnew.py for tasks to queue
[2026-03-19T16:00:58.580+0000] {logging_mixin.py:190} INFO - [2026-03-19T16:00:58.579+0000] {dagbag.py:588} INFO - Filling up the DagBag from /opt/airflow/dags/dagnew.py
[2026-03-19T16:00:58.589+0000] {processor.py:925} INFO - DAG(s) 'practice_dag' retrieved from /opt/airflow/dags/dagnew.py
[2026-03-19T16:00:58.618+0000] {logging_mixin.py:190} INFO - [2026-03-19T16:00:58.617+0000] {dag.py:3239} INFO - Sync 1 DAGs
[2026-03-19T16:00:58.634+0000] {logging_mixin.py:190} INFO - [2026-03-19T16:00:58.633+0000] {dag.py:4180} INFO - Setting next_dagrun for practice_dag to None, run_after=None
[2026-03-19T16:00:58.654+0000] {processor.py:208} INFO - Processing /opt/airflow/dags/dagnew.py took 0.089 seconds
[2026-03-19T16:01:29.320+0000] {processor.py:186} INFO - Started process (PID=4236) to work on /opt/airflow/dags/dagnew.py
[2026-03-19T16:01:29.330+0000] {processor.py:914} INFO - Processing file /opt/airflow/dags/dagnew.py for tasks to queue
[2026-03-19T16:01:29.332+0000] {logging_mixin.py:190} INFO - [2026-03-19T16:01:29.332+0000] {dagbag.py:588} INFO - Filling up the DagBag from /opt/airflow/dags/dagnew.py
[2026-03-19T16:01:29.341+0000] {processor.py:925} INFO - DAG(s) 'practice_dag' retrieved from /opt/airflow/dags/dagnew.py
[2026-03-19T16:01:29.369+0000] {logging_mixin.py:190} INFO - [2026-03-19T16:01:29.369+0000] {dag.py:3239} INFO - Sync 1 DAGs
[2026-03-19T16:01:29.386+0000] {logging_mixin.py:190} INFO - [2026-03-19T16:01:29.385+0000] {dag.py:4180} INFO - Setting next_dagrun for practice_dag to None, run_after=None
[2026-03-19T16:01:29.405+0000] {processor.py:208} INFO - Processing /opt/airflow/dags/dagnew.py took 0.096 seconds
[2026-03-19T16:02:00.047+0000] {processor.py:186} INFO - Started process (PID=4277) to work on /opt/airflow/dags/dagnew.py
[2026-03-19T16:02:00.048+0000] {processor.py:914} INFO - Processing file /opt/airflow/dags/dagnew.py for tasks to queue
[2026-03-19T16:02:00.050+0000] {logging_mixin.py:190} INFO - [2026-03-19T16:02:00.049+0000] {dagbag.py:588} INFO - Filling up the DagBag from /opt/airflow/dags/dagnew.py
[2026-03-19T16:02:00.059+0000] {processor.py:925} INFO - DAG(s) 'practice_dag' retrieved from /opt/airflow/dags/dagnew.py
[2026-03-19T16:02:00.087+0000] {logging_mixin.py:190} INFO - [2026-03-19T16:02:00.087+0000] {dag.py:3239} INFO - Sync 1 DAGs
[2026-03-19T16:02:00.107+0000] {logging_mixin.py:190} INFO - [2026-03-19T16:02:00.107+0000] {dag.py:4180} INFO - Setting next_dagrun for practice_dag to None, run_after=None
[2026-03-19T16:02:00.129+0000] {processor.py:208} INFO - Processing /opt/airflow/dags/dagnew.py took 0.094 seconds
[2026-03-19T16:02:30.814+0000] {processor.py:186} INFO - Started process (PID=4318) to work on /opt/airflow/dags/dagnew.py
[2026-03-19T16:02:30.824+0000] {processor.py:914} INFO - Processing file /opt/airflow/dags/dagnew.py for tasks to queue
[2026-03-19T16:02:30.826+0000] {logging_mixin.py:190} INFO - [2026-03-19T16:02:30.826+0000] {dagbag.py:588} INFO - Filling up the DagBag from /opt/airflow/dags/dagnew.py
[2026-03-19T16:02:30.837+0000] {processor.py:925} INFO - DAG(s) 'practice_dag' retrieved from /opt/airflow/dags/dagnew.py
[2026-03-19T16:02:30.870+0000] {logging_mixin.py:190} INFO - [2026-03-19T16:02:30.869+0000] {dag.py:3239} INFO - Sync 1 DAGs
[2026-03-19T16:02:30.891+0000] {logging_mixin.py:190} INFO - [2026-03-19T16:02:30.890+0000] {dag.py:4180} INFO - Setting next_dagrun for practice_dag to None, run_after=None
[2026-03-19T16:02:30.914+0000] {processor.py:208} INFO - Processing /opt/airflow/dags/dagnew.py took 0.112 seconds
[2026-03-19T16:03:01.589+0000] {processor.py:186} INFO - Started process (PID=4359) to work on /opt/airflow/dags/dagnew.py
[2026-03-19T16:03:01.589+0000] {processor.py:914} INFO - Processing file /opt/airflow/dags/dagnew.py for tasks to queue
[2026-03-19T16:03:01.591+0000] {logging_mixin.py:190} INFO - [2026-03-19T16:03:01.591+0000] {dagbag.py:588} INFO - Filling up the DagBag from /opt/airflow/dags/dagnew.py
[2026-03-19T16:03:01.600+0000] {processor.py:925} INFO - DAG(s) 'practice_dag' retrieved from /opt/airflow/dags/dagnew.py
[2026-03-19T16:03:01.629+0000] {logging_mixin.py:190} INFO - [2026-03-19T16:03:01.629+0000] {dag.py:3239} INFO - Sync 1 DAGs
[2026-03-19T16:03:01.646+0000] {logging_mixin.py:190} INFO - [2026-03-19T16:03:01.645+0000] {dag.py:4180} INFO - Setting next_dagrun for practice_dag to None, run_after=None
[2026-03-19T16:03:01.666+0000] {processor.py:208} INFO - Processing /opt/airflow/dags/dagnew.py took 0.088 seconds
[2026-03-19T16:03:32.277+0000] {processor.py:186} INFO - Started process (PID=4400) to work on /opt/airflow/dags/dagnew.py
[2026-03-19T16:03:32.279+0000] {processor.py:914} INFO - Processing file /opt/airflow/dags/dagnew.py for tasks to queue
[2026-03-19T16:03:32.282+0000] {logging_mixin.py:190} INFO - [2026-03-19T16:03:32.281+0000] {dagbag.py:588} INFO - Filling up the DagBag from /opt/airflow/dags/dagnew.py
[2026-03-19T16:03:32.294+0000] {processor.py:925} INFO - DAG(s) 'practice_dag' retrieved from /opt/airflow/dags/dagnew.py
[2026-03-19T16:03:32.327+0000] {logging_mixin.py:190} INFO - [2026-03-19T16:03:32.326+0000] {dag.py:3239} INFO - Sync 1 DAGs
[2026-03-19T16:03:32.349+0000] {logging_mixin.py:190} INFO - [2026-03-19T16:03:32.348+0000] {dag.py:4180} INFO - Setting next_dagrun for practice_dag to None, run_after=None
[2026-03-19T16:03:32.376+0000] {processor.py:208} INFO - Processing /opt/airflow/dags/dagnew.py took 0.106 seconds
[2026-03-19T16:04:03.054+0000] {processor.py:186} INFO - Started process (PID=4441) to work on /opt/airflow/dags/dagnew.py
[2026-03-19T16:04:03.055+0000] {processor.py:914} INFO - Processing file /opt/airflow/dags/dagnew.py for tasks to queue
[2026-03-19T16:04:03.057+0000] {logging_mixin.py:190} INFO - [2026-03-19T16:04:03.057+0000] {dagbag.py:588} INFO - Filling up the DagBag from /opt/airflow/dags/dagnew.py
[2026-03-19T16:04:03.066+0000] {processor.py:925} INFO - DAG(s) 'practice_dag' retrieved from /opt/airflow/dags/dagnew.py
[2026-03-19T16:04:03.096+0000] {logging_mixin.py:190} INFO - [2026-03-19T16:04:03.095+0000] {dag.py:3239} INFO - Sync 1 DAGs
[2026-03-19T16:04:03.110+0000] {logging_mixin.py:190} INFO - [2026-03-19T16:04:03.110+0000] {dag.py:4180} INFO - Setting next_dagrun for practice_dag to None, run_after=None
[2026-03-19T16:04:03.132+0000] {processor.py:208} INFO - Processing /opt/airflow/dags/dagnew.py took 0.088 seconds
[2026-03-19T16:04:33.825+0000] {processor.py:186} INFO - Started process (PID=4482) to work on /opt/airflow/dags/dagnew.py
[2026-03-19T16:04:33.835+0000] {processor.py:914} INFO - Processing file /opt/airflow/dags/dagnew.py for tasks to queue
[2026-03-19T16:04:33.837+0000] {logging_mixin.py:190} INFO - [2026-03-19T16:04:33.837+0000] {dagbag.py:588} INFO - Filling up the DagBag from /opt/airflow/dags/dagnew.py
[2026-03-19T16:04:33.847+0000] {processor.py:925} INFO - DAG(s) 'practice_dag' retrieved from /opt/airflow/dags/dagnew.py
[2026-03-19T16:04:33.879+0000] {logging_mixin.py:190} INFO - [2026-03-19T16:04:33.879+0000] {dag.py:3239} INFO - Sync 1 DAGs
[2026-03-19T16:04:33.897+0000] {logging_mixin.py:190} INFO - [2026-03-19T16:04:33.896+0000] {dag.py:4180} INFO - Setting next_dagrun for practice_dag to None, run_after=None
[2026-03-19T16:04:33.921+0000] {processor.py:208} INFO - Processing /opt/airflow/dags/dagnew.py took 0.102 seconds
[2026-03-19T16:05:04.598+0000] {processor.py:186} INFO - Started process (PID=4523) to work on /opt/airflow/dags/dagnew.py
[2026-03-19T16:05:04.598+0000] {processor.py:914} INFO - Processing file /opt/airflow/dags/dagnew.py for tasks to queue
[2026-03-19T16:05:04.601+0000] {logging_mixin.py:190} INFO - [2026-03-19T16:05:04.601+0000] {dagbag.py:588} INFO - Filling up the DagBag from /opt/airflow/dags/dagnew.py
[2026-03-19T16:05:04.611+0000] {processor.py:925} INFO - DAG(s) 'practice_dag' retrieved from /opt/airflow/dags/dagnew.py
[2026-03-19T16:05:04.643+0000] {logging_mixin.py:190} INFO - [2026-03-19T16:05:04.642+0000] {dag.py:3239} INFO - Sync 1 DAGs
[2026-03-19T16:05:04.661+0000] {logging_mixin.py:190} INFO - [2026-03-19T16:05:04.661+0000] {dag.py:4180} INFO - Setting next_dagrun for practice_dag to None, run_after=None
[2026-03-19T16:05:04.683+0000] {processor.py:208} INFO - Processing /opt/airflow/dags/dagnew.py took 0.096 seconds
[2026-03-19T16:05:35.362+0000] {processor.py:186} INFO - Started process (PID=4564) to work on /opt/airflow/dags/dagnew.py
[2026-03-19T16:05:35.372+0000] {processor.py:914} INFO - Processing file /opt/airflow/dags/dagnew.py for tasks to queue
[2026-03-19T16:05:35.377+0000] {logging_mixin.py:190} INFO - [2026-03-19T16:05:35.376+0000] {dagbag.py:588} INFO - Filling up the DagBag from /opt/airflow/dags/dagnew.py
[2026-03-19T16:05:35.388+0000] {processor.py:925} INFO - DAG(s) 'practice_dag' retrieved from /opt/airflow/dags/dagnew.py
[2026-03-19T16:05:35.418+0000] {logging_mixin.py:190} INFO - [2026-03-19T16:05:35.417+0000] {dag.py:3239} INFO - Sync 1 DAGs
[2026-03-19T16:05:35.437+0000] {logging_mixin.py:190} INFO - [2026-03-19T16:05:35.436+0000] {dag.py:4180} INFO - Setting next_dagrun for practice_dag to None, run_after=None
[2026-03-19T16:05:35.459+0000] {processor.py:208} INFO - Processing /opt/airflow/dags/dagnew.py took 0.105 seconds
[2026-03-19T16:06:06.131+0000] {processor.py:186} INFO - Started process (PID=4605) to work on /opt/airflow/dags/dagnew.py
[2026-03-19T16:06:06.141+0000] {processor.py:914} INFO - Processing file /opt/airflow/dags/dagnew.py for tasks to queue
[2026-03-19T16:06:06.144+0000] {logging_mixin.py:190} INFO - [2026-03-19T16:06:06.143+0000] {dagbag.py:588} INFO - Filling up the DagBag from /opt/airflow/dags/dagnew.py
[2026-03-19T16:06:06.153+0000] {processor.py:925} INFO - DAG(s) 'practice_dag' retrieved from /opt/airflow/dags/dagnew.py
[2026-03-19T16:06:06.186+0000] {logging_mixin.py:190} INFO - [2026-03-19T16:06:06.185+0000] {dag.py:3239} INFO - Sync 1 DAGs
[2026-03-19T16:06:06.202+0000] {logging_mixin.py:190} INFO - [2026-03-19T16:06:06.201+0000] {dag.py:4180} INFO - Setting next_dagrun for practice_dag to None, run_after=None
[2026-03-19T16:06:06.221+0000] {processor.py:208} INFO - Processing /opt/airflow/dags/dagnew.py took 0.102 seconds
[2026-03-19T16:06:36.903+0000] {processor.py:186} INFO - Started process (PID=4646) to work on /opt/airflow/dags/dagnew.py
[2026-03-19T16:06:36.914+0000] {processor.py:914} INFO - Processing file /opt/airflow/dags/dagnew.py for tasks to queue
[2026-03-19T16:06:36.917+0000] {logging_mixin.py:190} INFO - [2026-03-19T16:06:36.917+0000] {dagbag.py:588} INFO - Filling up the DagBag from /opt/airflow/dags/dagnew.py
[2026-03-19T16:06:36.928+0000] {processor.py:925} INFO - DAG(s) 'practice_dag' retrieved from /opt/airflow/dags/dagnew.py
[2026-03-19T16:06:36.957+0000] {logging_mixin.py:190} INFO - [2026-03-19T16:06:36.956+0000] {dag.py:3239} INFO - Sync 1 DAGs
[2026-03-19T16:06:36.975+0000] {logging_mixin.py:190} INFO - [2026-03-19T16:06:36.975+0000] {dag.py:4180} INFO - Setting next_dagrun for practice_dag to None, run_after=None
[2026-03-19T16:06:36.999+0000] {processor.py:208} INFO - Processing /opt/airflow/dags/dagnew.py took 0.104 seconds
[2026-03-19T16:07:07.675+0000] {processor.py:186} INFO - Started process (PID=4687) to work on /opt/airflow/dags/dagnew.py
[2026-03-19T16:07:07.676+0000] {processor.py:914} INFO - Processing file /opt/airflow/dags/dagnew.py for tasks to queue
[2026-03-19T16:07:07.680+0000] {logging_mixin.py:190} INFO - [2026-03-19T16:07:07.679+0000] {dagbag.py:588} INFO - Filling up the DagBag from /opt/airflow/dags/dagnew.py
[2026-03-19T16:07:07.697+0000] {processor.py:925} INFO - DAG(s) 'practice_dag' retrieved from /opt/airflow/dags/dagnew.py
[2026-03-19T16:07:07.741+0000] {logging_mixin.py:190} INFO - [2026-03-19T16:07:07.740+0000] {dag.py:3239} INFO - Sync 1 DAGs
[2026-03-19T16:07:07.765+0000] {logging_mixin.py:190} INFO - [2026-03-19T16:07:07.765+0000] {dag.py:4180} INFO - Setting next_dagrun for practice_dag to None, run_after=None
[2026-03-19T16:07:07.802+0000] {processor.py:208} INFO - Processing /opt/airflow/dags/dagnew.py took 0.134 seconds
