[2026-04-04T13:20:04.746+0000] {local_task_job_runner.py:123} INFO - ::group::Pre task execution logs
[2026-04-04T13:20:04.784+0000] {taskinstance.py:2614} INFO - Dependencies all met for dep_context=non-requeueable deps ti=<TaskInstance: butun_operatorlar_numunesi.melumat_hazirla manual__2026-04-04T13:20:02.088386+00:00 [queued]>
[2026-04-04T13:20:04.802+0000] {taskinstance.py:2614} INFO - Dependencies all met for dep_context=requeueable deps ti=<TaskInstance: butun_operatorlar_numunesi.melumat_hazirla manual__2026-04-04T13:20:02.088386+00:00 [queued]>
[2026-04-04T13:20:04.803+0000] {taskinstance.py:2867} INFO - Starting attempt 1 of 3
[2026-04-04T13:20:04.823+0000] {taskinstance.py:2890} INFO - Executing <Task(PythonOperator): melumat_hazirla> on 2026-04-04 13:20:02.088386+00:00
[2026-04-04T13:20:04.839+0000] {standard_task_runner.py:104} INFO - Running: ['***', 'tasks', 'run', 'butun_operatorlar_numunesi', 'melumat_hazirla', 'manual__2026-04-04T13:20:02.088386+00:00', '--job-id', '16', '--raw', '--subdir', 'DAGS_FOLDER/operators_example.py', '--cfg-path', '/tmp/tmp_upg_ijv']
[2026-04-04T13:20:04.842+0000] {standard_task_runner.py:105} INFO - Job 16: Subtask melumat_hazirla
[2026-04-04T13:20:04.844+0000] {logging_mixin.py:190} WARNING - /home/***/.local/lib/python3.12/site-packages/***/task/task_runner/standard_task_runner.py:70 DeprecationWarning: This process (pid=571) is multi-threaded, use of fork() may lead to deadlocks in the child.
[2026-04-04T13:20:04.844+0000] {standard_task_runner.py:72} INFO - Started process 589 to run task
[2026-04-04T13:20:04.913+0000] {task_command.py:467} INFO - Running <TaskInstance: butun_operatorlar_numunesi.melumat_hazirla manual__2026-04-04T13:20:02.088386+00:00 [running]> on host da731042e3a5
[2026-04-04T13:20:05.036+0000] {taskinstance.py:3134} INFO - Exporting env vars: AIRFLOW_CTX_DAG_OWNER='nurgun' AIRFLOW_CTX_DAG_ID='butun_operatorlar_numunesi' AIRFLOW_CTX_TASK_ID='melumat_hazirla' AIRFLOW_CTX_EXECUTION_DATE='2026-04-04T13:20:02.088386+00:00' AIRFLOW_CTX_TRY_NUMBER='1' AIRFLOW_CTX_DAG_RUN_ID='manual__2026-04-04T13:20:02.088386+00:00'
[2026-04-04T13:20:05.037+0000] {taskinstance.py:732} INFO - ::endgroup::
[2026-04-04T13:20:05.075+0000] {logging_mixin.py:190} INFO - Tarix: 2026-04-04
[2026-04-04T13:20:05.098+0000] {logging_mixin.py:190} INFO - Satış sayı XCom-a yazıldı: 150
[2026-04-04T13:20:05.099+0000] {python.py:240} INFO - Done. Returned value was: None
[2026-04-04T13:20:05.115+0000] {taskinstance.py:341} INFO - ::group::Post task execution logs
[2026-04-04T13:20:05.116+0000] {taskinstance.py:353} INFO - Marking task as SUCCESS. dag_id=butun_operatorlar_numunesi, task_id=melumat_hazirla, run_id=manual__2026-04-04T13:20:02.088386+00:00, execution_date=20260404T132002, start_date=20260404T132004, end_date=20260404T132005
[2026-04-04T13:20:05.179+0000] {local_task_job_runner.py:266} INFO - Task exited with return code 0
[2026-04-04T13:20:05.244+0000] {taskinstance.py:3901} INFO - 1 downstream tasks scheduled from follow-on schedule check
[2026-04-04T13:20:05.246+0000] {local_task_job_runner.py:245} INFO - ::endgroup::
