[2026-04-04T16:00:16.597+0000] {local_task_job_runner.py:123} INFO - ::group::Pre task execution logs
[2026-04-04T16:00:16.629+0000] {taskinstance.py:2614} INFO - Dependencies all met for dep_context=non-requeueable deps ti=<TaskInstance: credit_applications_pipeline.checks.check_yesterday_data manual__2026-04-04T16:00:15.022149+00:00 [queued]>
[2026-04-04T16:00:16.644+0000] {taskinstance.py:2614} INFO - Dependencies all met for dep_context=requeueable deps ti=<TaskInstance: credit_applications_pipeline.checks.check_yesterday_data manual__2026-04-04T16:00:15.022149+00:00 [queued]>
[2026-04-04T16:00:16.645+0000] {taskinstance.py:2867} INFO - Starting attempt 1 of 2
[2026-04-04T16:00:16.667+0000] {taskinstance.py:2890} INFO - Executing <Task(SqlSensor): checks.check_yesterday_data> on 2026-04-04 16:00:15.022149+00:00
[2026-04-04T16:00:16.684+0000] {standard_task_runner.py:104} INFO - Running: ['***', 'tasks', 'run', 'credit_applications_pipeline', 'checks.check_yesterday_data', 'manual__2026-04-04T16:00:15.022149+00:00', '--job-id', '34', '--raw', '--subdir', 'DAGS_FOLDER/final_***.py', '--cfg-path', '/tmp/tmpl1a6nu8t']
[2026-04-04T16:00:16.687+0000] {standard_task_runner.py:105} INFO - Job 34: Subtask checks.check_yesterday_data
[2026-04-04T16:00:16.689+0000] {logging_mixin.py:190} WARNING - /home/***/.local/lib/python3.12/site-packages/***/task/task_runner/standard_task_runner.py:70 DeprecationWarning: This process (pid=16485) is multi-threaded, use of fork() may lead to deadlocks in the child.
[2026-04-04T16:00:16.690+0000] {standard_task_runner.py:72} INFO - Started process 16490 to run task
[2026-04-04T16:00:16.758+0000] {task_command.py:467} INFO - Running <TaskInstance: credit_applications_pipeline.checks.check_yesterday_data manual__2026-04-04T16:00:15.022149+00:00 [running]> on host da731042e3a5
[2026-04-04T16:00:16.880+0000] {taskinstance.py:3134} INFO - Exporting env vars: AIRFLOW_CTX_DAG_OWNER='***' AIRFLOW_CTX_DAG_ID='credit_applications_pipeline' AIRFLOW_CTX_TASK_ID='checks.check_yesterday_data' AIRFLOW_CTX_EXECUTION_DATE='2026-04-04T16:00:15.022149+00:00' AIRFLOW_CTX_TRY_NUMBER='1' AIRFLOW_CTX_DAG_RUN_ID='manual__2026-04-04T16:00:15.022149+00:00'
[2026-04-04T16:00:16.881+0000] {taskinstance.py:732} INFO - ::endgroup::
[2026-04-04T16:00:16.915+0000] {base.py:84} INFO - Retrieving connection 'pg_baza'
[2026-04-04T16:00:16.918+0000] {sql.py:102} INFO - Poking: 
                SELECT COUNT(*)
                FROM credit_applications
                WHERE application_date = '2026-04-04'
             (with parameters None)
[2026-04-04T16:00:16.930+0000] {base.py:84} INFO - Retrieving connection 'pg_baza'
[2026-04-04T16:00:16.940+0000] {sql.py:511} INFO - Running statement: 
                SELECT COUNT(*)
                FROM credit_applications
                WHERE application_date = '2026-04-04'
            , parameters: None
[2026-04-04T16:00:16.942+0000] {sql.py:520} INFO - Rows affected: 1
[2026-04-04T16:00:16.949+0000] {logging_mixin.py:190} WARNING - /home/***/.local/lib/python3.12/site-packages/***/providers/common/sql/hooks/sql.py:470 DeprecationWarning: Import of fetch_all_handler from the '***.providers.common.sql.hooks' module is deprecated and will
be removed in the future. Please import it from '***.providers.common.sql.hooks.handlers'.
[2026-04-04T16:00:16.951+0000] {logging_mixin.py:190} WARNING - /home/***/.local/lib/python3.12/site-packages/***/providers/common/sql/hooks/sql.py:471 DeprecationWarning: Import of return_single_query_results from the '***.providers.common.sql.hooks' module is deprecated and will
be removed in the future. Please import it from '***.providers.common.sql.hooks.handlers'.
[2026-04-04T16:00:16.953+0000] {logging_mixin.py:190} WARNING - /home/***/.local/lib/python3.12/site-packages/***/providers/common/sql/hooks/sql.py:486 DeprecationWarning: Import of return_single_query_results from the '***.providers.common.sql.hooks' module is deprecated and will
be removed in the future. Please import it from '***.providers.common.sql.hooks.handlers'.
[2026-04-04T16:00:46.970+0000] {base.py:84} INFO - Retrieving connection 'pg_baza'
[2026-04-04T16:00:46.970+0000] {sql.py:102} INFO - Poking: 
                SELECT COUNT(*)
                FROM credit_applications
                WHERE application_date = '2026-04-04'
             (with parameters None)
[2026-04-04T16:00:46.982+0000] {base.py:84} INFO - Retrieving connection 'pg_baza'
[2026-04-04T16:00:46.989+0000] {sql.py:511} INFO - Running statement: 
                SELECT COUNT(*)
                FROM credit_applications
                WHERE application_date = '2026-04-04'
            , parameters: None
[2026-04-04T16:00:46.991+0000] {sql.py:520} INFO - Rows affected: 1
[2026-04-04T16:01:17.008+0000] {base.py:84} INFO - Retrieving connection 'pg_baza'
[2026-04-04T16:01:17.018+0000] {sql.py:102} INFO - Poking: 
                SELECT COUNT(*)
                FROM credit_applications
                WHERE application_date = '2026-04-04'
             (with parameters None)
[2026-04-04T16:01:17.036+0000] {base.py:84} INFO - Retrieving connection 'pg_baza'
[2026-04-04T16:01:17.049+0000] {sql.py:511} INFO - Running statement: 
                SELECT COUNT(*)
                FROM credit_applications
                WHERE application_date = '2026-04-04'
            , parameters: None
[2026-04-04T16:01:17.051+0000] {sql.py:520} INFO - Rows affected: 1
[2026-04-04T16:01:47.069+0000] {base.py:84} INFO - Retrieving connection 'pg_baza'
[2026-04-04T16:01:47.069+0000] {sql.py:102} INFO - Poking: 
                SELECT COUNT(*)
                FROM credit_applications
                WHERE application_date = '2026-04-04'
             (with parameters None)
[2026-04-04T16:01:47.084+0000] {base.py:84} INFO - Retrieving connection 'pg_baza'
[2026-04-04T16:01:47.093+0000] {sql.py:511} INFO - Running statement: 
                SELECT COUNT(*)
                FROM credit_applications
                WHERE application_date = '2026-04-04'
            , parameters: None
[2026-04-04T16:01:47.095+0000] {sql.py:520} INFO - Rows affected: 1
[2026-04-04T16:02:17.196+0000] {base.py:84} INFO - Retrieving connection 'pg_baza'
[2026-04-04T16:02:17.204+0000] {sql.py:102} INFO - Poking: 
                SELECT COUNT(*)
                FROM credit_applications
                WHERE application_date = '2026-04-04'
             (with parameters None)
[2026-04-04T16:02:17.281+0000] {base.py:84} INFO - Retrieving connection 'pg_baza'
[2026-04-04T16:02:17.346+0000] {sql.py:511} INFO - Running statement: 
                SELECT COUNT(*)
                FROM credit_applications
                WHERE application_date = '2026-04-04'
            , parameters: None
[2026-04-04T16:02:17.356+0000] {sql.py:520} INFO - Rows affected: 1
[2026-04-04T16:02:47.379+0000] {base.py:84} INFO - Retrieving connection 'pg_baza'
[2026-04-04T16:02:47.388+0000] {sql.py:102} INFO - Poking: 
                SELECT COUNT(*)
                FROM credit_applications
                WHERE application_date = '2026-04-04'
             (with parameters None)
[2026-04-04T16:02:47.408+0000] {base.py:84} INFO - Retrieving connection 'pg_baza'
[2026-04-04T16:02:47.422+0000] {sql.py:511} INFO - Running statement: 
                SELECT COUNT(*)
                FROM credit_applications
                WHERE application_date = '2026-04-04'
            , parameters: None
[2026-04-04T16:02:47.424+0000] {sql.py:520} INFO - Rows affected: 1
[2026-04-04T16:03:17.438+0000] {base.py:84} INFO - Retrieving connection 'pg_baza'
[2026-04-04T16:03:17.439+0000] {sql.py:102} INFO - Poking: 
                SELECT COUNT(*)
                FROM credit_applications
                WHERE application_date = '2026-04-04'
             (with parameters None)
[2026-04-04T16:03:17.452+0000] {base.py:84} INFO - Retrieving connection 'pg_baza'
[2026-04-04T16:03:17.462+0000] {sql.py:511} INFO - Running statement: 
                SELECT COUNT(*)
                FROM credit_applications
                WHERE application_date = '2026-04-04'
            , parameters: None
[2026-04-04T16:03:17.464+0000] {sql.py:520} INFO - Rows affected: 1
[2026-04-04T16:03:47.484+0000] {base.py:84} INFO - Retrieving connection 'pg_baza'
[2026-04-04T16:03:47.485+0000] {sql.py:102} INFO - Poking: 
                SELECT COUNT(*)
                FROM credit_applications
                WHERE application_date = '2026-04-04'
             (with parameters None)
[2026-04-04T16:03:47.499+0000] {base.py:84} INFO - Retrieving connection 'pg_baza'
[2026-04-04T16:03:47.510+0000] {sql.py:511} INFO - Running statement: 
                SELECT COUNT(*)
                FROM credit_applications
                WHERE application_date = '2026-04-04'
            , parameters: None
[2026-04-04T16:03:47.513+0000] {sql.py:520} INFO - Rows affected: 1
[2026-04-04T16:04:17.528+0000] {base.py:84} INFO - Retrieving connection 'pg_baza'
[2026-04-04T16:04:17.538+0000] {sql.py:102} INFO - Poking: 
                SELECT COUNT(*)
                FROM credit_applications
                WHERE application_date = '2026-04-04'
             (with parameters None)
[2026-04-04T16:04:17.550+0000] {base.py:84} INFO - Retrieving connection 'pg_baza'
[2026-04-04T16:04:17.559+0000] {sql.py:511} INFO - Running statement: 
                SELECT COUNT(*)
                FROM credit_applications
                WHERE application_date = '2026-04-04'
            , parameters: None
[2026-04-04T16:04:17.561+0000] {sql.py:520} INFO - Rows affected: 1
[2026-04-04T16:04:47.579+0000] {base.py:84} INFO - Retrieving connection 'pg_baza'
[2026-04-04T16:04:47.588+0000] {sql.py:102} INFO - Poking: 
                SELECT COUNT(*)
                FROM credit_applications
                WHERE application_date = '2026-04-04'
             (with parameters None)
[2026-04-04T16:04:47.603+0000] {base.py:84} INFO - Retrieving connection 'pg_baza'
[2026-04-04T16:04:47.615+0000] {sql.py:511} INFO - Running statement: 
                SELECT COUNT(*)
                FROM credit_applications
                WHERE application_date = '2026-04-04'
            , parameters: None
[2026-04-04T16:04:47.618+0000] {sql.py:520} INFO - Rows affected: 1
[2026-04-04T16:05:17.633+0000] {base.py:84} INFO - Retrieving connection 'pg_baza'
[2026-04-04T16:05:17.643+0000] {sql.py:102} INFO - Poking: 
                SELECT COUNT(*)
                FROM credit_applications
                WHERE application_date = '2026-04-04'
             (with parameters None)
[2026-04-04T16:05:17.655+0000] {base.py:84} INFO - Retrieving connection 'pg_baza'
[2026-04-04T16:05:17.667+0000] {sql.py:511} INFO - Running statement: 
                SELECT COUNT(*)
                FROM credit_applications
                WHERE application_date = '2026-04-04'
            , parameters: None
[2026-04-04T16:05:17.670+0000] {sql.py:520} INFO - Rows affected: 1
[2026-04-04T16:05:17.672+0000] {taskinstance.py:3313} ERROR - Task failed with exception
Traceback (most recent call last):
  File "/home/airflow/.local/lib/python3.12/site-packages/airflow/models/taskinstance.py", line 768, in _execute_task
    result = _execute_callable(context=context, **execute_callable_kwargs)
             ^^^^^^^^^^^^^^^^^^^^^^^^^^^^^^^^^^^^^^^^^^^^^^^^^^^^^^^^^^^^^
  File "/home/airflow/.local/lib/python3.12/site-packages/airflow/models/taskinstance.py", line 734, in _execute_callable
    return ExecutionCallableRunner(
           ^^^^^^^^^^^^^^^^^^^^^^^^
  File "/home/airflow/.local/lib/python3.12/site-packages/airflow/utils/operator_helpers.py", line 252, in run
    return self.func(*args, **kwargs)
           ^^^^^^^^^^^^^^^^^^^^^^^^^^
  File "/home/airflow/.local/lib/python3.12/site-packages/airflow/models/baseoperator.py", line 424, in wrapper
    return func(self, *args, **kwargs)
           ^^^^^^^^^^^^^^^^^^^^^^^^^^^
  File "/home/airflow/.local/lib/python3.12/site-packages/airflow/sensors/base.py", line 326, in execute
    raise AirflowSensorTimeout(message)
airflow.exceptions.AirflowSensorTimeout: Sensor has timed out; run duration of 300.7704220630003 seconds exceeds the specified timeout of 300.0.
[2026-04-04T16:05:17.701+0000] {taskinstance.py:1226} INFO - Immediate failure requested. Marking task as FAILED. dag_id=credit_applications_pipeline, task_id=checks.check_yesterday_data, run_id=manual__2026-04-04T16:00:15.022149+00:00, execution_date=20260404T160015, start_date=20260404T160016, end_date=20260404T160517
[2026-04-04T16:05:17.759+0000] {taskinstance.py:341} INFO - ::group::Post task execution logs
[2026-04-04T16:05:17.760+0000] {standard_task_runner.py:124} ERROR - Failed to execute job 34 for task checks.check_yesterday_data (Sensor has timed out; run duration of 300.7704220630003 seconds exceeds the specified timeout of 300.0.; 16490)
Traceback (most recent call last):
  File "/home/airflow/.local/lib/python3.12/site-packages/airflow/task/task_runner/standard_task_runner.py", line 117, in _start_by_fork
    ret = args.func(args, dag=self.dag)
          ^^^^^^^^^^^^^^^^^^^^^^^^^^^^^
  File "/home/airflow/.local/lib/python3.12/site-packages/airflow/cli/cli_config.py", line 49, in command
    return func(*args, **kwargs)
           ^^^^^^^^^^^^^^^^^^^^^
  File "/home/airflow/.local/lib/python3.12/site-packages/airflow/utils/cli.py", line 116, in wrapper
    return f(*args, **kwargs)
           ^^^^^^^^^^^^^^^^^^
  File "/home/airflow/.local/lib/python3.12/site-packages/airflow/cli/commands/task_command.py", line 483, in task_run
    task_return_code = _run_task_by_selected_method(args, _dag, ti)
                       ^^^^^^^^^^^^^^^^^^^^^^^^^^^^^^^^^^^^^^^^^^^^
  File "/home/airflow/.local/lib/python3.12/site-packages/airflow/cli/commands/task_command.py", line 256, in _run_task_by_selected_method
    return _run_raw_task(args, ti)
           ^^^^^^^^^^^^^^^^^^^^^^^
  File "/home/airflow/.local/lib/python3.12/site-packages/airflow/cli/commands/task_command.py", line 341, in _run_raw_task
    return ti._run_raw_task(
           ^^^^^^^^^^^^^^^^^
  File "/home/airflow/.local/lib/python3.12/site-packages/airflow/utils/session.py", line 97, in wrapper
    return func(*args, session=session, **kwargs)
           ^^^^^^^^^^^^^^^^^^^^^^^^^^^^^^^^^^^^^^
  File "/home/airflow/.local/lib/python3.12/site-packages/airflow/models/taskinstance.py", line 3006, in _run_raw_task
    return _run_raw_task(
           ^^^^^^^^^^^^^^
  File "/home/airflow/.local/lib/python3.12/site-packages/airflow/models/taskinstance.py", line 274, in _run_raw_task
    TaskInstance._execute_task_with_callbacks(
  File "/home/airflow/.local/lib/python3.12/site-packages/airflow/models/taskinstance.py", line 3161, in _execute_task_with_callbacks
    result = self._execute_task(context, task_orig)
             ^^^^^^^^^^^^^^^^^^^^^^^^^^^^^^^^^^^^^^
  File "/home/airflow/.local/lib/python3.12/site-packages/airflow/models/taskinstance.py", line 3185, in _execute_task
    return _execute_task(self, context, task_orig)
           ^^^^^^^^^^^^^^^^^^^^^^^^^^^^^^^^^^^^^^^
  File "/home/airflow/.local/lib/python3.12/site-packages/airflow/models/taskinstance.py", line 768, in _execute_task
    result = _execute_callable(context=context, **execute_callable_kwargs)
             ^^^^^^^^^^^^^^^^^^^^^^^^^^^^^^^^^^^^^^^^^^^^^^^^^^^^^^^^^^^^^
  File "/home/airflow/.local/lib/python3.12/site-packages/airflow/models/taskinstance.py", line 734, in _execute_callable
    return ExecutionCallableRunner(
           ^^^^^^^^^^^^^^^^^^^^^^^^
  File "/home/airflow/.local/lib/python3.12/site-packages/airflow/utils/operator_helpers.py", line 252, in run
    return self.func(*args, **kwargs)
           ^^^^^^^^^^^^^^^^^^^^^^^^^^
  File "/home/airflow/.local/lib/python3.12/site-packages/airflow/models/baseoperator.py", line 424, in wrapper
    return func(self, *args, **kwargs)
           ^^^^^^^^^^^^^^^^^^^^^^^^^^^
  File "/home/airflow/.local/lib/python3.12/site-packages/airflow/sensors/base.py", line 326, in execute
    raise AirflowSensorTimeout(message)
airflow.exceptions.AirflowSensorTimeout: Sensor has timed out; run duration of 300.7704220630003 seconds exceeds the specified timeout of 300.0.
[2026-04-04T16:05:17.814+0000] {local_task_job_runner.py:266} INFO - Task exited with return code 1
[2026-04-04T16:05:17.865+0000] {taskinstance.py:3901} INFO - 0 downstream tasks scheduled from follow-on schedule check
[2026-04-04T16:05:17.881+0000] {local_task_job_runner.py:245} INFO - ::endgroup::
