[2026-04-04T13:27:41.157+0000] {local_task_job_runner.py:123} INFO - ::group::Pre task execution logs
[2026-04-04T13:27:41.392+0000] {taskinstance.py:2614} INFO - Dependencies all met for dep_context=non-requeueable deps ti=<TaskInstance: working_operators_example.verify_minio_output manual__2026-04-04T13:26:42.232563+00:00 [queued]>
[2026-04-04T13:27:41.488+0000] {taskinstance.py:2614} INFO - Dependencies all met for dep_context=requeueable deps ti=<TaskInstance: working_operators_example.verify_minio_output manual__2026-04-04T13:26:42.232563+00:00 [queued]>
[2026-04-04T13:27:41.492+0000] {taskinstance.py:2867} INFO - Starting attempt 1 of 2
[2026-04-04T13:27:41.640+0000] {taskinstance.py:2890} INFO - Executing <Task(BashOperator): verify_minio_output> on 2026-04-04 13:26:42.232563+00:00
[2026-04-04T13:27:41.738+0000] {standard_task_runner.py:104} INFO - Running: ['***', 'tasks', 'run', 'working_operators_example', 'verify_minio_output', 'manual__2026-04-04T13:26:42.232563+00:00', '--job-id', '27', '--raw', '--subdir', 'DAGS_FOLDER/operators_example.py', '--cfg-path', '/tmp/tmp5k4g_q6e']
[2026-04-04T13:27:41.758+0000] {standard_task_runner.py:105} INFO - Job 27: Subtask verify_minio_output
[2026-04-04T13:27:41.781+0000] {logging_mixin.py:190} WARNING - /home/***/.local/lib/python3.12/site-packages/***/task/task_runner/standard_task_runner.py:70 DeprecationWarning: This process (pid=1765) is multi-threaded, use of fork() may lead to deadlocks in the child.
[2026-04-04T13:27:41.787+0000] {standard_task_runner.py:72} INFO - Started process 1766 to run task
[2026-04-04T13:27:42.174+0000] {task_command.py:467} INFO - Running <TaskInstance: working_operators_example.verify_minio_output manual__2026-04-04T13:26:42.232563+00:00 [running]> on host da731042e3a5
[2026-04-04T13:27:43.051+0000] {taskinstance.py:3134} INFO - Exporting env vars: AIRFLOW_CTX_DAG_OWNER='nurgun' AIRFLOW_CTX_DAG_ID='working_operators_example' AIRFLOW_CTX_TASK_ID='verify_minio_output' AIRFLOW_CTX_EXECUTION_DATE='2026-04-04T13:26:42.232563+00:00' AIRFLOW_CTX_TRY_NUMBER='1' AIRFLOW_CTX_DAG_RUN_ID='manual__2026-04-04T13:26:42.232563+00:00'
[2026-04-04T13:27:43.058+0000] {taskinstance.py:732} INFO - ::endgroup::
[2026-04-04T13:27:43.208+0000] {subprocess.py:78} INFO - Tmp dir root location: /tmp
[2026-04-04T13:27:43.214+0000] {subprocess.py:88} INFO - Running command: ['/usr/bin/bash', '-c', "mc alias set myminio http://minio:9000 matrix matrix123 --quiet && echo '=== MinIO bronze bucket məzmunu ===' && mc ls myminio/bronze/ && echo '=== transactions_agg qovluğu ===' && mc ls myminio/bronze/transactions_agg/ || echo 'Hələ boşdur'"]
[2026-04-04T13:27:43.360+0000] {subprocess.py:99} INFO - Output:
[2026-04-04T13:27:44.159+0000] {subprocess.py:106} INFO - Added `myminio` successfully.
[2026-04-04T13:27:44.168+0000] {subprocess.py:106} INFO - === MinIO bronze bucket məzmunu ===
[2026-04-04T13:27:44.208+0000] {subprocess.py:106} INFO - [2026-04-04 13:27:44 UTC]     0B transactions_agg/
[2026-04-04T13:27:44.212+0000] {subprocess.py:106} INFO - === transactions_agg qovluğu ===
[2026-04-04T13:27:44.250+0000] {subprocess.py:106} INFO - [2026-04-04 13:27:31 UTC] 1.9KiB STANDARD part-00000-1e96c18f-5aa1-417a-81f7-c92d4b2678fe-c000.snappy.parquet
[2026-04-04T13:27:44.251+0000] {subprocess.py:106} INFO - [2026-04-04 13:27:44 UTC]     0B _delta_log/
[2026-04-04T13:27:44.256+0000] {subprocess.py:110} INFO - Command exited with return code 0
[2026-04-04T13:27:44.298+0000] {taskinstance.py:341} INFO - ::group::Post task execution logs
[2026-04-04T13:27:44.298+0000] {taskinstance.py:353} INFO - Marking task as SUCCESS. dag_id=working_operators_example, task_id=verify_minio_output, run_id=manual__2026-04-04T13:26:42.232563+00:00, execution_date=20260404T132642, start_date=20260404T132741, end_date=20260404T132744
[2026-04-04T13:27:44.365+0000] {local_task_job_runner.py:266} INFO - Task exited with return code 0
[2026-04-04T13:27:44.404+0000] {taskinstance.py:3901} INFO - 1 downstream tasks scheduled from follow-on schedule check
[2026-04-04T13:27:44.406+0000] {local_task_job_runner.py:245} INFO - ::endgroup::
